OpenJDK 64-Bit Server VM (25.252-b09) for linux-amd64 JRE (1.8.0_252-8u252-b09-1~18.04-b09), built on Apr 15 2020 18:48:05 by "buildd" with gcc 7.5.0
Memory: 4k page, physical 16201260k(5537028k free), swap 1003516k(1003516k free)
CommandLine flags: -XX:GCLogFileSize=33554432 -XX:+HeapDumpOnOutOfMemoryError -XX:InitialHeapSize=1073741824 -XX:MaxHeapSize=1073741824 -XX:NumberOfGCLogFiles=10 -XX:+PrintClassHistogramAfterFullGC -XX:+PrintClassHistogramBeforeFullGC -XX:+PrintGC -XX:+PrintGCDetails -XX:+PrintGCTimeStamps -XX:ThreadStackSize=512 -XX:+UseCompressedClassPointers -XX:+UseCompressedOops -XX:+UseG1GC -XX:+UseGCLogFileRotation -XX:-UseNUMA 
0,481: [GC pause (G1 Evacuation Pause) (young), 0,0080412 secs]
   [Parallel Time: 4,7 ms, GC Workers: 8]
      [GC Worker Start (ms): Min: 481,5, Avg: 482,2, Max: 486,1, Diff: 4,6]
      [Ext Root Scanning (ms): Min: 0,0, Avg: 0,2, Max: 0,7, Diff: 0,7, Sum: 2,0]
      [Update RS (ms): Min: 0,0, Avg: 0,0, Max: 0,0, Diff: 0,0, Sum: 0,0]
         [Processed Buffers: Min: 0, Avg: 0,0, Max: 0, Diff: 0, Sum: 0]
      [Scan RS (ms): Min: 0,0, Avg: 0,0, Max: 0,0, Diff: 0,0, Sum: 0,0]
      [Code Root Scanning (ms): Min: 0,0, Avg: 0,1, Max: 0,5, Diff: 0,5, Sum: 1,0]
      [Object Copy (ms): Min: 0,0, Avg: 3,1, Max: 3,7, Diff: 3,7, Sum: 24,7]
      [Termination (ms): Min: 0,0, Avg: 0,5, Max: 0,6, Diff: 0,6, Sum: 3,8]
         [Termination Attempts: Min: 1, Avg: 34,2, Max: 51, Diff: 50, Sum: 274]
      [GC Worker Other (ms): Min: 0,0, Avg: 0,0, Max: 0,0, Diff: 0,0, Sum: 0,1]
      [GC Worker Total (ms): Min: 0,0, Avg: 3,9, Max: 4,6, Diff: 4,6, Sum: 31,6]
      [GC Worker End (ms): Min: 486,1, Avg: 486,1, Max: 486,1, Diff: 0,0]
   [Code Root Fixup: 0,0 ms]
   [Code Root Purge: 0,0 ms]
   [Clear CT: 0,3 ms]
   [Other: 2,9 ms]
      [Choose CSet: 0,0 ms]
      [Ref Proc: 2,3 ms]
      [Ref Enq: 0,0 ms]
      [Redirty Cards: 0,4 ms]
      [Humongous Register: 0,0 ms]
      [Humongous Reclaim: 0,0 ms]
      [Free CSet: 0,1 ms]
   [Eden: 52224,0K(52224,0K)->0,0B(45056,0K) Survivors: 0,0B->7168,0K Heap: 52224,0K(1024,0M)->11272,0K(1024,0M)]
 [Times: user=0,06 sys=0,00, real=0,01 secs] 
0,740: [GC pause (G1 Evacuation Pause) (young), 0,0126486 secs]
   [Parallel Time: 9,4 ms, GC Workers: 8]
      [GC Worker Start (ms): Min: 740,5, Avg: 740,6, Max: 740,6, Diff: 0,1]
      [Ext Root Scanning (ms): Min: 0,1, Avg: 1,1, Max: 7,1, Diff: 7,1, Sum: 8,8]
      [Update RS (ms): Min: 0,0, Avg: 0,1, Max: 0,2, Diff: 0,2, Sum: 0,7]
         [Processed Buffers: Min: 0, Avg: 1,4, Max: 3, Diff: 3, Sum: 11]
      [Scan RS (ms): Min: 0,0, Avg: 0,0, Max: 0,0, Diff: 0,0, Sum: 0,0]
      [Code Root Scanning (ms): Min: 0,0, Avg: 0,2, Max: 1,1, Diff: 1,1, Sum: 1,2]
      [Object Copy (ms): Min: 1,6, Avg: 7,4, Max: 8,6, Diff: 7,1, Sum: 59,3]
      [Termination (ms): Min: 0,0, Avg: 0,3, Max: 0,4, Diff: 0,4, Sum: 2,4]
         [Termination Attempts: Min: 3, Avg: 17,6, Max: 26, Diff: 23, Sum: 141]
      [GC Worker Other (ms): Min: 0,0, Avg: 0,0, Max: 0,0, Diff: 0,0, Sum: 0,1]
      [GC Worker Total (ms): Min: 8,9, Avg: 9,1, Max: 9,2, Diff: 0,3, Sum: 72,5]
      [GC Worker End (ms): Min: 749,5, Avg: 749,7, Max: 749,7, Diff: 0,2]
   [Code Root Fixup: 0,1 ms]
   [Code Root Purge: 0,0 ms]
   [Clear CT: 0,8 ms]
   [Other: 2,4 ms]
      [Choose CSet: 0,0 ms]
      [Ref Proc: 1,7 ms]
      [Ref Enq: 0,0 ms]
      [Redirty Cards: 0,5 ms]
      [Humongous Register: 0,0 ms]
      [Humongous Reclaim: 0,0 ms]
      [Free CSet: 0,0 ms]
   [Eden: 45056,0K(45056,0K)->0,0B(58368,0K) Survivors: 7168,0K->7168,0K Heap: 56328,0K(1024,0M)->26607,5K(1024,0M)]
 [Times: user=0,07 sys=0,00, real=0,01 secs] 
1,082: [GC pause (G1 Evacuation Pause) (young), 0,0132334 secs]
   [Parallel Time: 11,4 ms, GC Workers: 8]
      [GC Worker Start (ms): Min: 1082,5, Avg: 1083,4, Max: 1086,1, Diff: 3,6]
      [Ext Root Scanning (ms): Min: 0,0, Avg: 0,3, Max: 0,8, Diff: 0,7, Sum: 2,1]
      [Update RS (ms): Min: 0,0, Avg: 0,5, Max: 0,8, Diff: 0,8, Sum: 3,8]
         [Processed Buffers: Min: 0, Avg: 2,0, Max: 5, Diff: 5, Sum: 16]
      [Scan RS (ms): Min: 0,0, Avg: 1,1, Max: 1,6, Diff: 1,6, Sum: 8,7]
      [Code Root Scanning (ms): Min: 0,0, Avg: 0,0, Max: 0,1, Diff: 0,1, Sum: 0,3]
      [Object Copy (ms): Min: 7,7, Avg: 8,5, Max: 8,9, Diff: 1,2, Sum: 68,0]
      [Termination (ms): Min: 0,0, Avg: 0,0, Max: 0,0, Diff: 0,0, Sum: 0,0]
         [Termination Attempts: Min: 1, Avg: 2,4, Max: 6, Diff: 5, Sum: 19]
      [GC Worker Other (ms): Min: 0,0, Avg: 0,0, Max: 0,0, Diff: 0,0, Sum: 0,1]
      [GC Worker Total (ms): Min: 7,7, Avg: 10,4, Max: 11,3, Diff: 3,6, Sum: 83,0]
      [GC Worker End (ms): Min: 1093,8, Avg: 1093,8, Max: 1093,8, Diff: 0,0]
   [Code Root Fixup: 0,0 ms]
   [Code Root Purge: 0,0 ms]
   [Clear CT: 0,3 ms]
   [Other: 1,5 ms]
      [Choose CSet: 0,0 ms]
      [Ref Proc: 0,9 ms]
      [Ref Enq: 0,0 ms]
      [Redirty Cards: 0,4 ms]
      [Humongous Register: 0,0 ms]
      [Humongous Reclaim: 0,0 ms]
      [Free CSet: 0,0 ms]
   [Eden: 45056,0K(45056,0K)->0,0B(45056,0K) Survivors: 7168,0K->7168,0K Heap: 71663,5K(1024,0M)->43520,0K(1024,0M)]
 [Times: user=0,09 sys=0,00, real=0,02 secs] 
1,215: [GC pause (Metadata GC Threshold) (young) (initial-mark), 0,0069845 secs]
   [Parallel Time: 5,7 ms, GC Workers: 8]
      [GC Worker Start (ms): Min: 1215,3, Avg: 1215,4, Max: 1215,6, Diff: 0,3]
      [Ext Root Scanning (ms): Min: 0,3, Avg: 0,5, Max: 0,7, Diff: 0,4, Sum: 3,9]
      [Update RS (ms): Min: 0,1, Avg: 0,2, Max: 0,3, Diff: 0,3, Sum: 1,2]
         [Processed Buffers: Min: 1, Avg: 1,8, Max: 4, Diff: 3, Sum: 14]
      [Scan RS (ms): Min: 1,2, Avg: 1,3, Max: 1,4, Diff: 0,2, Sum: 10,6]
      [Code Root Scanning (ms): Min: 0,0, Avg: 0,0, Max: 0,2, Diff: 0,2, Sum: 0,3]
      [Object Copy (ms): Min: 3,3, Avg: 3,4, Max: 3,5, Diff: 0,2, Sum: 27,5]
      [Termination (ms): Min: 0,0, Avg: 0,0, Max: 0,0, Diff: 0,0, Sum: 0,1]
         [Termination Attempts: Min: 1, Avg: 36,4, Max: 49, Diff: 48, Sum: 291]
      [GC Worker Other (ms): Min: 0,0, Avg: 0,0, Max: 0,0, Diff: 0,0, Sum: 0,1]
      [GC Worker Total (ms): Min: 5,2, Avg: 5,5, Max: 5,6, Diff: 0,3, Sum: 43,8]
      [GC Worker End (ms): Min: 1220,8, Avg: 1220,8, Max: 1220,8, Diff: 0,0]
   [Code Root Fixup: 0,0 ms]
   [Code Root Purge: 0,0 ms]
   [Clear CT: 0,4 ms]
   [Other: 0,9 ms]
      [Choose CSet: 0,0 ms]
      [Ref Proc: 0,6 ms]
      [Ref Enq: 0,0 ms]
      [Redirty Cards: 0,1 ms]
      [Humongous Register: 0,0 ms]
      [Humongous Reclaim: 0,0 ms]
      [Free CSet: 0,0 ms]
   [Eden: 32768,0K(45056,0K)->0,0B(77824,0K) Survivors: 7168,0K->7168,0K Heap: 75778,0K(1024,0M)->52736,0K(1024,0M)]
 [Times: user=0,04 sys=0,00, real=0,00 secs] 
1,222: [GC concurrent-root-region-scan-start]
1,224: [GC concurrent-root-region-scan-end, 0,0018179 secs]
1,224: [GC concurrent-mark-start]
1,262: [GC concurrent-mark-end, 0,0379532 secs]
1,262: [GC remark 1,262: [Finalize Marking, 0,0002833 secs] 1,262: [GC ref-proc, 0,0002298 secs] 1,263: [Unloading, 0,0016298 secs], 0,0023843 secs]
 [Times: user=0,01 sys=0,00, real=0,00 secs] 
1,265: [GC cleanup 64514K->59394K(1024M), 0,0014499 secs]
 [Times: user=0,00 sys=0,00, real=0,01 secs] 
1,266: [GC concurrent-cleanup-start]
1,266: [GC concurrent-cleanup-end, 0,0000063 secs]
1,730: [GC pause (G1 Evacuation Pause) (young) (initial-mark), 0,0078889 secs]
   [Parallel Time: 5,5 ms, GC Workers: 8]
      [GC Worker Start (ms): Min: 1730,6, Avg: 1730,7, Max: 1730,7, Diff: 0,1]
      [Ext Root Scanning (ms): Min: 0,8, Avg: 0,8, Max: 1,0, Diff: 0,2, Sum: 6,6]
      [Update RS (ms): Min: 0,2, Avg: 0,4, Max: 0,6, Diff: 0,4, Sum: 3,5]
         [Processed Buffers: Min: 1, Avg: 2,1, Max: 4, Diff: 3, Sum: 17]
      [Scan RS (ms): Min: 0,0, Avg: 0,0, Max: 0,1, Diff: 0,1, Sum: 0,3]
      [Code Root Scanning (ms): Min: 0,0, Avg: 0,1, Max: 0,2, Diff: 0,2, Sum: 0,5]
      [Object Copy (ms): Min: 3,6, Avg: 3,8, Max: 3,9, Diff: 0,2, Sum: 30,4]
      [Termination (ms): Min: 0,0, Avg: 0,0, Max: 0,0, Diff: 0,0, Sum: 0,0]
         [Termination Attempts: Min: 1, Avg: 2,0, Max: 5, Diff: 4, Sum: 16]
      [GC Worker Other (ms): Min: 0,0, Avg: 0,0, Max: 0,0, Diff: 0,0, Sum: 0,1]
      [GC Worker Total (ms): Min: 5,1, Avg: 5,2, Max: 5,3, Diff: 0,1, Sum: 41,3]
      [GC Worker End (ms): Min: 1735,8, Avg: 1735,8, Max: 1735,8, Diff: 0,0]
   [Code Root Fixup: 0,0 ms]
   [Code Root Purge: 0,0 ms]
   [Clear CT: 0,5 ms]
   [Other: 1,9 ms]
      [Choose CSet: 0,0 ms]
      [Ref Proc: 1,5 ms]
      [Ref Enq: 0,0 ms]
      [Redirty Cards: 0,2 ms]
      [Humongous Register: 0,0 ms]
      [Humongous Reclaim: 0,0 ms]
      [Free CSet: 0,0 ms]
   [Eden: 77824,0K(77824,0K)->0,0B(124,0M) Survivors: 7168,0K->11264,0K Heap: 122,5M(1024,0M)->58880,0K(1024,0M)]
 [Times: user=0,04 sys=0,01, real=0,01 secs] 
1,738: [GC concurrent-root-region-scan-start]
1,744: [GC concurrent-root-region-scan-end, 0,0052340 secs]
1,744: [GC concurrent-mark-start]
1,773: [GC concurrent-mark-end, 0,0290275 secs]
1,773: [GC remark 1,773: [Finalize Marking, 0,0011687 secs] 1,774: [GC ref-proc, 0,0003236 secs] 1,774: [Unloading, 0,0023873 secs], 0,0041491 secs]
 [Times: user=0,04 sys=0,00, real=0,01 secs] 
1,777: [GC cleanup 62466K->62466K(1024M), 0,0005543 secs]
 [Times: user=0,00 sys=0,00, real=0,00 secs] 
2,201: [GC pause (G1 Evacuation Pause) (young), 0,0107309 secs]
   [Parallel Time: 7,4 ms, GC Workers: 8]
      [GC Worker Start (ms): Min: 2201,4, Avg: 2201,4, Max: 2201,4, Diff: 0,1]
      [Ext Root Scanning (ms): Min: 0,4, Avg: 1,0, Max: 3,9, Diff: 3,6, Sum: 7,8]
      [Update RS (ms): Min: 0,0, Avg: 0,3, Max: 0,6, Diff: 0,6, Sum: 2,7]
         [Processed Buffers: Min: 0, Avg: 2,6, Max: 5, Diff: 5, Sum: 21]
      [Scan RS (ms): Min: 0,0, Avg: 0,2, Max: 0,4, Diff: 0,4, Sum: 1,7]
      [Code Root Scanning (ms): Min: 0,0, Avg: 0,1, Max: 0,3, Diff: 0,3, Sum: 0,8]
      [Object Copy (ms): Min: 2,8, Avg: 5,2, Max: 6,0, Diff: 3,2, Sum: 41,2]
      [Termination (ms): Min: 0,0, Avg: 0,5, Max: 0,6, Diff: 0,6, Sum: 3,8]
         [Termination Attempts: Min: 1, Avg: 1,4, Max: 2, Diff: 1, Sum: 11]
      [GC Worker Other (ms): Min: 0,0, Avg: 0,0, Max: 0,0, Diff: 0,0, Sum: 0,1]
      [GC Worker Total (ms): Min: 7,2, Avg: 7,3, Max: 7,3, Diff: 0,1, Sum: 58,1]
      [GC Worker End (ms): Min: 2208,6, Avg: 2208,6, Max: 2208,7, Diff: 0,0]
   [Code Root Fixup: 0,0 ms]
   [Code Root Purge: 0,0 ms]
   [Clear CT: 0,2 ms]
   [Other: 3,1 ms]
      [Choose CSet: 0,0 ms]
      [Ref Proc: 2,3 ms]
      [Ref Enq: 0,0 ms]
      [Redirty Cards: 0,4 ms]
      [Humongous Register: 0,0 ms]
      [Humongous Reclaim: 0,0 ms]
      [Free CSet: 0,1 ms]
   [Eden: 124,0M(124,0M)->0,0B(597,0M) Survivors: 11264,0K->17408,0K Heap: 181,5M(1024,0M)->67584,0K(1024,0M)]
 [Times: user=0,07 sys=0,00, real=0,01 secs] 
2,797: [Full GC (System.gc()) 2,797: [Class Histogram (before full gc): 
 num     #instances         #bytes  class name
----------------------------------------------
   1:        662409       79665488  [C
   2:        338366       57349016  [B
   3:         14517       14505312  [I
   4:        147116       11769280  java.util.zip.ZipEntry
   5:        355024        8520576  java.lang.String
   6:        161572        5170304  java.util.HashMap$Node
   7:        208380        5001120  java.util.concurrent.ConcurrentHashMap$MapEntry
   8:         99469        3183008  com.lucent.aaa.LongMap$a
   9:         41497        2867576  [Ljava.lang.Object;
  10:         12352        2575240  [Ljava.util.HashMap$Node;
  11:         19030        2131360  com.lucent.aaa.GeneralAttribute
  12:         47914        1533248  java.util.concurrent.ConcurrentHashMap$Node
  13:          8329         955792  java.lang.Class
  14:           516         846160  [Lcom.lucent.aaa.Normal;
  15:         27333         655992  java.lang.StringBuilder
  16:          1457         640160  [Lcom.lucent.aaa.LongMap$a;
  17:         25187         604488  java.util.ArrayList
  18:          9335         522760  com.lucent.aaa.log.LogEntry
  19:         12604         504160  org.jdom2.Attribute
  20:           575         472472  [Ljava.util.concurrent.ConcurrentHashMap$Node;
  21:         11799         471960  java.util.LinkedHashMap$Entry
  22:          9597         460656  java.util.HashMap
  23:         13899         444768  com.lucent.aaa.Normal
  24:         17380         417120  com.lucent.aaa.log.CyclicDirector$LineWrapper
  25:          4657         409816  java.lang.reflect.Method
  26:          6304         403456  java.net.URL
  27:          9530         381200  com.lucent.aaa.EnumCodePair
  28:         11843         378976  java.util.Hashtable$Entry
  29:         14320         343680  com.lucent.aaa.IntMap$a
  30:             5         327760  [Lcom.lucent.aaa.log.CyclicDirector$LineWrapper;
  31:          4083         326640  java.lang.reflect.Constructor
  32:          4067         325840  [S
  33:          4562         322976  [Lcom.lucent.aaa.IntMap$a;
  34:         13253         318072  com.lucent.aaa.Normal$b
  35:          6597         316656  com.lucent.aaa.NormalMap
  36:          5743         303288  [Ljava.lang.String;
  37:          9266         296512  com.lucent.aaa.log.CyclicDirector$EntryWrapper
  38:         12502         270176  [Ljava.lang.Class;
  39:          7550         241600  java.util.ArrayList$Itr
  40:          7285         233120  com.lucent.aaa.cf$a
  41:          5609         224360  org.antlr.v4.runtime.atn.LexerATNConfig
  42:          5023         200920  org.jdom2.ContentList
  43:          5010         200400  org.jdom2.Element
  44:          4830         193200  java.lang.ref.Finalizer
  45:          4562         182480  com.lucent.aaa.IntMap
  46:          2353         169416  com.lucent.aaa.stat.Variable
  47:         10282         164512  java.lang.Object
  48:          1128         162032  [Ljava.util.Hashtable$Entry;
  49:          5004         160400  [Lorg.jdom2.Attribute;
  50:          5004         160128  org.jdom2.AttributeList
  51:          2798         156688  java.util.zip.ZipFile$ZipFileInflaterInputStream
  52:          2798         156688  java.util.zip.ZipFile$ZipFileInputStream
  53:          1353         129888  java.util.jar.JarFile$JarFileEntry
  54:          4027         128864  com.lucent.aaa.diameter.AvpRule
  55:          2633         126384  org.antlr.v4.runtime.CommonToken
  56:           242         122848  [Lorg.antlr.v4.runtime.dfa.DFAState;
  57:          5021         120504  org.jdom2.Text
  58:          2974         118960  java.math.BigInteger
  59:          2072         116032  java.lang.Class$ReflectionData
  60:          2896         115840  java.lang.ref.SoftReference
  61:          1982         110992  java.security.Provider$Service
  62:          4290         102960  java.security.Provider$ServiceKey
  63:          4059          97416  java.util.jar.Attributes$Name
  64:          3017          96544  java.io.File
  65:          1146          95648  [[Lorg.antlr.v4.runtime.atn.ATNConfig;
  66:          1466          93824  java.util.concurrent.ConcurrentHashMap
  67:          5784          92544  java.util.HashMap$EntrySet
  68:          2197          87880  java.util.TreeMap$Entry
  69:          1075          86896  [Ljava.util.WeakHashMap$Entry;
  70:          1187          85464  java.lang.reflect.Field
  71:          1188          76032  java.util.regex.Matcher
  72:          2192          70144  org.antlr.v4.runtime.atn.ATNConfig
  73:          2921          70104  sun.misc.ProxyGenerator$ConstantPool$IndirectEntry
  74:          1706          67576  [Ljava.lang.reflect.Method;
  75:          2068          66176  java.util.concurrent.locks.ReentrantLock$NonfairSync
  76:          1133          63448  java.lang.invoke.MemberName
  77:          2625          63000  org.antlr.v4.runtime.tree.TerminalNodeImpl
  78:           699          60144  [Lcom.lucent.aaa.value.MapValue$Entry;
  79:          3522          56352  java.util.jar.Attributes
  80:            78          55872  [Lorg.jdom2.Content;
  81:          2285          54840  java.net.URLClassLoader$1
  82:          1712          54784  sun.security.util.ObjectIdentifier
  83:          2261          54264  java.util.Collections$UnmodifiableCollection$1
  84:          1311          52440  java.util.WeakHashMap$Entry
  85:          1064          51072  java.util.WeakHashMap
  86:          1568          50176  java.security.CodeSource
  87:          1249          49960  com.lucent.aaa.log.Message$a
  88:          1557          49824  java.util.Vector
  89:           996          47808  java.util.TreeMap
  90:          1176          47040  java.lang.ClassNotFoundException
  91:          1457          46624  com.lucent.aaa.LongMap
  92:          1870          44872  [Ljava.lang.reflect.Constructor;
  93:          2723          43568  com.lucent.aaa.value.StringValue
  94:           904          43392  com.lucent.aaa.value.MapValue$Entry
  95:           765          42840  jdk.internal.org.objectweb.asm.Item
  96:           411          42744  java.io.ObjectStreamClass
  97:          1036          41440  sun.nio.cs.UTF_8$Decoder
  98:          1030          41200  java.io.StringReader
  99:          1268          40576  org.antlr.v4.runtime.atn.SingletonPredictionContext
 100:           825          39600  java.util.zip.ZipFile
 101:           817          39216  java.util.Hashtable
 102:          1573          37832  [Lorg.antlr.v4.runtime.atn.ATNConfig;
 103:           941          37640  org.antlr.v4.runtime.atn.BasicState
 104:           330          36960  com.lucent.aaa.property.BooleanPropertyInfo
 105:          1155          36960  sun.misc.URLClassPath$JarLoader$2
 106:          1529          36696  java.math.MutableBigInteger
 107:          1522          36528  java.util.ArrayDeque
 108:          1141          36512  java.util.Stack
 109:          1138          36416  sun.security.util.DerInputBuffer
 110:          1138          36416  sun.security.util.DerValue
 111:           447          35760  com.lucent.aaa.w
 112:          1095          35040  java.lang.ref.ReferenceQueue
 113:           364          34944  com.lucent.aaa.tal.TalCodeGenerator
 114:           531          33984  com.lucent.aaa.util.Alarm
 115:          1407          33768  java.lang.StringBuffer
 116:          1383          33192  java.util.LinkedList$Node
 117:           691          33168  com.lucent.aaa.value.MapValue
 118:          2069          33104  java.util.concurrent.locks.ReentrantLock
 119:          1348          32352  com.lucent.aaa.log.f
 120:          1009          32288  java.util.zip.ZipCoder
 121:          1960          31360  java.util.HashSet
 122:          1921          30736  javax.swing.event.EventListenerList
 123:           426          30672  sun.reflect.DelegatingClassLoader
 124:           745          29800  java.util.HashMap$KeyIterator
 125:           365          29200  com.lucent.aaa.tal.i
 126:           910          29120  java.util.concurrent.locks.AbstractQueuedSynchronizer$Node
 127:           211          28696  com.lucent.aaa.property.DurationPropertyInfo
 128:            34          28640  [Ljdk.internal.org.objectweb.asm.Item;
 129:          1712          27392  java.lang.Short
 130:          1138          27312  sun.security.util.DerInputStream
 131:          1124          26976  sun.reflect.NativeConstructorAccessorImpl
 132:           674          26960  org.antlr.v4.runtime.atn.OrderedATNConfigSet
 133:           280          26880  com.lucent.aaa.property.StringPropertyInfo
 134:           839          26848  java.lang.invoke.DirectMethodHandle
 135:          1118          26832  [Lsun.security.x509.AVA;
 136:          1118          26832  sun.security.x509.AVA
 137:          1118          26832  sun.security.x509.RDN
 138:          1105          26520  org.antlr.v4.runtime.atn.EpsilonTransition
 139:           637          25480  [Lcom.lucent.aaa.util.Duration$Units;
 140:          1060          25440  java.util.concurrent.ConcurrentSkipListMap$Node
 141:          1041          24984  java.lang.Long
 142:           444          24864  [Lcom.lucent.aaa.log.LogLevel;
 143:           620          24800  org.antlr.v4.runtime.atn.ATNConfigSet$ConfigHashSet
 144:           615          24600  java.lang.invoke.MethodType
 145:           510          24480  org.antlr.v4.runtime.atn.LexerATNSimulator
 146:           491          23568  java.nio.HeapByteBuffer
 147:           365          23360  com.lucent.aaa.tal.TalCode
 148:           709          22688  java.lang.invoke.BoundMethodHandle$Species_L
 149:           696          22272  java.util.concurrent.atomic.LongAdder
 150:           691          22112  org.apache.xerces.xni.QName
 151:           452          21696  java.nio.HeapCharBuffer
 152:           875          21000  org.antlr.v4.runtime.Recognizer$1
 153:           875          21000  org.antlr.v4.runtime.misc.IntegerStack
 154:           365          20440  com.lucent.aaa.tal.l
 155:           365          20440  org.antlr.v4.runtime.atn.ParserATNSimulator
 156:           509          20360  java.util.HashMap$EntryIterator
 157:           631          20192  java.lang.invoke.MethodType$ConcurrentWeakInternSet$WeakEntry
 158:          1249          19984  com.lucent.aaa.log.Message
 159:           832          19968  java.lang.Class$MethodArray
 160:           496          19840  com.lucent.aaa.tal.l$r
 161:           479          19160  org.antlr.v4.runtime.atn.OrderedATNConfigSet$LexerConfigHashSet
 162:          1155          18480  sun.net.www.ParseUtil
 163:           330          18480  sun.security.ssl.CipherSuite
 164:           461          18440  com.lucent.aaa.tal.l$ap
 165:           760          18240  org.antlr.v4.runtime.misc.Interval
 166:          1134          18144  sun.reflect.DelegatingConstructorAccessorImpl
 167:           453          18120  java.security.ProtectionDomain
 168:           310          18104  [Lcom.lucent.aaa.value.g;
 169:           749          17976  javax.measure.unit.TransformedUnit
 170:           246          17712  com.lucent.aaa.tal.h
 171:          1097          17552  java.lang.ref.ReferenceQueue$Lock
 172:           438          17520  sun.nio.cs.ISO_8859_1$Decoder
 173:           547          17504  java.util.concurrent.ConcurrentSkipListMap$KeyIterator
 174:           307          17192  java.lang.Package
 175:           260          17136  [J
 176:          1062          16992  com.lucent.aaa.cf
 177:           521          16672  java.util.ArrayList$ListItr
 178:           412          16480  java.util.HashMap$ValueIterator
 179:           411          16440  org.antlr.v4.runtime.dfa.DFAState
 180:           510          16320  org.antlr.v4.runtime.CodePointCharStream$CodePoint8BitCharStream
 181:           510          16320  org.antlr.v4.runtime.atn.LexerATNSimulator$SimState
 182:           502          16064  com.lucent.aaa.log.Message$b
 183:           659          15816  org.bouncycastle.asn1.ASN1ObjectIdentifier
 184:           914          14624  java.lang.Integer
 185:           365          14600  com.lucent.aaa.tal.k
 186:           604          14496  java.util.concurrent.atomic.AtomicLong
 187:           120          14400  com.lucent.aaa.property.SignedIntegerPropertyInfo
 188:           295          14160  sun.security.x509.X500Name
 189:           294          14112  java.util.Hashtable$Enumerator
 190:           437          13984  java.util.LinkedList
 191:           575          13800  java.util.concurrent.CopyOnWriteArrayList
 192:           246          13776  com.lucent.aaa.tal.b
 193:           429          13728  com.lucent.aaa.diameter.AvpRuleSet
 194:           571          13696  [Ljava.security.cert.Certificate;
 195:           568          13632  org.antlr.v4.runtime.atn.AtomTransition
 196:           334          13360  com.lucent.aaa.cal.c$e
 197:           417          13344  sun.security.x509.AlgorithmId
 198:           411          13152  java.io.ObjectStreamClass$WeakClassKey
 199:           542          13008  java.util.concurrent.LinkedBlockingQueue$Node
 200:           323          12920  java.io.ObjectStreamField
 201:           526          12624  com.lucent.aaa.log.CyclicDirector$k
 202:           221          12376  sun.nio.cs.UTF_8$Encoder
 203:             3          12336  [Ljava.nio.ByteBuffer;
 204:           511          12264  org.antlr.v4.runtime.misc.Pair
 205:           295          11984  [Z
 206:            83          11952  com.lucent.aaa.property.BinarySizePropertyInfo
 207:            39          11928  [Lorg.apache.xerces.xni.QName;
 208:           365          11680  org.antlr.v4.runtime.CommonTokenStream
 209:            52          11648  jdk.internal.org.objectweb.asm.MethodWriter
 210:           364          11648  org.antlr.v4.runtime.CodePointBuffer
 211:           364          11648  org.antlr.v4.runtime.CodePointBuffer$Builder
 212:           145          11600  com.lucent.aaa.cal.b
 213:           724          11584  sun.misc.ProxyGenerator$ConstantPool$ValueEntry
 214:           288          11520  com.lucent.aaa.tal.l$bk
 215:           456          11496  [Ljava.lang.reflect.Field;
 216:           178          11392  java.util.jar.JarFile
 217:           282          11280  com.lucent.aaa.tal.l$ao
 218:           139          11120  sun.security.x509.X509CertImpl
 219:            72          11112  [[Ljava.lang.String;
 220:           341          10912  sun.misc.FDBigInteger
 221:           644          10304  java.util.HashMap$KeySet
 222:           635          10160  com.lucent.aaa.util.Duration$1
 223:           181          10136  sun.misc.URLClassPath$JarLoader
 224:            96           9984  sun.net.www.protocol.file.FileURLConnection
 225:           295           9968  [Lsun.security.x509.RDN;
 226:           303           9696  com.lucent.aaa.value.ListValue
 227:           239           9560  org.antlr.v4.runtime.atn.ATNConfigSet
 228:           297           9504  java.lang.invoke.LambdaForm$Name
 229:           237           9480  com.lucent.aaa.tal.l$aw
 230:           168           9408  java.util.LinkedHashMap
 231:           288           9216  java.util.TreeMap$KeyIterator
 232:           383           9192  java.util.Date
 233:           287           9184  java.util.TreeMap$ValueIterator
 234:           377           9048  javax.swing.ButtonGroup
 235:           225           9000  java.util.Formatter$FormatSpecifier
 236:            59           8968  com.lucent.aaa.property.MapPropertyInfo
 237:            55           8800  com.lucent.aaa.property.FeaturePropertyInfo
 238:           183           8784  java.util.zip.Inflater
 239:           366           8784  org.apache.derby.impl.services.monitor.FileMonitor$3
 240:           146           8760  [Ljava.lang.ref.SoftReference;
 241:           365           8760  org.antlr.v4.runtime.DefaultErrorStrategy
 242:            23           8648  java.lang.Thread
 243:           533           8528  java.util.concurrent.atomic.AtomicInteger
 244:           354           8496  com.lucent.aaa.tal.instruction.aj
 245:           353           8472  java.util.zip.ZipFile$ZipEntryIterator
 246:           211           8440  com.lucent.aaa.tal.l$bd
 247:           349           8376  com.lucent.aaa.ah$a
 248:            85           8160  sun.util.calendar.Gregorian$Date
 249:            49           7840  com.lucent.aaa.property.LogLevelPropertyInfo
 250:           139           7784  sun.security.util.MemoryCache$SoftCacheEntry
 251:           139           7784  sun.security.x509.X509CertInfo
 252:           191           7640  java.util.ArrayList$SubList
 253:           191           7640  java.util.ArrayList$SubList$1
 254:           316           7584  com.lucent.aaa.AccessRuleList$a
 255:           314           7536  com.lucent.aaa.util.t
 256:            44           7392  com.lucent.aaa.property.FlowLabelPropertyInfo
 257:           453           7248  [Ljava.security.Principal;
 258:           453           7248  java.security.ProtectionDomain$Key
 259:           225           7200  java.util.Formatter
 260:           148           7104  org.antlr.v4.runtime.atn.RuleStartState
 261:           290           7096  [Ljavax.management.Descriptor;
 262:             7           7088  [Lorg.apache.derby.client.net.FdocaSimpleDataArray;
 263:            62           6944  com.lucent.aaa.property.SocketAddressPropertyInfo
 264:           217           6944  java.util.TreeMap$EntryIterator
 265:            85           6928  [Ljava.lang.ThreadLocal$ThreadLocalMap$Entry;
 266:           287           6888  javax.management.ImmutableDescriptor
 267:           284           6816  sun.misc.ProxyGenerator$ExceptionTableEntry
 268:           418           6688  sun.reflect.BootstrapConstructorAccessorImpl
 269:           206           6592  java.lang.ref.WeakReference
 270:           204           6528  java.lang.StackTraceElement
 271:           200           6400  java.lang.ThreadLocal$ThreadLocalMap$Entry
 272:           179           6384  [Ljavax.management.ObjectName$Property;
 273:            42           6384  com.lucent.aaa.property.LogChannelPropertyInfo
 274:            39           6240  com.lucent.aaa.property.EnumPropertyInfo
 275:            48           6144  com.lucent.aaa.property.DiameterResultsPropertyInfo
 276:           256           6144  com.lucent.aaa.uss2.w
 277:            51           6120  com.lucent.aaa.property.UnsignedIntegerPropertyInfo
 278:            53           5936  com.lucent.aaa.property.SocketAddressListPropertyInfo
 279:           148           5920  org.antlr.v4.runtime.atn.RuleStopState
 280:           124           5912  [Ljavax.management.MBeanAttributeInfo;
 281:           145           5800  com.lucent.aaa.cal.c$f
 282:           238           5712  java.util.concurrent.ConcurrentSkipListMap$Index
 283:           119           5712  sun.security.rsa.RSAPublicKeyImpl
 284:           139           5560  java.security.AccessControlContext
 285:           225           5400  [Ljava.util.Formatter$Flags;
 286:           225           5400  [Ljava.util.Formatter$FormatString;
 287:            21           5392  [[Ljava.lang.Object;
 288:           112           5376  java.lang.invoke.LambdaForm
 289:           124           5328  [Ljava.lang.invoke.LambdaForm$Name;
 290:           212           5088  java.io.ExpiringCache$Entry
 291:           211           5064  org.antlr.v4.runtime.misc.IntervalSet
 292:            70           5040  java.util.regex.Pattern
 293:           155           4960  java.io.FileDescriptor
 294:           206           4944  com.lucent.aaa.util.an$a
 295:           119           4760  com.lucent.aaa.tal.l$s
 296:            42           4704  com.lucent.aaa.property.LogMessagePropertyInfo
 297:            98           4704  sun.misc.ProxyGenerator$MethodInfo
 298:           117           4680  com.lucent.aaa.tal.l$c
 299:           145           4640  com.lucent.aaa.cal.CalExpression
 300:           289           4624  java.util.TreeMap$KeySet
 301:           144           4608  com.lucent.aaa.stat.Expression
 302:            96           4608  com.lucent.aaa.stat.ai
 303:           287           4592  java.util.TreeMap$Values
 304:           142           4544  java.io.DataOutputStream
 305:            27           4536  jdk.internal.org.objectweb.asm.ClassWriter
 306:           141           4512  java.util.Collections$SynchronizedMap
 307:            94           4512  java.util.Properties
 308:           282           4512  org.apache.derby.iapi.services.property.PropertyUtil$2
 309:           187           4488  com.lucent.aaa.tal.instruction.ak
 310:           186           4464  java.util.zip.ZStreamRef
 311:           111           4440  com.lucent.aaa.cal.c$b
 312:           137           4384  sun.security.x509.BasicConstraintsExtension
 313:           273           4368  java.lang.Byte
 314:           109           4360  org.antlr.v4.runtime.atn.BlockEndState
 315:            77           4312  java.lang.invoke.MethodTypeForm
 316:           134           4288  sun.security.x509.SubjectKeyIdentifierExtension
 317:            88           4224  [Lcom.lucent.aaa.util.BinarySize$Units;
 318:           131           4192  com.lucent.aaa.GeneralType
 319:             4           4160  [Lorg.apache.xerces.impl.dtd.models.ContentModelValidator;
 320:             4           4160  [Lorg.apache.xerces.impl.dv.DatatypeValidator;
 321:           130           4160  com.sun.jmx.mbeanserver.ConvertingMethod
 322:           130           4160  org.antlr.v4.runtime.atn.RuleTransition
 323:           129           4128  sun.security.x509.KeyUsageExtension
 324:            72           4032  [Ljava.text.Format;
 325:           126           4032  org.apache.xerces.impl.dtd.models.CMStateSet
 326:             1           4024  [Lorg.antlr.v4.runtime.misc.Interval;
 327:            10           4000  com.lucent.aaa.cs$a
 328:           125           4000  com.lucent.aaa.value.PairValue
 329:           166           3984  [[C
 330:           166           3984  com.lucent.aaa.stat.Group$OrdinalInstance
 331:            99           3960  org.apache.derby.impl.io.DirFile
 332:           164           3936  org.apache.derby.impl.services.monitor.ProtocolKey
 333:           245           3920  com.lucent.aaa.ag
 334:            97           3880  com.lucent.aaa.tal.l$bq
 335:           240           3840  java.util.concurrent.atomic.AtomicBoolean
 336:           159           3816  java.util.concurrent.ConcurrentHashMap$KeySetView
 337:           119           3808  com.lucent.aaa.value.MapValue$a
 338:            34           3808  java.net.SocksSocketImpl
 339:           119           3808  org.antlr.v4.runtime.dfa.DFA
 340:            25           3800  com.lucent.aaa.property.EnumerationPropertyInfo
 341:            59           3776  java.text.DateFormatSymbols
 342:            59           3776  jdk.internal.org.objectweb.asm.Label
 343:           235           3760  java.util.Formatter$Flags
 344:           117           3744  com.lucent.aaa.tal.instruction.at
 345:           156           3744  com.lucent.aaa.util.ConcurrentHashSet
 346:           156           3744  java.security.Provider$UString
 347:           152           3648  java.util.Arrays$ArrayList
 348:           114           3648  org.apache.derby.impl.services.locks.Lock
 349:            18           3600  org.apache.derby.impl.store.raw.data.StoredPage
 350:           148           3552  java.io.ByteArrayOutputStream
 351:           147           3528  jdk.internal.org.objectweb.asm.ByteVector
 352:            73           3504  javax.management.MBeanInfo
 353:            87           3480  com.lucent.aaa.tal.l$bo
 354:           217           3472  java.util.TreeMap$EntrySet
 355:           144           3456  com.sun.jmx.mbeanserver.MBeanAnalyzer$AttrMethods
 356:           106           3392  javax.management.MBeanAttributeInfo
 357:            21           3360  com.lucent.aaa.property.StrictnessPropertyInfo
 358:           139           3336  sun.security.util.BitArray
 359:           139           3336  sun.security.util.Cache$EqualByteArray
 360:           139           3336  sun.security.x509.CertificateValidity
 361:            69           3312  java.io.BufferedReader
 362:           138           3312  sun.security.x509.CertificateExtensions
 363:           137           3288  java.lang.invoke.LambdaForm$NamedFunction
 364:           137           3288  java.net.InetSocketAddress$InetSocketAddressHolder
 365:            82           3280  com.lucent.aaa.diameter.Command
 366:           201           3216  sun.reflect.ConstantPool
 367:            20           3200  com.lucent.aaa.property.CodecPropertyInfo
 368:            20           3200  com.lucent.aaa.property.ExceptionFormatPropertyInfo
 369:            25           3200  com.lucent.aaa.property.JSSECipherSuitesPropertyInfo
 370:            80           3200  org.jdom2.ContentList$FilterList
 371:            57           3192  sun.rmi.transport.Target
 372:            99           3168  java.lang.NoSuchMethodException
 373:            78           3120  com.lucent.aaa.cal.c$h
 374:            65           3120  java.util.TimSort
 375:            55           3080  java.util.ResourceBundle$CacheKey
 376:             8           3072  com.lucent.aaa.ao$a
 377:            96           3072  java.util.LinkedHashMap$LinkedValueIterator
 378:            32           3072  sun.net.www.protocol.jar.URLJarFile$URLJarFileEntry
 379:            76           3040  sun.misc.ProxyGenerator$ProxyMethod
 380:           132           3016  [Ljavax.management.MBeanParameterInfo;
 381:            94           3008  com.lucent.aaa.cf$b
 382:            30           2976  [Ljava.lang.invoke.MethodHandle;
 383:            62           2976  java.util.StringTokenizer
 384:           122           2928  java.util.Collections$SingletonList
 385:            52           2912  java.nio.StringCharBuffer
 386:            24           2880  com.lucent.aaa.property.PasswordPropertyInfo
 387:            72           2880  java.text.MessageFormat
 388:            45           2880  javax.management.openmbean.OpenMBeanAttributeInfoSupport
 389:           119           2856  javax.management.ObjectName$Property
 390:            89           2848  javax.measure.converter.RationalConverter
 391:           178           2848  sun.security.x509.KeyIdentifier
 392:            85           2840  [Ljava.io.ObjectStreamField;
 393:            88           2816  java.util.LinkedHashMap$LinkedEntryIterator
 394:            32           2816  sun.net.www.protocol.jar.JarURLConnection
 395:           115           2760  [Ljava.security.ProtectionDomain;
 396:           115           2760  sun.security.action.GetPropertyAction
 397:            18           2736  com.lucent.aaa.property.AttributeEnumerationPropertyInfo
 398:            85           2720  org.apache.derby.impl.services.uuid.BasicUUID
 399:            16           2688  com.lucent.aaa.property.CharSetPropertyInfo
 400:            56           2688  java.util.logging.LogManager$LoggerWeakRef
 401:            92           2656  [Lcom.lucent.aaa.util.Strictness;
 402:            83           2656  com.lucent.aaa.state.StatsManager$AccumulatorStatistic
 403:           165           2640  java.lang.Character
 404:            66           2640  sun.rmi.transport.tcp.TCPEndpoint
 405:           109           2616  org.bouncycastle.asn1.ASN1ObjectIdentifier$OidHandle
 406:            81           2592  org.apache.derby.client.net.FdocaSimpleDataArray
 407:            54           2592  org.apache.derby.iapi.types.SQLVarchar
 408:           137           2568  [Lcom.sun.jmx.mbeanserver.MXBeanMapping;
 409:            20           2560  com.lucent.aaa.property.TlsVersionsPropertyInfo
 410:            80           2560  org.jdom2.ContentList$FilterListIterator
 411:             6           2544  [Lorg.apache.xerces.util.SymbolTable$Entry;
 412:            53           2544  sun.util.locale.LocaleObjectCache$CacheEntry
 413:           103           2472  java.util.Collections$UnmodifiableRandomAccessList
 414:            77           2464  java.io.FileInputStream
 415:            61           2440  org.antlr.v4.runtime.atn.LoopEndState
 416:            76           2432  sun.misc.ProxyGenerator$FieldInfo
 417:            20           2400  com.lucent.aaa.property.UnsignedShortPropertyInfo
 418:            60           2400  javax.management.ObjectName
 419:            61           2384  [[I
 420:           148           2368  sun.security.x509.SerialNumber
 421:            58           2320  com.lucent.aaa.property.AtFilePropertyInfo$m
 422:            58           2320  com.lucent.aaa.util.as
 423:            72           2304  [Ljava.lang.StringBuilder;
 424:            16           2304  java.text.DecimalFormat
 425:            72           2304  java.text.FieldPosition
 426:            48           2304  java.util.Properties$LineReader
 427:            48           2304  org.antlr.v4.runtime.atn.BasicBlockStartState
 428:             9           2304  org.apache.derby.impl.store.raw.data.AllocPage
 429:            18           2304  org.apache.derby.impl.store.raw.xact.Xact
 430:            96           2304  sun.net.www.MessageHeader
 431:            41           2296  jdk.internal.org.objectweb.asm.AnnotationWriter
 432:            57           2280  sun.rmi.transport.WeakRef
 433:            94           2256  java.util.concurrent.locks.AbstractQueuedSynchronizer$ConditionObject
 434:            28           2240  [Ljava.util.concurrent.atomic.LongAdder;
 435:            70           2240  java.util.regex.Pattern$Curly
 436:            56           2240  sun.rmi.server.UnicastServerRef2
 437:            93           2224  [Lcom.lucent.aaa.cf$b;
 438:           139           2224  sun.security.x509.CertificateAlgorithmId
 439:           139           2224  sun.security.x509.CertificateSerialNumber
 440:           139           2224  sun.security.x509.CertificateVersion
 441:           139           2224  sun.security.x509.CertificateX509Key
 442:            92           2208  java.util.regex.Pattern$Slice
 443:            55           2200  com.lucent.aaa.tal.l$bc
 444:            55           2200  com.lucent.aaa.tal.l$bj
 445:            39           2184  org.apache.derby.impl.store.raw.data.BaseContainerHandle
 446:            85           2176  [Lorg.apache.derby.iapi.types.DataValueDescriptor;
 447:            15           2160  com.lucent.aaa.property.DecimalSizePropertyInfo
 448:            54           2160  com.lucent.aaa.tal.l$bn
 449:            27           2160  java.net.URI
 450:            45           2160  org.apache.derby.iapi.services.io.FormatIdInputStream
 451:            67           2144  java.net.InetAddress$InetAddressHolder
 452:            67           2144  org.apache.derby.impl.services.monitor.ModuleInstance
 453:            38           2128  org.antlr.v4.runtime.atn.StarLoopEntryState
 454:            17           2120  [[B
 455:            53           2120  sun.security.ec.NamedCurve
 456:           132           2112  com.lucent.aaa.property.AtFilePropertyInfo$k
 457:            52           2080  com.lucent.aaa.tal.l$g
 458:            20           2080  java.lang.invoke.InnerClassLambdaMetafactory
 459:            86           2064  java.net.URLClassLoader$2
 460:            85           2040  com.lucent.aaa.stat.Instance
 461:            83           2032  [Ljavax.management.MBeanOperationInfo;
 462:            36           2016  javax.management.MBeanServerNotification
 463:            50           2000  com.lucent.aaa.tal.l$az
 464:            83           1992  java.lang.ThreadLocal$ThreadLocalMap
 465:            61           1952  com.sun.jmx.mbeanserver.WeakIdentityHashMap$IdentityWeakReference
 466:             9           1944  org.apache.derby.impl.store.raw.data.RAFContainer4
 467:             1           1928  [Lorg.apache.derby.iapi.services.loader.InstanceGetter;
 468:             5           1920  com.lucent.aaa.log.CyclicDirector$h
 469:            48           1920  java.lang.reflect.Proxy$Key2
 470:            48           1920  org.apache.xerces.impl.dtd.XMLSimpleType
 471:            80           1920  org.jdom2.filter.ElementFilter
 472:            48           1920  sun.util.locale.BaseLocale$Key
 473:            79           1896  com.lucent.aaa.stat.Scale
 474:            59           1888  java.util.AbstractList$Itr
 475:            47           1880  com.lucent.aaa.tal.l$w
 476:            26           1872  java.util.logging.Logger
 477:            33           1848  [Ljava.util.regex.Pattern$GroupHead;
 478:            38           1824  org.antlr.v4.runtime.atn.StarBlockStartState
 479:            76           1824  org.apache.derby.iapi.store.raw.PageKey
 480:            57           1824  sun.rmi.transport.LiveRef
 481:            75           1800  com.lucent.aaa.GeneralVendor
 482:            75           1800  java.security.spec.ECPoint
 483:            56           1792  java.security.spec.EllipticCurve
 484:            37           1776  java.util.concurrent.ConcurrentHashMap$TreeNode
 485:            44           1760  com.lucent.aaa.PropertyInfoList
 486:            55           1760  java.util.ResourceBundle$LoaderReference
 487:            44           1760  sun.security.x509.AuthorityKeyIdentifierExtension
 488:            72           1728  java.lang.ProcessEnvironment$Variable
 489:            72           1728  org.apache.xerces.util.XMLStringBuffer
 490:            94           1712  [Lcom.lucent.aaa.ah$b;
 491:            42           1680  com.lucent.aaa.tls.TlsConstants$b
 492:            70           1680  java.lang.ProcessEnvironment$Value
 493:            42           1680  java.math.BigDecimal
 494:             6           1680  java.util.concurrent.ConcurrentHashMap$CounterCell
 495:           105           1680  org.apache.derby.iapi.services.property.PropertyUtil$1
 496:            42           1680  org.apache.derby.impl.io.DirRandomAccessFile
 497:            52           1664  java.rmi.server.UID
 498:            69           1656  java.util.regex.Pattern$GroupTail
 499:            41           1640  javax.management.MBeanOperationInfo
 500:            51           1632  java.lang.reflect.WeakCache$CacheKey
 501:            68           1632  java.util.regex.Pattern$GroupHead
 502:            51           1632  org.apache.derby.impl.store.raw.data.StoredRecordHeader
 503:             4           1600  com.lucent.aaa.b.f
 504:            10           1600  com.lucent.aaa.property.TimezoneFormatPropertyInfo
 505:            40           1600  sun.reflect.UnsafeQualifiedStaticLongFieldAccessorImpl
 506:            99           1584  com.lucent.aaa.log.e
 507:            99           1584  com.lucent.aaa.util.SocketUtility$ParsableInetSocketAddress
 508:            66           1584  java.util.regex.Pattern$Start
 509:             4           1568  com.lucent.aaa.ao$b
 510:            14           1568  java.util.GregorianCalendar
 511:            28           1568  java.util.concurrent.ConcurrentHashMap$ValueIterator
 512:            39           1560  org.apache.derby.impl.io.DirStorageFactory
 513:            48           1536  java.io.FilePermission
 514:            64           1536  java.util.regex.Pattern$1
 515:            64           1536  org.apache.derby.impl.store.raw.data.RecordId
 516:            64           1536  org.bouncycastle.asn1.DLSequence
 517:            10           1520  com.lucent.aaa.log.RotateFileDirector
 518:            38           1520  org.antlr.v4.runtime.atn.StarLoopbackState
 519:            62           1488  javax.measure.converter.UnitConverter$Compound
 520:             3           1488  org.apache.derby.impl.drda.DRDAConnThread
 521:            61           1464  com.lucent.aaa.property.MapPropertyInfo$a
 522:            14           1456  com.lucent.aaa.property.PluginStatsPropertyInfo
 523:            36           1440  com.lucent.aaa.tal.l$bp
 524:            45           1440  org.apache.derby.iapi.services.io.ArrayInputStream
 525:            36           1440  org.apache.derby.impl.services.cache.CacheEntry
 526:             6           1440  org.apache.derby.impl.sql.conn.GenericLanguageConnectionContext
 527:            45           1440  org.apache.derby.impl.store.access.heap.HeapRowLocation
 528:            30           1440  org.apache.derby.impl.store.raw.xact.TransactionTableEntry
 529:            22           1408  java.text.DecimalFormatSymbols
 530:            16           1408  java.util.jar.JarVerifier
 531:            35           1400  java.util.IdentityHashMap
 532:            35           1400  org.apache.derby.iapi.store.raw.FetchDescriptor
 533:            25           1400  org.apache.derby.impl.services.cache.ConcurrentCache
 534:            25           1400  sun.security.provider.SHA
 535:            87           1392  java.util.concurrent.atomic.AtomicReferenceArray
 536:            15           1376  [Ljava.lang.Byte;
 537:             1           1376  [Lsun.misc.FDBigInteger;
 538:            43           1376  com.lucent.aaa.tal.instruction.u
 539:            57           1368  javax.measure.unit.ProductUnit$Element
 540:             9           1368  org.apache.derby.impl.store.access.btree.index.B2IForwardScan
 541:            57           1368  sun.rmi.transport.ObjectEndpoint
 542:            21           1344  com.lucent.aaa.GeneralCodec
 543:            42           1344  java.util.logging.LogManager$LogNode
 544:            56           1344  java.util.regex.Pattern$Single
 545:             6           1344  org.apache.xerces.impl.XMLNSDocumentScannerImpl
 546:            42           1344  sun.nio.fs.UnixPath
 547:            27           1312  [Ljava.lang.StackTraceElement;
 548:            27           1296  java.util.ResourceBundle$BundleReference
 549:            23           1288  org.antlr.v4.runtime.atn.PlusBlockStartState
 550:            39           1280  [Ljava.math.BigInteger;
 551:            16           1280  org.apache.derby.impl.services.monitor.FileMonitor
 552:            53           1272  org.apache.xerces.util.SymbolTable$Entry
 553:            52           1248  java.lang.invoke.MethodHandles$Lookup
 554:            31           1240  com.lucent.aaa.tal.l$i
 555:            31           1240  java.io.ObjectStreamClass$FieldReflector
 556:            31           1240  java.io.ObjectStreamClass$FieldReflectorKey
 557:            22           1232  java.lang.invoke.LambdaFormEditor$Transform
 558:            22           1232  org.apache.derby.iapi.types.TypeId
 559:            51           1224  java.rmi.server.ObjID
 560:            51           1224  java.util.BitSet
 561:            38           1216  jdk.internal.org.objectweb.asm.Type
 562:            25           1200  com.lucent.aaa.diameter.Application
 563:            30           1200  org.apache.derby.impl.store.access.conglomerate.OpenConglomerateScratchSpace
 564:            50           1200  sun.reflect.NativeMethodAccessorImpl
 565:            37           1184  com.lucent.aaa.Stanza
 566:            37           1184  java.lang.NumberFormatException
 567:             3           1176  com.lucent.aaa.PolicyServer$b
 568:            49           1176  java.util.concurrent.CopyOnWriteArrayList$COWIterator
 569:            21           1176  org.apache.derby.impl.store.access.heap.OpenHeap
 570:            36           1152  org.apache.derby.impl.services.cache.ClockPolicy$Holder
 571:            24           1152  org.apache.xerces.impl.dtd.models.CMLeaf
 572:             6           1152  org.apache.xerces.parsers.XIncludeAwareParserConfiguration
 573:            48           1152  org.apache.xerces.xni.XMLString
 574:            48           1152  sun.rmi.server.Util$1
 575:            47           1128  org.antlr.v4.runtime.atn.SetTransition
 576:             7           1120  com.lucent.aaa.property.DiameterTransportPropertyInfo
 577:            28           1120  java.lang.invoke.MethodHandleImpl$IntrinsicMethodHandle
 578:            20           1120  org.apache.derby.iapi.services.info.ProductVersionHolder
 579:            46           1104  java.net.Inet4Address
 580:            23           1104  org.antlr.v4.runtime.atn.PlusLoopbackState
 581:            34           1088  java.util.Locale
 582:             4           1088  org.apache.xerces.impl.dtd.DTDGrammar
 583:            34           1088  org.apache.xerces.impl.dtd.XMLElementDecl
 584:            27           1080  java.io.BufferedInputStream
 585:            15           1080  org.apache.derby.impl.store.access.RAMTransaction
 586:            19           1064  sun.util.calendar.ZoneInfo
 587:            22           1056  com.lucent.aaa.AccessFile$Entry
 588:             6           1056  org.apache.xerces.impl.dtd.XMLNSDTDValidator
 589:            30           1048  [Ljava.util.regex.Pattern$Node;
 590:             1           1040  [Lcom.lucent.aaa.uss2.w;
 591:             1           1040  [Ljava.lang.Integer;
 592:             1           1040  [Ljava.lang.Long;
 593:             1           1040  [Ljava.lang.Short;
 594:             1           1040  [Ljava.util.concurrent.locks.ReentrantLock;
 595:            10           1040  com.lucent.aaa.property.StringsPropertyInfo
 596:            26           1040  com.lucent.aaa.tal.l$bi
 597:            43           1032  com.lucent.aaa.bm$b
 598:             8           1024  com.lucent.aaa.property.DtlsVersionsPropertyInfo
 599:            14           1008  com.lucent.aaa.stat.PluginStats
 600:            21           1008  org.apache.derby.impl.services.locks.LockSpace
 601:            21           1008  org.apache.derby.impl.services.monitor.TopService
 602:            25           1000  com.lucent.aaa.tal.l$bh
 603:            25           1000  org.apache.derby.impl.services.cache.ClockPolicy
 604:            61            976  java.util.LinkedHashMap$LinkedEntrySet
 605:            30            960  java.security.Provider$EngineDescription
 606:            30            960  java.util.regex.Pattern$Branch
 607:            30            960  org.apache.xerces.util.AugmentationsImpl$SmallContainer
 608:            24            960  org.apache.xerces.util.XMLAttributesImpl$Attribute
 609:            39            936  org.apache.derby.impl.store.raw.xact.XactId
 610:             1            928  com.lucent.aaa.PolicyServer$a
 611:            58            928  sun.reflect.DelegatingMethodAccessorImpl
 612:            33            920  [Ljavax.management.openmbean.OpenType;
 613:            38            912  com.lucent.aaa.util.StringIntegerPair
 614:             6            912  org.apache.xerces.impl.XMLDTDScannerImpl
 615:            14            896  com.lucent.aaa.tal.instruction.ac
 616:            28            896  java.lang.invoke.SimpleMethodHandle
 617:            28            896  org.apache.xerces.util.XMLResourceIdentifierImpl
 618:            56            896  sun.rmi.server.UnicastRef2
 619:            37            888  org.apache.derby.iapi.services.context.ContextManager$CtxStack
 620:            22            880  com.lucent.aaa.tal.l$bm
 621:            55            880  java.util.concurrent.atomic.AtomicLongArray
 622:            10            880  org.apache.xerces.impl.XMLEntityManager$ScannedEntity
 623:            54            864  com.lucent.aaa.tal.j
 624:            36            864  com.lucent.aaa.value.BigIntegerValue
 625:            36            864  com.sun.jmx.mbeanserver.NamedObject
 626:            27            864  java.security.MessageDigest$Delegate
 627:            18            864  java.util.ComparableTimSort
 628:            54            864  java.util.zip.CRC32
 629:            36            864  javax.management.ObjectInstance
 630:            36            864  javax.measure.converter.MultiplyConverter
 631:            27            864  org.apache.derby.catalog.types.IndexDescriptorImpl
 632:            27            864  org.apache.derby.impl.db.BasicDatabase$5
 633:            27            864  org.apache.derby.impl.sql.catalog.IndexInfoImpl
 634:            27            864  org.apache.derby.impl.store.raw.log.LogRecord
 635:            18            864  org.apache.xerces.impl.dtd.models.CMBinOp
 636:            36            864  org.bouncycastle.asn1.DLSet
 637:            27            864  sun.util.locale.BaseLocale
 638:            35            840  java.util.Locale$LocaleKey
 639:            15            840  java.util.concurrent.ConcurrentHashMap$EntryIterator
 640:            15            840  javax.management.openmbean.ArrayType
 641:            21            840  org.apache.derby.iapi.sql.dictionary.SchemaDescriptor
 642:            52            832  com.lucent.aaa.tal.instruction.o
 643:            17            816  sun.management.DiagnosticCommandInfo
 644:            20            800  com.lucent.aaa.ldap.n$b
 645:             2            800  com.lucent.aaa.v
 646:            20            800  com.sun.jmx.mbeanserver.MXBeanSupport
 647:            33            792  com.lucent.aaa.value.SignedIntegerValue
 648:             6            768  com.lucent.aaa.property.DoublePropertyInfo
 649:            32            768  com.lucent.aaa.value.HereValue
 650:            16            768  com.lucent.aaa.value.IPFilterValue$d
 651:            32            768  com.sun.jmx.mbeanserver.DefaultMXBeanMappingFactory$IdentityMapping
 652:            12            768  java.nio.DirectByteBuffer
 653:            48            768  java.rmi.server.RemoteObjectInvocationHandler
 654:            24            768  java.security.Permissions
 655:            32            768  sun.net.www.protocol.jar.JarURLConnection$JarURLInputStream
 656:            12            768  sun.nio.ch.FileChannelImpl
 657:            32            768  sun.reflect.generics.tree.SimpleClassTypeSignature
 658:            48            768  sun.security.x509.GeneralName
 659:            24            768  sun.security.x509.OIDMap$OIDInfo
 660:            19            760  com.lucent.aaa.log.d
 661:             5            760  com.lucent.aaa.property.AtFilePropertyInfo
 662:            19            760  com.lucent.aaa.tal.l$bv
 663:            19            760  com.lucent.aaa.tal.l$j
 664:            31            752  [Ljavax.measure.unit.ProductUnit$Element;
 665:            31            744  java.lang.RuntimePermission
 666:            31            744  javax.measure.unit.ProductUnit
 667:             3            744  org.apache.derby.client.net.NetConnection
 668:            22            736  [Lcom.lucent.aaa.diameter.DiameterTransport;
 669:            23            736  com.lucent.aaa.ReloadManager$b
 670:            23            736  sun.security.x509.URIName
 671:            42            728  [Lsun.reflect.generics.tree.TypeArgument;
 672:            18            720  [Lorg.apache.derby.impl.store.raw.data.StoredRecordHeader;
 673:            30            720  com.lucent.aaa.ah$b
 674:             6            720  com.lucent.aaa.property.SocketAddressListsPropertyInfo
 675:            15            720  com.lucent.aaa.tal.TalValidationException
 676:            15            720  java.lang.management.PlatformComponent
 677:            30            720  java.util.Collections$SynchronizedSet
 678:            30            720  java.util.jar.Manifest
 679:            30            720  java.util.regex.Pattern$TreeInfo
 680:             9            720  org.apache.derby.impl.store.access.btree.BTreeRowPosition
 681:             9            720  org.apache.derby.impl.store.raw.data.AllocExtent
 682:             3            720  org.apache.derby.impl.store.raw.log.LogToFile
 683:            18            720  sun.management.DiagnosticCommandArgumentInfo
 684:            18            720  sun.security.ec.ECPublicKeyImpl
 685:            22            704  javax.management.MBeanParameterInfo
 686:            11            704  org.apache.derby.iapi.services.context.ContextManager
 687:            29            696  org.apache.derby.iapi.services.io.FormatableBitSet
 688:             4            680  [Lcom.lucent.aaa.value.ValueFactory$GeneralFactory;
 689:            12            680  [Lorg.apache.xerces.impl.dtd.models.CMStateSet;
 690:            17            680  com.lucent.aaa.ValidationException
 691:            17            680  com.sun.jmx.mbeanserver.PerInterface
 692:            12            672  com.lucent.aaa.FastQueue
 693:            14            672  com.lucent.aaa.WorkQueue$SubQueue
 694:            28            672  com.lucent.aaa.log.Slf4jLogger
 695:            42            672  com.lucent.aaa.property.LogMessagePropertyInfo$1
 696:            14            672  jdk.internal.org.objectweb.asm.Frame
 697:             6            672  org.apache.xerces.impl.XMLEntityManager
 698:            14            672  sun.nio.cs.StreamDecoder
 699:            12            672  sun.security.ssl.CipherSuite$BulkCipher
 700:             4            664  [Lorg.antlr.v4.runtime.atn.RuleStartState;
 701:             4            664  [Lorg.antlr.v4.runtime.atn.RuleStopState;
 702:            41            656  java.util.concurrent.atomic.AtomicReference
 703:            29            648  [Lsun.reflect.generics.tree.FieldTypeSignature;
 704:            30            648  [[Ljava.lang.annotation.Annotation;
 705:            27            648  com.sun.jmx.mbeanserver.PerInterface$MethodAndSig
 706:            27            648  java.util.Collections$3
 707:            27            648  org.apache.derby.iapi.sql.dictionary.IndexRowGenerator
 708:            16            640  [Ljava.util.concurrent.ConcurrentSkipListMap$Index;
 709:             8            640  com.lucent.aaa.b.p
 710:            20            640  com.lucent.aaa.value.IPFilterValue$c
 711:            20            640  java.security.AlgorithmParameters
 712:            16            640  java.text.DigitList
 713:            20            640  org.apache.derby.catalog.types.BaseTypeIdImpl
 714:            16            640  org.apache.xerces.impl.dtd.XMLEntityDecl
 715:            16            640  sun.util.locale.InternalLocaleBuilder
 716:            16            640  sun.util.locale.LanguageTag
 717:            16            640  sun.util.locale.StringTokenIterator
 718:             3            624  [Ljava.lang.invoke.LambdaForm;
 719:            13            624  com.fasterxml.jackson.core.JsonToken
 720:            26            624  com.lucent.aaa.util.PasswordUtil$a
 721:            26            624  java.lang.Class$AnnotationData
 722:            26            624  java.security.spec.ECFieldF2m
 723:            26            624  java.util.Collections$1
 724:            13            624  java.util.concurrent.ThreadPoolExecutor$Worker
 725:            39            624  java.util.regex.Pattern$CharPropertyNames$1
 726:             3            624  org.apache.derby.impl.sql.catalog.DataDictionaryImpl
 727:             6            624  org.apache.xerces.jaxp.SAXParserImpl$JAXPSAXParser
 728:            13            624  org.apache.xerces.util.URI
 729:            36            608  [Ljava.lang.annotation.Annotation;
 730:            38            608  java.net.InetSocketAddress
 731:            19            608  java.security.BasicPermissionCollection
 732:            19            608  java.util.concurrent.ConcurrentSkipListMap$HeadIndex
 733:            19            608  org.apache.derby.iapi.store.raw.ContainerKey
 734:            15            600  [Lorg.apache.derby.iapi.store.raw.LockingPolicy;
 735:            25            600  com.lucent.aaa.util.PasswordUtil$Algo
 736:             6            584  [D
 737:            27            584  [Ljava.lang.reflect.Type;
 738:             9            576  java.text.SimpleDateFormat
 739:             3            576  org.apache.derby.client.net.NetAgent
 740:            18            576  org.apache.derby.impl.services.locks.LockControl
 741:            24            576  org.apache.derby.impl.services.monitor.StorageFactoryService$12
 742:            18            576  org.apache.derby.impl.store.raw.log.LogCounter
 743:            18            576  org.apache.derby.impl.store.raw.xact.XactContext
 744:            24            576  org.apache.xerces.impl.dtd.XMLContentSpec
 745:             6            576  org.apache.xerces.impl.dtd.XMLDTDProcessor
 746:            36            576  org.bouncycastle.asn1.x500.RDN
 747:            12            576  sun.nio.cs.StreamEncoder
 748:            15            568  [Ljava.lang.invoke.LambdaForm$BasicType;
 749:            26            568  [Ljavax.management.MBeanNotificationInfo;
 750:             2            560  [Lcom.lucent.aaa.value.AAAURIValue$CharClass;
 751:            14            560  com.lucent.aaa.tal.l$ak
 752:            14            560  com.lucent.aaa.tal.l$am
 753:            14            560  com.lucent.aaa.tal.l$av
 754:             7            560  java.util.concurrent.ThreadPoolExecutor
 755:            14            560  javax.management.openmbean.SimpleType
 756:            10            560  sun.invoke.util.Wrapper
 757:            23            552  [Ljava.net.InetAddress;
 758:            23            552  com.lucent.aaa.tal.instruction.ag
 759:            23            552  com.lucent.aaa.value.BooleanValue
 760:             3            552  org.apache.derby.impl.drda.DRDAStatement
 761:            16            544  [Lcom.lucent.aaa.diameter.DiameterConstants$MultiRoundTimeoutMode;
 762:             4            544  [Lorg.antlr.v4.runtime.dfa.DFA;
 763:            17            544  java.lang.StringCoding$StringEncoder
 764:            17            544  java.net.Socket
 765:            17            544  java.security.cert.PolicyQualifierInfo
 766:            17            544  java.util.logging.LogManager$LoggerContext$1
 767:            17            544  sun.management.DiagnosticCommandImpl$Wrapper
 768:            17            544  sun.security.x509.DistributionPoint
 769:             1            528  [Ljava.lang.Character;
 770:             1            528  [Ljava.util.TimerTask;
 771:            22            528  javax.measure.unit.AlternateUnit
 772:            11            528  sun.misc.ProxyGenerator
 773:            22            528  sun.security.jca.GetInstance$Instance
 774:            33            528  sun.security.x509.GeneralNames
 775:            13            520  com.lucent.aaa.tal.l$y
 776:            18            512  [Lcom.lucent.aaa.radius.RadiusConstants$ChallengeTimeoutMode;
 777:            16            512  [[S
 778:             4            512  com.lucent.aaa.property.AttributeEnumerationsPropertyInfo
 779:             4            512  com.lucent.aaa.property.EnumerationsPropertyInfo
 780:            16            512  java.awt.Color
 781:            32            512  java.io.FileInputStream$1
 782:            32            512  java.io.FilePermission$1
 783:            16            512  javax.crypto.Cipher$Transform
 784:             8            512  jdk.internal.org.objectweb.asm.FieldWriter
 785:            32            512  sun.reflect.generics.tree.ClassTypeSignature
 786:            16            512  sun.security.ssl.CipherSuite$KeyExchange
 787:            21            504  com.lucent.aaa.util.Parse$TokenState
 788:            21            504  com.lucent.aaa.util.bb
 789:             9            504  javax.management.openmbean.CompositeType
 790:            21            504  org.apache.derby.impl.services.locks.ConcurrentLockSet$Entry
 791:            21            504  sun.security.jca.ServiceId
 792:            21            504  sun.security.x509.AVAKeyword
 793:             9            496  [Lcom.lucent.aaa.stat.Scale;
 794:            17            480  [Lcom.lucent.aaa.util.Feature;
 795:            12            480  com.lucent.aaa.tal.instruction.y
 796:            15            480  com.lucent.aaa.util.ByteArrayFormatter
 797:            20            480  com.lucent.aaa.value.IntegerEnumerationValue
 798:            20            480  java.io.FilePermissionCollection
 799:            30            480  java.io.RandomAccessFile$1
 800:            20            480  java.lang.invoke.ConstantCallSite
 801:            20            480  java.lang.invoke.InfoFromMemberName
 802:            20            480  java.lang.invoke.InnerClassLambdaMetafactory$ForwardingMethodGenerator
 803:            20            480  java.lang.management.ManagementFactory$2
 804:            30            480  java.security.spec.ECFieldFp
 805:            20            480  java.util.regex.Pattern$5
 806:            30            480  java.util.regex.Pattern$BranchConn
 807:            12            480  org.apache.derby.impl.sql.catalog.TabInfoImpl
 808:            15            480  org.apache.derby.impl.store.access.RAMTransactionContext
 809:            12            480  org.apache.derby.impl.store.access.conglomerate.RowPosition
 810:             3            480  org.apache.derby.impl.store.raw.data.BaseDataFileFactoryJ4
 811:            30            480  org.apache.sshd.server.kex.DHGServer$1
 812:            30            480  org.apache.xerces.util.AugmentationsImpl
 813:            30            480  org.bouncycastle.asn1.DERUTF8String
 814:            10            480  org.postgresql.util.PSQLException
 815:             6            480  sun.net.www.protocol.jar.URLJarFile
 816:            12            480  sun.reflect.UnsafeQualifiedStaticObjectFieldAccessorImpl
 817:            10            480  sun.util.locale.provider.LocaleResources$ResourceReference
 818:            29            464  java.util.HashMap$Values
 819:             2            464  org.apache.derby.impl.drda.NetworkServerControlImpl
 820:             6            456  [Lsun.invoke.util.Wrapper;
 821:             3            456  com.lucent.aaa.gui.DerbyDatabaseTablePanel$ReplicationModePropertyInfo
 822:             3            456  com.lucent.aaa.property.DerbyServerityPropertyInfo
 823:             3            456  com.lucent.aaa.property.LocalAddressPropertyInfo
 824:            19            456  com.lucent.aaa.tal.instruction.ae
 825:            19            456  com.lucent.aaa.tal.instruction.h
 826:            19            456  sun.reflect.generics.parser.SignatureParser
 827:            19            456  sun.reflect.generics.visitor.Reifier
 828:            16            448  [Lcom.lucent.aaa.diameter.DiameterConstants$MultiRoundAuthMode;
 829:            16            448  [Lcom.lucent.aaa.diameter.Peer$AdminState;
 830:            24            448  [Ljava.security.CodeSigner;
 831:            14            448  com.fasterxml.jackson.core.JsonParser$Feature
 832:            14            448  com.lucent.aaa.ak
 833:            14            448  com.lucent.aaa.tal.instruction.ai
 834:            14            448  com.lucent.aaa.uss2.z$b
 835:            14            448  com.lucent.aaa.value.ListValue$a
 836:             7            448  java.lang.invoke.InvokerBytecodeGenerator
 837:             7            448  java.security.SecureRandom
 838:            14            448  java.util.LinkedList$ListItr
 839:            14            448  java.util.ResourceBundle$Control$1
 840:             8            448  javax.management.openmbean.OpenMBeanParameterInfoSupport
 841:            28            448  org.antlr.v4.runtime.atn.SemanticContext$PrecedencePredicate
 842:            14            448  org.apache.derby.impl.services.jmx.JMXManagementService$2
 843:            14            448  sun.security.ssl.SignatureAndHashAlgorithm
 844:            14            448  sun.security.x509.CRLDistributionPointsExtension
 845:            28            448  sun.security.x509.DNSName
 846:             1            440  com.lucent.aaa.broker.BrokerManager
 847:            11            440  com.lucent.aaa.stat.ar
 848:            11            440  com.lucent.aaa.tal.l$bg
 849:            16            432  [Lcom.lucent.aaa.uss2.z$b;
 850:             4            432  [Ljava.lang.Thread;
 851:             1            432  [[[C
 852:            18            432  java.text.DateFormat$Field
 853:            18            432  java.util.concurrent.ConcurrentLinkedQueue$Node
 854:            18            432  java.util.regex.Pattern$BitClass
 855:             9            432  org.apache.derby.iapi.types.SQLChar
 856:            18            432  org.apache.derby.impl.sql.execute.IndexRow
 857:            27            432  org.apache.derby.impl.store.access.RAMAccessManager$2
 858:             9            432  org.apache.derby.impl.store.access.btree.SearchParameters
 859:             9            432  org.apache.derby.impl.store.raw.log.LogAccessFileBuffer
 860:             6            432  org.apache.xerces.impl.dtd.models.DFAContentModel
 861:             6            432  org.jdom2.input.sax.DefaultSAXHandlerFactory$DefaultSAXHandler
 862:             3            432  sun.reflect.MethodAccessorGenerator
 863:            18            432  sun.reflect.generics.factory.CoreReflectionFactory
 864:            10            416  [Lcom.lucent.aaa.snmp.SnmpUserEntry$SecurityMethods;
 865:             2            416  com.lucent.aaa.plugin.Diameter
 866:            13            416  sun.security.x509.CertificatePoliciesExtension
 867:            17            408  [Ljava.lang.management.PlatformComponent;
 868:            22            408  [Ljavax.management.MBeanConstructorInfo;
 869:            17            408  com.sun.jmx.mbeanserver.MBeanAnalyzer
 870:            17            408  com.sun.jmx.mbeanserver.MBeanIntrospector$MBeanInfoMaker
 871:            17            408  java.security.DigestOutputStream
 872:             3            408  org.apache.derby.impl.drda.DRDAResultSet
 873:             3            408  org.apache.derby.impl.jdbc.EmbedStatement
 874:             3            408  org.apache.derby.impl.services.daemon.IndexStatisticsDaemonImpl
 875:            17            408  org.bouncycastle.asn1.DERSequence
 876:            17            408  sun.nio.ch.SocketOptionRegistry$RegistryKey
 877:            17            408  sun.rmi.server.UnicastServerRef$HashToMethod_Maps$1
 878:             5            400  com.lucent.aaa.ConfigCommands$e
 879:             1            400  com.lucent.aaa.by$a
 880:            10            400  com.lucent.aaa.tls.TlsConstants$d
 881:            10            400  java.lang.invoke.DirectMethodHandle$Accessor
 882:            25            400  java.util.Hashtable$KeySet
 883:            10            400  org.apache.xerces.impl.dtd.XMLDTDDescription
 884:            10            400  org.apache.xerces.xni.parser.XMLInputSource
 885:             1            392  com.lucent.aaa.Shutdown$b
 886:             1            392  com.lucent.aaa.TcpConnectionManager
 887:             7            392  org.antlr.v4.runtime.InputMismatchException
 888:             1            392  org.apache.derby.impl.drda.ClientThread
 889:             8            384  [Lcom.lucent.aaa.util.DecimalSize$Units;
 890:             6            384  [Lorg.apache.derby.impl.sql.catalog.TabInfoImpl;
 891:            12            384  [Lorg.apache.xerces.impl.XMLEntityManager$CharacterBuffer;
 892:             1            384  com.lucent.aaa.cd$a
 893:             1            384  com.lucent.aaa.log.ChannelDirector$a
 894:             4            384  com.lucent.aaa.property.LabelPropertyInfo
 895:             3            384  com.lucent.aaa.property.SshCipherFactoriesPropertyInfo
 896:             3            384  com.lucent.aaa.property.SshKexFactoriesPropertyInfo
 897:             3            384  com.lucent.aaa.property.SshMacFactoriesPropertyInfo
 898:             3            384  com.lucent.aaa.property.SshSignatureFactoriesPropertyInfo
 899:             1            384  com.lucent.aaa.uss2.UssEngine$f
 900:             1            384  com.lucent.aaa.uss2.x
 901:            16            384  com.lucent.aaa.uss2.z$ar
 902:             1            384  com.lucent.aaa.util.bg$a
 903:             1            384  java.lang.ref.Finalizer$FinalizerThread
 904:             8            384  java.net.SocketInputStream
 905:             8            384  java.net.SocketOutputStream
 906:            12            384  java.util.RegularEnumSet
 907:             1            384  java.util.TimerThread
 908:             1            384  java.util.logging.LogManager$Cleaner
 909:            12            384  org.apache.derby.impl.drda.DRDAString
 910:             3            384  org.apache.derby.impl.drda.Database
 911:            16            384  org.apache.derby.impl.services.monitor.FileMonitor$1
 912:             6            384  org.apache.derby.impl.store.raw.log.Scan
 913:             8            384  org.apache.sshd.common.cipher.BuiltinCiphers
 914:            12            384  org.apache.xerces.util.NamespaceSupport
 915:            16            384  sun.nio.ch.OptionKey
 916:            12            384  sun.reflect.ClassFileAssembler
 917:            16            384  sun.util.locale.ParseStatus
 918:             1            376  java.lang.ref.Reference$ReferenceHandler
 919:             1            376  sun.misc.GC$Daemon
 920:             1            360  [Lcom.lucent.aaa.state.StatsManager$Statistic;
 921:            17            360  [Lsun.management.DiagnosticCommandArgumentInfo;
 922:             5            360  com.lucent.aaa.ConfigCommands$a
 923:             5            360  com.lucent.aaa.ConfigCommands$aa
 924:             5            360  com.lucent.aaa.ConfigCommands$ab
 925:             5            360  com.lucent.aaa.ConfigCommands$ac
 926:             5            360  com.lucent.aaa.ConfigCommands$ad
 927:             5            360  com.lucent.aaa.ConfigCommands$ae
 928:             5            360  com.lucent.aaa.ConfigCommands$b
 929:             5            360  com.lucent.aaa.ConfigCommands$c
 930:             5            360  com.lucent.aaa.ConfigCommands$d
 931:             5            360  com.lucent.aaa.ConfigCommands$f
 932:             5            360  com.lucent.aaa.ConfigCommands$g
 933:             5            360  com.lucent.aaa.ConfigCommands$h
 934:             5            360  com.lucent.aaa.ConfigCommands$i
 935:             5            360  com.lucent.aaa.ConfigCommands$j
 936:             5            360  com.lucent.aaa.ConfigCommands$k
 937:             5            360  com.lucent.aaa.ConfigCommands$l
 938:             5            360  com.lucent.aaa.ConfigCommands$m
 939:             5            360  com.lucent.aaa.ConfigCommands$n
 940:             5            360  com.lucent.aaa.ConfigCommands$o
 941:             5            360  com.lucent.aaa.ConfigCommands$p
 942:             5            360  com.lucent.aaa.ConfigCommands$q
 943:             5            360  com.lucent.aaa.ConfigCommands$r
 944:             5            360  com.lucent.aaa.ConfigCommands$s
 945:             5            360  com.lucent.aaa.ConfigCommands$t
 946:             5            360  com.lucent.aaa.ConfigCommands$u
 947:             5            360  com.lucent.aaa.ConfigCommands$v
 948:             5            360  com.lucent.aaa.ConfigCommands$w
 949:             5            360  com.lucent.aaa.ConfigCommands$x
 950:             5            360  com.lucent.aaa.ConfigCommands$y
 951:             5            360  com.lucent.aaa.ConfigCommands$z
 952:             5            360  com.lucent.aaa.log.CyclicDirector
 953:             9            360  com.lucent.aaa.tal.l$n
 954:             9            360  java.io.BufferedWriter
 955:             9            360  java.io.PrintWriter
 956:             9            360  java.lang.invoke.DirectMethodHandle$Constructor
 957:            15            360  java.lang.invoke.InnerClassLambdaMetafactory$1
 958:            15            360  java.util.logging.LogManager$5
 959:            15            360  javax.management.StandardMBean
 960:             9            360  org.apache.derby.impl.store.raw.data.AllocationCache
 961:             9            360  sun.security.util.DisabledAlgorithmConstraints$KeySizeConstraint
 962:            12            352  [Lcom.lucent.aaa.plugin.Call$CopyQueue;
 963:            11            352  java.lang.reflect.WeakCache$CacheValue
 964:            11            352  java.lang.reflect.WeakCache$Factory
 965:            22            352  java.util.Collections$UnmodifiableSet
 966:            10            336  [Lcom.lucent.aaa.util.StringIntegerPair;
 967:             3            336  [Lorg.apache.derby.iapi.sql.dictionary.AliasDescriptor;
 968:             2            336  com.lucent.aaa.plugin.RadiusTransport
 969:             2            336  com.lucent.aaa.property.DiameterMapPropertyInfo
 970:             3            336  com.lucent.aaa.property.FlagPropertyInfo
 971:             3            336  com.lucent.aaa.property.HexPropertyInfo
 972:            14            336  com.lucent.aaa.tal.d
 973:             3            336  com.lucent.aaa.x509.Cert
 974:             7            336  com.sun.jmx.mbeanserver.DefaultMXBeanMappingFactory$CompositeMapping
 975:            14            336  com.sun.jmx.mbeanserver.StandardMBeanSupport
 976:            14            336  java.lang.invoke.Invokers
 977:            14            336  java.lang.invoke.LambdaFormEditor$Transform$Kind
 978:             6            336  java.nio.DirectLongBufferU
 979:             6            336  java.util.Calendar$Builder
 980:             7            336  java.util.concurrent.ArrayBlockingQueue
 981:            14            336  org.antlr.v4.runtime.atn.PrecedencePredicateTransition
 982:             6            336  org.apache.derby.client.net.Typdef
 983:            14            336  org.apache.derby.iapi.services.loader.ClassInfo
 984:            14            336  org.apache.derby.impl.services.jmx.JMXManagementService$3
 985:             3            336  org.apache.derby.impl.store.raw.RawStore
 986:            21            336  org.bouncycastle.asn1.x509.KeyPurposeId
 987:             6            336  org.jdom2.input.SAXBuilder
 988:             6            336  sun.management.MemoryPoolImpl
 989:            14            336  sun.security.x509.Extension
 990:            10            320  com.fasterxml.jackson.core.JsonGenerator$Feature
 991:             8            320  com.lucent.aaa.RemoteRmiAccess
 992:             2            320  com.lucent.aaa.plugin.Call
 993:             8            320  com.lucent.aaa.state.RemoteAccess
 994:             8            320  com.lucent.aaa.tal.l$v
 995:             8            320  com.lucent.aaa.uss2.RemoteUss2Access
 996:            20            320  com.lucent.aaa.value.PasswordValue
 997:             5            320  com.sun.crypto.provider.CipherCore
 998:            10            320  java.lang.OutOfMemoryError
 999:             8            320  java.lang.invoke.DirectMethodHandle$Interface
1000:            20            320  java.util.LinkedHashSet
1001:            10            320  java.util.concurrent.ConcurrentHashMap$ForwardingNode
1002:             5            320  javax.crypto.Cipher
1003:             4            320  org.apache.derby.impl.drda.Session
1004:             8            320  org.jdom2.DocType
1005:            10            320  org.xml.sax.InputSource
1006:            10            320  sun.security.jca.ProviderConfig
1007:             8            320  sun.security.ssl.SignatureAndHashAlgorithm$HashAlgorithm
1008:            10            320  sun.security.util.MemoryCache
1009:            12            312  [Lorg.apache.derby.catalog.UUID;
1010:            12            312  [Lorg.apache.derby.impl.sql.catalog.IndexInfoImpl;
1011:             3            312  com.lucent.aaa.property.InetAddressPropertyInfo
1012:             3            312  com.lucent.aaa.property.MapStringPropertyInfo
1013:             3            312  com.lucent.aaa.property.TimeOfDayPropertyInfo
1014:            13            312  com.lucent.aaa.tal.instruction.af
1015:            13            312  java.net.InetAddress
1016:            13            312  org.bouncycastle.asn1.x509.Extension
1017:            13            312  org.jdom2.Document
1018:            13            312  sun.security.util.DisabledAlgorithmConstraints$DisabledConstraint
1019:            13            312  sun.security.x509.PolicyInformation
1020:             2            304  com.lucent.aaa.property.RadiusServerPropertyInfo
1021:            10            288  [Lcom.lucent.aaa.snmp.SnmpMessage$SecurityLevel;
1022:            10            288  [Lcom.lucent.aaa.snmp.SnmpUserEntry$Access;
1023:            10            288  [Lcom.lucent.aaa.snmp.SnmpVersion;
1024:            12            288  [Lorg.antlr.v4.runtime.dfa.DFAState$PredPrediction;
1025:            12            288  [[Lorg.apache.derby.iapi.types.DataValueDescriptor;
1026:             9            288  com.lucent.aaa.MethodDispatch$q
1027:             2            288  com.lucent.aaa.plugin.ReadUserFile
1028:             4            288  com.lucent.aaa.stat.RadiusAcctClientGroup
1029:             4            288  com.lucent.aaa.stat.RadiusAcctServerGroup
1030:             4            288  com.lucent.aaa.stat.RadiusAuthClientGroup
1031:             4            288  com.lucent.aaa.stat.RadiusAuthServerGroup
1032:             4            288  com.lucent.aaa.stat.RadiusCoAClientGroup
1033:             4            288  com.lucent.aaa.stat.RadiusCoAServerGroup
1034:             4            288  com.lucent.aaa.stat.RadiusDiscClientGroup
1035:             4            288  com.lucent.aaa.stat.RadiusDiscServerGroup
1036:             4            288  com.lucent.aaa.stat.RadiusOtherClientGroup
1037:             4            288  com.lucent.aaa.stat.RadiusOtherServerGroup
1038:             4            288  com.lucent.aaa.stat.RadiusStateClientGroup
1039:             4            288  com.lucent.aaa.stat.RadiusStateServerGroup
1040:             4            288  com.lucent.aaa.stat.RadiusStatusClientGroup
1041:             4            288  com.lucent.aaa.stat.RadiusStatusServerGroup
1042:             4            288  com.lucent.aaa.stat.ae
1043:             4            288  com.lucent.aaa.stat.af
1044:             2            288  com.lucent.aaa.stat.f
1045:            12            288  com.lucent.aaa.value.DurationValue
1046:             9            288  java.io.ByteArrayInputStream
1047:             9            288  java.io.IOException
1048:            12            288  java.io.OutputStreamWriter
1049:             9            288  java.lang.ArrayIndexOutOfBoundsException
1050:             9            288  java.lang.StringCoding$StringDecoder
1051:            12            288  java.lang.management.ManagementPermission
1052:             9            288  java.lang.reflect.Proxy$Key1
1053:             9            288  java.util.logging.Level
1054:            18            288  java.util.regex.Pattern$CharPropertyNames$4
1055:            12            288  java.util.regex.Pattern$Ctype
1056:             9            288  org.antlr.v4.runtime.atn.ActionTransition
1057:            12            288  org.antlr.v4.runtime.dfa.DFAState$PredPrediction
1058:            18            288  org.antlr.v4.runtime.misc.DoubleKeyMap
1059:             9            288  org.apache.derby.iapi.services.io.FormatIdOutputStream
1060:             3            288  org.apache.derby.impl.drda.DDMReader
1061:            18            288  org.apache.derby.impl.jdbc.EmbedConnection$7
1062:             9            288  org.apache.derby.impl.services.monitor.StorageFactoryService$3
1063:             9            288  org.apache.derby.impl.sql.conn.GenericLanguageConnectionFactory$4
1064:            18            288  org.apache.derby.impl.store.access.heap.HeapController
1065:             9            288  org.apache.derby.impl.store.raw.log.ChecksumOperation
1066:             6            288  org.apache.xerces.jaxp.SAXParserImpl
1067:            12            288  org.bouncycastle.jcajce.provider.asymmetric.ec.KeyFactorySpi$EC
1068:             4            288  sun.nio.ch.EPollArrayWrapper
1069:             4            288  sun.nio.ch.EPollSelectorImpl
1070:            12            288  sun.nio.ch.NativeThreadSet
1071:            12            288  sun.reflect.ByteVectorImpl
1072:            12            288  sun.reflect.generics.scope.ClassScope
1073:             9            288  sun.rmi.transport.tcp.TCPTransport
1074:            18            288  sun.security.ec.ECParameters
1075:             3            288  sun.security.provider.Sun
1076:             7            280  com.lucent.aaa.tal.l$ai
1077:             7            280  com.lucent.aaa.tal.l$br
1078:             7            280  java.lang.ClassLoader$NativeLibrary
1079:             7            280  java.util.regex.Pattern$Loop
1080:             7            280  sun.misc.Cleaner
1081:             5            280  sun.nio.cs.ISO_8859_1$Encoder
1082:            17            272  com.sun.jmx.mbeanserver.PerInterface$InitMaps
1083:            17            272  java.util.regex.Pattern$Dot
1084:            11            264  com.lucent.aaa.value.DispositionValue
1085:            11            264  java.net.StandardSocketOptions$StdSocketOption
1086:             3            264  org.apache.derby.client.net.NetResultSetReply
1087:            11            264  org.apache.derby.iapi.services.context.SystemContext
1088:             3            264  org.apache.derby.impl.drda.DDMWriter
1089:            11            264  org.bouncycastle.asn1.x509.AlgorithmIdentifier
1090:            11            264  org.jdom2.AttributeType
1091:            11            264  sun.misc.ProxyGenerator$ConstantPool
1092:             8            256  [[Lorg.apache.xerces.xni.QName;
1093:             8            256  com.lucent.aaa.RemoteApplicationAccess
1094:             8            256  com.lucent.aaa.RemoteConfigAccess
1095:             8            256  com.lucent.aaa.RemoteEngineAccess
1096:             2            256  com.lucent.aaa.property.VendorsPropertyInfo
1097:            16            256  com.lucent.aaa.stat.PluginGroup$a
1098:            16            256  com.lucent.aaa.stat.PluginGroup$c
1099:            16            256  java.lang.ThreadLocal
1100:             8            256  java.lang.invoke.DirectMethodHandle$Special
1101:             8            256  java.net.Inet6Address
1102:             8            256  java.net.Inet6Address$Inet6AddressHolder
1103:            16            256  java.util.jar.JarVerifier$3
1104:             8            256  javax.management.MBeanNotificationInfo
1105:             4            256  org.apache.derby.iapi.error.StandardException
1106:            16            256  org.apache.derby.impl.services.monitor.FileMonitor$5
1107:             8            256  sun.misc.ProxyGenerator$PrimitiveTypeInfo
1108:             8            256  sun.rmi.transport.tcp.TCPTransport$AcceptLoop
1109:             8            256  sun.security.provider.SecureRandom
1110:             8            256  sun.security.x509.GeneralSubtree
1111:             2            240  [Lcom.lucent.aaa.ldap.n$b;
1112:             2            240  [Lcom.lucent.aaa.util.PasswordUtil$Algo;
1113:             6            240  [Ljava.lang.invoke.BoundMethodHandle$SpeciesData;
1114:             3            240  [Ljava.util.concurrent.RunnableScheduledFuture;
1115:             7            240  [Ljdk.internal.org.objectweb.asm.Type;
1116:            10            240  [Lorg.antlr.v4.runtime.atn.LexerAction;
1117:             6            240  [Lorg.bouncycastle.asn1.x500.RDN;
1118:             6            240  com.lucent.aaa.ChannelFile$Entry
1119:             5            240  com.lucent.aaa.ConfigCommands$CommandType
1120:             6            240  com.lucent.aaa.OperationException
1121:             6            240  com.lucent.aaa.i
1122:            10            240  com.lucent.aaa.log.LogLevel
1123:             6            240  com.lucent.aaa.stat.k$b
1124:            10            240  com.lucent.aaa.tls.TlsConstants$KexAlgo
1125:            15            240  com.lucent.aaa.util.f
1126:            10            240  java.lang.Class$1
1127:            15            240  java.lang.invoke.LambdaFormEditor
1128:            10            240  java.security.CryptoPrimitive
1129:            15            240  java.util.concurrent.ConcurrentHashMap$ValuesView
1130:             3            240  java.util.concurrent.ScheduledThreadPoolExecutor
1131:            10            240  javax.crypto.spec.DHParameterSpec
1132:             6            240  org.apache.derby.catalog.types.TypeDescriptorImpl
1133:            15            240  org.apache.derby.iapi.types.UserType
1134:             6            240  org.apache.derby.impl.services.cache.BackgroundCleaner
1135:             6            240  org.apache.derby.impl.services.monitor.StorageFactoryService
1136:             3            240  org.apache.derby.impl.store.access.heap.HeapScan
1137:             6            240  org.apache.derby.impl.store.raw.log.FileLogger
1138:             3            240  org.apache.derby.impl.store.raw.log.LogAccessFile
1139:             3            240  org.apache.derby.impl.store.raw.xact.XactFactory
1140:             6            240  org.apache.sshd.common.digest.BuiltinDigests
1141:             6            240  org.apache.sshd.common.mac.BuiltinMacs
1142:            10            240  org.apache.xerces.impl.XMLEntityManager$CharacterBuffer
1143:             6            240  org.apache.xerces.impl.XMLEntityManager$CharacterBufferPool
1144:             6            240  org.apache.xerces.impl.XMLErrorReporter
1145:            10            240  org.apache.xerces.impl.dtd.XMLAttributeDecl
1146:             6            240  org.apache.xerces.impl.dtd.models.CMUniOp
1147:             6            240  org.apache.xerces.impl.validation.ValidationState
1148:             6            240  org.apache.xerces.util.XMLAttributesImpl
1149:             6            240  sun.management.MemoryPoolImpl$CollectionSensor
1150:             6            240  sun.management.MemoryPoolImpl$PoolSensor
1151:             6            240  sun.misc.FloatingDecimal$BinaryToASCIIBuffer
1152:             6            240  sun.misc.URLClassPath$1
1153:             6            240  sun.reflect.generics.repository.MethodRepository
1154:             5            240  sun.security.util.ManifestEntryVerifier
1155:            10            224  [Lcom.lucent.aaa.log.ChannelDirector$QueueAction;
1156:             8            224  [Lcom.lucent.aaa.radius.RadiusConstants$PortHint;
1157:            10            224  [Lcom.lucent.aaa.snmp.NotificationType;
1158:             8            224  [Lcom.lucent.aaa.uss2.UssModel$Persist;
1159:             7            224  com.lucent.aaa.MethodDispatch$d
1160:             1            224  com.lucent.aaa.plugin.Jdbc
1161:             1            224  com.lucent.aaa.plugin.Radius
1162:             7            224  com.lucent.aaa.tls.TlsConstants$a
1163:             7            224  com.lucent.aaa.util.BinarySize$Units
1164:             7            224  com.lucent.aaa.util.DecimalSize$Units
1165:             7            224  java.io.PushbackReader
1166:            14            224  java.rmi.server.Operation
1167:            14            224  javax.measure.unit.BaseUnit
1168:             4            224  org.antlr.v4.runtime.atn.ATN
1169:            14            224  org.bouncycastle.asn1.DEROctetString
1170:             7            224  sun.security.x509.SubjectAlternativeNameExtension
1171:             9            216  [Lorg.apache.derby.impl.store.raw.data.AllocExtent;
1172:             9            216  com.lucent.aaa.MethodDispatch$r
1173:             3            216  com.lucent.aaa.util.Parse
1174:             9            216  com.lucent.aaa.util.bc
1175:             9            216  java.net.ServerSocket
1176:             9            216  java.nio.file.attribute.PosixFilePermission
1177:             9            216  java.util.logging.Level$KnownLevel
1178:             3            216  org.apache.derby.impl.db.BasicDatabase
1179:             3            216  org.apache.derby.impl.jdbc.EmbedConnection
1180:             9            216  org.apache.derby.impl.services.daemon.ServiceRecord
1181:             9            216  org.apache.derby.impl.sql.catalog.DD_Version
1182:             9            216  org.apache.derby.impl.sql.execute.GenericExecutionContext
1183:             9            216  org.apache.derby.impl.sql.execute.ValueRow
1184:             9            216  org.apache.derby.impl.store.access.CacheableConglomerate
1185:             3            216  org.apache.derby.impl.store.access.RllRAMAccessManager
1186:             9            216  org.apache.derby.impl.store.access.btree.index.B2IRowLockingRR
1187:             9            216  org.apache.derby.impl.store.raw.xact.TransactionTable
1188:             9            216  sun.misc.JarIndex
1189:             9            216  sun.rmi.runtime.Log$LoggerLog
1190:             3            216  sun.security.provider.NativePRNG$RandomIO
1191:             9            216  sun.util.logging.PlatformLogger$Level
1192:             2            208  [Lcom.lucent.aaa.util.Parse$TokenState;
1193:             7            208  [Ljava.lang.Boolean;
1194:             7            208  [Ljava.lang.invoke.LambdaForm$NamedFunction;
1195:             2            208  com.lucent.aaa.property.InetAddressListPropertyInfo
1196:            13            208  java.util.TreeSet
1197:             1            208  org.apache.sshd.server.SshServer
1198:            13            208  sun.security.x509.CertificatePolicyId
1199:             2            200  [Ljava.text.DateFormat$Field;
1200:             6            200  [Lorg.apache.xerces.impl.dtd.models.CMLeaf;
1201:             5            200  com.lucent.aaa.ClientFile$Entry
1202:             5            200  com.lucent.aaa.RolloverManager
1203:             5            200  com.lucent.aaa.tal.l$d
1204:             5            200  com.sun.crypto.provider.CipherBlockChaining
1205:             5            200  java.lang.invoke.BoundMethodHandle$SpeciesData
1206:             5            200  java.util.PropertyResourceBundle
1207:             8            192  [Ljava.lang.reflect.TypeVariable;
1208:             6            192  [Lorg.apache.xerces.util.XMLAttributesImpl$Attribute;
1209:             8            192  com.lucent.aaa.diameter.PeerStateMachine$PeerStateEnum
1210:             2            192  com.lucent.aaa.property.VendorSpecificPropertyInfo
1211:             8            192  com.lucent.aaa.rmi.RMIRegistry$b
1212:             8            192  com.lucent.aaa.rmi.b
1213:             6            192  com.lucent.aaa.util.Duration$Units
1214:             4            192  com.lucent.aaa.value.IPFilterValue$a
1215:             8            192  java.io.ObjectStreamClass$ExceptionInfo
1216:             4            192  java.lang.ThreadGroup
1217:             6            192  java.lang.invoke.LambdaForm$BasicType
1218:             8            192  java.lang.invoke.MethodHandleImpl$Intrinsic
1219:             8            192  java.math.RoundingMode
1220:             8            192  java.net.NetPermission
1221:             6            192  java.nio.DirectByteBuffer$Deallocator
1222:            12            192  java.nio.channels.spi.AbstractInterruptibleChannel$1
1223:            12            192  java.security.spec.ECGenParameterSpec
1224:             8            192  org.antlr.v4.runtime.atn.LexerActionExecutor
1225:             8            192  org.antlr.v4.runtime.atn.LexerActionType
1226:             8            192  org.antlr.v4.runtime.atn.NotSetTransition
1227:             8            192  org.antlr.v4.runtime.tree.ErrorNodeImpl
1228:             6            192  org.apache.derby.iapi.services.io.DynamicByteArrayOutputStream
1229:             8            192  org.apache.derby.iapi.store.raw.RowLock
1230:             6            192  org.apache.derby.impl.db.StoreClassFactoryContext
1231:             8            192  org.apache.derby.impl.drda.EbcdicCcsidManager
1232:             8            192  org.apache.derby.impl.drda.Utf8CcsidManager
1233:             8            192  org.apache.derby.impl.jdbc.authentication.AuthenticationServiceBase$4
1234:             4            192  org.apache.derby.impl.jdbc.authentication.NativeAuthenticationServiceImpl
1235:             3            192  org.apache.derby.impl.services.daemon.BasicDaemon
1236:             6            192  org.apache.derby.impl.services.monitor.StorageFactoryService$4
1237:             3            192  org.apache.derby.impl.services.monitor.UpdateServiceProperties
1238:             6            192  org.apache.derby.impl.sql.catalog.DataDictionaryImpl$6
1239:             3            192  org.apache.derby.impl.sql.catalog.SYSCOLUMNSRowFactory
1240:             3            192  org.apache.derby.impl.sql.catalog.SYSCONGLOMERATESRowFactory
1241:             3            192  org.apache.derby.impl.sql.catalog.SYSSCHEMASRowFactory
1242:             3            192  org.apache.derby.impl.sql.catalog.SYSTABLESRowFactory
1243:             6            192  org.apache.derby.impl.sql.conn.SQLSessionContextImpl
1244:             6            192  org.apache.derby.impl.store.access.RAMAccessManager$5
1245:             6            192  org.apache.derby.impl.store.access.RAMAccessManager$6
1246:             3            192  org.apache.derby.impl.store.access.btree.LeafControlRow
1247:             6            192  org.apache.derby.impl.store.access.heap.Heap
1248:             6            192  org.apache.derby.impl.store.access.sort.ExternalSortFactory
1249:             6            192  org.apache.derby.impl.store.access.sort.UniqueWithDuplicateNullsExternalSortFactory
1250:             6            192  org.apache.derby.impl.store.raw.RawStore$6
1251:            12            192  org.apache.derby.impl.store.raw.data.BaseDataFileFactory$8
1252:             6            192  org.apache.derby.impl.store.raw.data.StoredRecordHeader$OverflowInfo
1253:             6            192  org.apache.derby.impl.store.raw.log.CheckpointOperation
1254:             6            192  org.apache.derby.impl.store.raw.xact.XactFactory$3
1255:            12            192  org.apache.sshd.server.kex.DHGEXServer$1
1256:             6            192  org.apache.xerces.impl.XMLEntityManager$ByteBufferPool
1257:             4            192  org.apache.xerces.impl.XMLEntityManager$RewindableInputStream
1258:             6            192  org.apache.xerces.impl.XMLEntityScanner
1259:             6            192  org.apache.xerces.impl.XMLVersionDetector
1260:            12            192  org.apache.xerces.impl.dtd.DTDGrammar$QNameHashtable
1261:             4            192  org.apache.xerces.impl.io.UTF8Reader
1262:            12            192  org.apache.xerces.parsers.SecuritySupport$1
1263:            12            192  org.apache.xerces.parsers.SecuritySupport$2
1264:            12            192  org.apache.xerces.parsers.SecuritySupport$4
1265:             6            192  org.apache.xerces.util.SymbolTable
1266:             6            192  org.bouncycastle.asn1.x500.X500Name
1267:             3            192  org.bouncycastle.asn1.x509.TBSCertificate
1268:             6            192  org.bouncycastle.jcajce.provider.config.ProviderConfigurationPermission
1269:             2            192  org.bouncycastle.jce.provider.BouncyCastleProvider
1270:            12            192  sun.nio.ch.FileDispatcherImpl
1271:             6            192  sun.reflect.UnsafeQualifiedObjectFieldAccessorImpl
1272:             6            192  sun.reflect.generics.tree.MethodTypeSignature
1273:             8            192  sun.rmi.registry.RegistryImpl
1274:             4            192  sun.security.jca.ProviderList$ServiceList
1275:             2            192  sun.security.jgss.SunProvider
1276:             3            184  [Lorg.apache.sshd.common.cipher.BuiltinCiphers;
1277:             4            176  [Ljava.util.Locale;
1278:            11            176  com.lucent.aaa.AccessRuleList
1279:            11            176  java.text.NumberFormat$Field
1280:            11            176  org.apache.derby.impl.store.raw.xact.NoLocking
1281:             1            168  [[Ljava.math.BigInteger;
1282:             7            168  com.lucent.aaa.MethodDispatch$e
1283:             7            168  com.lucent.aaa.diameter.TransportStateMachine$TransportStateEnum
1284:             3            168  com.lucent.aaa.log.LogRule
1285:             7            168  com.lucent.aaa.log.LogSource
1286:             7            168  com.lucent.aaa.tls.TlsConstants$HashAlgo
1287:             7            168  com.lucent.aaa.util.BinarySize
1288:             7            168  com.lucent.aaa.util.DecimalSize
1289:             7            168  com.lucent.aaa.value.OpaqueValue
1290:             7            168  java.lang.ThreadLocal$SuppliedThreadLocal
1291:             7            168  java.util.regex.Pattern$Prolog
1292:             3            168  java.util.zip.Deflater
1293:             3            168  java.util.zip.GZIPInputStream
1294:             3            168  javax.management.openmbean.OpenMBeanOperationInfoSupport
1295:             3            168  org.apache.derby.client.net.NetResultSetRequest
1296:             3            168  org.apache.derby.iapi.util.DoubleProperties
1297:             3            168  org.apache.derby.impl.drda.AppRequester
1298:             3            168  org.apache.derby.impl.services.reflect.UpdateLoader
1299:             3            168  org.apache.derby.impl.sql.conn.GenericLanguageConnectionFactory
1300:             3            168  org.apache.derby.impl.store.access.btree.index.B2I
1301:             7            168  org.jdom2.Content$CType
1302:             7            168  sun.security.x509.NetscapeCertTypeExtension$MapEntry
1303:             4            160  [Lcom.lucent.aaa.FieldMapListener$WriteFlag;
1304:             9            160  [Lsun.reflect.generics.tree.FormalTypeParameter;
1305:             4            160  com.lucent.aaa.log.g$e
1306:             4            160  com.lucent.aaa.tal.l$a
1307:             4            160  com.lucent.aaa.tal.l$f
1308:             4            160  com.lucent.aaa.tal.l$m
1309:             5            160  com.sun.crypto.provider.AESCrypt
1310:             5            160  java.io.FileOutputStream
1311:            10            160  java.net.URLClassLoader$3$1
1312:             5            160  javax.management.StandardEmitterMBean
1313:            10            160  org.antlr.v4.runtime.ProxyErrorListener
1314:             5            160  org.antlr.v4.runtime.VocabularyImpl
1315:             2            160  org.apache.derby.iapi.tools.i18n.LocalizedResource
1316:             5            160  org.apache.derby.security.SystemPermission
1317:            10            160  org.postgresql.util.ServerErrorMessage
1318:             5            160  sun.security.ssl.CipherSuite$MacAlg
1319:             5            160  sun.security.ssl.SignatureAndHashAlgorithm$SignatureAlgorithm
1320:             5            160  sun.util.locale.provider.LocaleProviderAdapter$Type
1321:             1            152  com.lucent.aaa.plugin.ReadCache
1322:             1            152  com.lucent.aaa.property.FilePropertyInfo
1323:             1            152  com.lucent.aaa.property.PropertiesPropertyInfo
1324:             2            144  [Lcom.fasterxml.jackson.core.JsonToken;
1325:             1            144  [Lcom.fasterxml.jackson.core.sym.CharsToNameCanonicalizer$Bucket;
1326:             2            144  [Lcom.lucent.aaa.uss2.radius.RadiusEvent;
1327:             2            144  [Ljava.math.BigDecimal;
1328:             6            144  [Ljava.util.Enumeration;
1329:             2            144  [Lorg.antlr.v4.runtime.atn.SemanticContext;
1330:             6            144  [Lorg.apache.derby.iapi.sql.conn.StatementContext;
1331:             3            144  [Lorg.apache.sshd.common.kex.BuiltinDHFactories;
1332:             6            144  com.fasterxml.jackson.core.JsonParser$NumberType
1333:             6            144  com.lucent.aaa.TcpConnectionManager$ConnectionType
1334:             6            144  com.lucent.aaa.diameter.DiameterConstants$MultiRoundTimeoutMode
1335:             6            144  com.lucent.aaa.diameter.DiameterTransport
1336:             2            144  com.lucent.aaa.ldap.n
1337:             1            144  com.lucent.aaa.plugin.ReadClient
1338:             2            144  com.lucent.aaa.snmp.SnmpNotificationTargetPropertyInfoList
1339:             3            144  com.lucent.aaa.state.k$p
1340:             3            144  com.lucent.aaa.state.k$s
1341:             6            144  com.lucent.aaa.uss2.radius.RadiusEvent
1342:             6            144  com.lucent.aaa.util.Utility$Escape
1343:             6            144  com.lucent.aaa.value.ShortValue
1344:             6            144  java.io.BufferedOutputStream
1345:             6            144  java.net.InterfaceAddress
1346:             3            144  java.net.NetworkInterface
1347:             6            144  java.net.URLClassLoader$3
1348:             6            144  java.security.spec.DSAParameterSpec
1349:             6            144  java.util.Collections$SetFromMap
1350:             9            144  java.util.LinkedHashMap$LinkedKeySet
1351:             9            144  java.util.LinkedHashMap$LinkedValues
1352:             3            144  java.util.concurrent.ConcurrentHashMap$TreeBin
1353:             3            144  java.util.concurrent.locks.ReentrantReadWriteLock$NonfairSync
1354:             6            144  java.util.regex.Pattern$CharPropertyNames$2
1355:             6            144  java.util.regex.Pattern$Ques
1356:             3            144  org.apache.derby.client.am.SectionManager
1357:             3            144  org.apache.derby.client.net.NetDatabaseMetaData
1358:             3            144  org.apache.derby.iapi.services.io.FormatableProperties
1359:             6            144  org.apache.derby.iapi.types.DataTypeDescriptor
1360:             6            144  org.apache.derby.impl.db.DatabaseContextImpl
1361:             6            144  org.apache.derby.impl.jdbc.EmbedConnection$3
1362:             3            144  org.apache.derby.impl.jdbc.TransactionResourceImpl
1363:             9            144  org.apache.derby.impl.services.cache.ConcurrentCache$1
1364:             9            144  org.apache.derby.impl.services.cache.ConcurrentCacheMBeanImpl
1365:             6            144  org.apache.derby.impl.services.monitor.StorageFactoryService$1
1366:             6            144  org.apache.derby.impl.sql.conn.GenericAuthorizer
1367:             9            144  org.apache.derby.impl.sql.conn.GenericLanguageConnectionFactory$2
1368:             6            144  org.apache.derby.impl.sql.conn.GenericLanguageConnectionFactory$5
1369:             9            144  org.apache.derby.impl.store.access.btree.index.B2IUndo
1370:             9            144  org.apache.derby.impl.store.raw.xact.ContainerLocking2
1371:             6            144  org.apache.derby.impl.store.raw.xact.XactFactory$4
1372:             3            144  org.apache.sshd.common.cipher.ECCurves
1373:             6            144  org.apache.xerces.impl.XMLDocumentFragmentScannerImpl$ElementStack
1374:             6            144  org.apache.xerces.impl.XMLNSDocumentScannerImpl$NSContentDispatcher
1375:             6            144  org.apache.xerces.impl.dtd.DTDGrammarBucket
1376:             6            144  org.apache.xerces.impl.msg.XMLMessageFormatter
1377:             6            144  org.apache.xerces.impl.validation.ValidationManager
1378:             6            144  org.apache.xerces.parsers.SecuritySupport$6
1379:             6            144  org.bouncycastle.asn1.DERBitString
1380:             6            144  org.bouncycastle.asn1.DERTaggedObject
1381:             6            144  org.jdom2.input.sax.SAXBuilderEngine
1382:             6            144  org.jdom2.input.sax.TextBuffer
1383:             6            144  sun.misc.CompoundEnumeration
1384:             6            144  sun.misc.PerfCounter
1385:             3            144  sun.misc.URLClassPath
1386:             6            144  sun.reflect.Label$PatchInfo
1387:             6            144  sun.reflect.annotation.AnnotationInvocationHandler
1388:             6            144  sun.reflect.annotation.AnnotationParser$1
1389:             6            144  sun.reflect.generics.reflectiveObjects.ParameterizedTypeImpl
1390:             6            144  sun.reflect.generics.scope.MethodScope
1391:             6            144  sun.security.ssl.ProtocolVersion
1392:             6            144  sun.security.util.DisabledAlgorithmConstraints$Constraint$Operator
1393:             6            144  sun.security.x509.AccessDescription
1394:             9            144  sun.security.x509.RFC822Name
1395:             1            136  com.lucent.aaa.plugin.ReadPropertyFile
1396:             4            128  [Lcom.lucent.aaa.FieldMapListener$ClearFlag;
1397:             4            128  [Lcom.lucent.aaa.util.Trinary;
1398:             4            128  [Ljava.rmi.server.Operation;
1399:             1            128  [Ljavax.measure.unit.Unit;
1400:             2            128  [Lorg.jdom2.AttributeType;
1401:             4            128  [[Lorg.apache.xerces.impl.dtd.models.ContentModelValidator;
1402:             4            128  [[Lorg.apache.xerces.impl.dv.DatatypeValidator;
1403:             4            128  [[[Ljava.lang.String;
1404:             1            128  com.lucent.aaa.plugin.CheckLocalRadius
1405:             2            128  com.lucent.aaa.plugin.ReadUserFile$c
1406:             2            128  com.lucent.aaa.plugin.ReadUserFile$d
1407:             4            128  com.lucent.aaa.rmi.RMIRegistry$a$a
1408:             4            128  com.lucent.aaa.rmi.RMIRegistry$c$a
1409:             4            128  com.lucent.aaa.stat.ac
1410:             4            128  com.lucent.aaa.stat.q
1411:             4            128  com.lucent.aaa.stat.s
1412:             4            128  com.lucent.aaa.stat.v
1413:             4            128  com.lucent.aaa.stat.x
1414:             4            128  com.lucent.aaa.stat.z
1415:             8            128  com.lucent.aaa.value.OpaqueValue$GeneralFactory
1416:             4            128  com.sun.jmx.mbeanserver.DefaultMXBeanMappingFactory$ArrayMapping
1417:             8            128  com.sun.proxy.$Proxy3
1418:             8            128  com.sun.proxy.$Proxy4
1419:             8            128  com.sun.proxy.$Proxy5
1420:             8            128  com.sun.proxy.$Proxy6
1421:             8            128  com.sun.proxy.$Proxy7
1422:             8            128  com.sun.proxy.$Proxy8
1423:             2            128  java.io.ExpiringCache$1
1424:             8            128  java.net.Socket$2
1425:             8            128  java.net.Socket$3
1426:             4            128  java.net.URI$Parser
1427:             4            128  java.security.KeyFactory
1428:             4            128  java.util.LinkedHashMap$LinkedKeyIterator
1429:             4            128  java.util.UUID
1430:             8            128  java.util.regex.Pattern$CharPropertyNames$3
1431:             4            128  org.apache.derby.impl.services.monitor.FileMonitor$4
1432:             4            128  sun.net.spi.DefaultProxySelector$3
1433:             4            128  sun.nio.ch.AllocatedNativeObject
1434:             8            128  sun.rmi.registry.RegistryImpl_Skel
1435:             8            128  sun.rmi.registry.RegistryImpl_Stub
1436:             2            128  sun.security.provider.SHA2$SHA256
1437:             4            128  sun.security.ssl.CipherSuite$PRF
1438:             4            128  sun.security.ssl.EphemeralKeyManager$EphemeralKeyPair
1439:             4            128  sun.security.ssl.SSLSessionContextImpl
1440:             4            128  sun.security.x509.AuthorityInfoAccessExtension
1441:             4            128  sun.security.x509.NetscapeCertTypeExtension
1442:             3            120  [Lorg.apache.sshd.common.mac.BuiltinMacs;
1443:             3            120  [Lorg.apache.sshd.common.signature.BuiltinSignatures;
1444:             3            120  com.lucent.aaa.AccessGranter$AccessInfo
1445:             5            120  com.lucent.aaa.FieldMapListener$WriteFlag
1446:             5            120  com.lucent.aaa.MapUtils$State
1447:             3            120  com.lucent.aaa.ServerPropertyInfoList
1448:             5            120  com.lucent.aaa.SshCryptoChecker$Type
1449:             5            120  com.lucent.aaa.diameter.FlagRule
1450:             3            120  com.lucent.aaa.gui.DerbyDatabaseTablePanel$DerbyPropertyInfoList
1451:             3            120  com.lucent.aaa.gui.LogChannelsPanel$CommonPropertyInfoList
1452:             5            120  com.lucent.aaa.i$a
1453:             1            120  com.lucent.aaa.property.UnsignedBytePropertyInfo
1454:             5            120  com.lucent.aaa.stat.ad
1455:             3            120  com.lucent.aaa.state.StatsManager$CounterStatistic
1456:             5            120  com.lucent.aaa.tal.TalTable$CreateMode
1457:             3            120  com.lucent.aaa.tal.l$ad
1458:             3            120  com.lucent.aaa.tal.l$be
1459:             3            120  com.lucent.aaa.tal.l$bu
1460:             3            120  com.lucent.aaa.tal.l$h
1461:             5            120  com.lucent.aaa.uss2.general.GeneralStateMachine$Event
1462:             5            120  com.lucent.aaa.value.IPAddressValue
1463:             5            120  com.lucent.aaa.value.NormalValue
1464:             5            120  com.sun.crypto.provider.AESCipher$General
1465:             5            120  java.io.InputStreamReader
1466:             3            120  java.lang.invoke.BoundMethodHandle$Species_LL
1467:             3            120  java.util.EnumMap
1468:             5            120  org.apache.derby.iapi.store.raw.ContainerLock
1469:             3            120  org.apache.derby.impl.drda.DRDAStatement$DrdaParamState
1470:             3            120  org.apache.derby.impl.services.locks.ConcurrentLockSet
1471:             3            120  org.apache.derby.impl.services.monitor.BaseMonitor$ProviderEnumeration
1472:             5            120  org.apache.derby.impl.services.monitor.ServiceBootContext
1473:             3            120  org.apache.derby.impl.store.access.PropertyConglomerate
1474:             5            120  org.bouncycastle.jcajce.provider.asymmetric.ec.KeyFactorySpi$ECMQV
1475:             5            120  sun.misc.FloatingDecimal$PreparedASCIIToBinaryBuffer
1476:             5            120  sun.misc.MetaIndex
1477:             3            120  sun.misc.URLClassPath$2
1478:             3            120  sun.nio.ch.FileLockImpl
1479:             5            120  sun.nio.cs.Surrogate$Parser
1480:             4            112  [F
1481:             2            112  [Ljava.lang.invoke.MethodType;
1482:             2            112  [Ljava.nio.file.attribute.PosixFilePermission;
1483:             2            112  [Ljava.security.CryptoPrimitive;
1484:             2            112  [Lsun.util.logging.PlatformLogger$Level;
1485:             2            112  com.lucent.aaa.UserFile
1486:             1            112  com.lucent.aaa.property.OpaquePropertyInfo
1487:             1            112  com.lucent.aaa.util.CliParser$UsagePropertyInfo
1488:             2            112  com.lucent.aaa.value.ImmutableMapValue
1489:             2            112  java.net.SocketPermission
1490:             1            112  java.util.SimpleTimeZone
1491:             2            112  java.util.concurrent.ConcurrentHashMap$KeyIterator
1492:             7            112  javax.measure.unit.Dimension
1493:             2            112  org.apache.derby.iapi.tools.i18n.LocalizedInput
1494:             7            112  org.apache.derby.impl.services.monitor.BaseMonitor$1
1495:             7            112  sun.rmi.server.WeakClassHashMap$ValueCell
1496:             5            104  [Lcom.sun.jmx.mbeanserver.ClassLoaderRepositorySupport$LoaderEntry;
1497:             1            104  [Lorg.apache.derby.iapi.types.TypeId;
1498:             1            104  com.lucent.aaa.uss2.UssEngine
1499:             2             96  [Lcom.lucent.aaa.diameter.PeerStateMachine$PeerStateEnum;
1500:             2             96  [Lcom.lucent.aaa.diameter.TransportStateMachine$TransportStateEnum;
1501:             2             96  [Lcom.lucent.aaa.log.LogSource;
1502:             3             96  [Ljava.security.Provider;
1503:             1             96  [Ljavax.measure.converter.UnitConverter;
1504:             6             96  [Lsun.reflect.generics.tree.TypeSignature;
1505:             1             96  [[J
1506:             3             96  [[Lorg.apache.derby.iapi.store.raw.LockingPolicy;
1507:             4             96  com.fasterxml.jackson.core.JsonFactory$Feature
1508:             3             96  com.lucent.aaa.ClassList
1509:             4             96  com.lucent.aaa.RemoteConfig$Mode
1510:             4             96  com.lucent.aaa.ao$$Lambda$741/1257745445
1511:             2             96  com.lucent.aaa.eap.e$a
1512:             2             96  com.lucent.aaa.eap.e$b
1513:             2             96  com.lucent.aaa.eap.e$c
1514:             4             96  com.lucent.aaa.log.LogEntry$ExceptionFormat
1515:             4             96  com.lucent.aaa.plugin.Call$CopyQueue
1516:             4             96  com.lucent.aaa.property.EnumerationPropertyInfo$ListType
1517:             4             96  com.lucent.aaa.radius.RadiusConstants$RadiusTransport
1518:             4             96  com.lucent.aaa.rmi.RMIRegistry$SecureCSF
1519:             4             96  com.lucent.aaa.rmi.RMIRegistry$c
1520:             4             96  com.lucent.aaa.stat.Group$InstanceType
1521:             1             96  com.lucent.aaa.stat.LagGroup
1522:             4             96  com.lucent.aaa.stat.aa
1523:             4             96  com.lucent.aaa.stat.r
1524:             4             96  com.lucent.aaa.stat.t
1525:             4             96  com.lucent.aaa.stat.w
1526:             4             96  com.lucent.aaa.stat.y
1527:             1             96  com.lucent.aaa.state.SessionCache
1528:             2             96  com.lucent.aaa.state.k$e
1529:             2             96  com.lucent.aaa.state.k$f
1530:             2             96  com.lucent.aaa.state.k$g
1531:             2             96  com.lucent.aaa.state.k$h
1532:             2             96  com.lucent.aaa.state.k$i
1533:             2             96  com.lucent.aaa.state.k$j
1534:             2             96  com.lucent.aaa.state.k$k
1535:             2             96  com.lucent.aaa.state.k$l
1536:             2             96  com.lucent.aaa.state.k$m
1537:             2             96  com.lucent.aaa.state.k$n
1538:             2             96  com.lucent.aaa.state.k$o
1539:             2             96  com.lucent.aaa.state.k$q
1540:             2             96  com.lucent.aaa.state.k$r
1541:             4             96  com.lucent.aaa.tal.TalEnvironment
1542:             4             96  com.lucent.aaa.tal.TalParseType
1543:             4             96  com.lucent.aaa.tls.TlsConstants$SignatureAlgo
1544:             4             96  com.lucent.aaa.tls.TlsConstants$c
1545:             4             96  com.lucent.aaa.uss2.diameter.DiameterConstants$DiameterState
1546:             1             96  com.lucent.aaa.util.CliParser
1547:             4             96  com.lucent.aaa.util.CliParser$Mode
1548:             3             96  com.lucent.aaa.util.m$a
1549:             4             96  com.lucent.aaa.util.p
1550:             4             96  com.lucent.aaa.value.AAAURIValue$CharClass
1551:             4             96  com.lucent.aaa.value.DiameterStateValue
1552:             4             96  com.lucent.aaa.value.IntegerValue
1553:             4             96  com.sun.crypto.provider.ElectronicCodeBook
1554:             1             96  com.sun.crypto.provider.SunJCE
1555:             3             96  com.sun.jmx.mbeanserver.DefaultMXBeanMappingFactory$EnumMapping
1556:             2             96  com.sun.jmx.mbeanserver.MBeanIntrospector$MBeanInfoMap
1557:             2             96  com.sun.jmx.mbeanserver.MBeanIntrospector$PerInterfaceMap
1558:             1             96  com.sun.net.ssl.internal.ssl.Provider
1559:             1             96  com.sun.security.sasl.Provider
1560:             3             96  java.io.DataInputStream
1561:             3             96  java.io.PrintStream
1562:             3             96  java.io.RandomAccessFile
1563:             4             96  java.math.MathContext
1564:             4             96  java.net.InetAddress$CacheEntry
1565:             3             96  java.security.spec.ECParameterSpec
1566:             4             96  java.text.Normalizer$Form
1567:             3             96  java.util.Collections$UnmodifiableMap
1568:             3             96  java.util.Random
1569:             4             96  java.util.concurrent.ConcurrentLinkedQueue
1570:             2             96  java.util.concurrent.LinkedBlockingQueue
1571:             3             96  java.util.concurrent.ScheduledThreadPoolExecutor$DelayedWorkQueue
1572:             4             96  java.util.concurrent.locks.ReentrantReadWriteLock
1573:             3             96  java.util.regex.Pattern$BnM
1574:             3             96  java.util.zip.GZIPOutputStream
1575:             4             96  javax.crypto.spec.SecretKeySpec
1576:             3             96  javax.management.MBeanConstructorInfo
1577:             2             96  javax.management.openmbean.TabularType
1578:             6             96  javax.security.auth.x500.X500Principal
1579:             6             96  org.antlr.v4.runtime.atn.LL1Analyzer
1580:             2             96  org.antlr.v4.runtime.atn.TokensStartState
1581:             3             96  org.apache.derby.client.am.ProductLevel
1582:             3             96  org.apache.derby.client.net.ResultSetReply
1583:             3             96  org.apache.derby.client.net.Utf8CcsidManager
1584:             3             96  org.apache.derby.iapi.services.io.ArrayOutputStream
1585:             2             96  org.apache.derby.iapi.tools.i18n.LocalizedOutput
1586:             6             96  org.apache.derby.impl.db.BasicDatabase$3
1587:             3             96  org.apache.derby.impl.drda.PiggyBackedSessionData
1588:             4             96  org.apache.derby.impl.jdbc.authentication.BasicAuthenticationServiceImpl
1589:             4             96  org.apache.derby.impl.jdbc.authentication.NoneAuthenticationServiceImpl
1590:             4             96  org.apache.derby.impl.jdbc.authentication.SpecificAuthenticationServiceImpl
1591:             6             96  org.apache.derby.impl.services.monitor.StorageFactoryService$14
1592:             6             96  org.apache.derby.impl.services.monitor.StorageFactoryService$2
1593:             6             96  org.apache.derby.impl.services.monitor.StorageFactoryService$FileOperationHelper
1594:             3             96  org.apache.derby.impl.services.reflect.ReflectClassesJava2
1595:             6             96  org.apache.derby.impl.sql.catalog.DataDictionaryImpl$4
1596:             3             96  org.apache.derby.impl.sql.compile.OptimizerFactoryImpl
1597:             3             96  org.apache.derby.impl.sql.execute.GenericExecutionFactory
1598:             6             96  org.apache.derby.impl.store.access.PC_XenaVersion
1599:             6             96  org.apache.derby.impl.store.access.heap.HeapConglomerateFactory
1600:             3             96  org.apache.derby.impl.store.raw.data.BaseDataFileFactory$10
1601:             6             96  org.apache.derby.impl.store.raw.xact.ContainerLocking3
1602:             6             96  org.apache.derby.jdbc.BasicClientDataSource40$1
1603:             3             96  org.apache.derby.jdbc.InternalDriver$1
1604:             3             96  org.apache.sshd.common.future.DefaultCloseFuture
1605:             4             96  org.apache.sshd.common.util.closeable.AbstractCloseable$State
1606:             6             96  org.apache.xerces.impl.XMLDocumentScannerImpl$DTDDispatcher
1607:             6             96  org.apache.xerces.impl.XMLDocumentScannerImpl$PrologDispatcher
1608:             6             96  org.apache.xerces.impl.XMLDocumentScannerImpl$TrailingMiscDispatcher
1609:             6             96  org.apache.xerces.impl.XMLDocumentScannerImpl$XMLDeclDispatcher
1610:             6             96  org.apache.xerces.impl.dv.SecuritySupport$1
1611:             6             96  org.apache.xerces.impl.dv.SecuritySupport$2
1612:             6             96  org.apache.xerces.impl.dv.dtd.DTDDVFactoryImpl
1613:             3             96  org.apache.xerces.jaxp.SAXParserFactoryImpl
1614:             6             96  org.apache.xerces.parsers.AbstractSAXParser$AttributesProxy
1615:             6             96  org.apache.xerces.parsers.AbstractSAXParser$LocatorProxy
1616:             6             96  org.apache.xerces.parsers.SecuritySupport$7
1617:             6             96  org.apache.xerces.util.ErrorHandlerWrapper
1618:             6             96  org.bouncycastle.asn1.ASN1Integer
1619:             6             96  org.bouncycastle.asn1.ASN1UTCTime
1620:             6             96  org.bouncycastle.asn1.DERPrintableString
1621:             3             96  org.bouncycastle.asn1.x509.Certificate
1622:             6             96  org.bouncycastle.asn1.x509.Time
1623:             4             96  org.bouncycastle.jcajce.provider.asymmetric.util.PKCS12BagAttributeCarrierImpl
1624:             1             96  org.jcp.xml.dsig.internal.dom.XMLDSigRI
1625:             4             96  org.jdom2.Comment
1626:             6             96  org.jdom2.input.sax.BuilderErrorHandler
1627:             3             96  org.jdom2.input.sax.XMLReaders
1628:             2             96  sun.management.GarbageCollectorImpl
1629:             1             96  sun.misc.Launcher$AppClassLoader
1630:             3             96  sun.net.spi.DefaultProxySelector$NonProxyInfo
1631:             3             96  sun.nio.ch.FileKey
1632:             3             96  sun.nio.ch.SharedFileLockTable$FileLockReference
1633:             3             96  sun.reflect.MethodAccessorGenerator$1
1634:             3             96  sun.reflect.UnsafeStaticObjectFieldAccessorImpl
1635:             3             96  sun.reflect.generics.reflectiveObjects.TypeVariableImpl
1636:             3             96  sun.reflect.generics.repository.ClassRepository
1637:             1             96  sun.security.ec.SunEC
1638:             1             96  sun.security.jca.ProviderList$1
1639:             4             96  sun.security.jca.ProviderList$ServiceList$1
1640:             4             96  sun.security.provider.certpath.X509CertPath
1641:             1             96  sun.security.rsa.SunRsaSign
1642:             1             96  sun.security.smartcardio.SunPCSC
1643:             3             96  sun.security.ssl.ProtocolList
1644:             4             96  sun.security.util.DisabledAlgorithmConstraints
1645:             3             96  sun.security.x509.ExtendedKeyUsageExtension
1646:             3             96  sun.util.locale.provider.LocaleServiceProviderPool
1647:             4             96  sun.util.resources.LocaleData$1
1648:             1             88  [Lsun.management.DiagnosticCommandInfo;
1649:             1             88  [Lsun.security.util.ObjectIdentifier;
1650:             1             88  [[Ljava.lang.Byte;
1651:             2             88  [[Z
1652:             1             88  com.lucent.aaa.MethodDispatch
1653:             1             88  com.lucent.aaa.uss2.UssNode
1654:             1             88  sun.misc.Launcher$ExtClassLoader
1655:             1             88  sun.nio.ch.EPollPort
1656:             2             80  [Lcom.fasterxml.jackson.core.JsonParser$NumberType;
1657:             2             80  [Lcom.lucent.aaa.ConfigCommands$CommandType;
1658:             2             80  [Lcom.lucent.aaa.SshCryptoChecker$Type;
1659:             2             80  [Lcom.lucent.aaa.diameter.FlagRule;
1660:             2             80  [Lorg.apache.sshd.common.digest.BuiltinDigests;
1661:             1             80  [Lsun.security.ssl.CipherSuite$KeyExchange;
1662:             2             80  com.lucent.aaa.ClientPropertyInfoList
1663:             2             80  com.lucent.aaa.ImsiPrivacyKeyPropertyInfoList
1664:             2             80  com.lucent.aaa.IntMap$b
1665:             2             80  com.lucent.aaa.SecurityPropertyInfoList
1666:             2             80  com.lucent.aaa.SnmpV3UserPropertyInfoList
1667:             1             80  com.lucent.aaa.broker.stats.BrokerClientGroup
1668:             1             80  com.lucent.aaa.broker.stats.BrokerClientResourceGroup
1669:             1             80  com.lucent.aaa.broker.stats.BrokerServerClientGroup
1670:             1             80  com.lucent.aaa.broker.stats.BrokerServerGroup
1671:             1             80  com.lucent.aaa.broker.stats.BrokerServerResourceGroup
1672:             2             80  com.lucent.aaa.diameter.PeerPropertyInfoList
1673:             2             80  com.lucent.aaa.diameter.j$e
1674:             2             80  com.lucent.aaa.gui.MultiConfigPanel$MultiConfigPropertyInfoList
1675:             2             80  com.lucent.aaa.ldap.LdapClientPropertyInfoList
1676:             2             80  com.lucent.aaa.log.TrashDirector
1677:             2             80  com.lucent.aaa.log.g$f
1678:             2             80  com.lucent.aaa.log.g$i
1679:             2             80  com.lucent.aaa.log.g$j
1680:             1             80  com.lucent.aaa.radius.RadiusClientFile
1681:             2             80  com.lucent.aaa.tacacsPlus.TacacsPlusClientPropertyInfoList
1682:             2             80  com.lucent.aaa.tal.l$aa
1683:             2             80  com.lucent.aaa.tal.l$ax
1684:             2             80  com.lucent.aaa.tal.l$ba
1685:             2             80  com.lucent.aaa.tal.l$p
1686:             5             80  com.lucent.aaa.value.ByteValue$GeneralFactory
1687:             5             80  com.lucent.aaa.value.SignedIntegerValue$GeneralFactory
1688:             5             80  com.sun.crypto.provider.PKCS5Padding
1689:             2             80  com.sun.jmx.mbeanserver.DefaultMXBeanMappingFactory$TabularMapping
1690:             5             80  com.sun.jmx.mbeanserver.GetPropertyAction
1691:             5             80  com.sun.proxy.$Proxy10
1692:             2             80  java.io.ExpiringCache
1693:             2             80  java.lang.invoke.MethodHandleImpl$AsVarargsCollector
1694:             2             80  java.util.Collections$SynchronizedSortedMap
1695:             5             80  java.util.Hashtable$EntrySet
1696:             5             80  java.util.IdentityHashMap$KeySet
1697:             2             80  java.util.Locale$Category
1698:             2             80  java.util.ServiceLoader$LazyIterator
1699:             5             80  org.apache.derby.impl.drda.ClientThread$1
1700:             5             80  org.apache.sshd.common.AttributeStore$AttributeKey
1701:             2             80  sun.management.MemoryManagerImpl
1702:             2             80  sun.security.provider.DSAPublicKeyImpl
1703:             2             80  sun.security.ssl.SSLContextImpl$TLSContext
1704:             1             72  [Lcom.fasterxml.jackson.core.JsonParser$Feature;
1705:             1             72  [Ljava.lang.invoke.LambdaFormEditor$Transform$Kind;
1706:             3             72  [Ljava.net.InterfaceAddress;
1707:             3             72  [Ljava.util.concurrent.ConcurrentHashMap$CounterCell;
1708:             3             72  [Ljavax.management.openmbean.OpenMBeanParameterInfo;
1709:             1             72  [Ljavax.management.openmbean.SimpleType;
1710:             3             72  [Lorg.apache.derby.iapi.store.access.conglomerate.ConglomerateFactory;
1711:             2             72  [Lsun.security.jca.ProviderConfig;
1712:             1             72  com.lucent.aaa.AlertFile$TestGroup
1713:             1             72  com.lucent.aaa.ChannelFile
1714:             3             72  com.lucent.aaa.FieldMapListener$ClearFlag
1715:             1             72  com.lucent.aaa.PolicyFlowGroup
1716:             3             72  com.lucent.aaa.PropertyInfoList$UndefinedMode
1717:             3             72  com.lucent.aaa.RemoteConfig$AuditResult$State
1718:             1             72  com.lucent.aaa.TcpConnectionManager$TcpConnectionPoolGroup
1719:             1             72  com.lucent.aaa.WorkProxyGroup
1720:             3             72  com.lucent.aaa.diameter.DiameterConstants$MultiRoundAuthMode
1721:             3             72  com.lucent.aaa.diameter.Peer$AdminState
1722:             3             72  com.lucent.aaa.log.LogPrivacy
1723:             3             72  com.lucent.aaa.log.TimezoneFormat
1724:             3             72  com.lucent.aaa.property.AtFilePropertyInfo$j
1725:             3             72  com.lucent.aaa.property.PasswordPropertyInfo$HashMode
1726:             3             72  com.lucent.aaa.radius.RadiusConstants$ChallengeTimeoutMode
1727:             3             72  com.lucent.aaa.radius.RadiusConstants$PortHint
1728:             3             72  com.lucent.aaa.snmp.SnmpUserEntry$Access
1729:             3             72  com.lucent.aaa.snmp.SnmpVersion
1730:             1             72  com.lucent.aaa.stat.AlertGroup
1731:             1             72  com.lucent.aaa.stat.BufferPoolGroup
1732:             1             72  com.lucent.aaa.stat.CacheGroup
1733:             1             72  com.lucent.aaa.stat.CertificateFileGroup
1734:             1             72  com.lucent.aaa.stat.CounterGroup
1735:             1             72  com.lucent.aaa.stat.DiameterBootGroup
1736:             1             72  com.lucent.aaa.stat.DiameterClientByApplicationGroup
1737:             1             72  com.lucent.aaa.stat.DiameterClientByApplicationHostGroup
1738:             1             72  com.lucent.aaa.stat.DiameterClientByApplicationPeerGroup
1739:             1             72  com.lucent.aaa.stat.DiameterClientByApplicationRealmGroup
1740:             1             72  com.lucent.aaa.stat.DiameterClientByCommandGroup
1741:             1             72  com.lucent.aaa.stat.DiameterClientByCommandHostGroup
1742:             1             72  com.lucent.aaa.stat.DiameterClientByCommandPeerGroup
1743:             1             72  com.lucent.aaa.stat.DiameterClientByCommandRealmGroup
1744:             1             72  com.lucent.aaa.stat.DiameterClientByHostGroup
1745:             1             72  com.lucent.aaa.stat.DiameterClientByPeerGroup
1746:             1             72  com.lucent.aaa.stat.DiameterClientByRealmGroup
1747:             1             72  com.lucent.aaa.stat.DiameterClientGroup
1748:             1             72  com.lucent.aaa.stat.DiameterLinkGroup
1749:             1             72  com.lucent.aaa.stat.DiameterServerByApplicationGroup
1750:             1             72  com.lucent.aaa.stat.DiameterServerByApplicationHostGroup
1751:             1             72  com.lucent.aaa.stat.DiameterServerByApplicationPeerGroup
1752:             1             72  com.lucent.aaa.stat.DiameterServerByApplicationRealmGroup
1753:             1             72  com.lucent.aaa.stat.DiameterServerByCommandGroup
1754:             1             72  com.lucent.aaa.stat.DiameterServerByCommandHostGroup
1755:             1             72  com.lucent.aaa.stat.DiameterServerByCommandPeerGroup
1756:             1             72  com.lucent.aaa.stat.DiameterServerByCommandRealmGroup
1757:             1             72  com.lucent.aaa.stat.DiameterServerByHostGroup
1758:             1             72  com.lucent.aaa.stat.DiameterServerByPeerGroup
1759:             1             72  com.lucent.aaa.stat.DiameterServerByRealmGroup
1760:             1             72  com.lucent.aaa.stat.DiameterServerGroup
1761:             1             72  com.lucent.aaa.stat.DiskSpaceGroup
1762:             1             72  com.lucent.aaa.stat.EngineGroup
1763:             1             72  com.lucent.aaa.stat.FailoverGroup
1764:             1             72  com.lucent.aaa.stat.GarbageCollectorGroup
1765:             1             72  com.lucent.aaa.stat.ImsiPrivacyGroup
1766:             1             72  com.lucent.aaa.stat.IpamPoolGroup
1767:             1             72  com.lucent.aaa.stat.IpamSelectorGroup
1768:             1             72  com.lucent.aaa.stat.JavaMemoryGroup
1769:             1             72  com.lucent.aaa.stat.LdapClientGroup
1770:             1             72  com.lucent.aaa.stat.LdapDataServerGroup
1771:             1             72  com.lucent.aaa.stat.LdapWorkServerGroup
1772:             1             72  com.lucent.aaa.stat.LicenseGroup
1773:             1             72  com.lucent.aaa.stat.LockGroup
1774:             1             72  com.lucent.aaa.stat.LogChannelGroup
1775:             1             72  com.lucent.aaa.stat.NormalCacheGroup
1776:             1             72  com.lucent.aaa.stat.OneNdsTriggerGroup
1777:             1             72  com.lucent.aaa.stat.OperatingSystemGroup
1778:             1             72  com.lucent.aaa.stat.PluginGroup
1779:             1             72  com.lucent.aaa.stat.QueueGroup
1780:             1             72  com.lucent.aaa.stat.RateLimitGroup
1781:             1             72  com.lucent.aaa.stat.SctpGroup
1782:             1             72  com.lucent.aaa.stat.SessionCacheGroup
1783:             1             72  com.lucent.aaa.stat.TacacsPlusAcctClientGroup
1784:             1             72  com.lucent.aaa.stat.TacacsPlusAcctServerGroup
1785:             1             72  com.lucent.aaa.stat.TacacsPlusAuthenClientGroup
1786:             1             72  com.lucent.aaa.stat.TacacsPlusAuthenServerGroup
1787:             1             72  com.lucent.aaa.stat.TacacsPlusAuthorClientGroup
1788:             1             72  com.lucent.aaa.stat.TacacsPlusAuthorServerGroup
1789:             1             72  com.lucent.aaa.stat.TcpGroup
1790:             1             72  com.lucent.aaa.stat.TcpLimitGroup
1791:             1             72  com.lucent.aaa.stat.ThreadGroup
1792:             1             72  com.lucent.aaa.stat.ThrottleGroup
1793:             1             72  com.lucent.aaa.stat.Uss2CounterGroup
1794:             1             72  com.lucent.aaa.stat.Uss2IndexGroup
1795:             1             72  com.lucent.aaa.stat.WatchGroup
1796:             3             72  com.lucent.aaa.tal.TalConstants$Scope
1797:             1             72  com.lucent.aaa.tal.instruction.ad
1798:             3             72  com.lucent.aaa.tls.TlsConstants$KeyType
1799:             3             72  com.lucent.aaa.tls.TlsConstants$KeyUsage
1800:             1             72  com.lucent.aaa.tls.TlsSessionManagerGroup
1801:             1             72  com.lucent.aaa.uss2.Uss2NodeGroup
1802:             1             72  com.lucent.aaa.uss2.Uss2PersistenceGroup
1803:             3             72  com.lucent.aaa.uss2.UssModel$Persist
1804:             1             72  com.lucent.aaa.uss2.diameter.DiameterStateGroup
1805:             1             72  com.lucent.aaa.uss2.general.GeneralStateGroup
1806:             3             72  com.lucent.aaa.uss2.general.GeneralStateMachine$GeneralState
1807:             3             72  com.lucent.aaa.uss2.radius.RadiusState
1808:             1             72  com.lucent.aaa.uss2.radius.RadiusStateGroup
1809:             3             72  com.lucent.aaa.util.Alarm$State
1810:             3             72  com.lucent.aaa.util.CliParser$Environment
1811:             3             72  com.lucent.aaa.util.Feature
1812:             3             72  com.lucent.aaa.util.Trinary
1813:             3             72  com.lucent.aaa.util.Utility$b
1814:             3             72  com.lucent.aaa.value.ByteValue$DiameterFactory
1815:             3             72  com.lucent.aaa.value.FeatureValue
1816:             3             72  com.lucent.aaa.value.GeneralStateValue
1817:             3             72  com.lucent.aaa.value.IPFilterValue$PortRule
1818:             3             72  com.lucent.aaa.value.IPFilterValue$ValueType
1819:             3             72  com.lucent.aaa.value.RadiusStateValue
1820:             3             72  com.lucent.aaa.value.RegexValue
1821:             3             72  com.lucent.aaa.value.SignedIntegerValue$DiameterFactory
1822:             3             72  com.lucent.aaa.value.SignedLongValue$DiameterFactory
1823:             3             72  com.lucent.aaa.value.StrictnessValue
1824:             3             72  java.io.SequenceInputStream
1825:             3             72  java.lang.Class$4
1826:             3             72  java.lang.Double
1827:             3             72  java.lang.annotation.RetentionPolicy
1828:             3             72  java.net.Proxy$Type
1829:             3             72  java.nio.charset.CoderResult
1830:             3             72  java.security.SecurityPermission
1831:             3             72  java.sql.DriverInfo
1832:             3             72  java.util.Base64$Encoder
1833:             1             72  java.util.ResourceBundle$RBClassLoader
1834:             3             72  java.util.Vector$1
1835:             1             72  java.util.concurrent.ScheduledThreadPoolExecutor$ScheduledFutureTask
1836:             3             72  java.util.concurrent.atomic.AtomicMarkableReference$Pair
1837:             1             72  java.util.logging.LogManager$RootLogger
1838:             3             72  java.util.regex.Pattern$CharProperty$1
1839:             3             72  java.util.regex.Pattern$SliceI
1840:             3             72  java.util.zip.CheckedInputStream
1841:             3             72  java.util.zip.GZIPInputStream$1
1842:             3             72  org.antlr.v4.runtime.CodePointBuffer$Type
1843:             3             72  org.antlr.v4.runtime.atn.PredictionMode
1844:             1             72  org.apache.derby.client.am.SqlException
1845:             3             72  org.apache.derby.client.net.EbcdicCcsidManager
1846:             3             72  org.apache.derby.client.net.OpenSocketAction
1847:             3             72  org.apache.derby.iapi.sql.dictionary.DataDescriptorGenerator
1848:             3             72  org.apache.derby.iapi.types.DataValueFactoryImpl
1849:             3             72  org.apache.derby.iapi.types.SQLLongint
1850:             3             72  org.apache.derby.impl.jdbc.EmbedConnection$4
1851:             3             72  org.apache.derby.impl.jdbc.EmbedConnectionContext
1852:             3             72  org.apache.derby.impl.services.daemon.SingleThreadDaemonFactory$1
1853:             3             72  org.apache.derby.impl.services.locks.ConcurrentPool
1854:             3             72  org.apache.derby.impl.services.reflect.UpdateLoader$3
1855:             3             72  org.apache.derby.impl.sql.GenericLanguageFactory$1
1856:             3             72  org.apache.derby.impl.sql.GenericParameterValueSet
1857:             3             72  org.apache.derby.impl.sql.catalog.DataDictionaryImpl$7
1858:             3             72  org.apache.derby.impl.sql.conn.GenericLanguageConnectionFactory$6
1859:             3             72  org.apache.derby.impl.sql.depend.BasicDependencyManager
1860:             3             72  org.apache.derby.impl.store.access.RAMAccessManager$7
1861:             3             72  org.apache.derby.impl.store.raw.RawStore$7
1862:             3             72  org.apache.derby.impl.store.raw.log.LogToFile$3
1863:             3             72  org.apache.derby.impl.store.raw.xact.BeginXact
1864:             3             72  org.apache.derby.impl.store.raw.xact.EndXact
1865:             3             72  org.apache.derby.impl.store.raw.xact.XactXAResourceManager
1866:             3             72  org.apache.derby.jdbc.ResourceAdapterImpl
1867:             3             72  org.apache.derby.jdbc.ResourceAdapterImpl$1
1868:             3             72  org.apache.sshd.common.session.SessionListener$Event
1869:             1             72  org.apache.sshd.server.ServerBuilder
1870:             3             72  org.bouncycastle.asn1.x509.Extensions
1871:             3             72  org.bouncycastle.asn1.x509.SubjectPublicKeyInfo
1872:             3             72  sun.misc.FloatingDecimal$ExceptionalBinaryToASCIIBuffer
1873:             3             72  sun.misc.Signal
1874:             3             72  sun.nio.ch.SharedFileLockTable
1875:             1             72  sun.nio.ch.UnixAsynchronousServerSocketChannelImpl
1876:             3             72  sun.nio.ch.Util$BufferCache
1877:             3             72  sun.reflect.generics.tree.ClassSignature
1878:             3             72  sun.reflect.generics.tree.FormalTypeParameter
1879:             3             72  sun.security.provider.NativePRNG$Variant
1880:             3             72  sun.security.ssl.CipherSuite$CipherType
1881:             3             72  sun.security.ssl.CipherSuiteList
1882:             1             72  sun.util.locale.provider.JRELocaleProviderAdapter
1883:             3             72  sun.util.resources.ParallelListResourceBundle$KeySet
1884:             2             64  [Lcom.lucent.aaa.log.LogEntry$ExceptionFormat;
1885:             2             64  [Lcom.lucent.aaa.log.LogPrivacy;
1886:             2             64  [Lcom.lucent.aaa.log.TimezoneFormat;
1887:             2             64  [Lcom.lucent.aaa.radius.RadiusConstants$RadiusTransport;
1888:             2             64  [Lcom.lucent.aaa.tal.TalConstants$Scope;
1889:             2             64  [Lcom.lucent.aaa.tal.TalEnvironment;
1890:             2             64  [Ljava.lang.ThreadGroup;
1891:             2             64  [Ljava.lang.annotation.RetentionPolicy;
1892:             2             64  [Lorg.apache.sshd.common.channel.RequestHandler;
1893:             2             64  [Lorg.apache.sshd.common.cipher.ECCurves;
1894:             2             64  [Lorg.apache.sshd.common.compression.BuiltinCompressions;
1895:             1             64  com.fasterxml.jackson.core.sym.ByteQuadsCanonicalizer
1896:             1             64  com.fasterxml.jackson.core.sym.CharsToNameCanonicalizer
1897:             4             64  com.lucent.aaa.DerbyAccess
1898:             1             64  com.lucent.aaa.Queue
1899:             1             64  com.lucent.aaa.af
1900:             1             64  com.lucent.aaa.ldap.h
1901:             2             64  com.lucent.aaa.log.p
1902:             2             64  com.lucent.aaa.log.p$a
1903:             2             64  com.lucent.aaa.plugin.ReadUserFile$b
1904:             1             64  com.lucent.aaa.radius.m
1905:             4             64  com.lucent.aaa.rmi.RMIRegistry$PlainCSF
1906:             4             64  com.lucent.aaa.rmi.RMIRegistry$a
1907:             1             64  com.lucent.aaa.tacacsPlus.a
1908:             4             64  com.lucent.aaa.tal.instruction.i
1909:             2             64  com.lucent.aaa.tal.instruction.w
1910:             2             64  com.lucent.aaa.util.bh$a
1911:             4             64  com.lucent.aaa.value.SignedLongValue$GeneralFactory
1912:             4             64  com.lucent.aaa.value.StringValue$GeneralFactory
1913:             2             64  com.sun.jmx.mbeanserver.DefaultMXBeanMappingFactory$CollectionMapping
1914:             2             64  java.lang.ClassValue$Entry
1915:             2             64  java.lang.Exception
1916:             2             64  java.lang.NullPointerException
1917:             2             64  java.lang.VirtualMachineError
1918:             2             64  java.lang.ref.ReferenceQueue$Null
1919:             4             64  java.net.SocksSocketImpl$3
1920:             4             64  java.nio.channels.spi.AbstractSelector$1
1921:             2             64  java.sql.Timestamp
1922:             2             64  java.util.PropertyPermission
1923:             2             64  java.util.ServiceLoader
1924:             2             64  java.util.concurrent.CountDownLatch$Sync
1925:             2             64  java.util.concurrent.Semaphore$NonfairSync
1926:             2             64  java.util.concurrent.SynchronousQueue
1927:             2             64  java.util.concurrent.atomic.AtomicReferenceFieldUpdater$AtomicReferenceFieldUpdaterImpl
1928:             4             64  java.util.concurrent.locks.ReentrantReadWriteLock$ReadLock
1929:             4             64  java.util.concurrent.locks.ReentrantReadWriteLock$Sync$ThreadLocalHoldCounter
1930:             4             64  java.util.concurrent.locks.ReentrantReadWriteLock$WriteLock
1931:             2             64  java.util.jar.JarVerifier$VerifierStream
1932:             1             64  javax.crypto.NullCipher
1933:             4             64  javax.crypto.spec.IvParameterSpec
1934:             4             64  org.antlr.v4.runtime.atn.PredictionContextCache
1935:             4             64  org.antlr.v4.runtime.atn.WildcardTransition
1936:             2             64  org.apache.derby.catalog.types.DecimalTypeIdImpl
1937:             1             64  org.apache.derby.client.am.EncryptionManager
1938:             1             64  org.apache.derby.impl.drda.NetworkServerMBeanImpl
1939:             1             64  org.apache.sshd.common.io.nio2.Nio2Acceptor
1940:             2             64  org.apache.xerces.impl.dtd.models.MixedContentModel
1941:             4             64  org.apache.xerces.jaxp.DefaultValidationErrorHandler
1942:             4             64  org.apache.xerces.util.EntityResolverWrapper
1943:             4             64  sun.nio.ch.Util$3
1944:             2             64  sun.nio.fs.LinuxFileSystem
1945:             2             64  sun.reflect.annotation.AnnotationType
1946:             4             64  sun.security.util.DisabledAlgorithmConstraints$Constraints
1947:             1             56  [Lcom.fasterxml.jackson.core.JsonGenerator$Feature;
1948:             1             56  [Lcom.lucent.aaa.WorkQueue$SubQueue;
1949:             1             56  [Lcom.lucent.aaa.tls.TlsConstants$KexAlgo;
1950:             1             56  [Ljava.lang.Runnable;
1951:             2             56  [Lorg.apache.sshd.common.compression.CompressionFactory;
1952:             2             56  [Lorg.bouncycastle.asn1.ASN1ObjectIdentifier;
1953:             3             56  [Lsun.reflect.generics.tree.ClassTypeSignature;
1954:             1             56  com.fasterxml.jackson.core.JsonFactory
1955:             1             56  com.lucent.aaa.AccessFile
1956:             1             56  com.lucent.aaa.ImsiPrivacyKeys
1957:             1             56  com.lucent.aaa.cg
1958:             1             56  com.lucent.aaa.diameter.l
1959:             1             56  com.lucent.aaa.plugin.Lock$c
1960:             1             56  com.lucent.aaa.q
1961:             1             56  com.lucent.aaa.snmp.SnmpV3UserFile
1962:             1             56  com.lucent.aaa.snmp.g
1963:             1             56  com.lucent.aaa.uss2.ae
1964:             1             56  com.lucent.aaa.value.LicenseGroupValue
1965:             1             56  java.util.logging.LogManager
1966:             1             56  org.apache.derby.iapi.jdbc.DRDAServerStarter
1967:             1             56  org.apache.derby.impl.services.stream.BasicHeaderPrintWriter
1968:             1             56  org.apache.sshd.server.config.keys.DefaultAuthorizedKeysAuthenticator
1969:             1             56  sun.rmi.runtime.Log$InternalStreamHandler
1970:             2             48  [Lcom.lucent.aaa.GeneralDictionary$ApplicationType;
1971:             1             48  [Lcom.lucent.aaa.stat.k$b;
1972:             1             48  [Lcom.lucent.aaa.tls.TlsConstants$HashAlgo;
1973:             2             48  [Lcom.lucent.aaa.x509.Cert;
1974:             1             48  [Ljava.lang.invoke.MethodHandleImpl$Intrinsic;
1975:             1             48  [Ljava.math.RoundingMode;
1976:             3             48  [Ljava.net.NetworkInterface;
1977:             1             48  [Ljava.util.concurrent.TimeUnit;
1978:             1             48  [Lorg.antlr.v4.runtime.atn.LexerActionType;
1979:             1             48  [Lorg.apache.derby.iapi.store.raw.FetchDescriptor;
1980:             3             48  [Lorg.apache.derby.impl.services.reflect.JarLoader;
1981:             3             48  [Lorg.apache.derby.impl.sql.GenericParameter;
1982:             2             48  [Lorg.apache.sshd.common.NamedFactory;
1983:             2             48  [Lorg.apache.sshd.common.util.buffer.keys.BufferPublicKeyParser;
1984:             2             48  [Lorg.apache.sshd.server.forward.ForwardingFilter$Type;
1985:             1             48  [Lorg.jdom2.Content$CType;
1986:             2             48  [Lsun.security.ssl.EphemeralKeyManager$EphemeralKeyPair;
1987:             1             48  [Lsun.security.ssl.SignatureAndHashAlgorithm$HashAlgorithm;
1988:             1             48  [Lsun.security.x509.NetscapeCertTypeExtension$MapEntry;
1989:             1             48  com.lucent.aaa.CacheManager$a
1990:             1             48  com.lucent.aaa.CacheManager$b
1991:             1             48  com.lucent.aaa.CacheManager$c
1992:             1             48  com.lucent.aaa.CacheManager$d
1993:             1             48  com.lucent.aaa.CacheManager$e
1994:             1             48  com.lucent.aaa.CacheManager$f
1995:             1             48  com.lucent.aaa.CacheManager$g
1996:             1             48  com.lucent.aaa.CacheManager$h
1997:             3             48  com.lucent.aaa.DerbyUtility$a
1998:             3             48  com.lucent.aaa.GeneralCodec$BasicRadiusFormat
1999:             2             48  com.lucent.aaa.GeneralDictionary$ApplicationType
2000:             2             48  com.lucent.aaa.PropertyInfoList$CoerceType
2001:             1             48  com.lucent.aaa.ReloadManager$a
2002:             1             48  com.lucent.aaa.RolloverManager$a
2003:             1             48  com.lucent.aaa.WorkQueue
2004:             1             48  com.lucent.aaa.b.p$a
2005:             2             48  com.lucent.aaa.broker.BrokerFile
2006:             1             48  com.lucent.aaa.broker.e$a
2007:             1             48  com.lucent.aaa.broker.e$b
2008:             1             48  com.lucent.aaa.broker.e$c
2009:             1             48  com.lucent.aaa.broker.e$d
2010:             1             48  com.lucent.aaa.broker.e$e
2011:             1             48  com.lucent.aaa.broker.e$f
2012:             1             48  com.lucent.aaa.broker.e$g
2013:             1             48  com.lucent.aaa.diameter.DiameterInfo
2014:             2             48  com.lucent.aaa.log.ChannelDirector$QueueAction
2015:             2             48  com.lucent.aaa.log.CyclicDirector$e
2016:             2             48  com.lucent.aaa.plugin.Diameter$$Lambda$763/1886391178
2017:             1             48  com.lucent.aaa.radius.m$a
2018:             2             48  com.lucent.aaa.snmp.NotificationType
2019:             2             48  com.lucent.aaa.stat.CertificateFileGroup$a
2020:             1             48  com.lucent.aaa.stat.OneNdsTriggerGroup$a
2021:             1             48  com.lucent.aaa.state.k
2022:             1             48  com.lucent.aaa.state.k$c
2023:             3             48  com.lucent.aaa.tal.instruction.am
2024:             3             48  com.lucent.aaa.tal.instruction.k
2025:             2             48  com.lucent.aaa.tal.instruction.v
2026:             2             48  com.lucent.aaa.tal.instruction.x
2027:             1             48  com.lucent.aaa.uss2.af
2028:             1             48  com.lucent.aaa.uss2.z$aa
2029:             1             48  com.lucent.aaa.uss2.z$ab
2030:             1             48  com.lucent.aaa.uss2.z$ac
2031:             1             48  com.lucent.aaa.uss2.z$ad
2032:             1             48  com.lucent.aaa.uss2.z$ae
2033:             1             48  com.lucent.aaa.uss2.z$af
2034:             1             48  com.lucent.aaa.uss2.z$ag
2035:             1             48  com.lucent.aaa.uss2.z$ah
2036:             1             48  com.lucent.aaa.uss2.z$ai
2037:             1             48  com.lucent.aaa.uss2.z$aj
2038:             1             48  com.lucent.aaa.uss2.z$ak
2039:             1             48  com.lucent.aaa.uss2.z$d
2040:             1             48  com.lucent.aaa.uss2.z$e
2041:             1             48  com.lucent.aaa.uss2.z$i
2042:             1             48  com.lucent.aaa.uss2.z$k
2043:             1             48  com.lucent.aaa.uss2.z$l
2044:             1             48  com.lucent.aaa.uss2.z$m
2045:             1             48  com.lucent.aaa.uss2.z$n
2046:             1             48  com.lucent.aaa.uss2.z$o
2047:             1             48  com.lucent.aaa.uss2.z$p
2048:             1             48  com.lucent.aaa.uss2.z$q
2049:             1             48  com.lucent.aaa.uss2.z$r
2050:             1             48  com.lucent.aaa.uss2.z$s
2051:             1             48  com.lucent.aaa.uss2.z$t
2052:             1             48  com.lucent.aaa.uss2.z$u
2053:             1             48  com.lucent.aaa.uss2.z$v
2054:             1             48  com.lucent.aaa.uss2.z$w
2055:             1             48  com.lucent.aaa.uss2.z$x
2056:             1             48  com.lucent.aaa.uss2.z$y
2057:             1             48  com.lucent.aaa.uss2.z$z
2058:             2             48  com.lucent.aaa.util.CliParser$Case
2059:             3             48  com.lucent.aaa.util.m
2060:             2             48  com.lucent.aaa.value.AtomicBooleanValue
2061:             2             48  com.lucent.aaa.value.AtomicDurationValue
2062:             3             48  com.lucent.aaa.value.ByteValue$RadiusFactory
2063:             2             48  com.lucent.aaa.value.CdmaGroupValue$DiameterFactory
2064:             3             48  com.lucent.aaa.value.CdmaGroupValue$GeneralFactory
2065:             2             48  com.lucent.aaa.value.DoubleValue
2066:             2             48  com.lucent.aaa.value.EventTimestampValue
2067:             2             48  com.lucent.aaa.value.HexedOpaqueValue$DiameterFactory
2068:             3             48  com.lucent.aaa.value.HexedOpaqueValue$GeneralFactory
2069:             2             48  com.lucent.aaa.value.IntegerEnumerationValue$DiameterFactory
2070:             3             48  com.lucent.aaa.value.IntegerEnumerationValue$GeneralFactory
2071:             3             48  com.lucent.aaa.value.LongValue$GeneralFactory
2072:             2             48  com.lucent.aaa.value.OpaqueValue$DiameterFactory
2073:             2             48  com.lucent.aaa.value.ShortValue$DiameterFactory
2074:             3             48  com.lucent.aaa.value.ShortValue$GeneralFactory
2075:             3             48  com.lucent.aaa.value.SignedIntegerValue$RadiusFactory
2076:             3             48  com.lucent.aaa.value.SignedLongValue$RadiusFactory
2077:             2             48  com.lucent.aaa.value.StringValue$DiameterFactory
2078:             2             48  com.sun.jmx.mbeanserver.ClassLoaderRepositorySupport$LoaderEntry
2079:             1             48  com.sun.jmx.mbeanserver.DefaultMXBeanMappingFactory$Mappings
2080:             2             48  com.sun.jmx.mbeanserver.WeakIdentityHashMap
2081:             2             48  java.io.File$PathStatus
2082:             2             48  java.io.StringWriter
2083:             3             48  java.lang.ClassLoader$2
2084:             1             48  java.lang.invoke.BoundMethodHandle$Species_L4
2085:             2             48  java.lang.reflect.ReflectPermission
2086:             2             48  java.net.InetAddress$Cache
2087:             2             48  java.net.InetAddress$Cache$Type
2088:             3             48  java.net.InetAddressContainer
2089:             2             48  java.net.StandardProtocolFamily
2090:             3             48  java.nio.charset.CodingErrorAction
2091:             2             48  java.security.CodeSigner
2092:             1             48  java.security.KeyPairGenerator$Delegate
2093:             2             48  java.security.Timestamp
2094:             1             48  java.sql.SQLException
2095:             1             48  java.sql.SQLNonTransientConnectionException
2096:             2             48  java.sql.SQLPermission
2097:             3             48  java.text.AttributedCharacterIterator$Attribute
2098:             3             48  java.util.Base64$Decoder
2099:             3             48  java.util.ResourceBundle$NoFallbackControl
2100:             2             48  java.util.ServiceLoader$1
2101:             1             48  java.util.concurrent.ConcurrentSkipListMap
2102:             3             48  java.util.concurrent.CopyOnWriteArraySet
2103:             3             48  java.util.concurrent.atomic.AtomicMarkableReference
2104:             1             48  java.util.concurrent.locks.ReentrantReadWriteLock$FairSync
2105:             2             48  java.util.logging.Logger$LoggerBundle
2106:             1             48  java.util.regex.Pattern$GroupCurly
2107:             2             48  javax.crypto.CryptoPermissions
2108:             2             48  javax.measure.converter.AddConverter
2109:             2             48  org.antlr.v4.runtime.atn.ATNDeserializer$UnicodeDeserializingMode
2110:             2             48  org.antlr.v4.runtime.atn.ATNType
2111:             1             48  org.antlr.v4.runtime.atn.Transition$1
2112:             3             48  org.apache.derby.client.am.CrossConverters
2113:             2             48  org.apache.derby.iapi.error.ErrorStringBuilder
2114:             3             48  org.apache.derby.iapi.jdbc.JDBCBoot
2115:             1             48  org.apache.derby.iapi.services.cache.ClassSizeCatalogImpl
2116:             2             48  org.apache.derby.iapi.services.info.Version
2117:             3             48  org.apache.derby.iapi.services.loader.ClassInspector
2118:             3             48  org.apache.derby.iapi.services.locks.ShExLockable
2119:             3             48  org.apache.derby.iapi.services.property.PropertyValidation
2120:             3             48  org.apache.derby.iapi.types.DataValueFactoryImpl$2
2121:             3             48  org.apache.derby.impl.db.BasicDatabase$4
2122:             3             48  org.apache.derby.impl.drda.NetworkServerControlImpl$7
2123:             3             48  org.apache.derby.impl.jdbc.ConnectionChild$1
2124:             3             48  org.apache.derby.impl.services.daemon.BasicDaemon$2
2125:             3             48  org.apache.derby.impl.services.reflect.ClassLoaderLock
2126:             3             48  org.apache.derby.impl.sql.GenericLanguageFactory
2127:             3             48  org.apache.derby.impl.sql.LanguageDbPropertySetter
2128:             3             48  org.apache.derby.impl.sql.catalog.DataDictionaryImpl$5
2129:             3             48  org.apache.derby.impl.sql.conn.GenericLanguageConnectionFactory$1
2130:             3             48  org.apache.derby.impl.store.access.CacheLock
2131:             3             48  org.apache.derby.impl.store.access.RAMAccessManager$4
2132:             3             48  org.apache.derby.impl.store.access.RAMAccessUndoHandler
2133:             3             48  org.apache.derby.impl.store.access.StorableFormatId
2134:             3             48  org.apache.derby.impl.store.access.UTF
2135:             3             48  org.apache.derby.impl.store.access.btree.index.B2IFactory
2136:             3             48  org.apache.derby.impl.store.access.btree.index.B2IFactory$1
2137:             3             48  org.apache.derby.impl.store.access.heap.HeapConglomerateFactory$1
2138:             3             48  org.apache.derby.impl.store.raw.RawStore$3
2139:             3             48  org.apache.derby.impl.store.raw.RawStore$4
2140:             3             48  org.apache.derby.impl.store.raw.RawStore$5
2141:             3             48  org.apache.derby.impl.store.raw.data.BaseDataFileFactory$1
2142:             3             48  org.apache.derby.impl.store.raw.data.BaseDataFileFactory$2
2143:             3             48  org.apache.derby.impl.store.raw.data.BaseDataFileFactory$3
2144:             3             48  org.apache.derby.impl.store.raw.data.BaseDataFileFactory$7
2145:             3             48  org.apache.derby.impl.store.raw.data.BaseDataFileFactory$9
2146:             3             48  org.apache.derby.impl.store.raw.data.RFResource
2147:             3             48  org.apache.derby.impl.store.raw.log.LogToFile$1
2148:             3             48  org.apache.derby.impl.store.raw.log.LogToFile$2
2149:             3             48  org.apache.derby.impl.store.raw.log.ReadOnly
2150:             3             48  org.apache.derby.impl.store.raw.xact.RowLocking1
2151:             3             48  org.apache.derby.impl.store.raw.xact.RowLocking2
2152:             3             48  org.apache.derby.impl.store.raw.xact.RowLocking2nohold
2153:             3             48  org.apache.derby.impl.store.raw.xact.RowLocking3
2154:             3             48  org.apache.derby.impl.store.raw.xact.RowLockingRR
2155:             3             48  org.apache.derby.impl.store.raw.xact.XactFactory$1
2156:             3             48  org.apache.derby.impl.store.raw.xact.XactFactory$2
2157:             1             48  org.apache.sshd.client.config.hosts.DefaultConfigFileHostEntryResolver
2158:             1             48  org.apache.sshd.common.cipher.BuiltinCiphers$1
2159:             1             48  org.apache.sshd.common.cipher.BuiltinCiphers$2
2160:             1             48  org.apache.sshd.common.cipher.BuiltinCiphers$3
2161:             1             48  org.apache.sshd.common.io.nio2.Nio2ServiceFactory
2162:             3             48  org.apache.sshd.common.util.buffer.keys.BufferPublicKeyParser$Utils$1
2163:             2             48  org.apache.sshd.server.forward.ForwardingFilter$Type
2164:             1             48  org.apache.sshd.server.keyprovider.SimpleGeneratorHostKeyProvider
2165:             2             48  org.apache.xerces.impl.dtd.DTDGrammar$ChildrenList
2166:             3             48  org.apache.xerces.impl.dv.dtd.ListDatatypeValidator
2167:             2             48  org.bouncycastle.asn1.x509.BasicConstraints
2168:             3             48  org.bouncycastle.asn1.x509.SubjectKeyIdentifier
2169:             3             48  org.bouncycastle.jcajce.provider.asymmetric.dh.KeyFactorySpi
2170:             1             48  org.bouncycastle.jcajce.provider.asymmetric.rsa.BCRSAPrivateCrtKey
2171:             2             48  org.jdom2.Namespace
2172:             2             48  sun.management.ManagementFactoryHelper$1
2173:             2             48  sun.misc.NativeSignalHandler
2174:             2             48  sun.misc.URLClassPath$FileLoader
2175:             3             48  sun.net.www.protocol.jar.Handler
2176:             2             48  sun.nio.ch.EPollPort$Event
2177:             3             48  sun.reflect.ClassDefiner$1
2178:             3             48  sun.reflect.Label
2179:             2             48  sun.reflect.annotation.AnnotationType$1
2180:             2             48  sun.security.action.GetIntegerAction
2181:             2             48  sun.security.jca.ProviderList
2182:             2             48  sun.security.jca.ProviderList$3
2183:             2             48  sun.security.provider.DSAParameters
2184:             2             48  sun.security.rsa.RSAUtil$KeyType
2185:             1             48  sun.security.ssl.CipherBox
2186:             2             48  sun.security.ssl.SSLAlgorithmConstraints
2187:             3             48  sun.text.normalizer.NormalizerBase$QuickCheckResult
2188:             1             48  sun.text.resources.FormatData
2189:             1             48  sun.text.resources.en.FormatData_en
2190:             1             48  sun.text.resources.en.FormatData_en_US
2191:             1             48  sun.util.resources.CalendarData
2192:             1             48  sun.util.resources.CurrencyNames
2193:             1             48  sun.util.resources.TimeZoneNames
2194:             1             48  sun.util.resources.en.CalendarData_en
2195:             1             48  sun.util.resources.en.CurrencyNames_en_US
2196:             1             48  sun.util.resources.en.TimeZoneNames_en
2197:             1             40  [Lcom.lucent.aaa.MapUtils$State;
2198:             1             40  [Lcom.lucent.aaa.TcpConnectionManager$ConnectionType;
2199:             1             40  [Lcom.lucent.aaa.tal.TalTable$CreateMode;
2200:             1             40  [Lcom.lucent.aaa.uss2.general.GeneralStateMachine$Event;
2201:             1             40  [Lcom.lucent.aaa.util.Utility$Escape;
2202:             1             40  [Ljava.lang.management.MemoryPoolMXBean;
2203:             1             40  [Lsun.security.jca.ServiceId;
2204:             1             40  [Lsun.security.ssl.SignatureAndHashAlgorithm$SignatureAlgorithm;
2205:             1             40  [Lsun.security.util.DisabledAlgorithmConstraints$Constraint$Operator;
2206:             1             40  [Lsun.util.locale.provider.LocaleProviderAdapter$Type;
2207:             1             40  [[Ljava.lang.invoke.LambdaForm$Name;
2208:             1             40  com.fasterxml.jackson.core.sym.ByteQuadsCanonicalizer$TableInfo
2209:             1             40  com.lucent.aaa.AlertFile$a
2210:             1             40  com.lucent.aaa.AlertFile$b
2211:             1             40  com.lucent.aaa.AlertFile$c
2212:             1             40  com.lucent.aaa.GeneralDictionary
2213:             1             40  com.lucent.aaa.Normal$a
2214:             1             40  com.lucent.aaa.PropertyList
2215:             1             40  com.lucent.aaa.RemoteConfig$a
2216:             1             40  com.lucent.aaa.RemoteConfig$b
2217:             1             40  com.lucent.aaa.RemoteConfig$c
2218:             1             40  com.lucent.aaa.TcpConnectionManager$b
2219:             1             40  com.lucent.aaa.TcpConnectionManager$c
2220:             1             40  com.lucent.aaa.ac$a
2221:             1             40  com.lucent.aaa.ac$b
2222:             1             40  com.lucent.aaa.ac$c
2223:             1             40  com.lucent.aaa.ac$d
2224:             1             40  com.lucent.aaa.ac$e
2225:             1             40  com.lucent.aaa.ac$f
2226:             1             40  com.lucent.aaa.ac$g
2227:             1             40  com.lucent.aaa.ac$h
2228:             1             40  com.lucent.aaa.ac$i
2229:             1             40  com.lucent.aaa.ac$j
2230:             1             40  com.lucent.aaa.ac$k
2231:             1             40  com.lucent.aaa.ac$l
2232:             1             40  com.lucent.aaa.ac$m
2233:             1             40  com.lucent.aaa.ac$n
2234:             1             40  com.lucent.aaa.ac$o
2235:             1             40  com.lucent.aaa.ac$p
2236:             1             40  com.lucent.aaa.ac$q
2237:             1             40  com.lucent.aaa.aj$a
2238:             1             40  com.lucent.aaa.aj$b
2239:             1             40  com.lucent.aaa.aj$c
2240:             1             40  com.lucent.aaa.aj$d
2241:             1             40  com.lucent.aaa.aj$e
2242:             1             40  com.lucent.aaa.aj$f
2243:             1             40  com.lucent.aaa.aj$g
2244:             1             40  com.lucent.aaa.am$a
2245:             1             40  com.lucent.aaa.am$aa
2246:             1             40  com.lucent.aaa.am$ab
2247:             1             40  com.lucent.aaa.am$ac
2248:             1             40  com.lucent.aaa.am$ad
2249:             1             40  com.lucent.aaa.am$ae
2250:             1             40  com.lucent.aaa.am$af
2251:             1             40  com.lucent.aaa.am$ag
2252:             1             40  com.lucent.aaa.am$ah
2253:             1             40  com.lucent.aaa.am$ai
2254:             1             40  com.lucent.aaa.am$aj
2255:             1             40  com.lucent.aaa.am$ak
2256:             1             40  com.lucent.aaa.am$al
2257:             1             40  com.lucent.aaa.am$am
2258:             1             40  com.lucent.aaa.am$an
2259:             1             40  com.lucent.aaa.am$ao
2260:             1             40  com.lucent.aaa.am$ap
2261:             1             40  com.lucent.aaa.am$aq
2262:             1             40  com.lucent.aaa.am$ar
2263:             1             40  com.lucent.aaa.am$as
2264:             1             40  com.lucent.aaa.am$at
2265:             1             40  com.lucent.aaa.am$au
2266:             1             40  com.lucent.aaa.am$av
2267:             1             40  com.lucent.aaa.am$aw
2268:             1             40  com.lucent.aaa.am$ax
2269:             1             40  com.lucent.aaa.am$ay
2270:             1             40  com.lucent.aaa.am$az
2271:             1             40  com.lucent.aaa.am$b
2272:             1             40  com.lucent.aaa.am$ba
2273:             1             40  com.lucent.aaa.am$bb
2274:             1             40  com.lucent.aaa.am$bc
2275:             1             40  com.lucent.aaa.am$bd
2276:             1             40  com.lucent.aaa.am$be
2277:             1             40  com.lucent.aaa.am$bf
2278:             1             40  com.lucent.aaa.am$bg
2279:             1             40  com.lucent.aaa.am$bh
2280:             1             40  com.lucent.aaa.am$bi
2281:             1             40  com.lucent.aaa.am$bj
2282:             1             40  com.lucent.aaa.am$bk
2283:             1             40  com.lucent.aaa.am$bl
2284:             1             40  com.lucent.aaa.am$bm
2285:             1             40  com.lucent.aaa.am$bn
2286:             1             40  com.lucent.aaa.am$bo
2287:             1             40  com.lucent.aaa.am$bp
2288:             1             40  com.lucent.aaa.am$bq
2289:             1             40  com.lucent.aaa.am$br
2290:             1             40  com.lucent.aaa.am$bs
2291:             1             40  com.lucent.aaa.am$bt
2292:             1             40  com.lucent.aaa.am$bu
2293:             1             40  com.lucent.aaa.am$bv
2294:             1             40  com.lucent.aaa.am$c
2295:             1             40  com.lucent.aaa.am$d
2296:             1             40  com.lucent.aaa.am$e
2297:             1             40  com.lucent.aaa.am$f
2298:             1             40  com.lucent.aaa.am$g
2299:             1             40  com.lucent.aaa.am$h
2300:             1             40  com.lucent.aaa.am$i
2301:             1             40  com.lucent.aaa.am$j
2302:             1             40  com.lucent.aaa.am$k
2303:             1             40  com.lucent.aaa.am$l
2304:             1             40  com.lucent.aaa.am$m
2305:             1             40  com.lucent.aaa.am$n
2306:             1             40  com.lucent.aaa.am$o
2307:             1             40  com.lucent.aaa.am$p
2308:             1             40  com.lucent.aaa.am$q
2309:             1             40  com.lucent.aaa.am$r
2310:             1             40  com.lucent.aaa.am$s
2311:             1             40  com.lucent.aaa.am$t
2312:             1             40  com.lucent.aaa.am$u
2313:             1             40  com.lucent.aaa.am$v
2314:             1             40  com.lucent.aaa.am$w
2315:             1             40  com.lucent.aaa.am$x
2316:             1             40  com.lucent.aaa.am$y
2317:             1             40  com.lucent.aaa.am$z
2318:             1             40  com.lucent.aaa.ax
2319:             1             40  com.lucent.aaa.b.d$a
2320:             1             40  com.lucent.aaa.b.d$b
2321:             1             40  com.lucent.aaa.broker.ConfigCommands$a
2322:             1             40  com.lucent.aaa.broker.ConfigCommands$b
2323:             1             40  com.lucent.aaa.broker.ConfigCommands$c
2324:             1             40  com.lucent.aaa.broker.ConfigCommands$d
2325:             1             40  com.lucent.aaa.broker.ConfigCommands$e
2326:             1             40  com.lucent.aaa.broker.ConfigCommands$f
2327:             1             40  com.lucent.aaa.broker.ConfigCommands$g
2328:             1             40  com.lucent.aaa.broker.ConfigCommands$h
2329:             1             40  com.lucent.aaa.broker.ConfigCommands$i
2330:             1             40  com.lucent.aaa.broker.ConfigCommands$j
2331:             1             40  com.lucent.aaa.broker.ConfigCommands$k
2332:             1             40  com.lucent.aaa.broker.ConfigCommands$l
2333:             1             40  com.lucent.aaa.broker.ConfigCommands$m
2334:             1             40  com.lucent.aaa.broker.ConfigCommands$n
2335:             1             40  com.lucent.aaa.broker.ConfigCommands$o
2336:             1             40  com.lucent.aaa.broker.ConfigCommands$p
2337:             1             40  com.lucent.aaa.broker.ConfigCommands$q
2338:             1             40  com.lucent.aaa.broker.ConfigCommands$r
2339:             1             40  com.lucent.aaa.broker.ConfigCommands$s
2340:             1             40  com.lucent.aaa.broker.ConfigCommands$t
2341:             1             40  com.lucent.aaa.broker.ConfigCommands$u
2342:             1             40  com.lucent.aaa.broker.ConfigCommands$v
2343:             1             40  com.lucent.aaa.broker.ConfigCommands$w
2344:             1             40  com.lucent.aaa.broker.ConfigCommands$x
2345:             1             40  com.lucent.aaa.broker.ConfigCommands$y
2346:             1             40  com.lucent.aaa.c.b$a
2347:             1             40  com.lucent.aaa.cal.c$d
2348:             1             40  com.lucent.aaa.cr$a
2349:             1             40  com.lucent.aaa.cr$b
2350:             1             40  com.lucent.aaa.cr$c
2351:             1             40  com.lucent.aaa.cr$d
2352:             1             40  com.lucent.aaa.cr$e
2353:             1             40  com.lucent.aaa.cr$f
2354:             1             40  com.lucent.aaa.cr$g
2355:             1             40  com.lucent.aaa.cr$h
2356:             1             40  com.lucent.aaa.cr$i
2357:             1             40  com.lucent.aaa.cr$j
2358:             1             40  com.lucent.aaa.cr$k
2359:             1             40  com.lucent.aaa.cr$l
2360:             1             40  com.lucent.aaa.cr$m
2361:             1             40  com.lucent.aaa.cr$n
2362:             1             40  com.lucent.aaa.cr$o
2363:             1             40  com.lucent.aaa.cr$p
2364:             1             40  com.lucent.aaa.cs
2365:             1             40  com.lucent.aaa.diameter.RealmRoutingEngine$a
2366:             1             40  com.lucent.aaa.diameter.j$a
2367:             1             40  com.lucent.aaa.diameter.j$b
2368:             1             40  com.lucent.aaa.diameter.j$c
2369:             1             40  com.lucent.aaa.diameter.j$d
2370:             1             40  com.lucent.aaa.diameter.j$f
2371:             1             40  com.lucent.aaa.diameter.j$g
2372:             1             40  com.lucent.aaa.diameter.j$h
2373:             1             40  com.lucent.aaa.diameter.j$i
2374:             1             40  com.lucent.aaa.diameter.j$j
2375:             1             40  com.lucent.aaa.diameter.j$k
2376:             1             40  com.lucent.aaa.log.ChannelDirector
2377:             1             40  com.lucent.aaa.log.g$a
2378:             1             40  com.lucent.aaa.log.g$b
2379:             1             40  com.lucent.aaa.log.g$c
2380:             1             40  com.lucent.aaa.log.g$d
2381:             1             40  com.lucent.aaa.log.g$g
2382:             1             40  com.lucent.aaa.log.g$h
2383:             1             40  com.lucent.aaa.log.g$k
2384:             1             40  com.lucent.aaa.log.g$l
2385:             1             40  com.lucent.aaa.log.k
2386:             1             40  com.lucent.aaa.plugin.Cassandra$c
2387:             1             40  com.lucent.aaa.plugin.Radius$a
2388:             1             40  com.lucent.aaa.property.AtFilePropertyInfo$d
2389:             1             40  com.lucent.aaa.stat.e
2390:             1             40  com.lucent.aaa.state.StatsManager
2391:             1             40  com.lucent.aaa.state.k$a
2392:             1             40  com.lucent.aaa.state.k$b
2393:             1             40  com.lucent.aaa.state.k$d
2394:             1             40  com.lucent.aaa.tal.g$a
2395:             1             40  com.lucent.aaa.tal.g$b
2396:             1             40  com.lucent.aaa.tal.g$c
2397:             1             40  com.lucent.aaa.tal.g$d
2398:             1             40  com.lucent.aaa.tal.g$e
2399:             1             40  com.lucent.aaa.tal.l$ac
2400:             1             40  com.lucent.aaa.tal.l$aj
2401:             1             40  com.lucent.aaa.tal.l$aq
2402:             1             40  com.lucent.aaa.tal.l$bt
2403:             1             40  com.lucent.aaa.tal.l$e
2404:             1             40  com.lucent.aaa.tal.l$u
2405:             1             40  com.lucent.aaa.tls.e
2406:             1             40  com.lucent.aaa.tls.s$a
2407:             1             40  com.lucent.aaa.uss2.b
2408:             1             40  com.lucent.aaa.uss2.z$f
2409:             1             40  com.lucent.aaa.uss2.z$g
2410:             1             40  com.lucent.aaa.uss2.z$h
2411:             1             40  com.sun.jmx.interceptor.DefaultMBeanServerInterceptor
2412:             1             40  com.sun.jmx.mbeanserver.JmxMBeanServer
2413:             1             40  com.sun.jmx.mbeanserver.MBeanServerDelegateImpl
2414:             1             40  java.util.ResourceBundle$1
2415:             1             40  javax.crypto.CryptoAllPermission
2416:             1             40  javax.measure.converter.LogConverter
2417:             1             40  org.antlr.v4.runtime.ParserRuleContext
2418:             1             40  org.apache.derby.impl.services.uuid.BasicUUIDFactory
2419:             1             40  org.bouncycastle.jce.provider.BouncyCastleProviderConfiguration
2420:             1             40  sun.awt.resources.awt
2421:             1             40  sun.management.DiagnosticCommandImpl
2422:             1             40  sun.nio.cs.StandardCharsets$Aliases
2423:             1             40  sun.nio.cs.StandardCharsets$Cache
2424:             1             40  sun.nio.cs.StandardCharsets$Classes
2425:             1             40  sun.rmi.server.UnicastServerRef
2426:             1             40  sun.security.ssl.TrustStoreManager$TrustStoreDescriptor
2427:             1             40  sun.security.x509.NameConstraintsExtension
2428:             1             40  sun.util.logging.resources.logging
2429:             1             32  [Lcom.fasterxml.jackson.core.JsonFactory$Feature;
2430:             1             32  [Lcom.lucent.aaa.PropertyInfoList$UndefinedMode;
2431:             1             32  [Lcom.lucent.aaa.RemoteConfig$AuditResult$State;
2432:             1             32  [Lcom.lucent.aaa.RemoteConfig$Mode;
2433:             1             32  [Lcom.lucent.aaa.property.EnumerationPropertyInfo$ListType;
2434:             1             32  [Lcom.lucent.aaa.property.PasswordPropertyInfo$HashMode;
2435:             1             32  [Lcom.lucent.aaa.stat.Group$InstanceType;
2436:             1             32  [Lcom.lucent.aaa.tal.TalParseType;
2437:             1             32  [Lcom.lucent.aaa.tls.TlsConstants$KeyType;
2438:             1             32  [Lcom.lucent.aaa.tls.TlsConstants$KeyUsage;
2439:             1             32  [Lcom.lucent.aaa.tls.TlsConstants$SignatureAlgo;
2440:             1             32  [Lcom.lucent.aaa.uss2.diameter.DiameterConstants$DiameterState;
2441:             1             32  [Lcom.lucent.aaa.uss2.general.GeneralStateMachine$GeneralState;
2442:             1             32  [Lcom.lucent.aaa.uss2.radius.RadiusState;
2443:             1             32  [Lcom.lucent.aaa.util.Alarm$State;
2444:             1             32  [Lcom.lucent.aaa.util.CliParser$Environment;
2445:             1             32  [Lcom.lucent.aaa.util.CliParser$Mode;
2446:             1             32  [Lcom.lucent.aaa.value.DiameterStateValue;
2447:             1             32  [Lcom.lucent.aaa.value.FeatureValue;
2448:             1             32  [Lcom.lucent.aaa.value.GeneralStateValue;
2449:             1             32  [Lcom.lucent.aaa.value.IPFilterValue$PortRule;
2450:             1             32  [Lcom.lucent.aaa.value.IPFilterValue$ValueType;
2451:             1             32  [Lcom.lucent.aaa.value.RadiusStateValue;
2452:             1             32  [Lcom.lucent.aaa.value.StrictnessValue;
2453:             2             32  [Ljava.lang.Enum;
2454:             1             32  [Ljava.lang.OutOfMemoryError;
2455:             1             32  [Ljava.lang.invoke.LambdaFormEditor$Transform;
2456:             1             32  [Ljava.lang.management.MemoryManagerMXBean;
2457:             1             32  [Ljava.net.Proxy$Type;
2458:             2             32  [Ljava.nio.file.LinkOption;
2459:             1             32  [Ljava.text.Normalizer$Form;
2460:             1             32  [Ljava.util.concurrent.ThreadPoolExecutor;
2461:             1             32  [Lorg.antlr.v4.runtime.CodePointBuffer$Type;
2462:             1             32  [Lorg.antlr.v4.runtime.atn.PredictionMode;
2463:             1             32  [Lorg.apache.sshd.common.session.SessionListener$Event;
2464:             1             32  [Lorg.apache.sshd.common.util.buffer.keys.AbstractBufferPublicKeyParser;
2465:             1             32  [Lorg.apache.sshd.common.util.closeable.AbstractCloseable$State;
2466:             1             32  [Lorg.jdom2.input.sax.XMLReaders;
2467:             1             32  [Lsun.nio.fs.NativeBuffer;
2468:             1             32  [Lsun.security.provider.NativePRNG$Variant;
2469:             1             32  [Lsun.security.ssl.CipherSuite$CipherType;
2470:             1             32  [Lsun.security.ssl.CipherSuite$PRF;
2471:             1             32  com.fasterxml.jackson.core.io.SerializedString
2472:             1             32  com.fasterxml.jackson.core.sym.CharsToNameCanonicalizer$TableInfo
2473:             2             32  com.lucent.aaa.GeneralCodec$LongExtRadiusFormat
2474:             2             32  com.lucent.aaa.GeneralCodec$RfcVendorSpecific
2475:             2             32  com.lucent.aaa.GeneralCodec$StarentNewVendorSpecific
2476:             1             32  com.lucent.aaa.al
2477:             1             32  com.lucent.aaa.ao
2478:             1             32  com.lucent.aaa.ay
2479:             1             32  com.lucent.aaa.b.g
2480:             1             32  com.lucent.aaa.bh
2481:             1             32  com.lucent.aaa.diameter.RealmRoutingEngine
2482:             1             32  com.lucent.aaa.diameter.q
2483:             2             32  com.lucent.aaa.eap.e
2484:             2             32  com.lucent.aaa.f$$Lambda$766/1212833245
2485:             2             32  com.lucent.aaa.ldap.n$$Lambda$218/1255708407
2486:             2             32  com.lucent.aaa.ldap.n$$Lambda$219/2103527052
2487:             2             32  com.lucent.aaa.ldap.n$$Lambda$220/1268261468
2488:             2             32  com.lucent.aaa.ldap.n$$Lambda$221/1011387188
2489:             2             32  com.lucent.aaa.ldap.n$$Lambda$222/946260334
2490:             2             32  com.lucent.aaa.ldap.n$$Lambda$223/1551301860
2491:             2             32  com.lucent.aaa.ldap.n$$Lambda$224/1409864883
2492:             2             32  com.lucent.aaa.ldap.n$$Lambda$225/1705282731
2493:             2             32  com.lucent.aaa.ldap.n$$Lambda$226/2011815080
2494:             2             32  com.lucent.aaa.ldap.n$$Lambda$227/1313671691
2495:             2             32  com.lucent.aaa.ldap.n$$Lambda$228/1152113439
2496:             2             32  com.lucent.aaa.ldap.n$$Lambda$229/2094132308
2497:             2             32  com.lucent.aaa.ldap.n$$Lambda$230/1833045213
2498:             2             32  com.lucent.aaa.ldap.n$$Lambda$231/2014481872
2499:             2             32  com.lucent.aaa.ldap.n$$Lambda$232/685605293
2500:             2             32  com.lucent.aaa.ldap.n$$Lambda$233/1553616699
2501:             2             32  com.lucent.aaa.ldap.n$$Lambda$234/1864683077
2502:             2             32  com.lucent.aaa.ldap.n$$Lambda$235/6650683
2503:             2             32  com.lucent.aaa.ldap.n$$Lambda$236/1702180644
2504:             2             32  com.lucent.aaa.ldap.n$$Lambda$237/14050562
2505:             2             32  com.lucent.aaa.ldap.n$$Lambda$238/877959545
2506:             2             32  com.lucent.aaa.ldap.n$$Lambda$239/654821264
2507:             2             32  com.lucent.aaa.ldap.n$$Lambda$240/1844240889
2508:             2             32  com.lucent.aaa.ldap.n$$Lambda$241/850465441
2509:             2             32  com.lucent.aaa.ldap.n$$Lambda$242/1549565124
2510:             2             32  com.lucent.aaa.ldap.n$$Lambda$243/1455019071
2511:             2             32  com.lucent.aaa.ldap.n$$Lambda$244/303354428
2512:             2             32  com.lucent.aaa.ldap.n$$Lambda$245/1498944673
2513:             2             32  com.lucent.aaa.ldap.n$$Lambda$246/1238642607
2514:             2             32  com.lucent.aaa.ldap.n$$Lambda$247/1345069688
2515:             2             32  com.lucent.aaa.ldap.n$$Lambda$248/1767994579
2516:             2             32  com.lucent.aaa.ldap.n$$Lambda$249/1467981309
2517:             2             32  com.lucent.aaa.ldap.n$$Lambda$250/816821377
2518:             2             32  com.lucent.aaa.ldap.n$$Lambda$251/2012011563
2519:             2             32  com.lucent.aaa.ldap.n$$Lambda$252/1007264592
2520:             2             32  com.lucent.aaa.ldap.n$$Lambda$253/1211533832
2521:             2             32  com.lucent.aaa.ldap.n$$Lambda$254/817896503
2522:             2             32  com.lucent.aaa.ldap.n$$Lambda$255/1170032467
2523:             2             32  com.lucent.aaa.ldap.n$$Lambda$256/637365534
2524:             2             32  com.lucent.aaa.ldap.n$$Lambda$257/202453803
2525:             2             32  com.lucent.aaa.ldap.n$$Lambda$258/805659195
2526:             2             32  com.lucent.aaa.ldap.n$$Lambda$259/1562883265
2527:             2             32  com.lucent.aaa.ldap.n$$Lambda$260/1263567729
2528:             2             32  com.lucent.aaa.ldap.n$$Lambda$261/569707820
2529:             1             32  com.lucent.aaa.log.SnmpTrapDirector$a
2530:             1             32  com.lucent.aaa.log.j
2531:             2             32  com.lucent.aaa.log.p$a$$Lambda$5/712256162
2532:             1             32  com.lucent.aaa.property.PropertyInfo$PropertyInfoChangeEvent
2533:             1             32  com.lucent.aaa.stat.Info
2534:             1             32  com.lucent.aaa.state.IndexManager
2535:             1             32  com.lucent.aaa.state.f
2536:             1             32  com.lucent.aaa.tal.instruction.al
2537:             1             32  com.lucent.aaa.tal.instruction.aq
2538:             2             32  com.lucent.aaa.tal.instruction.t
2539:             1             32  com.lucent.aaa.tls.aa
2540:             2             32  com.lucent.aaa.tls.ab
2541:             1             32  com.lucent.aaa.tls.ae
2542:             1             32  com.lucent.aaa.tls.ae$a
2543:             2             32  com.lucent.aaa.value.AAAURIValue$GeneralFactory
2544:             2             32  com.lucent.aaa.value.AFilterValue$GeneralFactory
2545:             2             32  com.lucent.aaa.value.APasswordValue$GeneralFactory
2546:             2             32  com.lucent.aaa.value.ASecretValue$GeneralFactory
2547:             2             32  com.lucent.aaa.value.AddressValue$GeneralFactory
2548:             2             32  com.lucent.aaa.value.AkaQuintetValue$GeneralFactory
2549:             2             32  com.lucent.aaa.value.AnonymousValue$GeneralFactory
2550:             2             32  com.lucent.aaa.value.AtomicBooleanValue$GeneralFactory
2551:             2             32  com.lucent.aaa.value.AtomicDurationValue$GeneralFactory
2552:             2             32  com.lucent.aaa.value.AtomicIntegerValue$GeneralFactory
2553:             2             32  com.lucent.aaa.value.AtomicLongValue$GeneralFactory
2554:             2             32  com.lucent.aaa.value.AtomicTimestampValue$GeneralFactory
2555:             2             32  com.lucent.aaa.value.AuthenticatorValue$GeneralFactory
2556:             2             32  com.lucent.aaa.value.BinarySizeValue$GeneralFactory
2557:             2             32  com.lucent.aaa.value.BooleanValue$GeneralFactory
2558:             2             32  com.lucent.aaa.value.ByteBitSetValue$GeneralFactory
2559:             2             32  com.lucent.aaa.value.ByteChoiceValue$GeneralFactory
2560:             2             32  com.lucent.aaa.value.ByteEnumerationValue$GeneralFactory
2561:             2             32  com.lucent.aaa.value.CdmaAccountingContainerValue$GeneralFactory
2562:             2             32  com.lucent.aaa.value.CdmaGroupValue$RadiusFactory
2563:             2             32  com.lucent.aaa.value.CdmaQosAttributeSetValue$GeneralFactory
2564:             2             32  com.lucent.aaa.value.CdmaServiceProfileValue$GeneralFactory
2565:             2             32  com.lucent.aaa.value.ChunkyOpaqueValue$GeneralFactory
2566:             2             32  com.lucent.aaa.value.ChunkySaltedOpaqueValue$GeneralFactory
2567:             2             32  com.lucent.aaa.value.ChunkyStringValue$GeneralFactory
2568:             2             32  com.lucent.aaa.value.CiscoAVPairValue$GeneralFactory
2569:             2             32  com.lucent.aaa.value.CiscoPasswordValue$GeneralFactory
2570:             2             32  com.lucent.aaa.value.CivicLocationProfileValue$GeneralFactory
2571:             2             32  com.lucent.aaa.value.DateValue$GeneralFactory
2572:             2             32  com.lucent.aaa.value.DecimalSizeValue$GeneralFactory
2573:             2             32  com.lucent.aaa.value.Dhcp6GroupValue$GeneralFactory
2574:             2             32  com.lucent.aaa.value.DhcpGroupValue$GeneralFactory
2575:             2             32  com.lucent.aaa.value.DhcpVendorGroupValue$GeneralFactory
2576:             2             32  com.lucent.aaa.value.DiameterHistoryEntry2Value$GeneralFactory
2577:             2             32  com.lucent.aaa.value.DiameterStateValue$GeneralFactory
2578:             2             32  com.lucent.aaa.value.DomainNameListValue$GeneralFactory
2579:             2             32  com.lucent.aaa.value.DomainNameValue$GeneralFactory
2580:             2             32  com.lucent.aaa.value.DoubleValue$GeneralFactory
2581:             2             32  com.lucent.aaa.value.DurationValue$GeneralFactory
2582:             2             32  com.lucent.aaa.value.EapMessageValue$GeneralFactory
2583:             2             32  com.lucent.aaa.value.EmptyValue$GeneralFactory
2584:             2             32  com.lucent.aaa.value.EvalValue$GeneralFactory
2585:             2             32  com.lucent.aaa.value.EventTimestampValue$GeneralFactory
2586:             2             32  com.lucent.aaa.value.ExecValue$GeneralFactory
2587:             2             32  com.lucent.aaa.value.ExperimentalResultValue$GeneralFactory
2588:             2             32  com.lucent.aaa.value.FailedAvpValue$GeneralFactory
2589:             2             32  com.lucent.aaa.value.FeatureValue$GeneralFactory
2590:             2             32  com.lucent.aaa.value.FixedPointI32F32Value$GeneralFactory
2591:             2             32  com.lucent.aaa.value.FloatValue$GeneralFactory
2592:             2             32  com.lucent.aaa.value.GeneralStateValue$GeneralFactory
2593:             2             32  com.lucent.aaa.value.GeospatialLocationProfileValue$GeneralFactory
2594:             2             32  com.lucent.aaa.value.GroupValue$GeneralFactory
2595:             2             32  com.lucent.aaa.value.GsmTripletValue$GeneralFactory
2596:             2             32  com.lucent.aaa.value.HereValue$GeneralFactory
2597:             2             32  com.lucent.aaa.value.HexedOpaqueValue$RadiusFactory
2598:             2             32  com.lucent.aaa.value.IPAddressValue$GeneralFactory
2599:             2             32  com.lucent.aaa.value.IPFilterRuleValue$GeneralFactory
2600:             2             32  com.lucent.aaa.value.IPv4AddressListValue$GeneralFactory
2601:             2             32  com.lucent.aaa.value.IPv4AddressValue$GeneralFactory
2602:             2             32  com.lucent.aaa.value.IPv6AddressListValue$GeneralFactory
2603:             2             32  com.lucent.aaa.value.IPv6AddressValue$GeneralFactory
2604:             2             32  com.lucent.aaa.value.IPv6InterfaceIdValue$GeneralFactory
2605:             2             32  com.lucent.aaa.value.IPv6PrefixValue$GeneralFactory
2606:             2             32  com.lucent.aaa.value.IeeeGroupValue$GeneralFactory
2607:             2             32  com.lucent.aaa.value.IntegerBitSetValue$GeneralFactory
2608:             2             32  com.lucent.aaa.value.IntegerEnumerationValue$RadiusFactory
2609:             2             32  com.lucent.aaa.value.IntegerValue$GeneralFactory
2610:             2             32  com.lucent.aaa.value.IpPrefixValue$GeneralFactory
2611:             2             32  com.lucent.aaa.value.LongBitSetValue$GeneralFactory
2612:             2             32  com.lucent.aaa.value.LongEnumerationValue$GeneralFactory
2613:             2             32  com.lucent.aaa.value.MapperValue$GeneralFactory
2614:             2             32  com.lucent.aaa.value.MillisTimestampValue$GeneralFactory
2615:             2             32  com.lucent.aaa.value.MnIdValue$GeneralFactory
2616:             2             32  com.lucent.aaa.value.MsChapEncPwValue$GeneralFactory
2617:             2             32  com.lucent.aaa.value.MsChapMppeKeysValue$GeneralFactory
2618:             2             32  com.lucent.aaa.value.NormalValue$GeneralFactory
2619:             2             32  com.lucent.aaa.value.Ntp64TimestampValue$GeneralFactory
2620:             2             32  com.lucent.aaa.value.NtpMillisTimestampValue$GeneralFactory
2621:             2             32  com.lucent.aaa.value.NtpTimestampValue$GeneralFactory
2622:             2             32  com.lucent.aaa.value.OcspResponseValue$GeneralFactory
2623:             2             32  com.lucent.aaa.value.OpaqueValue$RadiusFactory
2624:             2             32  com.lucent.aaa.value.PaddedAFilterValue$GeneralFactory
2625:             2             32  com.lucent.aaa.value.PasswordValue$GeneralFactory
2626:             2             32  com.lucent.aaa.value.PrepaidUnitValue$GeneralFactory
2627:             2             32  com.lucent.aaa.value.PrivateKeyValue$GeneralFactory
2628:             2             32  com.lucent.aaa.value.QoSFilterRuleValue$GeneralFactory
2629:             2             32  com.lucent.aaa.value.RadiusHistoryEntry4Value$GeneralFactory
2630:             2             32  com.lucent.aaa.value.RadiusStateValue$GeneralFactory
2631:             2             32  com.lucent.aaa.value.SaltedHexedOpaqueValue$GeneralFactory
2632:             2             32  com.lucent.aaa.value.SaltedIPv4AddressValue$GeneralFactory
2633:             2             32  com.lucent.aaa.value.SaltedIntegerEnumerationValue$GeneralFactory
2634:             2             32  com.lucent.aaa.value.SaltedIntegerValue$GeneralFactory
2635:             2             32  com.lucent.aaa.value.SaltedOpaqueValue$GeneralFactory
2636:             2             32  com.lucent.aaa.value.SaltedPasswordValue$GeneralFactory
2637:             2             32  com.lucent.aaa.value.SaltedTimestampValue$GeneralFactory
2638:             2             32  com.lucent.aaa.value.Sha1PasswordValue$GeneralFactory
2639:             2             32  com.lucent.aaa.value.ShortBitSetValue$GeneralFactory
2640:             2             32  com.lucent.aaa.value.ShortEnumerationValue$GeneralFactory
2641:             2             32  com.lucent.aaa.value.ShortValue$RadiusFactory
2642:             2             32  com.lucent.aaa.value.SmsTimeZoneValue$GeneralFactory
2643:             2             32  com.lucent.aaa.value.StrictnessValue$GeneralFactory
2644:             2             32  com.lucent.aaa.value.StringValue$RadiusFactory
2645:             2             32  com.lucent.aaa.value.StructuredValue$GeneralFactory
2646:             2             32  com.lucent.aaa.value.TacacsPlusAVPairValue$GeneralFactory
2647:             2             32  com.lucent.aaa.value.TaggedEnumerationValue$GeneralFactory
2648:             2             32  com.lucent.aaa.value.TaggedIntegerValue$GeneralFactory
2649:             2             32  com.lucent.aaa.value.TaggedSaltedPasswordValue$GeneralFactory
2650:             2             32  com.lucent.aaa.value.TaggedStringValue$GeneralFactory
2651:             2             32  com.lucent.aaa.value.TbcdValue$GeneralFactory
2652:             2             32  com.lucent.aaa.value.TwanConnModeMessageValue$GeneralFactory
2653:             2             32  com.lucent.aaa.value.UnixTimestampValue$GeneralFactory
2654:             2             32  com.lucent.aaa.value.Unsigned24Value$GeneralFactory
2655:             2             32  com.lucent.aaa.value.UuidValue$GeneralFactory
2656:             2             32  com.lucent.aaa.value.ValueValue$GeneralFactory
2657:             2             32  com.lucent.aaa.value.VendorEnumerationValue$GeneralFactory
2658:             2             32  com.lucent.aaa.value.WimaxGroupValue$GeneralFactory
2659:             1             32  com.sun.crypto.provider.DHKeyPairGenerator
2660:             1             32  com.sun.jmx.mbeanserver.Repository
2661:             1             32  java.io.FileNotFoundException
2662:             1             32  java.io.UnixFileSystem
2663:             1             32  java.lang.ArithmeticException
2664:             2             32  java.lang.Boolean
2665:             1             32  java.lang.NoSuchFieldException
2666:             2             32  java.lang.Shutdown$Lock
2667:             1             32  java.lang.reflect.WeakCache
2668:             2             32  java.nio.ByteOrder
2669:             1             32  java.security.InvalidAlgorithmParameterException
2670:             1             32  java.security.InvalidParameterException
2671:             1             32  java.text.DontCareFieldPosition
2672:             2             32  java.util.Collections$SingletonSet
2673:             2             32  java.util.Collections$UnmodifiableCollection
2674:             2             32  java.util.ResourceBundle$SingleFormatControl
2675:             2             32  java.util.concurrent.CountDownLatch
2676:             2             32  java.util.concurrent.Semaphore
2677:             2             32  java.util.concurrent.SynchronousQueue$TransferStack
2678:             1             32  java.util.concurrent.ThreadLocalRandom
2679:             1             32  java.util.concurrent.locks.ReentrantLock$FairSync
2680:             1             32  java.util.jar.Manifest$FastInputStream
2681:             1             32  java.util.logging.LogManager$SystemLoggerContext
2682:             2             32  javax.xml.validation.SecuritySupport
2683:             1             32  org.antlr.v4.runtime.atn.ArrayPredictionContext
2684:             1             32  org.antlr.v4.runtime.atn.EmptyPredictionContext
2685:             2             32  org.apache.derby.iapi.services.locks.ShExQual
2686:             1             32  org.apache.derby.iapi.services.memory.LowMemory
2687:             1             32  org.apache.derby.impl.drda.DRDAProtocolExceptionInfo
2688:             1             32  org.apache.derby.impl.drda.DecryptionManager
2689:             1             32  org.apache.derby.impl.services.jmx.JMXManagementService
2690:             2             32  org.apache.derby.impl.services.jmx.JMXManagementService$5
2691:             2             32  org.apache.derby.jdbc.AutoloadedDriver
2692:             2             32  org.apache.derby.jdbc.ClientDriver
2693:             1             32  org.apache.derby.jdbc.Driver42
2694:             2             32  org.apache.derby.jdbc.EmbeddedDriver
2695:             1             32  org.apache.sshd.client.global.OpenSshHostKeysHandler
2696:             1             32  org.apache.sshd.common.file.nativefs.NativeFileSystemFactory
2697:             1             32  org.apache.sshd.common.io.nio2.Nio2ServiceFactoryFactory
2698:             2             32  org.apache.sshd.common.util.EventListenerUtils$1
2699:             2             32  org.apache.sshd.common.util.Int2IntFunction$Utils$1
2700:             1             32  org.apache.sshd.common.util.threads.ThreadUtils$SshdThreadFactory
2701:             1             32  org.apache.sshd.server.auth.pubkey.UserAuthPublicKeyFactory$1
2702:             1             32  org.apache.sshd.server.global.OpenSshHostKeysHandler$1
2703:             1             32  org.apache.xerces.impl.XMLEntityScanner$1
2704:             2             32  org.apache.xerces.impl.dv.dtd.ENTITYDatatypeValidator
2705:             2             32  org.bouncycastle.asn1.ASN1Boolean
2706:             2             32  org.bouncycastle.jcajce.provider.asymmetric.dsa.KeyFactorySpi
2707:             2             32  org.bouncycastle.jcajce.provider.asymmetric.dstu.KeyFactorySpi
2708:             2             32  org.bouncycastle.jcajce.provider.asymmetric.rsa.KeyFactorySpi
2709:             2             32  org.postgresql.Driver
2710:             2             32  sun.management.VMManagementImpl$1
2711:             1             32  sun.misc.GC$LatencyRequest
2712:             1             32  sun.nio.cs.StandardCharsets
2713:             2             32  sun.nio.fs.LinuxFileSystemProvider
2714:             1             32  sun.nio.fs.NativeBuffer
2715:             1             32  sun.rmi.runtime.NewThreadAction
2716:             1             32  sun.rmi.transport.proxy.RMIMasterSocketFactory
2717:             1             32  sun.security.rsa.RSACore$BlindingParameters
2718:             2             32  sun.security.ssl.EphemeralKeyManager
2719:             2             32  sun.security.ssl.SSLAlgorithmDecomposer
2720:             2             32  sun.security.ssl.SSLSocketFactoryImpl
2721:             2             32  sun.security.util.AlgorithmDecomposer
2722:             1             32  sun.security.x509.PrivateKeyUsageExtension
2723:             1             32  sun.util.locale.provider.LocaleResources
2724:             1             24  [Lcom.lucent.aaa.PropertyInfoList$CoerceType;
2725:             1             24  [Lcom.lucent.aaa.util.CliParser$Case;
2726:             1             24  [Ljava.io.File$PathStatus;
2727:             1             24  [Ljava.lang.ClassValue$Entry;
2728:             1             24  [Ljava.net.InetAddress$Cache$Type;
2729:             1             24  [Ljava.net.InetSocketAddress;
2730:             1             24  [Ljava.net.StandardProtocolFamily;
2731:             1             24  [Ljava.util.Locale$Category;
2732:             1             24  [Lorg.antlr.v4.runtime.atn.ATNDeserializer$UnicodeDeserializingMode;
2733:             1             24  [Lorg.antlr.v4.runtime.atn.ATNType;
2734:             1             24  [Lorg.antlr.v4.runtime.atn.PredictionContext;
2735:             1             24  [Lorg.apache.sshd.common.ServiceFactory;
2736:             1             24  [Lsun.launcher.LauncherHelper;
2737:             1             24  [Lsun.security.rsa.RSAUtil$KeyType;
2738:             1             24  com.lucent.aaa.CacheManager
2739:             1             24  com.lucent.aaa.Context$1
2740:             1             24  com.lucent.aaa.Context$2
2741:             1             24  com.lucent.aaa.DerbyUtility$1
2742:             1             24  com.lucent.aaa.MinaSSHd$c
2743:             1             24  com.lucent.aaa.PropertyList$$Lambda$765/27754166
2744:             1             24  com.lucent.aaa.Section
2745:             1             24  com.lucent.aaa.an
2746:             1             24  com.lucent.aaa.ao$$Lambda$742/1574138492
2747:             1             24  com.lucent.aaa.bm
2748:             1             24  com.lucent.aaa.diameter.o
2749:             1             24  com.lucent.aaa.log.i
2750:             1             24  com.lucent.aaa.plugin.ReadPropertyFile$a
2751:             1             24  com.lucent.aaa.plugin.ReadPropertyFile$a$a
2752:             1             24  com.lucent.aaa.snmp.MibSupport$c
2753:             1             24  com.lucent.aaa.snmp.MibSupport$d
2754:             1             24  com.lucent.aaa.snmp.MibSupport$e
2755:             1             24  com.lucent.aaa.snmp.MibSupport$g
2756:             1             24  com.lucent.aaa.snmp.MibSupport$o
2757:             1             24  com.lucent.aaa.snmp.MibSupport$p
2758:             1             24  com.lucent.aaa.snmp.MibSupport$s
2759:             1             24  com.lucent.aaa.snmp.SnmpMessage$SecurityLevel$1
2760:             1             24  com.lucent.aaa.snmp.SnmpMessage$SecurityLevel$2
2761:             1             24  com.lucent.aaa.snmp.SnmpMessage$SecurityLevel$3
2762:             1             24  com.lucent.aaa.snmp.SnmpMessage$c
2763:             1             24  com.lucent.aaa.snmp.SnmpUserEntry$SecurityMethods$1
2764:             1             24  com.lucent.aaa.snmp.SnmpUserEntry$SecurityMethods$2
2765:             1             24  com.lucent.aaa.snmp.SnmpUserEntry$SecurityMethods$3
2766:             1             24  com.lucent.aaa.snmp.SnmpUserEntry$SecurityMethods$4
2767:             1             24  com.lucent.aaa.snmp.SnmpUserEntry$SecurityMethods$5
2768:             1             24  com.lucent.aaa.snmp.SnmpUserEntry$SecurityMethods$6
2769:             1             24  com.lucent.aaa.snmp.SnmpUserEntry$SecurityMethods$7
2770:             1             24  com.lucent.aaa.stat.k
2771:             1             24  com.lucent.aaa.tal.TalCode$b
2772:             1             24  com.lucent.aaa.tal.TalTable
2773:             1             24  com.lucent.aaa.tal.e
2774:             1             24  com.lucent.aaa.uss2.radius.RadiusEvent$1
2775:             1             24  com.lucent.aaa.uss2.radius.RadiusEvent$2
2776:             1             24  com.lucent.aaa.uss2.radius.RadiusEvent$3
2777:             1             24  com.lucent.aaa.uss2.radius.RadiusEvent$4
2778:             1             24  com.lucent.aaa.uss2.radius.RadiusEvent$5
2779:             1             24  com.lucent.aaa.uss2.radius.RadiusEvent$6
2780:             1             24  com.lucent.aaa.uss2.radius.RadiusEvent$7
2781:             1             24  com.lucent.aaa.util.CliParser$a
2782:             1             24  com.lucent.aaa.util.Strictness$1
2783:             1             24  com.lucent.aaa.util.Strictness$2
2784:             1             24  com.lucent.aaa.util.Strictness$3
2785:             1             24  com.lucent.aaa.util.bg
2786:             1             24  com.lucent.aaa.util.c
2787:             1             24  com.lucent.aaa.value.AAAURIValue$DiameterFactory
2788:             1             24  com.lucent.aaa.value.AFilterValue$DiameterFactory
2789:             1             24  com.lucent.aaa.value.APasswordValue$DiameterFactory
2790:             1             24  com.lucent.aaa.value.ASecretValue$DiameterFactory
2791:             1             24  com.lucent.aaa.value.AddressValue
2792:             1             24  com.lucent.aaa.value.AddressValue$DiameterFactory
2793:             1             24  com.lucent.aaa.value.AkaQuintetValue$DiameterFactory
2794:             1             24  com.lucent.aaa.value.AnonymousValue$DiameterFactory
2795:             1             24  com.lucent.aaa.value.AtomicBooleanValue$DiameterFactory
2796:             1             24  com.lucent.aaa.value.AtomicDurationValue$DiameterFactory
2797:             1             24  com.lucent.aaa.value.AtomicIntegerValue$DiameterFactory
2798:             1             24  com.lucent.aaa.value.AtomicLongValue$DiameterFactory
2799:             1             24  com.lucent.aaa.value.AtomicTimestampValue$DiameterFactory
2800:             1             24  com.lucent.aaa.value.AuthenticatorValue$DiameterFactory
2801:             1             24  com.lucent.aaa.value.BinarySizeValue$DiameterFactory
2802:             1             24  com.lucent.aaa.value.BooleanValue$DiameterFactory
2803:             1             24  com.lucent.aaa.value.ByteBitSetValue$DiameterFactory
2804:             1             24  com.lucent.aaa.value.ByteChoiceValue$DiameterFactory
2805:             1             24  com.lucent.aaa.value.ByteEnumerationValue$DiameterFactory
2806:             1             24  com.lucent.aaa.value.CdmaAccountingContainerValue$DiameterFactory
2807:             1             24  com.lucent.aaa.value.CdmaQosAttributeSetValue$DiameterFactory
2808:             1             24  com.lucent.aaa.value.CdmaServiceProfileValue$DiameterFactory
2809:             1             24  com.lucent.aaa.value.ChunkyOpaqueValue$DiameterFactory
2810:             1             24  com.lucent.aaa.value.ChunkySaltedOpaqueValue$DiameterFactory
2811:             1             24  com.lucent.aaa.value.ChunkyStringValue$DiameterFactory
2812:             1             24  com.lucent.aaa.value.CiscoAVPairValue$DiameterFactory
2813:             1             24  com.lucent.aaa.value.CiscoPasswordValue$DiameterFactory
2814:             1             24  com.lucent.aaa.value.CivicLocationProfileValue$DiameterFactory
2815:             1             24  com.lucent.aaa.value.DateValue$DiameterFactory
2816:             1             24  com.lucent.aaa.value.DecimalSizeValue$DiameterFactory
2817:             1             24  com.lucent.aaa.value.Dhcp6GroupValue$DiameterFactory
2818:             1             24  com.lucent.aaa.value.DhcpGroupValue$DiameterFactory
2819:             1             24  com.lucent.aaa.value.DhcpVendorGroupValue$DiameterFactory
2820:             1             24  com.lucent.aaa.value.DiameterHistoryEntry2Value$DiameterFactory
2821:             1             24  com.lucent.aaa.value.DiameterStateValue$DiameterFactory
2822:             1             24  com.lucent.aaa.value.DomainNameListValue$DiameterFactory
2823:             1             24  com.lucent.aaa.value.DomainNameValue$DiameterFactory
2824:             1             24  com.lucent.aaa.value.DoubleValue$DiameterFactory
2825:             1             24  com.lucent.aaa.value.DurationValue$DiameterFactory
2826:             1             24  com.lucent.aaa.value.EapMessageValue$DiameterFactory
2827:             1             24  com.lucent.aaa.value.EmptyValue$DiameterFactory
2828:             1             24  com.lucent.aaa.value.EvalValue$DiameterFactory
2829:             1             24  com.lucent.aaa.value.EventTimestampValue$DiameterFactory
2830:             1             24  com.lucent.aaa.value.ExecValue$DiameterFactory
2831:             1             24  com.lucent.aaa.value.ExperimentalResultValue$DiameterFactory
2832:             1             24  com.lucent.aaa.value.FailedAvpValue$DiameterFactory
2833:             1             24  com.lucent.aaa.value.FeatureValue$DiameterFactory
2834:             1             24  com.lucent.aaa.value.FixedPointI32F32Value$DiameterFactory
2835:             1             24  com.lucent.aaa.value.FloatValue$DiameterFactory
2836:             1             24  com.lucent.aaa.value.GeneralStateValue$DiameterFactory
2837:             1             24  com.lucent.aaa.value.GeospatialLocationProfileValue$DiameterFactory
2838:             1             24  com.lucent.aaa.value.GroupValue$DiameterFactory
2839:             1             24  com.lucent.aaa.value.GsmTripletValue$DiameterFactory
2840:             1             24  com.lucent.aaa.value.HereValue$DiameterFactory
2841:             1             24  com.lucent.aaa.value.IPAddressValue$DiameterFactory
2842:             1             24  com.lucent.aaa.value.IPFilterRuleValue$DiameterFactory
2843:             1             24  com.lucent.aaa.value.IPv4AddressListValue$DiameterFactory
2844:             1             24  com.lucent.aaa.value.IPv4AddressValue$DiameterFactory
2845:             1             24  com.lucent.aaa.value.IPv6AddressListValue$DiameterFactory
2846:             1             24  com.lucent.aaa.value.IPv6AddressValue$DiameterFactory
2847:             1             24  com.lucent.aaa.value.IPv6InterfaceIdValue$DiameterFactory
2848:             1             24  com.lucent.aaa.value.IPv6PrefixValue$DiameterFactory
2849:             1             24  com.lucent.aaa.value.IeeeGroupValue$DiameterFactory
2850:             1             24  com.lucent.aaa.value.IntegerBitSetValue$DiameterFactory
2851:             1             24  com.lucent.aaa.value.IntegerValue$DiameterFactory
2852:             1             24  com.lucent.aaa.value.IpPrefixValue$DiameterFactory
2853:             1             24  com.lucent.aaa.value.LongBitSetValue$DiameterFactory
2854:             1             24  com.lucent.aaa.value.LongEnumerationValue$DiameterFactory
2855:             1             24  com.lucent.aaa.value.LongValue$DiameterFactory
2856:             1             24  com.lucent.aaa.value.MapperValue$DiameterFactory
2857:             1             24  com.lucent.aaa.value.MillisTimestampValue$DiameterFactory
2858:             1             24  com.lucent.aaa.value.MnIdValue$DiameterFactory
2859:             1             24  com.lucent.aaa.value.MsChapEncPwValue$DiameterFactory
2860:             1             24  com.lucent.aaa.value.MsChapMppeKeysValue$DiameterFactory
2861:             1             24  com.lucent.aaa.value.NormalValue$DiameterFactory
2862:             1             24  com.lucent.aaa.value.Ntp64TimestampValue$DiameterFactory
2863:             1             24  com.lucent.aaa.value.NtpMillisTimestampValue$DiameterFactory
2864:             1             24  com.lucent.aaa.value.NtpTimestampValue$DiameterFactory
2865:             1             24  com.lucent.aaa.value.PaddedAFilterValue$DiameterFactory
2866:             1             24  com.lucent.aaa.value.PasswordValue$DiameterFactory
2867:             1             24  com.lucent.aaa.value.PrepaidUnitValue$DiameterFactory
2868:             1             24  com.lucent.aaa.value.PrivateKeyValue$DiameterFactory
2869:             1             24  com.lucent.aaa.value.QoSFilterRuleValue$DiameterFactory
2870:             1             24  com.lucent.aaa.value.RadiusHistoryEntry4Value$DiameterFactory
2871:             1             24  com.lucent.aaa.value.RadiusStateValue$DiameterFactory
2872:             1             24  com.lucent.aaa.value.SaltedHexedOpaqueValue$DiameterFactory
2873:             1             24  com.lucent.aaa.value.SaltedIPv4AddressValue$DiameterFactory
2874:             1             24  com.lucent.aaa.value.SaltedIntegerEnumerationValue$DiameterFactory
2875:             1             24  com.lucent.aaa.value.SaltedIntegerValue$DiameterFactory
2876:             1             24  com.lucent.aaa.value.SaltedOpaqueValue$DiameterFactory
2877:             1             24  com.lucent.aaa.value.SaltedPasswordValue$DiameterFactory
2878:             1             24  com.lucent.aaa.value.SaltedTimestampValue$DiameterFactory
2879:             1             24  com.lucent.aaa.value.Sha1PasswordValue$DiameterFactory
2880:             1             24  com.lucent.aaa.value.ShortBitSetValue$DiameterFactory
2881:             1             24  com.lucent.aaa.value.ShortEnumerationValue$DiameterFactory
2882:             1             24  com.lucent.aaa.value.SignedLongValue
2883:             1             24  com.lucent.aaa.value.SmsTimeZoneValue$DiameterFactory
2884:             1             24  com.lucent.aaa.value.StrictnessValue$DiameterFactory
2885:             1             24  com.lucent.aaa.value.StructuredValue$DiameterFactory
2886:             1             24  com.lucent.aaa.value.TacacsPlusAVPairValue$DiameterFactory
2887:             1             24  com.lucent.aaa.value.TaggedEnumerationValue$DiameterFactory
2888:             1             24  com.lucent.aaa.value.TaggedIntegerValue$DiameterFactory
2889:             1             24  com.lucent.aaa.value.TaggedSaltedPasswordValue$DiameterFactory
2890:             1             24  com.lucent.aaa.value.TaggedStringValue$DiameterFactory
2891:             1             24  com.lucent.aaa.value.TbcdValue$DiameterFactory
2892:             1             24  com.lucent.aaa.value.TwanConnModeMessageValue$DiameterFactory
2893:             1             24  com.lucent.aaa.value.UnixTimestampValue$DiameterFactory
2894:             1             24  com.lucent.aaa.value.Unsigned24Value$DiameterFactory
2895:             1             24  com.lucent.aaa.value.UuidValue$DiameterFactory
2896:             1             24  com.lucent.aaa.value.ValueValue$DiameterFactory
2897:             1             24  com.lucent.aaa.value.VendorEnumerationValue$DiameterFactory
2898:             1             24  com.lucent.aaa.value.WimaxGroupValue$DiameterFactory
2899:             1             24  com.lucent.aaa.x509.CertAndKey
2900:             1             24  com.lucent.aaa.x509.e
2901:             1             24  com.lucent.aaa.x509.f
2902:             1             24  com.sun.jmx.mbeanserver.ClassLoaderRepositorySupport
2903:             1             24  com.sun.jmx.mbeanserver.JmxMBeanServer$1
2904:             1             24  com.sun.jmx.mbeanserver.MXBeanLookup
2905:             1             24  com.sun.jmx.remote.util.ClassLogger
2906:             1             24  java.lang.ClassValue$Version
2907:             1             24  java.lang.ProcessEnvironment$StringEnvironment
2908:             1             24  java.lang.invoke.MethodHandleImpl$4
2909:             1             24  java.lang.invoke.MethodType$ConcurrentWeakInternSet
2910:             1             24  java.lang.management.ManagementFactory$3
2911:             1             24  java.net.Inet6AddressImpl
2912:             1             24  java.net.Proxy
2913:             1             24  java.net.SocketPermissionCollection
2914:             1             24  java.security.AllPermissionCollection
2915:             1             24  java.util.Collections$EmptyMap
2916:             1             24  java.util.Currency
2917:             1             24  java.util.Locale$Cache
2918:             1             24  java.util.ResourceBundle$Control$CandidateListCache
2919:             1             24  java.util.TaskQueue
2920:             1             24  java.util.Timer
2921:             1             24  java.util.concurrent.Executors$RunnableAdapter
2922:             1             24  java.util.concurrent.TimeUnit$1
2923:             1             24  java.util.concurrent.TimeUnit$2
2924:             1             24  java.util.concurrent.TimeUnit$3
2925:             1             24  java.util.concurrent.TimeUnit$4
2926:             1             24  java.util.concurrent.TimeUnit$5
2927:             1             24  java.util.concurrent.TimeUnit$6
2928:             1             24  java.util.concurrent.TimeUnit$7
2929:             1             24  java.util.logging.LogManager$LoggerContext
2930:             1             24  java.util.logging.LoggingPermission
2931:             1             24  java.util.regex.Pattern$BackRef
2932:             1             24  java.util.regex.Pattern$Dollar
2933:             1             24  javax.crypto.CryptoAllPermissionCollection
2934:             1             24  javax.management.MBeanInfo$ArrayGettersSafeAction
2935:             1             24  javax.management.NotificationBroadcasterSupport
2936:             1             24  javax.measure.unit.UnitFormat$ASCIIFormat
2937:             1             24  javax.measure.unit.UnitFormat$DefaultFormat
2938:             1             24  org.antlr.v4.runtime.atn.RangeTransition
2939:             1             24  org.antlr.v4.runtime.atn.SemanticContext$Predicate
2940:             1             24  org.apache.derby.iapi.jdbc.JDBCBoot$1
2941:             1             24  org.apache.derby.iapi.services.context.ContextService
2942:             1             24  org.apache.derby.impl.services.stream.BasicGetLogHeader
2943:             1             24  org.apache.derby.impl.services.stream.SingleStream
2944:             1             24  org.apache.derby.impl.services.timer.SingletonTimerFactory
2945:             1             24  org.apache.sshd.client.keyverifier.AcceptAllServerKeyVerifier
2946:             1             24  org.apache.sshd.common.compression.BuiltinCompressions$1
2947:             1             24  org.apache.sshd.common.compression.BuiltinCompressions$2
2948:             1             24  org.apache.sshd.common.compression.BuiltinCompressions$3
2949:             1             24  org.apache.sshd.common.io.nio2.Nio2Acceptor$AcceptCompletionHandler
2950:             1             24  org.apache.sshd.common.kex.BuiltinDHFactories$1
2951:             1             24  org.apache.sshd.common.kex.BuiltinDHFactories$2
2952:             1             24  org.apache.sshd.common.kex.BuiltinDHFactories$3
2953:             1             24  org.apache.sshd.common.kex.BuiltinDHFactories$4
2954:             1             24  org.apache.sshd.common.kex.BuiltinDHFactories$5
2955:             1             24  org.apache.sshd.common.kex.BuiltinDHFactories$6
2956:             1             24  org.apache.sshd.common.kex.BuiltinDHFactories$7
2957:             1             24  org.apache.sshd.common.random.SingletonRandomFactory
2958:             1             24  org.apache.sshd.common.session.helpers.SessionTimeoutListener
2959:             1             24  org.apache.sshd.common.signature.BuiltinSignatures$1
2960:             1             24  org.apache.sshd.common.signature.BuiltinSignatures$2
2961:             1             24  org.apache.sshd.common.signature.BuiltinSignatures$3
2962:             1             24  org.apache.sshd.common.signature.BuiltinSignatures$4
2963:             1             24  org.apache.sshd.common.signature.BuiltinSignatures$5
2964:             1             24  org.apache.sshd.common.util.buffer.keys.DSSBufferPublicKeyParser
2965:             1             24  org.apache.sshd.common.util.buffer.keys.ECBufferPublicKeyParser
2966:             1             24  org.apache.sshd.common.util.buffer.keys.ED25519BufferPublicKeyParser$1
2967:             1             24  org.apache.sshd.common.util.buffer.keys.RSABufferPublicKeyParser
2968:             1             24  org.apache.sshd.common.util.threads.ThreadUtils$1
2969:             1             24  org.apache.sshd.server.auth.keyboard.DefaultKeyboardInteractiveAuthenticator
2970:             1             24  org.apache.sshd.server.auth.keyboard.UserAuthKeyboardInteractiveFactory
2971:             1             24  org.apache.sshd.server.auth.password.UserAuthPasswordFactory
2972:             1             24  org.apache.sshd.server.auth.pubkey.RejectAllPublickeyAuthenticator
2973:             1             24  org.apache.sshd.server.forward.RejectAllForwardingFilter
2974:             1             24  org.apache.sshd.server.global.CancelTcpipForwardHandler
2975:             1             24  org.apache.sshd.server.global.KeepAliveHandler
2976:             1             24  org.apache.sshd.server.global.NoMoreSessionsHandler
2977:             1             24  org.apache.sshd.server.global.TcpipForwardHandler
2978:             1             24  org.apache.sshd.server.session.ServerUserAuthServiceFactory
2979:             1             24  org.apache.sshd.server.session.SessionFactory
2980:             1             24  org.apache.xerces.impl.Constants$ArrayEnumeration
2981:             1             24  org.apache.xerces.jaxp.validation.WeakReferenceXMLSchema
2982:             1             24  org.bouncycastle.asn1.DERSet
2983:             1             24  org.bouncycastle.asn1.x500.style.BCStyle
2984:             1             24  org.bouncycastle.asn1.x509.AuthorityKeyIdentifier
2985:             1             24  org.bouncycastle.asn1.x509.ExtendedKeyUsage
2986:             1             24  org.bouncycastle.crypto.prng.VMPCRandomGenerator
2987:             1             24  org.postgresql.util.SharedTimer
2988:             1             24  org.slf4j.helpers.SubstituteLoggerFactory
2989:             1             24  sun.launcher.LauncherHelper
2990:             1             24  sun.management.CompilationImpl
2991:             1             24  sun.management.MemoryImpl
2992:             1             24  sun.management.OperatingSystemImpl
2993:             1             24  sun.management.RuntimeImpl
2994:             1             24  sun.management.ThreadImpl
2995:             1             24  sun.management.VMManagementImpl
2996:             1             24  sun.net.sdp.SdpProvider
2997:             1             24  sun.net.www.protocol.http.Handler
2998:             1             24  sun.nio.ch.AsynchronousChannelGroupImpl$2
2999:             1             24  sun.nio.ch.ThreadPool
3000:             1             24  sun.nio.cs.ISO_8859_1
3001:             1             24  sun.nio.cs.US_ASCII
3002:             1             24  sun.nio.cs.UTF_16
3003:             1             24  sun.nio.cs.UTF_16BE
3004:             1             24  sun.nio.cs.UTF_16LE
3005:             1             24  sun.nio.cs.UTF_8
3006:             1             24  sun.nio.fs.NativeBuffer$Deallocator
3007:             1             24  sun.rmi.runtime.RuntimeUtil$1
3008:             1             24  sun.rmi.transport.DGCImpl
3009:             1             24  sun.security.provider.SeedGenerator$URLSeedGenerator
3010:             1             24  sun.security.ssl.MAC
3011:             1             24  sun.security.ssl.TrustStoreManager$TrustAnchorManager
3012:             1             24  sun.security.util.DisabledAlgorithmConstraints$UsageConstraint
3013:             1             24  sun.security.util.DisabledAlgorithmConstraints$jdkCAConstraint
3014:             1             24  sun.util.locale.BaseLocale$Cache
3015:             1             24  sun.util.locale.provider.CalendarDataProviderImpl
3016:             1             24  sun.util.locale.provider.CalendarProviderImpl
3017:             1             24  sun.util.locale.provider.CurrencyNameProviderImpl
3018:             1             24  sun.util.locale.provider.DateFormatProviderImpl
3019:             1             24  sun.util.locale.provider.DateFormatSymbolsProviderImpl
3020:             1             24  sun.util.locale.provider.DecimalFormatSymbolsProviderImpl
3021:             1             24  sun.util.locale.provider.NumberFormatProviderImpl
3022:             1             24  sun.util.locale.provider.TimeZoneNameProviderImpl
3023:             1             24  sun.util.logging.PlatformLogger
3024:             1             24  sun.util.logging.PlatformLogger$JavaLoggerProxy
3025:             1             16  [Lcom.lucent.aaa.state.Entry;
3026:             1             16  [Ljava.lang.Throwable;
3027:             1             16  [Ljava.nio.file.attribute.FileAttribute;
3028:             1             16  [Ljava.text.FieldPosition;
3029:             1             16  [Ljava.util.logging.Handler;
3030:             1             16  [Lorg.apache.derby.iapi.sql.depend.ProviderInfo;
3031:             1             16  [Lorg.apache.xerces.impl.xs.SubstitutionGroupHandler$OneSubGroup;
3032:             1             16  [Lorg.apache.xerces.impl.xs.XSElementDecl;
3033:             1             16  com.lucent.aaa.ClientFile$$Lambda$743/292158973
3034:             1             16  com.lucent.aaa.Context$$Lambda$1/1996181658
3035:             1             16  com.lucent.aaa.Context$$Lambda$2/1128032093
3036:             1             16  com.lucent.aaa.Context$$Lambda$3/1029991479
3037:             1             16  com.lucent.aaa.Context$$Lambda$4/94438417
3038:             1             16  com.lucent.aaa.GeneralCodec$$Lambda$10/1896294051
3039:             1             16  com.lucent.aaa.GeneralCodec$$Lambda$11/1209669119
3040:             1             16  com.lucent.aaa.GeneralCodec$ExtRadiusFormat
3041:             1             16  com.lucent.aaa.GeneralCodec$NortelVendorSpecific
3042:             1             16  com.lucent.aaa.GeneralCodec$StarentAutoVendorSpecific
3043:             1             16  com.lucent.aaa.GeneralCodec$TaosVendorSpecific
3044:             1             16  com.lucent.aaa.GeneralCodec$UsrVendorSpecific
3045:             1             16  com.lucent.aaa.GeneralCodec$WimaxVendorSpecific
3046:             1             16  com.lucent.aaa.GeneralCodec$XwdVendorSpecific
3047:             1             16  com.lucent.aaa.ImsiPrivacyKeyPropertyInfoList$$Lambda$746/1703272304
3048:             1             16  com.lucent.aaa.MinaSSHd$$Lambda$747/1046044067
3049:             1             16  com.lucent.aaa.MinaSSHd$$Lambda$748/11731022
3050:             1             16  com.lucent.aaa.MinaSSHd$$Lambda$749/1033669692
3051:             1             16  com.lucent.aaa.MinaSSHd$$Lambda$750/1127135362
3052:             1             16  com.lucent.aaa.PolicyServer$$Lambda$752/218691674
3053:             1             16  com.lucent.aaa.PolicyServer$$Lambda$753/841581683
3054:             1             16  com.lucent.aaa.PolicyServer$$Lambda$754/1396910831
3055:             1             16  com.lucent.aaa.PolicyServer$$Lambda$757/1498514648
3056:             1             16  com.lucent.aaa.PolicyServer$$Lambda$758/2101977504
3057:             1             16  com.lucent.aaa.PolicyServer$$Lambda$759/973844160
3058:             1             16  com.lucent.aaa.PolicyServer$a$$Lambda$20/586164630
3059:             1             16  com.lucent.aaa.PropertyInfoList$$Lambda$21/52513709
3060:             1             16  com.lucent.aaa.Queue$NaturalComparator
3061:             1             16  com.lucent.aaa.ReloadManager
3062:             1             16  com.lucent.aaa.RemoteRmiAccess$$Lambda$755/2071786613
3063:             1             16  com.lucent.aaa.RemoteRmiAccess$$Lambda$756/1078839705
3064:             1             16  com.lucent.aaa.SshCryptoChecker
3065:             1             16  com.lucent.aaa.TcpConnectionManager$i
3066:             1             16  com.lucent.aaa.TcpConnectionManager$j$$Lambda$489/682976813
3067:             1             16  com.lucent.aaa.TcpConnectionManager$j$$Lambda$490/884135194
3068:             1             16  com.lucent.aaa.TcpConnectionManager$j$$Lambda$491/217123986
3069:             1             16  com.lucent.aaa.TcpConnectionManager$j$$Lambda$492/259426095
3070:             1             16  com.lucent.aaa.TcpConnectionManager$j$$Lambda$493/92340202
3071:             1             16  com.lucent.aaa.TcpConnectionManager$j$$Lambda$494/26338900
3072:             1             16  com.lucent.aaa.TcpConnectionManager$j$$Lambda$495/1673308237
3073:             1             16  com.lucent.aaa.TcpConnectionManager$j$$Lambda$496/1869385029
3074:             1             16  com.lucent.aaa.TcpConnectionManager$j$$Lambda$497/2133632760
3075:             1             16  com.lucent.aaa.TcpConnectionManager$j$$Lambda$498/333211209
3076:             1             16  com.lucent.aaa.TcpConnectionManager$j$$Lambda$499/408012754
3077:             1             16  com.lucent.aaa.TcpConnectionManager$j$$Lambda$500/1608894091
3078:             1             16  com.lucent.aaa.TcpConnectionManager$j$$Lambda$501/964829290
3079:             1             16  com.lucent.aaa.TcpConnectionManager$j$$Lambda$502/1329589315
3080:             1             16  com.lucent.aaa.WorkProxyGroup$$Lambda$406/1459215931
3081:             1             16  com.lucent.aaa.WorkProxyGroup$$Lambda$407/1730688778
3082:             1             16  com.lucent.aaa.WorkProxyGroup$$Lambda$408/727682657
3083:             1             16  com.lucent.aaa.WorkProxyGroup$$Lambda$409/1940974851
3084:             1             16  com.lucent.aaa.WorkProxyGroup$$Lambda$410/1426461720
3085:             1             16  com.lucent.aaa.ai$$Lambda$540/1396794397
3086:             1             16  com.lucent.aaa.ai$$Lambda$541/605884498
3087:             1             16  com.lucent.aaa.ai$$Lambda$542/2067533515
3088:             1             16  com.lucent.aaa.ai$$Lambda$543/1538891037
3089:             1             16  com.lucent.aaa.ai$$Lambda$544/50359291
3090:             1             16  com.lucent.aaa.bf
3091:             1             16  com.lucent.aaa.bh$a
3092:             1             16  com.lucent.aaa.broker.e
3093:             1             16  com.lucent.aaa.broker.e$l
3094:             1             16  com.lucent.aaa.bz$$Lambda$545/1898324000
3095:             1             16  com.lucent.aaa.bz$$Lambda$546/1938438604
3096:             1             16  com.lucent.aaa.bz$$Lambda$547/1122108119
3097:             1             16  com.lucent.aaa.bz$$Lambda$548/954697228
3098:             1             16  com.lucent.aaa.bz$$Lambda$549/1645578641
3099:             1             16  com.lucent.aaa.bz$$Lambda$550/1081313350
3100:             1             16  com.lucent.aaa.bz$$Lambda$551/307617317
3101:             1             16  com.lucent.aaa.bz$$Lambda$552/377941381
3102:             1             16  com.lucent.aaa.bz$$Lambda$553/1485944773
3103:             1             16  com.lucent.aaa.bz$$Lambda$554/83637545
3104:             1             16  com.lucent.aaa.bz$$Lambda$555/954492773
3105:             1             16  com.lucent.aaa.bz$$Lambda$556/422534969
3106:             1             16  com.lucent.aaa.bz$$Lambda$557/1289092166
3107:             1             16  com.lucent.aaa.bz$$Lambda$558/694541704
3108:             1             16  com.lucent.aaa.bz$$Lambda$559/841046158
3109:             1             16  com.lucent.aaa.bz$$Lambda$560/1360273252
3110:             1             16  com.lucent.aaa.bz$$Lambda$561/851508940
3111:             1             16  com.lucent.aaa.bz$$Lambda$562/902753409
3112:             1             16  com.lucent.aaa.bz$$Lambda$563/219363230
3113:             1             16  com.lucent.aaa.bz$$Lambda$564/2089678439
3114:             1             16  com.lucent.aaa.bz$$Lambda$565/1234059684
3115:             1             16  com.lucent.aaa.bz$$Lambda$566/199628528
3116:             1             16  com.lucent.aaa.bz$$Lambda$567/526221269
3117:             1             16  com.lucent.aaa.bz$$Lambda$568/217091223
3118:             1             16  com.lucent.aaa.bz$$Lambda$569/935886796
3119:             1             16  com.lucent.aaa.bz$$Lambda$570/211992147
3120:             1             16  com.lucent.aaa.bz$$Lambda$571/2029374405
3121:             1             16  com.lucent.aaa.bz$$Lambda$572/1885959288
3122:             1             16  com.lucent.aaa.bz$$Lambda$573/69944230
3123:             1             16  com.lucent.aaa.bz$$Lambda$574/492971350
3124:             1             16  com.lucent.aaa.bz$$Lambda$575/1268743900
3125:             1             16  com.lucent.aaa.bz$$Lambda$576/1894652259
3126:             1             16  com.lucent.aaa.bz$$Lambda$577/772166315
3127:             1             16  com.lucent.aaa.bz$$Lambda$578/583178920
3128:             1             16  com.lucent.aaa.bz$$Lambda$579/312175026
3129:             1             16  com.lucent.aaa.bz$$Lambda$580/314462083
3130:             1             16  com.lucent.aaa.bz$$Lambda$581/246535285
3131:             1             16  com.lucent.aaa.bz$$Lambda$582/948963537
3132:             1             16  com.lucent.aaa.bz$$Lambda$583/1905209480
3133:             1             16  com.lucent.aaa.bz$$Lambda$584/296594285
3134:             1             16  com.lucent.aaa.bz$$Lambda$585/693211959
3135:             1             16  com.lucent.aaa.bz$$Lambda$586/559087077
3136:             1             16  com.lucent.aaa.bz$$Lambda$587/1566104673
3137:             1             16  com.lucent.aaa.bz$$Lambda$588/842173892
3138:             1             16  com.lucent.aaa.bz$$Lambda$589/400517278
3139:             1             16  com.lucent.aaa.bz$$Lambda$590/559153749
3140:             1             16  com.lucent.aaa.bz$$Lambda$591/980707786
3141:             1             16  com.lucent.aaa.bz$$Lambda$592/479105005
3142:             1             16  com.lucent.aaa.bz$$Lambda$593/1895403386
3143:             1             16  com.lucent.aaa.bz$$Lambda$594/1899920794
3144:             1             16  com.lucent.aaa.bz$$Lambda$595/1746759758
3145:             1             16  com.lucent.aaa.bz$$Lambda$596/8678215
3146:             1             16  com.lucent.aaa.bz$$Lambda$597/1010480754
3147:             1             16  com.lucent.aaa.bz$$Lambda$598/1047187138
3148:             1             16  com.lucent.aaa.bz$$Lambda$599/1031161409
3149:             1             16  com.lucent.aaa.bz$$Lambda$600/512478459
3150:             1             16  com.lucent.aaa.bz$$Lambda$601/2011914366
3151:             1             16  com.lucent.aaa.bz$$Lambda$602/522173599
3152:             1             16  com.lucent.aaa.bz$$Lambda$603/282375539
3153:             1             16  com.lucent.aaa.bz$$Lambda$604/1350066054
3154:             1             16  com.lucent.aaa.bz$$Lambda$605/2084322663
3155:             1             16  com.lucent.aaa.bz$$Lambda$606/505777467
3156:             1             16  com.lucent.aaa.bz$$Lambda$607/728747169
3157:             1             16  com.lucent.aaa.bz$$Lambda$608/972632613
3158:             1             16  com.lucent.aaa.bz$$Lambda$609/615774072
3159:             1             16  com.lucent.aaa.bz$$Lambda$610/374205056
3160:             1             16  com.lucent.aaa.bz$$Lambda$611/1133655596
3161:             1             16  com.lucent.aaa.bz$$Lambda$612/864701537
3162:             1             16  com.lucent.aaa.bz$$Lambda$613/137983327
3163:             1             16  com.lucent.aaa.bz$$Lambda$614/1910085426
3164:             1             16  com.lucent.aaa.bz$$Lambda$615/589884531
3165:             1             16  com.lucent.aaa.bz$$Lambda$616/1117803827
3166:             1             16  com.lucent.aaa.bz$$Lambda$617/24138677
3167:             1             16  com.lucent.aaa.bz$$Lambda$618/1017980078
3168:             1             16  com.lucent.aaa.bz$$Lambda$619/1476533308
3169:             1             16  com.lucent.aaa.bz$$Lambda$620/416007106
3170:             1             16  com.lucent.aaa.bz$$Lambda$621/455464597
3171:             1             16  com.lucent.aaa.bz$$Lambda$622/1324878091
3172:             1             16  com.lucent.aaa.bz$$Lambda$623/114499348
3173:             1             16  com.lucent.aaa.bz$$Lambda$624/1077938655
3174:             1             16  com.lucent.aaa.bz$$Lambda$625/1977941564
3175:             1             16  com.lucent.aaa.bz$$Lambda$626/2077884890
3176:             1             16  com.lucent.aaa.bz$$Lambda$627/1710201354
3177:             1             16  com.lucent.aaa.bz$$Lambda$628/622946713
3178:             1             16  com.lucent.aaa.bz$$Lambda$629/2011592223
3179:             1             16  com.lucent.aaa.bz$$Lambda$630/1553563112
3180:             1             16  com.lucent.aaa.bz$$Lambda$631/1170183099
3181:             1             16  com.lucent.aaa.bz$$Lambda$632/1803306804
3182:             1             16  com.lucent.aaa.bz$$Lambda$633/795775690
3183:             1             16  com.lucent.aaa.bz$$Lambda$634/940563698
3184:             1             16  com.lucent.aaa.bz$$Lambda$635/18133507
3185:             1             16  com.lucent.aaa.bz$$Lambda$636/148377842
3186:             1             16  com.lucent.aaa.bz$$Lambda$637/1400585185
3187:             1             16  com.lucent.aaa.bz$$Lambda$638/366314800
3188:             1             16  com.lucent.aaa.bz$$Lambda$639/838187299
3189:             1             16  com.lucent.aaa.bz$$Lambda$640/2044878959
3190:             1             16  com.lucent.aaa.bz$$Lambda$641/1934424193
3191:             1             16  com.lucent.aaa.bz$$Lambda$642/1250496477
3192:             1             16  com.lucent.aaa.bz$$Lambda$643/1445567246
3193:             1             16  com.lucent.aaa.bz$$Lambda$644/1017280700
3194:             1             16  com.lucent.aaa.bz$$Lambda$645/675157849
3195:             1             16  com.lucent.aaa.bz$$Lambda$646/717951588
3196:             1             16  com.lucent.aaa.bz$$Lambda$647/815799768
3197:             1             16  com.lucent.aaa.bz$$Lambda$648/526968040
3198:             1             16  com.lucent.aaa.bz$$Lambda$649/1203022979
3199:             1             16  com.lucent.aaa.bz$$Lambda$650/891215395
3200:             1             16  com.lucent.aaa.bz$$Lambda$651/90196869
3201:             1             16  com.lucent.aaa.bz$$Lambda$652/1576509541
3202:             1             16  com.lucent.aaa.bz$$Lambda$653/1061543916
3203:             1             16  com.lucent.aaa.bz$$Lambda$654/2087313889
3204:             1             16  com.lucent.aaa.bz$$Lambda$655/2069016970
3205:             1             16  com.lucent.aaa.bz$$Lambda$656/466010637
3206:             1             16  com.lucent.aaa.bz$$Lambda$657/183354406
3207:             1             16  com.lucent.aaa.bz$$Lambda$658/968383091
3208:             1             16  com.lucent.aaa.bz$$Lambda$659/1468559919
3209:             1             16  com.lucent.aaa.bz$$Lambda$660/2054358137
3210:             1             16  com.lucent.aaa.bz$$Lambda$661/509293541
3211:             1             16  com.lucent.aaa.bz$$Lambda$662/1699449247
3212:             1             16  com.lucent.aaa.bz$$Lambda$663/1900447251
3213:             1             16  com.lucent.aaa.bz$$Lambda$664/334759054
3214:             1             16  com.lucent.aaa.bz$$Lambda$665/1417140494
3215:             1             16  com.lucent.aaa.bz$$Lambda$666/1841931630
3216:             1             16  com.lucent.aaa.bz$$Lambda$667/679137498
3217:             1             16  com.lucent.aaa.bz$$Lambda$668/454652207
3218:             1             16  com.lucent.aaa.bz$$Lambda$669/1900836075
3219:             1             16  com.lucent.aaa.bz$$Lambda$670/1359891833
3220:             1             16  com.lucent.aaa.bz$$Lambda$671/789359490
3221:             1             16  com.lucent.aaa.bz$$Lambda$672/2144089925
3222:             1             16  com.lucent.aaa.bz$$Lambda$673/1832255355
3223:             1             16  com.lucent.aaa.bz$$Lambda$674/1324552737
3224:             1             16  com.lucent.aaa.bz$$Lambda$675/82436294
3225:             1             16  com.lucent.aaa.bz$$Lambda$676/444700929
3226:             1             16  com.lucent.aaa.bz$$Lambda$677/1485660941
3227:             1             16  com.lucent.aaa.bz$$Lambda$678/247009319
3228:             1             16  com.lucent.aaa.bz$$Lambda$679/1167929062
3229:             1             16  com.lucent.aaa.bz$$Lambda$680/1396895429
3230:             1             16  com.lucent.aaa.bz$$Lambda$681/1625586347
3231:             1             16  com.lucent.aaa.bz$$Lambda$682/639264440
3232:             1             16  com.lucent.aaa.bz$$Lambda$683/182224515
3233:             1             16  com.lucent.aaa.bz$$Lambda$684/1319921115
3234:             1             16  com.lucent.aaa.bz$$Lambda$685/232681351
3235:             1             16  com.lucent.aaa.bz$$Lambda$686/2021979938
3236:             1             16  com.lucent.aaa.bz$$Lambda$687/369270319
3237:             1             16  com.lucent.aaa.bz$$Lambda$688/992850825
3238:             1             16  com.lucent.aaa.bz$$Lambda$689/1173438780
3239:             1             16  com.lucent.aaa.bz$$Lambda$690/437490503
3240:             1             16  com.lucent.aaa.bz$$Lambda$691/409114060
3241:             1             16  com.lucent.aaa.bz$$Lambda$692/1317395634
3242:             1             16  com.lucent.aaa.bz$$Lambda$693/28478719
3243:             1             16  com.lucent.aaa.bz$$Lambda$694/121486885
3244:             1             16  com.lucent.aaa.bz$$Lambda$695/201168891
3245:             1             16  com.lucent.aaa.bz$$Lambda$696/1811786362
3246:             1             16  com.lucent.aaa.bz$$Lambda$697/2117932686
3247:             1             16  com.lucent.aaa.bz$$Lambda$698/345723898
3248:             1             16  com.lucent.aaa.bz$$Lambda$699/1941851357
3249:             1             16  com.lucent.aaa.bz$$Lambda$700/1964410538
3250:             1             16  com.lucent.aaa.bz$$Lambda$701/1669953504
3251:             1             16  com.lucent.aaa.bz$$Lambda$702/767814888
3252:             1             16  com.lucent.aaa.bz$$Lambda$703/739935529
3253:             1             16  com.lucent.aaa.bz$$Lambda$704/1836606934
3254:             1             16  com.lucent.aaa.bz$$Lambda$705/1172716014
3255:             1             16  com.lucent.aaa.bz$$Lambda$706/2012231958
3256:             1             16  com.lucent.aaa.bz$$Lambda$707/263969036
3257:             1             16  com.lucent.aaa.bz$$Lambda$708/566447096
3258:             1             16  com.lucent.aaa.bz$$Lambda$709/1436434279
3259:             1             16  com.lucent.aaa.bz$$Lambda$710/600872011
3260:             1             16  com.lucent.aaa.bz$$Lambda$711/1928481412
3261:             1             16  com.lucent.aaa.bz$$Lambda$712/1238713257
3262:             1             16  com.lucent.aaa.bz$$Lambda$713/1838426355
3263:             1             16  com.lucent.aaa.bz$$Lambda$714/1254202310
3264:             1             16  com.lucent.aaa.bz$$Lambda$715/705126000
3265:             1             16  com.lucent.aaa.bz$$Lambda$716/1227659410
3266:             1             16  com.lucent.aaa.bz$$Lambda$717/87286516
3267:             1             16  com.lucent.aaa.bz$$Lambda$718/1131042367
3268:             1             16  com.lucent.aaa.bz$$Lambda$719/1401844988
3269:             1             16  com.lucent.aaa.bz$$Lambda$720/2127273495
3270:             1             16  com.lucent.aaa.bz$$Lambda$721/1685448568
3271:             1             16  com.lucent.aaa.bz$$Lambda$722/1975492199
3272:             1             16  com.lucent.aaa.bz$$Lambda$723/1438002616
3273:             1             16  com.lucent.aaa.bz$$Lambda$724/1999583807
3274:             1             16  com.lucent.aaa.bz$$Lambda$725/1017793925
3275:             1             16  com.lucent.aaa.bz$$Lambda$726/896508113
3276:             1             16  com.lucent.aaa.cc
3277:             1             16  com.lucent.aaa.cd
3278:             1             16  com.lucent.aaa.cn
3279:             1             16  com.lucent.aaa.crypto.Aes$$Lambda$22/42898626
3280:             1             16  com.lucent.aaa.crypto.Aes$1
3281:             1             16  com.lucent.aaa.crypto.Aes$2
3282:             1             16  com.lucent.aaa.crypto.d$1
3283:             1             16  com.lucent.aaa.h
3284:             1             16  com.lucent.aaa.i$$Lambda$744/466983810
3285:             1             16  com.lucent.aaa.i$$Lambda$745/500450241
3286:             1             16  com.lucent.aaa.log.ChannelDirector$a$$Lambda$761/1466628592
3287:             1             16  com.lucent.aaa.log.Message$b$$Lambda$12/1689309690
3288:             1             16  com.lucent.aaa.log.Message$b$$Lambda$13/253916873
3289:             1             16  com.lucent.aaa.log.Message$b$$Lambda$14/315809246
3290:             1             16  com.lucent.aaa.log.Message$b$$Lambda$15/1655993826
3291:             1             16  com.lucent.aaa.log.Message$b$$Lambda$16/15288143
3292:             1             16  com.lucent.aaa.log.Message$b$$Lambda$17/476179877
3293:             1             16  com.lucent.aaa.log.Message$b$$Lambda$18/408551386
3294:             1             16  com.lucent.aaa.log.Message$b$$Lambda$19/1501790806
3295:             1             16  com.lucent.aaa.log.Message$c
3296:             1             16  com.lucent.aaa.log.Slf4jFactory
3297:             1             16  com.lucent.aaa.log.SourceCondition
3298:             1             16  com.lucent.aaa.log.o
3299:             1             16  com.lucent.aaa.plugin.Diameter$$Lambda$727/1902545511
3300:             1             16  com.lucent.aaa.plugin.Diameter$$Lambda$728/67053257
3301:             1             16  com.lucent.aaa.plugin.Diameter$$Lambda$729/785240035
3302:             1             16  com.lucent.aaa.plugin.Diameter$$Lambda$730/1706505865
3303:             1             16  com.lucent.aaa.plugin.Diameter$$Lambda$731/541568490
3304:             1             16  com.lucent.aaa.plugin.Diameter$$Lambda$732/1525943877
3305:             1             16  com.lucent.aaa.plugin.Diameter$$Lambda$733/436625455
3306:             1             16  com.lucent.aaa.plugin.Diameter$$Lambda$734/1180245656
3307:             1             16  com.lucent.aaa.plugin.Diameter$$Lambda$735/1533854532
3308:             1             16  com.lucent.aaa.plugin.Diameter$$Lambda$736/554723402
3309:             1             16  com.lucent.aaa.plugin.Diameter$$Lambda$737/138306399
3310:             1             16  com.lucent.aaa.plugin.Diameter$$Lambda$738/102564126
3311:             1             16  com.lucent.aaa.plugin.Diameter$$Lambda$739/995529850
3312:             1             16  com.lucent.aaa.plugin.Jdbc$c
3313:             1             16  com.lucent.aaa.plugin.Jdbc$l
3314:             1             16  com.lucent.aaa.plugin.Jdbc$l$a
3315:             1             16  com.lucent.aaa.property.PropertiesPropertyInfo$a
3316:             1             16  com.lucent.aaa.snmp.MibSupport
3317:             1             16  com.lucent.aaa.snmp.MibSupport$f
3318:             1             16  com.lucent.aaa.snmp.MibSupport$h
3319:             1             16  com.lucent.aaa.snmp.MibSupport$i
3320:             1             16  com.lucent.aaa.snmp.MibSupport$m
3321:             1             16  com.lucent.aaa.snmp.MibSupport$n
3322:             1             16  com.lucent.aaa.stat.AlertGroup$$Lambda$465/581892832
3323:             1             16  com.lucent.aaa.stat.AlertGroup$$Lambda$466/553299831
3324:             1             16  com.lucent.aaa.stat.BufferPoolGroup$$Lambda$503/63259849
3325:             1             16  com.lucent.aaa.stat.BufferPoolGroup$$Lambda$504/585634812
3326:             1             16  com.lucent.aaa.stat.BufferPoolGroup$$Lambda$505/142273642
3327:             1             16  com.lucent.aaa.stat.DiameterBootGroup$$Lambda$484/261774911
3328:             1             16  com.lucent.aaa.stat.DiameterBootGroup$$Lambda$485/960161696
3329:             1             16  com.lucent.aaa.stat.DiameterBootGroup$$Lambda$486/1040493509
3330:             1             16  com.lucent.aaa.stat.DiameterBootGroup$$Lambda$487/2128686424
3331:             1             16  com.lucent.aaa.stat.DiameterBootGroup$$Lambda$488/355677068
3332:             1             16  com.lucent.aaa.stat.DiameterLinkGroup$$Lambda$456/625907465
3333:             1             16  com.lucent.aaa.stat.DiameterLinkGroup$$Lambda$457/343670954
3334:             1             16  com.lucent.aaa.stat.DiameterLinkGroup$$Lambda$458/11588583
3335:             1             16  com.lucent.aaa.stat.DiameterLinkGroup$$Lambda$459/1958607371
3336:             1             16  com.lucent.aaa.stat.DiameterLinkGroup$$Lambda$460/471897798
3337:             1             16  com.lucent.aaa.stat.DiameterLinkGroup$$Lambda$461/25136566
3338:             1             16  com.lucent.aaa.stat.DiameterLinkGroup$$Lambda$462/1548162287
3339:             1             16  com.lucent.aaa.stat.DiameterLinkGroup$$Lambda$463/1912308481
3340:             1             16  com.lucent.aaa.stat.DiameterLinkGroup$$Lambda$464/417020732
3341:             1             16  com.lucent.aaa.stat.DiskSpaceGroup$$Lambda$374/734050504
3342:             1             16  com.lucent.aaa.stat.DiskSpaceGroup$$Lambda$375/1058101486
3343:             1             16  com.lucent.aaa.stat.DiskSpaceGroup$$Lambda$376/1246439562
3344:             1             16  com.lucent.aaa.stat.EngineGroup$$Lambda$329/557331894
3345:             1             16  com.lucent.aaa.stat.EngineGroup$$Lambda$330/937777177
3346:             1             16  com.lucent.aaa.stat.EngineGroup$$Lambda$331/1648938923
3347:             1             16  com.lucent.aaa.stat.EngineGroup$$Lambda$332/1170803205
3348:             1             16  com.lucent.aaa.stat.EngineGroup$$Lambda$333/234344916
3349:             1             16  com.lucent.aaa.stat.EngineGroup$$Lambda$334/1432584549
3350:             1             16  com.lucent.aaa.stat.EngineGroup$$Lambda$335/2095254539
3351:             1             16  com.lucent.aaa.stat.EngineGroup$$Lambda$336/1423900009
3352:             1             16  com.lucent.aaa.stat.EngineGroup$$Lambda$337/930987088
3353:             1             16  com.lucent.aaa.stat.EngineGroup$$Lambda$338/1887979637
3354:             1             16  com.lucent.aaa.stat.EngineGroup$$Lambda$339/710699894
3355:             1             16  com.lucent.aaa.stat.EngineGroup$$Lambda$340/1032375822
3356:             1             16  com.lucent.aaa.stat.EngineGroup$$Lambda$341/1255252598
3357:             1             16  com.lucent.aaa.stat.EngineGroup$$Lambda$342/822110837
3358:             1             16  com.lucent.aaa.stat.EngineGroup$$Lambda$343/244838677
3359:             1             16  com.lucent.aaa.stat.EngineGroup$$Lambda$344/1871366357
3360:             1             16  com.lucent.aaa.stat.EngineGroup$$Lambda$345/111965547
3361:             1             16  com.lucent.aaa.stat.EngineGroup$$Lambda$346/950243028
3362:             1             16  com.lucent.aaa.stat.EngineGroup$$Lambda$347/2068545945
3363:             1             16  com.lucent.aaa.stat.EngineGroup$$Lambda$348/1270816977
3364:             1             16  com.lucent.aaa.stat.EngineGroup$$Lambda$349/1022680775
3365:             1             16  com.lucent.aaa.stat.EngineGroup$$Lambda$350/698336642
3366:             1             16  com.lucent.aaa.stat.EngineGroup$$Lambda$351/708992245
3367:             1             16  com.lucent.aaa.stat.FailoverGroup$$Lambda$518/1423636729
3368:             1             16  com.lucent.aaa.stat.FailoverGroup$$Lambda$519/2102224373
3369:             1             16  com.lucent.aaa.stat.FailoverGroup$c
3370:             1             16  com.lucent.aaa.stat.GarbageCollectorGroup$$Lambda$360/4723664
3371:             1             16  com.lucent.aaa.stat.GarbageCollectorGroup$$Lambda$361/1594722615
3372:             1             16  com.lucent.aaa.stat.JavaMemoryGroup$$Lambda$352/993062597
3373:             1             16  com.lucent.aaa.stat.JavaMemoryGroup$$Lambda$353/1030873355
3374:             1             16  com.lucent.aaa.stat.JavaMemoryGroup$$Lambda$354/1307119702
3375:             1             16  com.lucent.aaa.stat.JavaMemoryGroup$$Lambda$355/382697424
3376:             1             16  com.lucent.aaa.stat.JavaMemoryGroup$$Lambda$356/2116841430
3377:             1             16  com.lucent.aaa.stat.JavaMemoryGroup$$Lambda$357/313151899
3378:             1             16  com.lucent.aaa.stat.JavaMemoryGroup$$Lambda$358/1628676719
3379:             1             16  com.lucent.aaa.stat.JavaMemoryGroup$$Lambda$359/1783242896
3380:             1             16  com.lucent.aaa.stat.LockGroup$$Lambda$475/638590716
3381:             1             16  com.lucent.aaa.stat.LockGroup$$Lambda$476/416989487
3382:             1             16  com.lucent.aaa.stat.LockGroup$$Lambda$477/919593223
3383:             1             16  com.lucent.aaa.stat.LockGroup$$Lambda$478/1445358554
3384:             1             16  com.lucent.aaa.stat.LockGroup$$Lambda$479/414915464
3385:             1             16  com.lucent.aaa.stat.LockGroup$$Lambda$480/1370822209
3386:             1             16  com.lucent.aaa.stat.LockGroup$$Lambda$481/908749477
3387:             1             16  com.lucent.aaa.stat.LockGroup$$Lambda$482/1404550913
3388:             1             16  com.lucent.aaa.stat.LockGroup$$Lambda$483/328239524
3389:             1             16  com.lucent.aaa.stat.LogChannelGroup$$Lambda$529/1412619426
3390:             1             16  com.lucent.aaa.stat.LogChannelGroup$$Lambda$530/308743765
3391:             1             16  com.lucent.aaa.stat.LogChannelGroup$$Lambda$531/1140684760
3392:             1             16  com.lucent.aaa.stat.LogChannelGroup$$Lambda$532/403041430
3393:             1             16  com.lucent.aaa.stat.LogChannelGroup$$Lambda$533/449953373
3394:             1             16  com.lucent.aaa.stat.LogChannelGroup$$Lambda$534/1882145060
3395:             1             16  com.lucent.aaa.stat.NormalCacheGroup$$Lambda$383/30527460
3396:             1             16  com.lucent.aaa.stat.NormalCacheGroup$$Lambda$384/1515271018
3397:             1             16  com.lucent.aaa.stat.NormalCacheGroup$$Lambda$385/1109466628
3398:             1             16  com.lucent.aaa.stat.OneNdsTriggerGroup$$Lambda$510/1010068549
3399:             1             16  com.lucent.aaa.stat.OneNdsTriggerGroup$$Lambda$511/383753182
3400:             1             16  com.lucent.aaa.stat.OneNdsTriggerGroup$$Lambda$512/1541912393
3401:             1             16  com.lucent.aaa.stat.OneNdsTriggerGroup$$Lambda$513/784714772
3402:             1             16  com.lucent.aaa.stat.OneNdsTriggerGroup$$Lambda$514/647170252
3403:             1             16  com.lucent.aaa.stat.OneNdsTriggerGroup$$Lambda$515/400037555
3404:             1             16  com.lucent.aaa.stat.OneNdsTriggerGroup$$Lambda$516/739101205
3405:             1             16  com.lucent.aaa.stat.OneNdsTriggerGroup$$Lambda$517/1432401485
3406:             1             16  com.lucent.aaa.stat.OperatingSystemGroup$$Lambda$362/2006067420
3407:             1             16  com.lucent.aaa.stat.OperatingSystemGroup$$Lambda$363/879829980
3408:             1             16  com.lucent.aaa.stat.OperatingSystemGroup$$Lambda$364/1409499930
3409:             1             16  com.lucent.aaa.stat.OperatingSystemGroup$$Lambda$365/1031376502
3410:             1             16  com.lucent.aaa.stat.OperatingSystemGroup$$Lambda$366/946773976
3411:             1             16  com.lucent.aaa.stat.OperatingSystemGroup$$Lambda$367/276060674
3412:             1             16  com.lucent.aaa.stat.OperatingSystemGroup$$Lambda$368/1920032353
3413:             1             16  com.lucent.aaa.stat.OperatingSystemGroup$$Lambda$369/1516344760
3414:             1             16  com.lucent.aaa.stat.OperatingSystemGroup$$Lambda$370/1893063019
3415:             1             16  com.lucent.aaa.stat.OperatingSystemGroup$$Lambda$371/1977359388
3416:             1             16  com.lucent.aaa.stat.OperatingSystemGroup$$Lambda$372/1537311996
3417:             1             16  com.lucent.aaa.stat.OperatingSystemGroup$$Lambda$373/1507181879
3418:             1             16  com.lucent.aaa.stat.QueueGroup$$Lambda$386/2016308032
3419:             1             16  com.lucent.aaa.stat.QueueGroup$$Lambda$387/852547563
3420:             1             16  com.lucent.aaa.stat.QueueGroup$$Lambda$388/342191077
3421:             1             16  com.lucent.aaa.stat.QueueGroup$$Lambda$389/1572467999
3422:             1             16  com.lucent.aaa.stat.QueueGroup$$Lambda$390/954207047
3423:             1             16  com.lucent.aaa.stat.RadiusAcctClientGroup$$Lambda$126/1752829504
3424:             1             16  com.lucent.aaa.stat.RadiusAcctClientGroup$$Lambda$127/178163105
3425:             1             16  com.lucent.aaa.stat.RadiusAcctClientGroup$$Lambda$128/194277435
3426:             1             16  com.lucent.aaa.stat.RadiusAcctClientGroup$$Lambda$129/866416391
3427:             1             16  com.lucent.aaa.stat.RadiusAcctClientGroup$$Lambda$130/1294534487
3428:             1             16  com.lucent.aaa.stat.RadiusAcctClientGroup$$Lambda$131/1913266128
3429:             1             16  com.lucent.aaa.stat.RadiusAcctClientGroup$$Lambda$132/1521986562
3430:             1             16  com.lucent.aaa.stat.RadiusAcctClientGroup$$Lambda$133/1253827612
3431:             1             16  com.lucent.aaa.stat.RadiusAcctClientGroup$$Lambda$134/1336758691
3432:             1             16  com.lucent.aaa.stat.RadiusAcctClientGroup$$Lambda$135/1836786457
3433:             1             16  com.lucent.aaa.stat.RadiusAcctClientGroup$$Lambda$136/181097736
3434:             1             16  com.lucent.aaa.stat.RadiusAcctClientGroup$$Lambda$137/524671817
3435:             1             16  com.lucent.aaa.stat.RadiusAcctClientGroup$$Lambda$138/985702731
3436:             1             16  com.lucent.aaa.stat.RadiusAcctServerGroup$$Lambda$39/1218734863
3437:             1             16  com.lucent.aaa.stat.RadiusAcctServerGroup$$Lambda$40/338048780
3438:             1             16  com.lucent.aaa.stat.RadiusAcctServerGroup$$Lambda$41/787497403
3439:             1             16  com.lucent.aaa.stat.RadiusAcctServerGroup$$Lambda$42/1172814713
3440:             1             16  com.lucent.aaa.stat.RadiusAcctServerGroup$$Lambda$43/1616673438
3441:             1             16  com.lucent.aaa.stat.RadiusAcctServerGroup$$Lambda$44/566710404
3442:             1             16  com.lucent.aaa.stat.RadiusAcctServerGroup$$Lambda$45/219553950
3443:             1             16  com.lucent.aaa.stat.RadiusAcctServerGroup$$Lambda$46/1968340534
3444:             1             16  com.lucent.aaa.stat.RadiusAcctServerGroup$$Lambda$47/1985569416
3445:             1             16  com.lucent.aaa.stat.RadiusAcctServerGroup$$Lambda$48/1837195191
3446:             1             16  com.lucent.aaa.stat.RadiusAcctServerGroup$$Lambda$49/1370456137
3447:             1             16  com.lucent.aaa.stat.RadiusAcctServerGroup$$Lambda$50/929757060
3448:             1             16  com.lucent.aaa.stat.RadiusAcctServerGroup$$Lambda$51/177901251
3449:             1             16  com.lucent.aaa.stat.RadiusAuthClientGroup$$Lambda$111/219962610
3450:             1             16  com.lucent.aaa.stat.RadiusAuthClientGroup$$Lambda$112/1221559316
3451:             1             16  com.lucent.aaa.stat.RadiusAuthClientGroup$$Lambda$113/366370767
3452:             1             16  com.lucent.aaa.stat.RadiusAuthClientGroup$$Lambda$114/989992548
3453:             1             16  com.lucent.aaa.stat.RadiusAuthClientGroup$$Lambda$115/1965650910
3454:             1             16  com.lucent.aaa.stat.RadiusAuthClientGroup$$Lambda$116/1386640019
3455:             1             16  com.lucent.aaa.stat.RadiusAuthClientGroup$$Lambda$117/2034036629
3456:             1             16  com.lucent.aaa.stat.RadiusAuthClientGroup$$Lambda$118/955581180
3457:             1             16  com.lucent.aaa.stat.RadiusAuthClientGroup$$Lambda$119/1739581705
3458:             1             16  com.lucent.aaa.stat.RadiusAuthClientGroup$$Lambda$120/2045895214
3459:             1             16  com.lucent.aaa.stat.RadiusAuthClientGroup$$Lambda$121/236275784
3460:             1             16  com.lucent.aaa.stat.RadiusAuthClientGroup$$Lambda$122/1627160387
3461:             1             16  com.lucent.aaa.stat.RadiusAuthClientGroup$$Lambda$123/383882703
3462:             1             16  com.lucent.aaa.stat.RadiusAuthClientGroup$$Lambda$124/840095827
3463:             1             16  com.lucent.aaa.stat.RadiusAuthClientGroup$$Lambda$125/1959219756
3464:             1             16  com.lucent.aaa.stat.RadiusAuthServerGroup$$Lambda$24/2065314021
3465:             1             16  com.lucent.aaa.stat.RadiusAuthServerGroup$$Lambda$25/888984210
3466:             1             16  com.lucent.aaa.stat.RadiusAuthServerGroup$$Lambda$26/1231875515
3467:             1             16  com.lucent.aaa.stat.RadiusAuthServerGroup$$Lambda$27/962058379
3468:             1             16  com.lucent.aaa.stat.RadiusAuthServerGroup$$Lambda$28/800722348
3469:             1             16  com.lucent.aaa.stat.RadiusAuthServerGroup$$Lambda$29/724190002
3470:             1             16  com.lucent.aaa.stat.RadiusAuthServerGroup$$Lambda$30/80422114
3471:             1             16  com.lucent.aaa.stat.RadiusAuthServerGroup$$Lambda$31/36266279
3472:             1             16  com.lucent.aaa.stat.RadiusAuthServerGroup$$Lambda$32/30573521
3473:             1             16  com.lucent.aaa.stat.RadiusAuthServerGroup$$Lambda$33/801783477
3474:             1             16  com.lucent.aaa.stat.RadiusAuthServerGroup$$Lambda$34/2092080808
3475:             1             16  com.lucent.aaa.stat.RadiusAuthServerGroup$$Lambda$35/2121560119
3476:             1             16  com.lucent.aaa.stat.RadiusAuthServerGroup$$Lambda$36/622955085
3477:             1             16  com.lucent.aaa.stat.RadiusAuthServerGroup$$Lambda$37/1457166003
3478:             1             16  com.lucent.aaa.stat.RadiusAuthServerGroup$$Lambda$38/1114050800
3479:             1             16  com.lucent.aaa.stat.RadiusCoAClientGroup$$Lambda$156/1311562833
3480:             1             16  com.lucent.aaa.stat.RadiusCoAClientGroup$$Lambda$157/694790566
3481:             1             16  com.lucent.aaa.stat.RadiusCoAClientGroup$$Lambda$158/625411191
3482:             1             16  com.lucent.aaa.stat.RadiusCoAClientGroup$$Lambda$159/1635975151
3483:             1             16  com.lucent.aaa.stat.RadiusCoAClientGroup$$Lambda$160/1239710170
3484:             1             16  com.lucent.aaa.stat.RadiusCoAClientGroup$$Lambda$161/757386713
3485:             1             16  com.lucent.aaa.stat.RadiusCoAClientGroup$$Lambda$162/819790006
3486:             1             16  com.lucent.aaa.stat.RadiusCoAClientGroup$$Lambda$163/1180105925
3487:             1             16  com.lucent.aaa.stat.RadiusCoAClientGroup$$Lambda$164/739665788
3488:             1             16  com.lucent.aaa.stat.RadiusCoAClientGroup$$Lambda$165/668417314
3489:             1             16  com.lucent.aaa.stat.RadiusCoAClientGroup$$Lambda$166/2144817630
3490:             1             16  com.lucent.aaa.stat.RadiusCoAClientGroup$$Lambda$167/236333621
3491:             1             16  com.lucent.aaa.stat.RadiusCoAClientGroup$$Lambda$168/287609100
3492:             1             16  com.lucent.aaa.stat.RadiusCoAClientGroup$$Lambda$169/260345895
3493:             1             16  com.lucent.aaa.stat.RadiusCoAClientGroup$$Lambda$170/1251502504
3494:             1             16  com.lucent.aaa.stat.RadiusCoAClientGroup$$Lambda$171/1977656652
3495:             1             16  com.lucent.aaa.stat.RadiusCoAClientGroup$$Lambda$172/1090123277
3496:             1             16  com.lucent.aaa.stat.RadiusCoAServerGroup$$Lambda$69/1171491314
3497:             1             16  com.lucent.aaa.stat.RadiusCoAServerGroup$$Lambda$70/814647201
3498:             1             16  com.lucent.aaa.stat.RadiusCoAServerGroup$$Lambda$71/1713999849
3499:             1             16  com.lucent.aaa.stat.RadiusCoAServerGroup$$Lambda$72/203829039
3500:             1             16  com.lucent.aaa.stat.RadiusCoAServerGroup$$Lambda$73/1432599360
3501:             1             16  com.lucent.aaa.stat.RadiusCoAServerGroup$$Lambda$74/286559682
3502:             1             16  com.lucent.aaa.stat.RadiusCoAServerGroup$$Lambda$75/1005063886
3503:             1             16  com.lucent.aaa.stat.RadiusCoAServerGroup$$Lambda$76/101319115
3504:             1             16  com.lucent.aaa.stat.RadiusCoAServerGroup$$Lambda$77/1325077489
3505:             1             16  com.lucent.aaa.stat.RadiusCoAServerGroup$$Lambda$78/2075454833
3506:             1             16  com.lucent.aaa.stat.RadiusCoAServerGroup$$Lambda$79/5313207
3507:             1             16  com.lucent.aaa.stat.RadiusCoAServerGroup$$Lambda$80/1451450159
3508:             1             16  com.lucent.aaa.stat.RadiusCoAServerGroup$$Lambda$81/1089579669
3509:             1             16  com.lucent.aaa.stat.RadiusCoAServerGroup$$Lambda$82/477239455
3510:             1             16  com.lucent.aaa.stat.RadiusCoAServerGroup$$Lambda$83/348026124
3511:             1             16  com.lucent.aaa.stat.RadiusCoAServerGroup$$Lambda$84/1485318803
3512:             1             16  com.lucent.aaa.stat.RadiusDiscClientGroup$$Lambda$139/363594453
3513:             1             16  com.lucent.aaa.stat.RadiusDiscClientGroup$$Lambda$140/888289302
3514:             1             16  com.lucent.aaa.stat.RadiusDiscClientGroup$$Lambda$141/1731654671
3515:             1             16  com.lucent.aaa.stat.RadiusDiscClientGroup$$Lambda$142/318371990
3516:             1             16  com.lucent.aaa.stat.RadiusDiscClientGroup$$Lambda$143/1967710715
3517:             1             16  com.lucent.aaa.stat.RadiusDiscClientGroup$$Lambda$144/1348421068
3518:             1             16  com.lucent.aaa.stat.RadiusDiscClientGroup$$Lambda$145/10044740
3519:             1             16  com.lucent.aaa.stat.RadiusDiscClientGroup$$Lambda$146/1576607881
3520:             1             16  com.lucent.aaa.stat.RadiusDiscClientGroup$$Lambda$147/1863075316
3521:             1             16  com.lucent.aaa.stat.RadiusDiscClientGroup$$Lambda$148/1163336956
3522:             1             16  com.lucent.aaa.stat.RadiusDiscClientGroup$$Lambda$149/263111287
3523:             1             16  com.lucent.aaa.stat.RadiusDiscClientGroup$$Lambda$150/457660003
3524:             1             16  com.lucent.aaa.stat.RadiusDiscClientGroup$$Lambda$151/376017690
3525:             1             16  com.lucent.aaa.stat.RadiusDiscClientGroup$$Lambda$152/1797578199
3526:             1             16  com.lucent.aaa.stat.RadiusDiscClientGroup$$Lambda$153/316671934
3527:             1             16  com.lucent.aaa.stat.RadiusDiscClientGroup$$Lambda$154/859156431
3528:             1             16  com.lucent.aaa.stat.RadiusDiscClientGroup$$Lambda$155/1771965424
3529:             1             16  com.lucent.aaa.stat.RadiusDiscServerGroup$$Lambda$52/138617961
3530:             1             16  com.lucent.aaa.stat.RadiusDiscServerGroup$$Lambda$53/239902985
3531:             1             16  com.lucent.aaa.stat.RadiusDiscServerGroup$$Lambda$54/437771631
3532:             1             16  com.lucent.aaa.stat.RadiusDiscServerGroup$$Lambda$55/199676456
3533:             1             16  com.lucent.aaa.stat.RadiusDiscServerGroup$$Lambda$56/2129554451
3534:             1             16  com.lucent.aaa.stat.RadiusDiscServerGroup$$Lambda$57/1736230120
3535:             1             16  com.lucent.aaa.stat.RadiusDiscServerGroup$$Lambda$58/1105778967
3536:             1             16  com.lucent.aaa.stat.RadiusDiscServerGroup$$Lambda$59/725579524
3537:             1             16  com.lucent.aaa.stat.RadiusDiscServerGroup$$Lambda$60/974559308
3538:             1             16  com.lucent.aaa.stat.RadiusDiscServerGroup$$Lambda$61/1035062904
3539:             1             16  com.lucent.aaa.stat.RadiusDiscServerGroup$$Lambda$62/976935143
3540:             1             16  com.lucent.aaa.stat.RadiusDiscServerGroup$$Lambda$63/1785536499
3541:             1             16  com.lucent.aaa.stat.RadiusDiscServerGroup$$Lambda$64/1689730570
3542:             1             16  com.lucent.aaa.stat.RadiusDiscServerGroup$$Lambda$65/1472659178
3543:             1             16  com.lucent.aaa.stat.RadiusDiscServerGroup$$Lambda$66/995621141
3544:             1             16  com.lucent.aaa.stat.RadiusDiscServerGroup$$Lambda$67/969407243
3545:             1             16  com.lucent.aaa.stat.RadiusDiscServerGroup$$Lambda$68/1683866967
3546:             1             16  com.lucent.aaa.stat.RadiusOtherClientGroup$$Lambda$188/304125990
3547:             1             16  com.lucent.aaa.stat.RadiusOtherClientGroup$$Lambda$189/1825856364
3548:             1             16  com.lucent.aaa.stat.RadiusOtherClientGroup$$Lambda$190/979074430
3549:             1             16  com.lucent.aaa.stat.RadiusOtherClientGroup$$Lambda$191/332149166
3550:             1             16  com.lucent.aaa.stat.RadiusOtherClientGroup$$Lambda$192/96172633
3551:             1             16  com.lucent.aaa.stat.RadiusOtherClientGroup$$Lambda$193/1274699449
3552:             1             16  com.lucent.aaa.stat.RadiusOtherClientGroup$$Lambda$194/707492405
3553:             1             16  com.lucent.aaa.stat.RadiusOtherClientGroup$$Lambda$195/1477996447
3554:             1             16  com.lucent.aaa.stat.RadiusOtherClientGroup$$Lambda$196/103788407
3555:             1             16  com.lucent.aaa.stat.RadiusOtherClientGroup$$Lambda$197/523839133
3556:             1             16  com.lucent.aaa.stat.RadiusOtherClientGroup$$Lambda$198/1848778141
3557:             1             16  com.lucent.aaa.stat.RadiusOtherClientGroup$$Lambda$199/1968038739
3558:             1             16  com.lucent.aaa.stat.RadiusOtherClientGroup$$Lambda$200/249736858
3559:             1             16  com.lucent.aaa.stat.RadiusOtherClientGroup$$Lambda$201/1488550933
3560:             1             16  com.lucent.aaa.stat.RadiusOtherServerGroup$$Lambda$100/1054334320
3561:             1             16  com.lucent.aaa.stat.RadiusOtherServerGroup$$Lambda$101/1866142672
3562:             1             16  com.lucent.aaa.stat.RadiusOtherServerGroup$$Lambda$102/43402513
3563:             1             16  com.lucent.aaa.stat.RadiusOtherServerGroup$$Lambda$103/1855590605
3564:             1             16  com.lucent.aaa.stat.RadiusOtherServerGroup$$Lambda$104/1856400435
3565:             1             16  com.lucent.aaa.stat.RadiusOtherServerGroup$$Lambda$105/1504987044
3566:             1             16  com.lucent.aaa.stat.RadiusOtherServerGroup$$Lambda$106/1773813582
3567:             1             16  com.lucent.aaa.stat.RadiusOtherServerGroup$$Lambda$107/1469597388
3568:             1             16  com.lucent.aaa.stat.RadiusOtherServerGroup$$Lambda$108/176320504
3569:             1             16  com.lucent.aaa.stat.RadiusOtherServerGroup$$Lambda$109/1911586923
3570:             1             16  com.lucent.aaa.stat.RadiusOtherServerGroup$$Lambda$110/1233686868
3571:             1             16  com.lucent.aaa.stat.RadiusOtherServerGroup$$Lambda$98/106787773
3572:             1             16  com.lucent.aaa.stat.RadiusOtherServerGroup$$Lambda$99/663317819
3573:             1             16  com.lucent.aaa.stat.RadiusStateClientGroup$$Lambda$173/1293967722
3574:             1             16  com.lucent.aaa.stat.RadiusStateClientGroup$$Lambda$174/1792454213
3575:             1             16  com.lucent.aaa.stat.RadiusStateClientGroup$$Lambda$175/2085428347
3576:             1             16  com.lucent.aaa.stat.RadiusStateClientGroup$$Lambda$176/2022950677
3577:             1             16  com.lucent.aaa.stat.RadiusStateClientGroup$$Lambda$177/922145372
3578:             1             16  com.lucent.aaa.stat.RadiusStateClientGroup$$Lambda$178/1762522689
3579:             1             16  com.lucent.aaa.stat.RadiusStateClientGroup$$Lambda$179/2109182431
3580:             1             16  com.lucent.aaa.stat.RadiusStateClientGroup$$Lambda$180/469391891
3581:             1             16  com.lucent.aaa.stat.RadiusStateClientGroup$$Lambda$181/454958850
3582:             1             16  com.lucent.aaa.stat.RadiusStateClientGroup$$Lambda$182/497507806
3583:             1             16  com.lucent.aaa.stat.RadiusStateClientGroup$$Lambda$183/1549733596
3584:             1             16  com.lucent.aaa.stat.RadiusStateClientGroup$$Lambda$184/356318598
3585:             1             16  com.lucent.aaa.stat.RadiusStateClientGroup$$Lambda$185/2117142060
3586:             1             16  com.lucent.aaa.stat.RadiusStateClientGroup$$Lambda$186/1499458969
3587:             1             16  com.lucent.aaa.stat.RadiusStateClientGroup$$Lambda$187/2102534528
3588:             1             16  com.lucent.aaa.stat.RadiusStateServerGroup$$Lambda$85/1501976525
3589:             1             16  com.lucent.aaa.stat.RadiusStateServerGroup$$Lambda$86/1164616817
3590:             1             16  com.lucent.aaa.stat.RadiusStateServerGroup$$Lambda$87/1776483899
3591:             1             16  com.lucent.aaa.stat.RadiusStateServerGroup$$Lambda$88/665829140
3592:             1             16  com.lucent.aaa.stat.RadiusStateServerGroup$$Lambda$89/1291627539
3593:             1             16  com.lucent.aaa.stat.RadiusStateServerGroup$$Lambda$90/1545982161
3594:             1             16  com.lucent.aaa.stat.RadiusStateServerGroup$$Lambda$91/583593544
3595:             1             16  com.lucent.aaa.stat.RadiusStateServerGroup$$Lambda$92/2017833498
3596:             1             16  com.lucent.aaa.stat.RadiusStateServerGroup$$Lambda$93/1374688565
3597:             1             16  com.lucent.aaa.stat.RadiusStateServerGroup$$Lambda$94/589423746
3598:             1             16  com.lucent.aaa.stat.RadiusStateServerGroup$$Lambda$95/1182725120
3599:             1             16  com.lucent.aaa.stat.RadiusStateServerGroup$$Lambda$96/335436727
3600:             1             16  com.lucent.aaa.stat.RadiusStateServerGroup$$Lambda$97/1115073856
3601:             1             16  com.lucent.aaa.stat.RadiusStatusClientGroup$$Lambda$415/1626987646
3602:             1             16  com.lucent.aaa.stat.RadiusStatusClientGroup$$Lambda$416/22958662
3603:             1             16  com.lucent.aaa.stat.RadiusStatusClientGroup$$Lambda$417/1345672907
3604:             1             16  com.lucent.aaa.stat.RadiusStatusClientGroup$$Lambda$418/1016994270
3605:             1             16  com.lucent.aaa.stat.RadiusStatusClientGroup$$Lambda$419/313145375
3606:             1             16  com.lucent.aaa.stat.RadiusStatusClientGroup$$Lambda$420/1628800110
3607:             1             16  com.lucent.aaa.stat.RadiusStatusClientGroup$$Lambda$421/468456841
3608:             1             16  com.lucent.aaa.stat.RadiusStatusClientGroup$$Lambda$422/1475395523
3609:             1             16  com.lucent.aaa.stat.RadiusStatusClientGroup$$Lambda$423/341381090
3610:             1             16  com.lucent.aaa.stat.RadiusStatusClientGroup$$Lambda$424/1495453683
3611:             1             16  com.lucent.aaa.stat.RadiusStatusClientGroup$$Lambda$425/580507907
3612:             1             16  com.lucent.aaa.stat.RadiusStatusClientGroup$$Lambda$426/1891984436
3613:             1             16  com.lucent.aaa.stat.RadiusStatusClientGroup$$Lambda$427/742343633
3614:             1             16  com.lucent.aaa.stat.RadiusStatusClientGroup$$Lambda$428/1663913202
3615:             1             16  com.lucent.aaa.stat.RadiusStatusServerGroup$$Lambda$429/1683726922
3616:             1             16  com.lucent.aaa.stat.RadiusStatusServerGroup$$Lambda$430/1600818942
3617:             1             16  com.lucent.aaa.stat.RadiusStatusServerGroup$$Lambda$431/1037220289
3618:             1             16  com.lucent.aaa.stat.RadiusStatusServerGroup$$Lambda$432/1780290663
3619:             1             16  com.lucent.aaa.stat.RadiusStatusServerGroup$$Lambda$433/1399693980
3620:             1             16  com.lucent.aaa.stat.RadiusStatusServerGroup$$Lambda$434/1492896625
3621:             1             16  com.lucent.aaa.stat.RadiusStatusServerGroup$$Lambda$435/1892646174
3622:             1             16  com.lucent.aaa.stat.RadiusStatusServerGroup$$Lambda$436/1928589644
3623:             1             16  com.lucent.aaa.stat.RadiusStatusServerGroup$$Lambda$437/1286915276
3624:             1             16  com.lucent.aaa.stat.RadiusStatusServerGroup$$Lambda$438/1242705512
3625:             1             16  com.lucent.aaa.stat.RadiusStatusServerGroup$$Lambda$439/1103007161
3626:             1             16  com.lucent.aaa.stat.RadiusStatusServerGroup$$Lambda$440/740982099
3627:             1             16  com.lucent.aaa.stat.RadiusStatusServerGroup$$Lambda$441/1179799230
3628:             1             16  com.lucent.aaa.stat.RadiusStatusServerGroup$$Lambda$442/501766514
3629:             1             16  com.lucent.aaa.stat.RateLimitGroup$$Lambda$520/814387812
3630:             1             16  com.lucent.aaa.stat.RateLimitGroup$$Lambda$521/1021295599
3631:             1             16  com.lucent.aaa.stat.RateLimitGroup$$Lambda$522/509636452
3632:             1             16  com.lucent.aaa.stat.RateLimitGroup$$Lambda$523/1478039798
3633:             1             16  com.lucent.aaa.stat.SctpGroup$$Lambda$443/1382382943
3634:             1             16  com.lucent.aaa.stat.SctpGroup$$Lambda$444/1137940831
3635:             1             16  com.lucent.aaa.stat.SctpGroup$$Lambda$445/571585615
3636:             1             16  com.lucent.aaa.stat.SctpGroup$$Lambda$446/1820528317
3637:             1             16  com.lucent.aaa.stat.SctpGroup$$Lambda$447/368384503
3638:             1             16  com.lucent.aaa.stat.SctpGroup$$Lambda$448/1244881783
3639:             1             16  com.lucent.aaa.stat.SctpGroup$$Lambda$449/1705969074
3640:             1             16  com.lucent.aaa.stat.SctpGroup$$Lambda$450/296552796
3641:             1             16  com.lucent.aaa.stat.SctpGroup$$Lambda$451/740986943
3642:             1             16  com.lucent.aaa.stat.SctpGroup$$Lambda$452/2102621718
3643:             1             16  com.lucent.aaa.stat.SctpGroup$$Lambda$453/1615625883
3644:             1             16  com.lucent.aaa.stat.SctpGroup$$Lambda$454/433224743
3645:             1             16  com.lucent.aaa.stat.SctpGroup$$Lambda$455/1635892298
3646:             1             16  com.lucent.aaa.stat.TcpGroup$$Lambda$391/2146473561
3647:             1             16  com.lucent.aaa.stat.TcpGroup$$Lambda$392/106804552
3648:             1             16  com.lucent.aaa.stat.TcpGroup$$Lambda$393/1849052959
3649:             1             16  com.lucent.aaa.stat.TcpGroup$$Lambda$394/696411130
3650:             1             16  com.lucent.aaa.stat.TcpGroup$$Lambda$395/444402847
3651:             1             16  com.lucent.aaa.stat.TcpGroup$$Lambda$396/297642807
3652:             1             16  com.lucent.aaa.stat.TcpGroup$$Lambda$397/1517251756
3653:             1             16  com.lucent.aaa.stat.TcpGroup$$Lambda$398/1494382097
3654:             1             16  com.lucent.aaa.stat.TcpGroup$$Lambda$399/1947725647
3655:             1             16  com.lucent.aaa.stat.TcpGroup$$Lambda$400/1336458939
3656:             1             16  com.lucent.aaa.stat.TcpGroup$$Lambda$401/916117466
3657:             1             16  com.lucent.aaa.stat.TcpGroup$$Lambda$402/1050196275
3658:             1             16  com.lucent.aaa.stat.TcpGroup$$Lambda$403/1114221271
3659:             1             16  com.lucent.aaa.stat.TcpGroup$$Lambda$404/1910997770
3660:             1             16  com.lucent.aaa.stat.TcpGroup$$Lambda$405/811505060
3661:             1             16  com.lucent.aaa.stat.TcpLimitGroup$$Lambda$506/967022668
3662:             1             16  com.lucent.aaa.stat.TcpLimitGroup$$Lambda$507/71322219
3663:             1             16  com.lucent.aaa.stat.TcpLimitGroup$$Lambda$508/1729995001
3664:             1             16  com.lucent.aaa.stat.TcpLimitGroup$$Lambda$509/1294966332
3665:             1             16  com.lucent.aaa.stat.ThreadGroup$$Lambda$377/674998841
3666:             1             16  com.lucent.aaa.stat.ThreadGroup$$Lambda$378/674247007
3667:             1             16  com.lucent.aaa.stat.ThreadGroup$$Lambda$379/1967467242
3668:             1             16  com.lucent.aaa.stat.ThreadGroup$$Lambda$380/1161267215
3669:             1             16  com.lucent.aaa.stat.ThreadGroup$$Lambda$381/1223116644
3670:             1             16  com.lucent.aaa.stat.ThreadGroup$$Lambda$382/2050376675
3671:             1             16  com.lucent.aaa.stat.ThrottleGroup$$Lambda$467/379623433
3672:             1             16  com.lucent.aaa.stat.ThrottleGroup$$Lambda$468/1772566631
3673:             1             16  com.lucent.aaa.stat.ThrottleGroup$$Lambda$469/490341374
3674:             1             16  com.lucent.aaa.stat.ThrottleGroup$$Lambda$470/256417920
3675:             1             16  com.lucent.aaa.stat.ThrottleGroup$$Lambda$471/1075758996
3676:             1             16  com.lucent.aaa.stat.ThrottleGroup$$Lambda$472/1206973460
3677:             1             16  com.lucent.aaa.stat.ThrottleGroup$$Lambda$473/1208600433
3678:             1             16  com.lucent.aaa.stat.ThrottleGroup$$Lambda$474/899557330
3679:             1             16  com.lucent.aaa.stat.WatchGroup$$Lambda$524/2042233477
3680:             1             16  com.lucent.aaa.stat.WatchGroup$$Lambda$525/1844617734
3681:             1             16  com.lucent.aaa.stat.WatchGroup$$Lambda$526/1864630663
3682:             1             16  com.lucent.aaa.stat.WatchGroup$$Lambda$527/1043984524
3683:             1             16  com.lucent.aaa.stat.WatchGroup$$Lambda$528/1502050508
3684:             1             16  com.lucent.aaa.stat.ai$1
3685:             1             16  com.lucent.aaa.stat.ai$2
3686:             1             16  com.lucent.aaa.stat.c$1
3687:             1             16  com.lucent.aaa.stat.c$2
3688:             1             16  com.lucent.aaa.stat.c$3
3689:             1             16  com.lucent.aaa.stat.f$$Lambda$202/1080743637
3690:             1             16  com.lucent.aaa.stat.f$$Lambda$203/712753515
3691:             1             16  com.lucent.aaa.stat.f$$Lambda$204/294008652
3692:             1             16  com.lucent.aaa.stat.f$$Lambda$205/1120687200
3693:             1             16  com.lucent.aaa.stat.f$$Lambda$206/1418129042
3694:             1             16  com.lucent.aaa.stat.f$$Lambda$207/545394160
3695:             1             16  com.lucent.aaa.stat.f$$Lambda$208/10380027
3696:             1             16  com.lucent.aaa.stat.f$$Lambda$209/542202332
3697:             1             16  com.lucent.aaa.stat.f$$Lambda$210/1136705850
3698:             1             16  com.lucent.aaa.stat.f$$Lambda$211/1931327807
3699:             1             16  com.lucent.aaa.stat.f$$Lambda$212/6788125
3700:             1             16  com.lucent.aaa.stat.f$$Lambda$213/718451316
3701:             1             16  com.lucent.aaa.stat.f$$Lambda$214/1876848389
3702:             1             16  com.lucent.aaa.stat.f$$Lambda$215/1897195392
3703:             1             16  com.lucent.aaa.stat.f$$Lambda$216/1307525827
3704:             1             16  com.lucent.aaa.stat.f$$Lambda$217/1913718808
3705:             1             16  com.lucent.aaa.stat.g$b
3706:             1             16  com.lucent.aaa.stat.g$d
3707:             1             16  com.lucent.aaa.stat.g$f
3708:             1             16  com.lucent.aaa.stat.g$h
3709:             1             16  com.lucent.aaa.stat.g$i
3710:             1             16  com.lucent.aaa.stat.g$j
3711:             1             16  com.lucent.aaa.stat.k$$Lambda$262/1181756454
3712:             1             16  com.lucent.aaa.stat.k$$Lambda$263/2035743034
3713:             1             16  com.lucent.aaa.stat.k$$Lambda$264/238998613
3714:             1             16  com.lucent.aaa.stat.k$$Lambda$265/666596577
3715:             1             16  com.lucent.aaa.stat.k$$Lambda$266/1617784108
3716:             1             16  com.lucent.aaa.stat.k$$Lambda$267/1457005276
3717:             1             16  com.lucent.aaa.stat.k$$Lambda$268/565658860
3718:             1             16  com.lucent.aaa.stat.k$$Lambda$269/1769640623
3719:             1             16  com.lucent.aaa.stat.k$$Lambda$270/2124645278
3720:             1             16  com.lucent.aaa.stat.k$$Lambda$271/381118552
3721:             1             16  com.lucent.aaa.stat.k$$Lambda$272/222088774
3722:             1             16  com.lucent.aaa.stat.k$$Lambda$273/1387462740
3723:             1             16  com.lucent.aaa.stat.k$$Lambda$274/340715687
3724:             1             16  com.lucent.aaa.stat.k$$Lambda$275/1387473776
3725:             1             16  com.lucent.aaa.stat.k$$Lambda$276/415768786
3726:             1             16  com.lucent.aaa.stat.k$$Lambda$277/1027158270
3727:             1             16  com.lucent.aaa.stat.k$$Lambda$278/1582427182
3728:             1             16  com.lucent.aaa.stat.k$$Lambda$279/1281743075
3729:             1             16  com.lucent.aaa.stat.k$$Lambda$280/1775113446
3730:             1             16  com.lucent.aaa.stat.k$$Lambda$281/1771935420
3731:             1             16  com.lucent.aaa.stat.k$$Lambda$282/190704044
3732:             1             16  com.lucent.aaa.stat.k$$Lambda$283/1322093233
3733:             1             16  com.lucent.aaa.stat.k$$Lambda$284/1472057002
3734:             1             16  com.lucent.aaa.stat.k$$Lambda$285/920914400
3735:             1             16  com.lucent.aaa.stat.k$$Lambda$286/758104368
3736:             1             16  com.lucent.aaa.stat.k$$Lambda$287/2076029472
3737:             1             16  com.lucent.aaa.stat.k$$Lambda$288/1828724670
3738:             1             16  com.lucent.aaa.stat.k$$Lambda$289/219286908
3739:             1             16  com.lucent.aaa.stat.k$$Lambda$290/1592228783
3740:             1             16  com.lucent.aaa.stat.k$$Lambda$291/634250683
3741:             1             16  com.lucent.aaa.stat.k$$Lambda$292/1576422186
3742:             1             16  com.lucent.aaa.stat.k$$Lambda$293/2063309971
3743:             1             16  com.lucent.aaa.stat.k$$Lambda$294/819027530
3744:             1             16  com.lucent.aaa.stat.k$$Lambda$295/1135026238
3745:             1             16  com.lucent.aaa.stat.k$$Lambda$296/744983675
3746:             1             16  com.lucent.aaa.stat.k$$Lambda$297/818396783
3747:             1             16  com.lucent.aaa.stat.m
3748:             1             16  com.lucent.aaa.state.RemoteAccess$$Lambda$760/215995326
3749:             1             16  com.lucent.aaa.state.b
3750:             1             16  com.lucent.aaa.t
3751:             1             16  com.lucent.aaa.tal.TalCode$$Lambda$764/1910464304
3752:             1             16  com.lucent.aaa.tal.TalTable$$Lambda$740/244922133
3753:             1             16  com.lucent.aaa.tal.instruction.an
3754:             1             16  com.lucent.aaa.tal.instruction.b
3755:             1             16  com.lucent.aaa.tal.instruction.n
3756:             1             16  com.lucent.aaa.tal.instruction.q
3757:             1             16  com.lucent.aaa.tls.TlsSessionManagerGroup$$Lambda$411/1874741248
3758:             1             16  com.lucent.aaa.tls.TlsSessionManagerGroup$$Lambda$412/293207180
3759:             1             16  com.lucent.aaa.tls.TlsSessionManagerGroup$$Lambda$413/392226196
3760:             1             16  com.lucent.aaa.tls.TlsSessionManagerGroup$$Lambda$414/338957261
3761:             1             16  com.lucent.aaa.tls.ae$$Lambda$535/33281504
3762:             1             16  com.lucent.aaa.uss2.RemoteUss2Access$$Lambda$762/253402677
3763:             1             16  com.lucent.aaa.uss2.Uss2NodeGroup$$Lambda$298/1895082945
3764:             1             16  com.lucent.aaa.uss2.Uss2NodeGroup$$Lambda$299/170782933
3765:             1             16  com.lucent.aaa.uss2.Uss2NodeGroup$$Lambda$300/2016200186
3766:             1             16  com.lucent.aaa.uss2.Uss2NodeGroup$$Lambda$301/768856989
3767:             1             16  com.lucent.aaa.uss2.Uss2NodeGroup$$Lambda$302/182698304
3768:             1             16  com.lucent.aaa.uss2.Uss2NodeGroup$$Lambda$303/1865233297
3769:             1             16  com.lucent.aaa.uss2.Uss2NodeGroup$$Lambda$304/1907370139
3770:             1             16  com.lucent.aaa.uss2.Uss2NodeGroup$$Lambda$305/1120682507
3771:             1             16  com.lucent.aaa.uss2.Uss2NodeGroup$$Lambda$306/1446081235
3772:             1             16  com.lucent.aaa.uss2.Uss2NodeGroup$$Lambda$307/1350984255
3773:             1             16  com.lucent.aaa.uss2.Uss2NodeGroup$$Lambda$308/537033796
3774:             1             16  com.lucent.aaa.uss2.Uss2NodeGroup$$Lambda$309/8302165
3775:             1             16  com.lucent.aaa.uss2.Uss2NodeGroup$$Lambda$310/1568990051
3776:             1             16  com.lucent.aaa.uss2.Uss2NodeGroup$$Lambda$311/1055974774
3777:             1             16  com.lucent.aaa.uss2.Uss2NodeGroup$$Lambda$312/228806320
3778:             1             16  com.lucent.aaa.uss2.Uss2NodeGroup$$Lambda$313/46087876
3779:             1             16  com.lucent.aaa.uss2.Uss2NodeGroup$$Lambda$314/995991728
3780:             1             16  com.lucent.aaa.uss2.Uss2NodeGroup$$Lambda$315/748466085
3781:             1             16  com.lucent.aaa.uss2.Uss2NodeGroup$$Lambda$316/113653660
3782:             1             16  com.lucent.aaa.uss2.Uss2NodeGroup$$Lambda$317/2113171614
3783:             1             16  com.lucent.aaa.uss2.Uss2PersistenceGroup$$Lambda$318/328241052
3784:             1             16  com.lucent.aaa.uss2.Uss2PersistenceGroup$$Lambda$319/849031967
3785:             1             16  com.lucent.aaa.uss2.Uss2PersistenceGroup$$Lambda$320/1678413715
3786:             1             16  com.lucent.aaa.uss2.Uss2PersistenceGroup$$Lambda$321/1664479306
3787:             1             16  com.lucent.aaa.uss2.Uss2PersistenceGroup$$Lambda$322/1959690207
3788:             1             16  com.lucent.aaa.uss2.Uss2PersistenceGroup$$Lambda$323/522631570
3789:             1             16  com.lucent.aaa.uss2.Uss2PersistenceGroup$$Lambda$324/794872818
3790:             1             16  com.lucent.aaa.uss2.Uss2PersistenceGroup$$Lambda$325/1662765556
3791:             1             16  com.lucent.aaa.uss2.Uss2PersistenceGroup$$Lambda$326/1680634575
3792:             1             16  com.lucent.aaa.uss2.Uss2PersistenceGroup$$Lambda$327/1315749361
3793:             1             16  com.lucent.aaa.uss2.Uss2PersistenceGroup$$Lambda$328/1744486549
3794:             1             16  com.lucent.aaa.uss2.ae$1
3795:             1             16  com.lucent.aaa.uss2.ae$2
3796:             1             16  com.lucent.aaa.uss2.ae$3
3797:             1             16  com.lucent.aaa.uss2.z
3798:             1             16  com.lucent.aaa.uss2.z$c
3799:             1             16  com.lucent.aaa.util.AddressUtil$AddressCompare
3800:             1             16  com.lucent.aaa.util.Alarm$AlarmComparator
3801:             1             16  com.lucent.aaa.util.Convert$1
3802:             1             16  com.lucent.aaa.util.Utility$c
3803:             1             16  com.lucent.aaa.util.Utility$e
3804:             1             16  com.lucent.aaa.util.aa
3805:             1             16  com.lucent.aaa.util.bh
3806:             1             16  com.lucent.aaa.util.y
3807:             1             16  com.lucent.aaa.value.AAAURIValue$RadiusFactory
3808:             1             16  com.lucent.aaa.value.AFilterValue$RadiusFactory
3809:             1             16  com.lucent.aaa.value.APasswordValue$RadiusFactory
3810:             1             16  com.lucent.aaa.value.ASecretValue$RadiusFactory
3811:             1             16  com.lucent.aaa.value.AddressValue$RadiusFactory
3812:             1             16  com.lucent.aaa.value.AkaQuintetValue$RadiusFactory
3813:             1             16  com.lucent.aaa.value.AnonymousValue$RadiusFactory
3814:             1             16  com.lucent.aaa.value.AtomicBooleanValue$RadiusFactory
3815:             1             16  com.lucent.aaa.value.AtomicDurationValue$RadiusFactory
3816:             1             16  com.lucent.aaa.value.AtomicIntegerValue$RadiusFactory
3817:             1             16  com.lucent.aaa.value.AtomicLongValue$RadiusFactory
3818:             1             16  com.lucent.aaa.value.AtomicTimestampValue$RadiusFactory
3819:             1             16  com.lucent.aaa.value.AuthenticatorValue$RadiusFactory
3820:             1             16  com.lucent.aaa.value.BigIntegerValue$GeneralFactory
3821:             1             16  com.lucent.aaa.value.BinarySizeValue$RadiusFactory
3822:             1             16  com.lucent.aaa.value.BooleanValue$RadiusFactory
3823:             1             16  com.lucent.aaa.value.ByteBitSetValue$RadiusFactory
3824:             1             16  com.lucent.aaa.value.ByteChoiceValue$RadiusFactory
3825:             1             16  com.lucent.aaa.value.ByteEnumerationValue$RadiusFactory
3826:             1             16  com.lucent.aaa.value.CdmaAccountingContainerValue$RadiusFactory
3827:             1             16  com.lucent.aaa.value.CdmaQosAttributeSetValue$RadiusFactory
3828:             1             16  com.lucent.aaa.value.CdmaServiceProfileValue$RadiusFactory
3829:             1             16  com.lucent.aaa.value.ChunkyOpaqueValue$RadiusFactory
3830:             1             16  com.lucent.aaa.value.ChunkySaltedOpaqueValue$RadiusFactory
3831:             1             16  com.lucent.aaa.value.ChunkyStringValue$RadiusFactory
3832:             1             16  com.lucent.aaa.value.CiscoAVPairValue$RadiusFactory
3833:             1             16  com.lucent.aaa.value.CiscoPasswordValue$RadiusFactory
3834:             1             16  com.lucent.aaa.value.CivicLocationProfileValue$RadiusFactory
3835:             1             16  com.lucent.aaa.value.DateValue$RadiusFactory
3836:             1             16  com.lucent.aaa.value.DecimalSizeValue$RadiusFactory
3837:             1             16  com.lucent.aaa.value.Dhcp6GroupValue$RadiusFactory
3838:             1             16  com.lucent.aaa.value.DhcpGroupValue$RadiusFactory
3839:             1             16  com.lucent.aaa.value.DhcpVendorGroupValue$RadiusFactory
3840:             1             16  com.lucent.aaa.value.DiameterHistoryEntry2Value$RadiusFactory
3841:             1             16  com.lucent.aaa.value.DiameterHistoryEntryValue$GeneralFactory
3842:             1             16  com.lucent.aaa.value.DiameterStateValue$RadiusFactory
3843:             1             16  com.lucent.aaa.value.DispositionValue$GeneralFactory
3844:             1             16  com.lucent.aaa.value.DomainNameListValue$RadiusFactory
3845:             1             16  com.lucent.aaa.value.DomainNameValue$RadiusFactory
3846:             1             16  com.lucent.aaa.value.DoubleValue$RadiusFactory
3847:             1             16  com.lucent.aaa.value.DurationValue$RadiusFactory
3848:             1             16  com.lucent.aaa.value.EapMessageValue$RadiusFactory
3849:             1             16  com.lucent.aaa.value.EmptyValue$RadiusFactory
3850:             1             16  com.lucent.aaa.value.EvalValue$RadiusFactory
3851:             1             16  com.lucent.aaa.value.EventTimestampValue$RadiusFactory
3852:             1             16  com.lucent.aaa.value.ExecValue$RadiusFactory
3853:             1             16  com.lucent.aaa.value.ExperimentalResultValue$RadiusFactory
3854:             1             16  com.lucent.aaa.value.FailedAvpValue$RadiusFactory
3855:             1             16  com.lucent.aaa.value.FeatureValue$RadiusFactory
3856:             1             16  com.lucent.aaa.value.FixedPointI32F32Value$RadiusFactory
3857:             1             16  com.lucent.aaa.value.FloatValue$RadiusFactory
3858:             1             16  com.lucent.aaa.value.GeneralStateValue$RadiusFactory
3859:             1             16  com.lucent.aaa.value.GeneralTlvValue$GeneralFactory
3860:             1             16  com.lucent.aaa.value.GeospatialLocationProfileValue$RadiusFactory
3861:             1             16  com.lucent.aaa.value.GroupValue$RadiusFactory
3862:             1             16  com.lucent.aaa.value.GsmTripletValue$RadiusFactory
3863:             1             16  com.lucent.aaa.value.HereValue$RadiusFactory
3864:             1             16  com.lucent.aaa.value.IPAddressValue$RadiusFactory
3865:             1             16  com.lucent.aaa.value.IPFilterRuleValue$RadiusFactory
3866:             1             16  com.lucent.aaa.value.IPv4AddressListValue$RadiusFactory
3867:             1             16  com.lucent.aaa.value.IPv4AddressValue$RadiusFactory
3868:             1             16  com.lucent.aaa.value.IPv6AddressListValue$RadiusFactory
3869:             1             16  com.lucent.aaa.value.IPv6AddressValue$RadiusFactory
3870:             1             16  com.lucent.aaa.value.IPv6InterfaceIdValue$RadiusFactory
3871:             1             16  com.lucent.aaa.value.IPv6PrefixValue$RadiusFactory
3872:             1             16  com.lucent.aaa.value.IeeeGroupValue$RadiusFactory
3873:             1             16  com.lucent.aaa.value.ImmutableListValue$GeneralFactory
3874:             1             16  com.lucent.aaa.value.ImmutableMapValue$GeneralFactory
3875:             1             16  com.lucent.aaa.value.ImmutableSetValue$GeneralFactory
3876:             1             16  com.lucent.aaa.value.IntegerBitSetValue$RadiusFactory
3877:             1             16  com.lucent.aaa.value.IntegerValue$RadiusFactory
3878:             1             16  com.lucent.aaa.value.IpPrefixValue$RadiusFactory
3879:             1             16  com.lucent.aaa.value.KeyStoreValue$GeneralFactory
3880:             1             16  com.lucent.aaa.value.LicenseGroupValue$GeneralFactory
3881:             1             16  com.lucent.aaa.value.ListValue$GeneralFactory
3882:             1             16  com.lucent.aaa.value.LongBitSetValue$RadiusFactory
3883:             1             16  com.lucent.aaa.value.LongEnumerationValue$RadiusFactory
3884:             1             16  com.lucent.aaa.value.LongValue$RadiusFactory
3885:             1             16  com.lucent.aaa.value.MapValue$GeneralFactory
3886:             1             16  com.lucent.aaa.value.MapperValue$RadiusFactory
3887:             1             16  com.lucent.aaa.value.MatchValue$GeneralFactory
3888:             1             16  com.lucent.aaa.value.MillisTimestampValue$RadiusFactory
3889:             1             16  com.lucent.aaa.value.MnIdValue$RadiusFactory
3890:             1             16  com.lucent.aaa.value.MsChapEncPwValue$RadiusFactory
3891:             1             16  com.lucent.aaa.value.MsChapMppeKeysValue$RadiusFactory
3892:             1             16  com.lucent.aaa.value.NormalValue$RadiusFactory
3893:             1             16  com.lucent.aaa.value.Ntp64TimestampValue$RadiusFactory
3894:             1             16  com.lucent.aaa.value.NtpMillisTimestampValue$RadiusFactory
3895:             1             16  com.lucent.aaa.value.NtpTimestampValue$RadiusFactory
3896:             1             16  com.lucent.aaa.value.NullValue
3897:             1             16  com.lucent.aaa.value.NullValue$GeneralFactory
3898:             1             16  com.lucent.aaa.value.PaddedAFilterValue$RadiusFactory
3899:             1             16  com.lucent.aaa.value.PasswordValue$RadiusFactory
3900:             1             16  com.lucent.aaa.value.PrepaidUnitValue$RadiusFactory
3901:             1             16  com.lucent.aaa.value.PrivateKeyValue$RadiusFactory
3902:             1             16  com.lucent.aaa.value.QoSFilterRuleValue$RadiusFactory
3903:             1             16  com.lucent.aaa.value.RadiusHistoryEntry2Value$GeneralFactory
3904:             1             16  com.lucent.aaa.value.RadiusHistoryEntry3Value$GeneralFactory
3905:             1             16  com.lucent.aaa.value.RadiusHistoryEntry4Value$RadiusFactory
3906:             1             16  com.lucent.aaa.value.RadiusHistoryEntryValue$GeneralFactory
3907:             1             16  com.lucent.aaa.value.RadiusStateValue$RadiusFactory
3908:             1             16  com.lucent.aaa.value.RegexValue$GeneralFactory
3909:             1             16  com.lucent.aaa.value.SaltedHexedOpaqueValue$RadiusFactory
3910:             1             16  com.lucent.aaa.value.SaltedIPv4AddressValue$RadiusFactory
3911:             1             16  com.lucent.aaa.value.SaltedIntegerEnumerationValue$RadiusFactory
3912:             1             16  com.lucent.aaa.value.SaltedIntegerValue$RadiusFactory
3913:             1             16  com.lucent.aaa.value.SaltedOpaqueValue$RadiusFactory
3914:             1             16  com.lucent.aaa.value.SaltedPasswordValue$RadiusFactory
3915:             1             16  com.lucent.aaa.value.SaltedTimestampValue$RadiusFactory
3916:             1             16  com.lucent.aaa.value.Sha1PasswordValue$RadiusFactory
3917:             1             16  com.lucent.aaa.value.ShortBitSetValue$RadiusFactory
3918:             1             16  com.lucent.aaa.value.ShortEnumerationValue$RadiusFactory
3919:             1             16  com.lucent.aaa.value.SmsTimeZoneValue$RadiusFactory
3920:             1             16  com.lucent.aaa.value.StanzaValue$GeneralFactory
3921:             1             16  com.lucent.aaa.value.StrictnessValue$RadiusFactory
3922:             1             16  com.lucent.aaa.value.StructuredValue$RadiusFactory
3923:             1             16  com.lucent.aaa.value.TacacsPlusAVPairValue$RadiusFactory
3924:             1             16  com.lucent.aaa.value.TaggedEnumerationValue$RadiusFactory
3925:             1             16  com.lucent.aaa.value.TaggedIntegerValue$RadiusFactory
3926:             1             16  com.lucent.aaa.value.TaggedSaltedPasswordValue$RadiusFactory
3927:             1             16  com.lucent.aaa.value.TaggedStringValue$RadiusFactory
3928:             1             16  com.lucent.aaa.value.TbcdValue$RadiusFactory
3929:             1             16  com.lucent.aaa.value.TwanConnModeMessageValue$RadiusFactory
3930:             1             16  com.lucent.aaa.value.UnixTimestampValue$RadiusFactory
3931:             1             16  com.lucent.aaa.value.Unsigned24Value$RadiusFactory
3932:             1             16  com.lucent.aaa.value.UuidValue$RadiusFactory
3933:             1             16  com.lucent.aaa.value.ValueValue$RadiusFactory
3934:             1             16  com.lucent.aaa.value.VendorEnumerationValue$RadiusFactory
3935:             1             16  com.lucent.aaa.value.WimaxGroupValue$RadiusFactory
3936:             1             16  com.lucent.aaa.value.X509CertificateValue$GeneralFactory
3937:             1             16  com.lucent.aaa.value.X509CrlValue$GeneralFactory
3938:             1             16  com.sun.crypto.provider.Preconditions$1
3939:             1             16  com.sun.crypto.provider.RangeUtil$$Lambda$23/1421940560
3940:             1             16  com.sun.jmx.interceptor.DefaultMBeanServerInterceptor$ResourceContext$1
3941:             1             16  com.sun.jmx.mbeanserver.DefaultMXBeanMappingFactory
3942:             1             16  com.sun.jmx.mbeanserver.DescriptorCache
3943:             1             16  com.sun.jmx.mbeanserver.JmxMBeanServer$2
3944:             1             16  com.sun.jmx.mbeanserver.JmxMBeanServer$3
3945:             1             16  com.sun.jmx.mbeanserver.MBeanAnalyzer$MethodOrder
3946:             1             16  com.sun.jmx.mbeanserver.MBeanInstantiator
3947:             1             16  com.sun.jmx.mbeanserver.MXBeanIntrospector
3948:             1             16  com.sun.jmx.mbeanserver.SecureClassLoaderRepository
3949:             1             16  com.sun.jmx.mbeanserver.StandardMBeanIntrospector
3950:             1             16  com.sun.proxy.$Proxy0
3951:             1             16  com.sun.proxy.$Proxy1
3952:             1             16  com.sun.proxy.$Proxy2
3953:             1             16  com.sun.proxy.$Proxy9
3954:             1             16  java.awt.AWTEvent$1
3955:             1             16  java.awt.GraphicsEnvironment$$Lambda$6/852687460
3956:             1             16  java.awt.Toolkit$4
3957:             1             16  java.io.FileDescriptor$1
3958:             1             16  java.io.ObjectInputStream$$Lambda$7/2012846597
3959:             1             16  java.io.ObjectInputStream$$Lambda$8/988458918
3960:             1             16  java.io.ObjectInputStream$1
3961:             1             16  java.lang.ApplicationShutdownHooks$1
3962:             1             16  java.lang.CharacterData00
3963:             1             16  java.lang.CharacterDataLatin1
3964:             1             16  java.lang.ClassValue$Identity
3965:             1             16  java.lang.Float
3966:             1             16  java.lang.InheritableThreadLocal
3967:             1             16  java.lang.Runtime
3968:             1             16  java.lang.String$CaseInsensitiveComparator
3969:             1             16  java.lang.System$2
3970:             1             16  java.lang.Terminator$1
3971:             1             16  java.lang.invoke.MemberName$Factory
3972:             1             16  java.lang.invoke.MethodHandleImpl$2
3973:             1             16  java.lang.invoke.MethodHandleImpl$3
3974:             1             16  java.lang.management.PlatformComponent$1
3975:             1             16  java.lang.management.PlatformComponent$10
3976:             1             16  java.lang.management.PlatformComponent$11
3977:             1             16  java.lang.management.PlatformComponent$12
3978:             1             16  java.lang.management.PlatformComponent$13
3979:             1             16  java.lang.management.PlatformComponent$14
3980:             1             16  java.lang.management.PlatformComponent$15
3981:             1             16  java.lang.management.PlatformComponent$2
3982:             1             16  java.lang.management.PlatformComponent$3
3983:             1             16  java.lang.management.PlatformComponent$4
3984:             1             16  java.lang.management.PlatformComponent$5
3985:             1             16  java.lang.management.PlatformComponent$6
3986:             1             16  java.lang.management.PlatformComponent$7
3987:             1             16  java.lang.management.PlatformComponent$8
3988:             1             16  java.lang.management.PlatformComponent$9
3989:             1             16  java.lang.ref.Reference$1
3990:             1             16  java.lang.ref.Reference$Lock
3991:             1             16  java.lang.reflect.Proxy$KeyFactory
3992:             1             16  java.lang.reflect.Proxy$ProxyClassFactory
3993:             1             16  java.lang.reflect.ReflectAccess
3994:             1             16  java.math.BigDecimal$1
3995:             1             16  java.net.InetAddress$2
3996:             1             16  java.net.URLClassLoader$7
3997:             1             16  java.nio.Bits$1
3998:             1             16  java.nio.Bits$1$1
3999:             1             16  java.nio.channels.spi.AsynchronousChannelProvider$ProviderHolder$1
4000:             1             16  java.nio.charset.CoderResult$1
4001:             1             16  java.nio.charset.CoderResult$2
4002:             1             16  java.nio.file.Files$AcceptAllFilter
4003:             1             16  java.rmi.server.RemoteObjectInvocationHandler$1
4004:             1             16  java.rmi.server.RemoteObjectInvocationHandler$MethodToHash_Maps
4005:             1             16  java.security.AllPermission
4006:             1             16  java.security.ProtectionDomain$2
4007:             1             16  java.security.ProtectionDomain$JavaSecurityAccessImpl
4008:             1             16  java.security.Signature$1
4009:             1             16  java.sql.DriverManager$1
4010:             1             16  java.sql.DriverManager$2
4011:             1             16  java.text.DontCareFieldPosition$1
4012:             1             16  java.text.MessageFormat$Field
4013:             1             16  java.util.Collections$EmptyEnumeration
4014:             1             16  java.util.Collections$EmptyIterator
4015:             1             16  java.util.Collections$EmptyList
4016:             1             16  java.util.Collections$EmptySet
4017:             1             16  java.util.Currency$CurrencyNameGetter
4018:             1             16  java.util.EnumMap$1
4019:             1             16  java.util.ResourceBundle$Control
4020:             1             16  java.util.Timer$1
4021:             1             16  java.util.WeakHashMap$KeySet
4022:             1             16  java.util.concurrent.ConcurrentHashMap$EntrySetView
4023:             1             16  java.util.concurrent.ConcurrentSkipListMap$KeySet
4024:             1             16  java.util.concurrent.ConcurrentSkipListSet
4025:             1             16  java.util.concurrent.ThreadPoolExecutor$AbortPolicy
4026:             1             16  java.util.jar.JavaUtilJarAccessImpl
4027:             1             16  java.util.logging.ErrorManager
4028:             1             16  java.util.logging.Logger$1
4029:             1             16  java.util.logging.LoggingProxyImpl
4030:             1             16  java.util.logging.SimpleFormatter
4031:             1             16  java.util.regex.Pattern$4
4032:             1             16  java.util.regex.Pattern$Begin
4033:             1             16  java.util.regex.Pattern$CharPropertyNames$10
4034:             1             16  java.util.regex.Pattern$CharPropertyNames$11
4035:             1             16  java.util.regex.Pattern$CharPropertyNames$12
4036:             1             16  java.util.regex.Pattern$CharPropertyNames$13
4037:             1             16  java.util.regex.Pattern$CharPropertyNames$14
4038:             1             16  java.util.regex.Pattern$CharPropertyNames$15
4039:             1             16  java.util.regex.Pattern$CharPropertyNames$16
4040:             1             16  java.util.regex.Pattern$CharPropertyNames$17
4041:             1             16  java.util.regex.Pattern$CharPropertyNames$18
4042:             1             16  java.util.regex.Pattern$CharPropertyNames$19
4043:             1             16  java.util.regex.Pattern$CharPropertyNames$20
4044:             1             16  java.util.regex.Pattern$CharPropertyNames$21
4045:             1             16  java.util.regex.Pattern$CharPropertyNames$22
4046:             1             16  java.util.regex.Pattern$CharPropertyNames$23
4047:             1             16  java.util.regex.Pattern$CharPropertyNames$5
4048:             1             16  java.util.regex.Pattern$CharPropertyNames$6
4049:             1             16  java.util.regex.Pattern$CharPropertyNames$7
4050:             1             16  java.util.regex.Pattern$CharPropertyNames$8
4051:             1             16  java.util.regex.Pattern$CharPropertyNames$9
4052:             1             16  java.util.regex.Pattern$LastNode
4053:             1             16  java.util.regex.Pattern$Node
4054:             1             16  java.util.zip.ZipFile$1
4055:             1             16  javax.crypto.JceSecurityManager
4056:             1             16  javax.crypto.NullCipherSpi
4057:             1             16  javax.management.JMX
4058:             1             16  javax.management.MBeanServerBuilder
4059:             1             16  javax.management.NotificationBroadcasterSupport$1
4060:             1             16  javax.management.StandardMBean$MBeanInfoSafeAction
4061:             1             16  javax.measure.converter.LogConverter$Inverse
4062:             1             16  javax.measure.converter.UnitConverter$Identity
4063:             1             16  javax.measure.unit.Dimension$Model$1
4064:             1             16  javax.measure.unit.NonSI
4065:             1             16  javax.measure.unit.SI
4066:             1             16  javax.net.DefaultServerSocketFactory
4067:             1             16  javax.net.DefaultSocketFactory
4068:             1             16  javax.xml.parsers.SecuritySupport
4069:             1             16  org.antlr.v4.runtime.CommonTokenFactory
4070:             1             16  org.antlr.v4.runtime.ConsoleErrorListener
4071:             1             16  org.antlr.v4.runtime.atn.ATNConfigSet$ConfigEqualityComparator
4072:             1             16  org.antlr.v4.runtime.atn.ATNDeserializationOptions
4073:             1             16  org.antlr.v4.runtime.atn.LexerSkipAction
4074:             1             16  org.antlr.v4.runtime.atn.PredictionMode$AltAndContextConfigEqualityComparator
4075:             1             16  org.antlr.v4.runtime.misc.ObjectEqualityComparator
4076:             1             16  org.apache.derby.client.am.Configuration$1
4077:             1             16  org.apache.derby.client.am.SQLExceptionFactory
4078:             1             16  org.apache.derby.client.net.ClientJDBCObjectFactoryImpl42
4079:             1             16  org.apache.derby.drda.NetworkServerControl
4080:             1             16  org.apache.derby.iapi.jdbc.DRDAServerStarter$1
4081:             1             16  org.apache.derby.iapi.jdbc.DRDAServerStarter$3
4082:             1             16  org.apache.derby.iapi.services.cache.ClassSize$1
4083:             1             16  org.apache.derby.iapi.types.CharStreamHeaderGenerator
4084:             1             16  org.apache.derby.impl.drda.NetworkServerControlImpl$1
4085:             1             16  org.apache.derby.impl.drda.NetworkServerControlImpl$2
4086:             1             16  org.apache.derby.impl.drda.NetworkServerControlImpl$6
4087:             1             16  org.apache.derby.impl.drda.NetworkServerControlImpl$8
4088:             1             16  org.apache.derby.impl.jdbc.SQLExceptionFactory
4089:             1             16  org.apache.derby.impl.services.bytecode.BCJava
4090:             1             16  org.apache.derby.impl.services.bytecode.BCJava$1
4091:             1             16  org.apache.derby.impl.services.cache.ConcurrentCacheFactory
4092:             1             16  org.apache.derby.impl.services.daemon.SingleThreadDaemonFactory
4093:             1             16  org.apache.derby.impl.services.jmx.JMXManagementService$1
4094:             1             16  org.apache.derby.impl.services.monitor.BaseMonitor$3
4095:             1             16  org.apache.derby.impl.services.monitor.FileMonitor$2
4096:             1             16  org.apache.derby.impl.services.timer.SingletonTimerFactory$1
4097:             1             16  org.apache.derby.impl.services.uuid.BasicUUIDFactory$1
4098:             1             16  org.apache.derby.impl.services.uuid.BasicUUIDGetter
4099:             1             16  org.apache.derby.impl.sql.compile.TypeCompilerFactoryImpl
4100:             1             16  org.apache.derby.jdbc.InternalDriver$2
4101:             1             16  org.apache.derby.jdbc.InternalDriver$4
4102:             1             16  org.apache.derby.jdbc.InternalDriver$DaemonThreadFactory
4103:             1             16  org.apache.derby.jdbc.JDBC
4104:             1             16  org.apache.derby.shared.common.i18n.MessageUtil
4105:             1             16  org.apache.sshd.client.ClientBuilder$1
4106:             1             16  org.apache.sshd.client.config.hosts.HostConfigEntryResolver$1
4107:             1             16  org.apache.sshd.client.config.keys.ClientIdentityLoader$1
4108:             1             16  org.apache.sshd.common.SyspropsMapWrapper
4109:             1             16  org.apache.sshd.common.SyspropsMapWrapper$1
4110:             1             16  org.apache.sshd.common.cipher.ECCurves$1
4111:             1             16  org.apache.sshd.common.cipher.ECCurves$2
4112:             1             16  org.apache.sshd.common.config.keys.FilePasswordProvider$1
4113:             1             16  org.apache.sshd.common.forward.DefaultTcpipForwarderFactory
4114:             1             16  org.apache.sshd.common.keyprovider.KeyPairProvider$1
4115:             1             16  org.apache.sshd.common.util.GenericUtils$1
4116:             1             16  org.apache.sshd.common.util.GenericUtils$2
4117:             1             16  org.apache.sshd.common.util.GenericUtils$3
4118:             1             16  org.apache.sshd.common.util.SecurityUtils$BouncyCastleRandom
4119:             1             16  org.apache.sshd.common.util.SecurityUtils$BouncyCastleRandomFactory
4120:             1             16  org.apache.sshd.server.ServerBuilder$1
4121:             1             16  org.apache.sshd.server.SshServer$1
4122:             1             16  org.apache.sshd.server.auth.gss.UserAuthGSSFactory
4123:             1             16  org.apache.sshd.server.channel.ChannelSessionFactory
4124:             1             16  org.apache.sshd.server.forward.DirectTcpipFactory
4125:             1             16  org.apache.sshd.server.forward.ForwardedTcpipFactory
4126:             1             16  org.apache.sshd.server.session.ServerConnectionServiceFactory
4127:             1             16  org.apache.xerces.impl.XMLEntityManager$1
4128:             1             16  org.apache.xerces.impl.dv.dtd.IDDatatypeValidator
4129:             1             16  org.apache.xerces.impl.dv.dtd.IDREFDatatypeValidator
4130:             1             16  org.apache.xerces.impl.dv.dtd.NMTOKENDatatypeValidator
4131:             1             16  org.apache.xerces.impl.dv.dtd.NOTATIONDatatypeValidator
4132:             1             16  org.apache.xerces.impl.dv.dtd.StringDatatypeValidator
4133:             1             16  org.apache.xerces.impl.xs.models.XSEmptyCM
4134:             1             16  org.apache.xerces.jaxp.validation.DraconianErrorHandler
4135:             1             16  org.bouncycastle.asn1.DERNull
4136:             1             16  org.bouncycastle.asn1.anssi.ANSSINamedCurves$1
4137:             1             16  org.bouncycastle.asn1.sec.SECNamedCurves$1
4138:             1             16  org.bouncycastle.asn1.sec.SECNamedCurves$10
4139:             1             16  org.bouncycastle.asn1.sec.SECNamedCurves$11
4140:             1             16  org.bouncycastle.asn1.sec.SECNamedCurves$12
4141:             1             16  org.bouncycastle.asn1.sec.SECNamedCurves$13
4142:             1             16  org.bouncycastle.asn1.sec.SECNamedCurves$14
4143:             1             16  org.bouncycastle.asn1.sec.SECNamedCurves$15
4144:             1             16  org.bouncycastle.asn1.sec.SECNamedCurves$16
4145:             1             16  org.bouncycastle.asn1.sec.SECNamedCurves$17
4146:             1             16  org.bouncycastle.asn1.sec.SECNamedCurves$18
4147:             1             16  org.bouncycastle.asn1.sec.SECNamedCurves$19
4148:             1             16  org.bouncycastle.asn1.sec.SECNamedCurves$2
4149:             1             16  org.bouncycastle.asn1.sec.SECNamedCurves$20
4150:             1             16  org.bouncycastle.asn1.sec.SECNamedCurves$21
4151:             1             16  org.bouncycastle.asn1.sec.SECNamedCurves$22
4152:             1             16  org.bouncycastle.asn1.sec.SECNamedCurves$23
4153:             1             16  org.bouncycastle.asn1.sec.SECNamedCurves$24
4154:             1             16  org.bouncycastle.asn1.sec.SECNamedCurves$25
4155:             1             16  org.bouncycastle.asn1.sec.SECNamedCurves$26
4156:             1             16  org.bouncycastle.asn1.sec.SECNamedCurves$27
4157:             1             16  org.bouncycastle.asn1.sec.SECNamedCurves$28
4158:             1             16  org.bouncycastle.asn1.sec.SECNamedCurves$29
4159:             1             16  org.bouncycastle.asn1.sec.SECNamedCurves$3
4160:             1             16  org.bouncycastle.asn1.sec.SECNamedCurves$30
4161:             1             16  org.bouncycastle.asn1.sec.SECNamedCurves$31
4162:             1             16  org.bouncycastle.asn1.sec.SECNamedCurves$32
4163:             1             16  org.bouncycastle.asn1.sec.SECNamedCurves$33
4164:             1             16  org.bouncycastle.asn1.sec.SECNamedCurves$4
4165:             1             16  org.bouncycastle.asn1.sec.SECNamedCurves$5
4166:             1             16  org.bouncycastle.asn1.sec.SECNamedCurves$6
4167:             1             16  org.bouncycastle.asn1.sec.SECNamedCurves$7
4168:             1             16  org.bouncycastle.asn1.sec.SECNamedCurves$8
4169:             1             16  org.bouncycastle.asn1.sec.SECNamedCurves$9
4170:             1             16  org.bouncycastle.asn1.teletrust.TeleTrusTNamedCurves$1
4171:             1             16  org.bouncycastle.asn1.teletrust.TeleTrusTNamedCurves$10
4172:             1             16  org.bouncycastle.asn1.teletrust.TeleTrusTNamedCurves$11
4173:             1             16  org.bouncycastle.asn1.teletrust.TeleTrusTNamedCurves$12
4174:             1             16  org.bouncycastle.asn1.teletrust.TeleTrusTNamedCurves$13
4175:             1             16  org.bouncycastle.asn1.teletrust.TeleTrusTNamedCurves$14
4176:             1             16  org.bouncycastle.asn1.teletrust.TeleTrusTNamedCurves$2
4177:             1             16  org.bouncycastle.asn1.teletrust.TeleTrusTNamedCurves$3
4178:             1             16  org.bouncycastle.asn1.teletrust.TeleTrusTNamedCurves$4
4179:             1             16  org.bouncycastle.asn1.teletrust.TeleTrusTNamedCurves$5
4180:             1             16  org.bouncycastle.asn1.teletrust.TeleTrusTNamedCurves$6
4181:             1             16  org.bouncycastle.asn1.teletrust.TeleTrusTNamedCurves$7
4182:             1             16  org.bouncycastle.asn1.teletrust.TeleTrusTNamedCurves$8
4183:             1             16  org.bouncycastle.asn1.teletrust.TeleTrusTNamedCurves$9
4184:             1             16  org.bouncycastle.asn1.x9.X962NamedCurves$1
4185:             1             16  org.bouncycastle.asn1.x9.X962NamedCurves$10
4186:             1             16  org.bouncycastle.asn1.x9.X962NamedCurves$11
4187:             1             16  org.bouncycastle.asn1.x9.X962NamedCurves$12
4188:             1             16  org.bouncycastle.asn1.x9.X962NamedCurves$13
4189:             1             16  org.bouncycastle.asn1.x9.X962NamedCurves$14
4190:             1             16  org.bouncycastle.asn1.x9.X962NamedCurves$15
4191:             1             16  org.bouncycastle.asn1.x9.X962NamedCurves$16
4192:             1             16  org.bouncycastle.asn1.x9.X962NamedCurves$17
4193:             1             16  org.bouncycastle.asn1.x9.X962NamedCurves$18
4194:             1             16  org.bouncycastle.asn1.x9.X962NamedCurves$19
4195:             1             16  org.bouncycastle.asn1.x9.X962NamedCurves$2
4196:             1             16  org.bouncycastle.asn1.x9.X962NamedCurves$20
4197:             1             16  org.bouncycastle.asn1.x9.X962NamedCurves$21
4198:             1             16  org.bouncycastle.asn1.x9.X962NamedCurves$22
4199:             1             16  org.bouncycastle.asn1.x9.X962NamedCurves$23
4200:             1             16  org.bouncycastle.asn1.x9.X962NamedCurves$3
4201:             1             16  org.bouncycastle.asn1.x9.X962NamedCurves$4
4202:             1             16  org.bouncycastle.asn1.x9.X962NamedCurves$5
4203:             1             16  org.bouncycastle.asn1.x9.X962NamedCurves$6
4204:             1             16  org.bouncycastle.asn1.x9.X962NamedCurves$7
4205:             1             16  org.bouncycastle.asn1.x9.X962NamedCurves$8
4206:             1             16  org.bouncycastle.asn1.x9.X962NamedCurves$9
4207:             1             16  org.bouncycastle.jcajce.provider.asymmetric.ecgost.KeyFactorySpi
4208:             1             16  org.bouncycastle.jcajce.provider.asymmetric.elgamal.KeyFactorySpi
4209:             1             16  org.bouncycastle.jcajce.provider.asymmetric.gost.KeyFactorySpi
4210:             1             16  org.jdom2.DefaultJDOMFactory
4211:             1             16  org.jdom2.input.sax.DefaultSAXHandlerFactory
4212:             1             16  org.slf4j.helpers.NOPLoggerFactory
4213:             1             16  org.slf4j.impl.StaticLoggerBinder
4214:             1             16  sun.management.ClassLoadingImpl
4215:             1             16  sun.management.DiagnosticCommandImpl$OperationInfoComparator
4216:             1             16  sun.management.HotSpotDiagnostic
4217:             1             16  sun.management.ManagementFactoryHelper$PlatformLoggingImpl
4218:             1             16  sun.misc.ASCIICaseInsensitiveComparator
4219:             1             16  sun.misc.FloatingDecimal$1
4220:             1             16  sun.misc.GC$Daemon$1
4221:             1             16  sun.misc.GC$LatencyLock
4222:             1             16  sun.misc.Launcher
4223:             1             16  sun.misc.Launcher$Factory
4224:             1             16  sun.misc.ObjectInputFilter$Config$$Lambda$9/1629604310
4225:             1             16  sun.misc.Perf
4226:             1             16  sun.misc.Unsafe
4227:             1             16  sun.net.NetProperties$1
4228:             1             16  sun.net.spi.DefaultProxySelector
4229:             1             16  sun.net.spi.DefaultProxySelector$1
4230:             1             16  sun.net.www.protocol.file.Handler
4231:             1             16  sun.net.www.protocol.jar.JarFileFactory
4232:             1             16  sun.nio.ch.EPollPort$EventHandlerTask
4233:             1             16  sun.nio.ch.EPollSelectorProvider
4234:             1             16  sun.nio.ch.ExtendedSocketOption$1
4235:             1             16  sun.nio.ch.FileChannelImpl$1
4236:             1             16  sun.nio.ch.Invoker$1
4237:             1             16  sun.nio.ch.LinuxAsynchronousChannelProvider
4238:             1             16  sun.nio.ch.Net$1
4239:             1             16  sun.nio.ch.Net$3
4240:             1             16  sun.nio.ch.SocketDispatcher
4241:             1             16  sun.nio.ch.ThreadPool$$Lambda$751/543118058
4242:             1             16  sun.nio.ch.Util$1
4243:             1             16  sun.reflect.GeneratedConstructorAccessor1
4244:             1             16  sun.reflect.GeneratedConstructorAccessor10
4245:             1             16  sun.reflect.GeneratedConstructorAccessor11
4246:             1             16  sun.reflect.GeneratedConstructorAccessor12
4247:             1             16  sun.reflect.GeneratedConstructorAccessor13
4248:             1             16  sun.reflect.GeneratedConstructorAccessor14
4249:             1             16  sun.reflect.GeneratedConstructorAccessor15
4250:             1             16  sun.reflect.GeneratedConstructorAccessor2
4251:             1             16  sun.reflect.GeneratedConstructorAccessor3
4252:             1             16  sun.reflect.GeneratedConstructorAccessor4
4253:             1             16  sun.reflect.GeneratedConstructorAccessor5
4254:             1             16  sun.reflect.GeneratedConstructorAccessor6
4255:             1             16  sun.reflect.GeneratedConstructorAccessor7
4256:             1             16  sun.reflect.GeneratedConstructorAccessor8
4257:             1             16  sun.reflect.GeneratedConstructorAccessor9
4258:             1             16  sun.reflect.GeneratedMethodAccessor1
4259:             1             16  sun.reflect.GeneratedMethodAccessor2
4260:             1             16  sun.reflect.GeneratedMethodAccessor3
4261:             1             16  sun.reflect.GeneratedMethodAccessor4
4262:             1             16  sun.reflect.GeneratedMethodAccessor5
4263:             1             16  sun.reflect.GeneratedMethodAccessor6
4264:             1             16  sun.reflect.GeneratedMethodAccessor7
4265:             1             16  sun.reflect.GeneratedMethodAccessor8
4266:             1             16  sun.reflect.GeneratedSerializationConstructorAccessor1
4267:             1             16  sun.reflect.GeneratedSerializationConstructorAccessor10
4268:             1             16  sun.reflect.GeneratedSerializationConstructorAccessor100
4269:             1             16  sun.reflect.GeneratedSerializationConstructorAccessor101
4270:             1             16  sun.reflect.GeneratedSerializationConstructorAccessor102
4271:             1             16  sun.reflect.GeneratedSerializationConstructorAccessor103
4272:             1             16  sun.reflect.GeneratedSerializationConstructorAccessor104
4273:             1             16  sun.reflect.GeneratedSerializationConstructorAccessor105
4274:             1             16  sun.reflect.GeneratedSerializationConstructorAccessor106
4275:             1             16  sun.reflect.GeneratedSerializationConstructorAccessor107
4276:             1             16  sun.reflect.GeneratedSerializationConstructorAccessor108
4277:             1             16  sun.reflect.GeneratedSerializationConstructorAccessor109
4278:             1             16  sun.reflect.GeneratedSerializationConstructorAccessor11
4279:             1             16  sun.reflect.GeneratedSerializationConstructorAccessor110
4280:             1             16  sun.reflect.GeneratedSerializationConstructorAccessor111
4281:             1             16  sun.reflect.GeneratedSerializationConstructorAccessor112
4282:             1             16  sun.reflect.GeneratedSerializationConstructorAccessor113
4283:             1             16  sun.reflect.GeneratedSerializationConstructorAccessor114
4284:             1             16  sun.reflect.GeneratedSerializationConstructorAccessor115
4285:             1             16  sun.reflect.GeneratedSerializationConstructorAccessor116
4286:             1             16  sun.reflect.GeneratedSerializationConstructorAccessor117
4287:             1             16  sun.reflect.GeneratedSerializationConstructorAccessor118
4288:             1             16  sun.reflect.GeneratedSerializationConstructorAccessor119
4289:             1             16  sun.reflect.GeneratedSerializationConstructorAccessor12
4290:             1             16  sun.reflect.GeneratedSerializationConstructorAccessor120
4291:             1             16  sun.reflect.GeneratedSerializationConstructorAccessor121
4292:             1             16  sun.reflect.GeneratedSerializationConstructorAccessor122
4293:             1             16  sun.reflect.GeneratedSerializationConstructorAccessor123
4294:             1             16  sun.reflect.GeneratedSerializationConstructorAccessor124
4295:             1             16  sun.reflect.GeneratedSerializationConstructorAccessor125
4296:             1             16  sun.reflect.GeneratedSerializationConstructorAccessor126
4297:             1             16  sun.reflect.GeneratedSerializationConstructorAccessor127
4298:             1             16  sun.reflect.GeneratedSerializationConstructorAccessor128
4299:             1             16  sun.reflect.GeneratedSerializationConstructorAccessor129
4300:             1             16  sun.reflect.GeneratedSerializationConstructorAccessor13
4301:             1             16  sun.reflect.GeneratedSerializationConstructorAccessor130
4302:             1             16  sun.reflect.GeneratedSerializationConstructorAccessor131
4303:             1             16  sun.reflect.GeneratedSerializationConstructorAccessor132
4304:             1             16  sun.reflect.GeneratedSerializationConstructorAccessor133
4305:             1             16  sun.reflect.GeneratedSerializationConstructorAccessor134
4306:             1             16  sun.reflect.GeneratedSerializationConstructorAccessor135
4307:             1             16  sun.reflect.GeneratedSerializationConstructorAccessor136
4308:             1             16  sun.reflect.GeneratedSerializationConstructorAccessor137
4309:             1             16  sun.reflect.GeneratedSerializationConstructorAccessor138
4310:             1             16  sun.reflect.GeneratedSerializationConstructorAccessor139
4311:             1             16  sun.reflect.GeneratedSerializationConstructorAccessor14
4312:             1             16  sun.reflect.GeneratedSerializationConstructorAccessor140
4313:             1             16  sun.reflect.GeneratedSerializationConstructorAccessor141
4314:             1             16  sun.reflect.GeneratedSerializationConstructorAccessor142
4315:             1             16  sun.reflect.GeneratedSerializationConstructorAccessor143
4316:             1             16  sun.reflect.GeneratedSerializationConstructorAccessor144
4317:             1             16  sun.reflect.GeneratedSerializationConstructorAccessor145
4318:             1             16  sun.reflect.GeneratedSerializationConstructorAccessor146
4319:             1             16  sun.reflect.GeneratedSerializationConstructorAccessor147
4320:             1             16  sun.reflect.GeneratedSerializationConstructorAccessor148
4321:             1             16  sun.reflect.GeneratedSerializationConstructorAccessor149
4322:             1             16  sun.reflect.GeneratedSerializationConstructorAccessor15
4323:             1             16  sun.reflect.GeneratedSerializationConstructorAccessor150
4324:             1             16  sun.reflect.GeneratedSerializationConstructorAccessor151
4325:             1             16  sun.reflect.GeneratedSerializationConstructorAccessor152
4326:             1             16  sun.reflect.GeneratedSerializationConstructorAccessor153
4327:             1             16  sun.reflect.GeneratedSerializationConstructorAccessor154
4328:             1             16  sun.reflect.GeneratedSerializationConstructorAccessor155
4329:             1             16  sun.reflect.GeneratedSerializationConstructorAccessor156
4330:             1             16  sun.reflect.GeneratedSerializationConstructorAccessor157
4331:             1             16  sun.reflect.GeneratedSerializationConstructorAccessor158
4332:             1             16  sun.reflect.GeneratedSerializationConstructorAccessor159
4333:             1             16  sun.reflect.GeneratedSerializationConstructorAccessor16
4334:             1             16  sun.reflect.GeneratedSerializationConstructorAccessor160
4335:             1             16  sun.reflect.GeneratedSerializationConstructorAccessor161
4336:             1             16  sun.reflect.GeneratedSerializationConstructorAccessor162
4337:             1             16  sun.reflect.GeneratedSerializationConstructorAccessor163
4338:             1             16  sun.reflect.GeneratedSerializationConstructorAccessor164
4339:             1             16  sun.reflect.GeneratedSerializationConstructorAccessor165
4340:             1             16  sun.reflect.GeneratedSerializationConstructorAccessor166
4341:             1             16  sun.reflect.GeneratedSerializationConstructorAccessor167
4342:             1             16  sun.reflect.GeneratedSerializationConstructorAccessor168
4343:             1             16  sun.reflect.GeneratedSerializationConstructorAccessor169
4344:             1             16  sun.reflect.GeneratedSerializationConstructorAccessor17
4345:             1             16  sun.reflect.GeneratedSerializationConstructorAccessor170
4346:             1             16  sun.reflect.GeneratedSerializationConstructorAccessor171
4347:             1             16  sun.reflect.GeneratedSerializationConstructorAccessor172
4348:             1             16  sun.reflect.GeneratedSerializationConstructorAccessor173
4349:             1             16  sun.reflect.GeneratedSerializationConstructorAccessor174
4350:             1             16  sun.reflect.GeneratedSerializationConstructorAccessor175
4351:             1             16  sun.reflect.GeneratedSerializationConstructorAccessor176
4352:             1             16  sun.reflect.GeneratedSerializationConstructorAccessor177
4353:             1             16  sun.reflect.GeneratedSerializationConstructorAccessor178
4354:             1             16  sun.reflect.GeneratedSerializationConstructorAccessor179
4355:             1             16  sun.reflect.GeneratedSerializationConstructorAccessor18
4356:             1             16  sun.reflect.GeneratedSerializationConstructorAccessor180
4357:             1             16  sun.reflect.GeneratedSerializationConstructorAccessor181
4358:             1             16  sun.reflect.GeneratedSerializationConstructorAccessor182
4359:             1             16  sun.reflect.GeneratedSerializationConstructorAccessor183
4360:             1             16  sun.reflect.GeneratedSerializationConstructorAccessor184
4361:             1             16  sun.reflect.GeneratedSerializationConstructorAccessor185
4362:             1             16  sun.reflect.GeneratedSerializationConstructorAccessor186
4363:             1             16  sun.reflect.GeneratedSerializationConstructorAccessor187
4364:             1             16  sun.reflect.GeneratedSerializationConstructorAccessor188
4365:             1             16  sun.reflect.GeneratedSerializationConstructorAccessor189
4366:             1             16  sun.reflect.GeneratedSerializationConstructorAccessor19
4367:             1             16  sun.reflect.GeneratedSerializationConstructorAccessor190
4368:             1             16  sun.reflect.GeneratedSerializationConstructorAccessor191
4369:             1             16  sun.reflect.GeneratedSerializationConstructorAccessor192
4370:             1             16  sun.reflect.GeneratedSerializationConstructorAccessor193
4371:             1             16  sun.reflect.GeneratedSerializationConstructorAccessor194
4372:             1             16  sun.reflect.GeneratedSerializationConstructorAccessor195
4373:             1             16  sun.reflect.GeneratedSerializationConstructorAccessor196
4374:             1             16  sun.reflect.GeneratedSerializationConstructorAccessor197
4375:             1             16  sun.reflect.GeneratedSerializationConstructorAccessor198
4376:             1             16  sun.reflect.GeneratedSerializationConstructorAccessor199
4377:             1             16  sun.reflect.GeneratedSerializationConstructorAccessor2
4378:             1             16  sun.reflect.GeneratedSerializationConstructorAccessor20
4379:             1             16  sun.reflect.GeneratedSerializationConstructorAccessor200
4380:             1             16  sun.reflect.GeneratedSerializationConstructorAccessor201
4381:             1             16  sun.reflect.GeneratedSerializationConstructorAccessor202
4382:             1             16  sun.reflect.GeneratedSerializationConstructorAccessor203
4383:             1             16  sun.reflect.GeneratedSerializationConstructorAccessor204
4384:             1             16  sun.reflect.GeneratedSerializationConstructorAccessor205
4385:             1             16  sun.reflect.GeneratedSerializationConstructorAccessor206
4386:             1             16  sun.reflect.GeneratedSerializationConstructorAccessor207
4387:             1             16  sun.reflect.GeneratedSerializationConstructorAccessor208
4388:             1             16  sun.reflect.GeneratedSerializationConstructorAccessor209
4389:             1             16  sun.reflect.GeneratedSerializationConstructorAccessor21
4390:             1             16  sun.reflect.GeneratedSerializationConstructorAccessor210
4391:             1             16  sun.reflect.GeneratedSerializationConstructorAccessor211
4392:             1             16  sun.reflect.GeneratedSerializationConstructorAccessor212
4393:             1             16  sun.reflect.GeneratedSerializationConstructorAccessor213
4394:             1             16  sun.reflect.GeneratedSerializationConstructorAccessor214
4395:             1             16  sun.reflect.GeneratedSerializationConstructorAccessor215
4396:             1             16  sun.reflect.GeneratedSerializationConstructorAccessor216
4397:             1             16  sun.reflect.GeneratedSerializationConstructorAccessor217
4398:             1             16  sun.reflect.GeneratedSerializationConstructorAccessor218
4399:             1             16  sun.reflect.GeneratedSerializationConstructorAccessor219
4400:             1             16  sun.reflect.GeneratedSerializationConstructorAccessor22
4401:             1             16  sun.reflect.GeneratedSerializationConstructorAccessor220
4402:             1             16  sun.reflect.GeneratedSerializationConstructorAccessor221
4403:             1             16  sun.reflect.GeneratedSerializationConstructorAccessor222
4404:             1             16  sun.reflect.GeneratedSerializationConstructorAccessor223
4405:             1             16  sun.reflect.GeneratedSerializationConstructorAccessor224
4406:             1             16  sun.reflect.GeneratedSerializationConstructorAccessor225
4407:             1             16  sun.reflect.GeneratedSerializationConstructorAccessor226
4408:             1             16  sun.reflect.GeneratedSerializationConstructorAccessor227
4409:             1             16  sun.reflect.GeneratedSerializationConstructorAccessor228
4410:             1             16  sun.reflect.GeneratedSerializationConstructorAccessor229
4411:             1             16  sun.reflect.GeneratedSerializationConstructorAccessor23
4412:             1             16  sun.reflect.GeneratedSerializationConstructorAccessor230
4413:             1             16  sun.reflect.GeneratedSerializationConstructorAccessor231
4414:             1             16  sun.reflect.GeneratedSerializationConstructorAccessor232
4415:             1             16  sun.reflect.GeneratedSerializationConstructorAccessor233
4416:             1             16  sun.reflect.GeneratedSerializationConstructorAccessor234
4417:             1             16  sun.reflect.GeneratedSerializationConstructorAccessor235
4418:             1             16  sun.reflect.GeneratedSerializationConstructorAccessor236
4419:             1             16  sun.reflect.GeneratedSerializationConstructorAccessor237
4420:             1             16  sun.reflect.GeneratedSerializationConstructorAccessor238
4421:             1             16  sun.reflect.GeneratedSerializationConstructorAccessor239
4422:             1             16  sun.reflect.GeneratedSerializationConstructorAccessor24
4423:             1             16  sun.reflect.GeneratedSerializationConstructorAccessor240
4424:             1             16  sun.reflect.GeneratedSerializationConstructorAccessor241
4425:             1             16  sun.reflect.GeneratedSerializationConstructorAccessor242
4426:             1             16  sun.reflect.GeneratedSerializationConstructorAccessor243
4427:             1             16  sun.reflect.GeneratedSerializationConstructorAccessor244
4428:             1             16  sun.reflect.GeneratedSerializationConstructorAccessor245
4429:             1             16  sun.reflect.GeneratedSerializationConstructorAccessor246
4430:             1             16  sun.reflect.GeneratedSerializationConstructorAccessor247
4431:             1             16  sun.reflect.GeneratedSerializationConstructorAccessor248
4432:             1             16  sun.reflect.GeneratedSerializationConstructorAccessor249
4433:             1             16  sun.reflect.GeneratedSerializationConstructorAccessor25
4434:             1             16  sun.reflect.GeneratedSerializationConstructorAccessor250
4435:             1             16  sun.reflect.GeneratedSerializationConstructorAccessor251
4436:             1             16  sun.reflect.GeneratedSerializationConstructorAccessor252
4437:             1             16  sun.reflect.GeneratedSerializationConstructorAccessor253
4438:             1             16  sun.reflect.GeneratedSerializationConstructorAccessor254
4439:             1             16  sun.reflect.GeneratedSerializationConstructorAccessor255
4440:             1             16  sun.reflect.GeneratedSerializationConstructorAccessor256
4441:             1             16  sun.reflect.GeneratedSerializationConstructorAccessor257
4442:             1             16  sun.reflect.GeneratedSerializationConstructorAccessor258
4443:             1             16  sun.reflect.GeneratedSerializationConstructorAccessor259
4444:             1             16  sun.reflect.GeneratedSerializationConstructorAccessor26
4445:             1             16  sun.reflect.GeneratedSerializationConstructorAccessor260
4446:             1             16  sun.reflect.GeneratedSerializationConstructorAccessor261
4447:             1             16  sun.reflect.GeneratedSerializationConstructorAccessor262
4448:             1             16  sun.reflect.GeneratedSerializationConstructorAccessor263
4449:             1             16  sun.reflect.GeneratedSerializationConstructorAccessor264
4450:             1             16  sun.reflect.GeneratedSerializationConstructorAccessor265
4451:             1             16  sun.reflect.GeneratedSerializationConstructorAccessor266
4452:             1             16  sun.reflect.GeneratedSerializationConstructorAccessor267
4453:             1             16  sun.reflect.GeneratedSerializationConstructorAccessor268
4454:             1             16  sun.reflect.GeneratedSerializationConstructorAccessor269
4455:             1             16  sun.reflect.GeneratedSerializationConstructorAccessor27
4456:             1             16  sun.reflect.GeneratedSerializationConstructorAccessor270
4457:             1             16  sun.reflect.GeneratedSerializationConstructorAccessor271
4458:             1             16  sun.reflect.GeneratedSerializationConstructorAccessor272
4459:             1             16  sun.reflect.GeneratedSerializationConstructorAccessor273
4460:             1             16  sun.reflect.GeneratedSerializationConstructorAccessor274
4461:             1             16  sun.reflect.GeneratedSerializationConstructorAccessor275
4462:             1             16  sun.reflect.GeneratedSerializationConstructorAccessor276
4463:             1             16  sun.reflect.GeneratedSerializationConstructorAccessor277
4464:             1             16  sun.reflect.GeneratedSerializationConstructorAccessor278
4465:             1             16  sun.reflect.GeneratedSerializationConstructorAccessor279
4466:             1             16  sun.reflect.GeneratedSerializationConstructorAccessor28
4467:             1             16  sun.reflect.GeneratedSerializationConstructorAccessor280
4468:             1             16  sun.reflect.GeneratedSerializationConstructorAccessor281
4469:             1             16  sun.reflect.GeneratedSerializationConstructorAccessor282
4470:             1             16  sun.reflect.GeneratedSerializationConstructorAccessor283
4471:             1             16  sun.reflect.GeneratedSerializationConstructorAccessor284
4472:             1             16  sun.reflect.GeneratedSerializationConstructorAccessor285
4473:             1             16  sun.reflect.GeneratedSerializationConstructorAccessor286
4474:             1             16  sun.reflect.GeneratedSerializationConstructorAccessor287
4475:             1             16  sun.reflect.GeneratedSerializationConstructorAccessor288
4476:             1             16  sun.reflect.GeneratedSerializationConstructorAccessor289
4477:             1             16  sun.reflect.GeneratedSerializationConstructorAccessor29
4478:             1             16  sun.reflect.GeneratedSerializationConstructorAccessor290
4479:             1             16  sun.reflect.GeneratedSerializationConstructorAccessor291
4480:             1             16  sun.reflect.GeneratedSerializationConstructorAccessor292
4481:             1             16  sun.reflect.GeneratedSerializationConstructorAccessor293
4482:             1             16  sun.reflect.GeneratedSerializationConstructorAccessor294
4483:             1             16  sun.reflect.GeneratedSerializationConstructorAccessor295
4484:             1             16  sun.reflect.GeneratedSerializationConstructorAccessor296
4485:             1             16  sun.reflect.GeneratedSerializationConstructorAccessor297
4486:             1             16  sun.reflect.GeneratedSerializationConstructorAccessor298
4487:             1             16  sun.reflect.GeneratedSerializationConstructorAccessor299
4488:             1             16  sun.reflect.GeneratedSerializationConstructorAccessor3
4489:             1             16  sun.reflect.GeneratedSerializationConstructorAccessor30
4490:             1             16  sun.reflect.GeneratedSerializationConstructorAccessor300
4491:             1             16  sun.reflect.GeneratedSerializationConstructorAccessor301
4492:             1             16  sun.reflect.GeneratedSerializationConstructorAccessor302
4493:             1             16  sun.reflect.GeneratedSerializationConstructorAccessor303
4494:             1             16  sun.reflect.GeneratedSerializationConstructorAccessor304
4495:             1             16  sun.reflect.GeneratedSerializationConstructorAccessor305
4496:             1             16  sun.reflect.GeneratedSerializationConstructorAccessor306
4497:             1             16  sun.reflect.GeneratedSerializationConstructorAccessor307
4498:             1             16  sun.reflect.GeneratedSerializationConstructorAccessor308
4499:             1             16  sun.reflect.GeneratedSerializationConstructorAccessor309
4500:             1             16  sun.reflect.GeneratedSerializationConstructorAccessor31
4501:             1             16  sun.reflect.GeneratedSerializationConstructorAccessor310
4502:             1             16  sun.reflect.GeneratedSerializationConstructorAccessor311
4503:             1             16  sun.reflect.GeneratedSerializationConstructorAccessor312
4504:             1             16  sun.reflect.GeneratedSerializationConstructorAccessor313
4505:             1             16  sun.reflect.GeneratedSerializationConstructorAccessor314
4506:             1             16  sun.reflect.GeneratedSerializationConstructorAccessor315
4507:             1             16  sun.reflect.GeneratedSerializationConstructorAccessor316
4508:             1             16  sun.reflect.GeneratedSerializationConstructorAccessor317
4509:             1             16  sun.reflect.GeneratedSerializationConstructorAccessor318
4510:             1             16  sun.reflect.GeneratedSerializationConstructorAccessor319
4511:             1             16  sun.reflect.GeneratedSerializationConstructorAccessor32
4512:             1             16  sun.reflect.GeneratedSerializationConstructorAccessor320
4513:             1             16  sun.reflect.GeneratedSerializationConstructorAccessor321
4514:             1             16  sun.reflect.GeneratedSerializationConstructorAccessor322
4515:             1             16  sun.reflect.GeneratedSerializationConstructorAccessor323
4516:             1             16  sun.reflect.GeneratedSerializationConstructorAccessor324
4517:             1             16  sun.reflect.GeneratedSerializationConstructorAccessor325
4518:             1             16  sun.reflect.GeneratedSerializationConstructorAccessor326
4519:             1             16  sun.reflect.GeneratedSerializationConstructorAccessor327
4520:             1             16  sun.reflect.GeneratedSerializationConstructorAccessor328
4521:             1             16  sun.reflect.GeneratedSerializationConstructorAccessor329
4522:             1             16  sun.reflect.GeneratedSerializationConstructorAccessor33
4523:             1             16  sun.reflect.GeneratedSerializationConstructorAccessor330
4524:             1             16  sun.reflect.GeneratedSerializationConstructorAccessor331
4525:             1             16  sun.reflect.GeneratedSerializationConstructorAccessor332
4526:             1             16  sun.reflect.GeneratedSerializationConstructorAccessor333
4527:             1             16  sun.reflect.GeneratedSerializationConstructorAccessor334
4528:             1             16  sun.reflect.GeneratedSerializationConstructorAccessor335
4529:             1             16  sun.reflect.GeneratedSerializationConstructorAccessor336
4530:             1             16  sun.reflect.GeneratedSerializationConstructorAccessor337
4531:             1             16  sun.reflect.GeneratedSerializationConstructorAccessor338
4532:             1             16  sun.reflect.GeneratedSerializationConstructorAccessor339
4533:             1             16  sun.reflect.GeneratedSerializationConstructorAccessor34
4534:             1             16  sun.reflect.GeneratedSerializationConstructorAccessor340
4535:             1             16  sun.reflect.GeneratedSerializationConstructorAccessor341
4536:             1             16  sun.reflect.GeneratedSerializationConstructorAccessor342
4537:             1             16  sun.reflect.GeneratedSerializationConstructorAccessor343
4538:             1             16  sun.reflect.GeneratedSerializationConstructorAccessor344
4539:             1             16  sun.reflect.GeneratedSerializationConstructorAccessor345
4540:             1             16  sun.reflect.GeneratedSerializationConstructorAccessor346
4541:             1             16  sun.reflect.GeneratedSerializationConstructorAccessor347
4542:             1             16  sun.reflect.GeneratedSerializationConstructorAccessor348
4543:             1             16  sun.reflect.GeneratedSerializationConstructorAccessor349
4544:             1             16  sun.reflect.GeneratedSerializationConstructorAccessor35
4545:             1             16  sun.reflect.GeneratedSerializationConstructorAccessor350
4546:             1             16  sun.reflect.GeneratedSerializationConstructorAccessor351
4547:             1             16  sun.reflect.GeneratedSerializationConstructorAccessor352
4548:             1             16  sun.reflect.GeneratedSerializationConstructorAccessor353
4549:             1             16  sun.reflect.GeneratedSerializationConstructorAccessor354
4550:             1             16  sun.reflect.GeneratedSerializationConstructorAccessor355
4551:             1             16  sun.reflect.GeneratedSerializationConstructorAccessor356
4552:             1             16  sun.reflect.GeneratedSerializationConstructorAccessor357
4553:             1             16  sun.reflect.GeneratedSerializationConstructorAccessor358
4554:             1             16  sun.reflect.GeneratedSerializationConstructorAccessor359
4555:             1             16  sun.reflect.GeneratedSerializationConstructorAccessor36
4556:             1             16  sun.reflect.GeneratedSerializationConstructorAccessor360
4557:             1             16  sun.reflect.GeneratedSerializationConstructorAccessor361
4558:             1             16  sun.reflect.GeneratedSerializationConstructorAccessor362
4559:             1             16  sun.reflect.GeneratedSerializationConstructorAccessor363
4560:             1             16  sun.reflect.GeneratedSerializationConstructorAccessor364
4561:             1             16  sun.reflect.GeneratedSerializationConstructorAccessor365
4562:             1             16  sun.reflect.GeneratedSerializationConstructorAccessor366
4563:             1             16  sun.reflect.GeneratedSerializationConstructorAccessor367
4564:             1             16  sun.reflect.GeneratedSerializationConstructorAccessor368
4565:             1             16  sun.reflect.GeneratedSerializationConstructorAccessor369
4566:             1             16  sun.reflect.GeneratedSerializationConstructorAccessor37
4567:             1             16  sun.reflect.GeneratedSerializationConstructorAccessor370
4568:             1             16  sun.reflect.GeneratedSerializationConstructorAccessor371
4569:             1             16  sun.reflect.GeneratedSerializationConstructorAccessor372
4570:             1             16  sun.reflect.GeneratedSerializationConstructorAccessor373
4571:             1             16  sun.reflect.GeneratedSerializationConstructorAccessor374
4572:             1             16  sun.reflect.GeneratedSerializationConstructorAccessor375
4573:             1             16  sun.reflect.GeneratedSerializationConstructorAccessor376
4574:             1             16  sun.reflect.GeneratedSerializationConstructorAccessor377
4575:             1             16  sun.reflect.GeneratedSerializationConstructorAccessor378
4576:             1             16  sun.reflect.GeneratedSerializationConstructorAccessor379
4577:             1             16  sun.reflect.GeneratedSerializationConstructorAccessor38
4578:             1             16  sun.reflect.GeneratedSerializationConstructorAccessor380
4579:             1             16  sun.reflect.GeneratedSerializationConstructorAccessor381
4580:             1             16  sun.reflect.GeneratedSerializationConstructorAccessor382
4581:             1             16  sun.reflect.GeneratedSerializationConstructorAccessor383
4582:             1             16  sun.reflect.GeneratedSerializationConstructorAccessor384
4583:             1             16  sun.reflect.GeneratedSerializationConstructorAccessor385
4584:             1             16  sun.reflect.GeneratedSerializationConstructorAccessor386
4585:             1             16  sun.reflect.GeneratedSerializationConstructorAccessor387
4586:             1             16  sun.reflect.GeneratedSerializationConstructorAccessor388
4587:             1             16  sun.reflect.GeneratedSerializationConstructorAccessor389
4588:             1             16  sun.reflect.GeneratedSerializationConstructorAccessor39
4589:             1             16  sun.reflect.GeneratedSerializationConstructorAccessor390
4590:             1             16  sun.reflect.GeneratedSerializationConstructorAccessor391
4591:             1             16  sun.reflect.GeneratedSerializationConstructorAccessor392
4592:             1             16  sun.reflect.GeneratedSerializationConstructorAccessor393
4593:             1             16  sun.reflect.GeneratedSerializationConstructorAccessor394
4594:             1             16  sun.reflect.GeneratedSerializationConstructorAccessor395
4595:             1             16  sun.reflect.GeneratedSerializationConstructorAccessor396
4596:             1             16  sun.reflect.GeneratedSerializationConstructorAccessor397
4597:             1             16  sun.reflect.GeneratedSerializationConstructorAccessor398
4598:             1             16  sun.reflect.GeneratedSerializationConstructorAccessor399
4599:             1             16  sun.reflect.GeneratedSerializationConstructorAccessor4
4600:             1             16  sun.reflect.GeneratedSerializationConstructorAccessor40
4601:             1             16  sun.reflect.GeneratedSerializationConstructorAccessor400
4602:             1             16  sun.reflect.GeneratedSerializationConstructorAccessor401
4603:             1             16  sun.reflect.GeneratedSerializationConstructorAccessor402
4604:             1             16  sun.reflect.GeneratedSerializationConstructorAccessor403
4605:             1             16  sun.reflect.GeneratedSerializationConstructorAccessor41
4606:             1             16  sun.reflect.GeneratedSerializationConstructorAccessor42
4607:             1             16  sun.reflect.GeneratedSerializationConstructorAccessor43
4608:             1             16  sun.reflect.GeneratedSerializationConstructorAccessor44
4609:             1             16  sun.reflect.GeneratedSerializationConstructorAccessor45
4610:             1             16  sun.reflect.GeneratedSerializationConstructorAccessor46
4611:             1             16  sun.reflect.GeneratedSerializationConstructorAccessor47
4612:             1             16  sun.reflect.GeneratedSerializationConstructorAccessor48
4613:             1             16  sun.reflect.GeneratedSerializationConstructorAccessor49
4614:             1             16  sun.reflect.GeneratedSerializationConstructorAccessor5
4615:             1             16  sun.reflect.GeneratedSerializationConstructorAccessor50
4616:             1             16  sun.reflect.GeneratedSerializationConstructorAccessor51
4617:             1             16  sun.reflect.GeneratedSerializationConstructorAccessor52
4618:             1             16  sun.reflect.GeneratedSerializationConstructorAccessor53
4619:             1             16  sun.reflect.GeneratedSerializationConstructorAccessor54
4620:             1             16  sun.reflect.GeneratedSerializationConstructorAccessor55
4621:             1             16  sun.reflect.GeneratedSerializationConstructorAccessor56
4622:             1             16  sun.reflect.GeneratedSerializationConstructorAccessor57
4623:             1             16  sun.reflect.GeneratedSerializationConstructorAccessor58
4624:             1             16  sun.reflect.GeneratedSerializationConstructorAccessor59
4625:             1             16  sun.reflect.GeneratedSerializationConstructorAccessor6
4626:             1             16  sun.reflect.GeneratedSerializationConstructorAccessor60
4627:             1             16  sun.reflect.GeneratedSerializationConstructorAccessor61
4628:             1             16  sun.reflect.GeneratedSerializationConstructorAccessor62
4629:             1             16  sun.reflect.GeneratedSerializationConstructorAccessor63
4630:             1             16  sun.reflect.GeneratedSerializationConstructorAccessor64
4631:             1             16  sun.reflect.GeneratedSerializationConstructorAccessor65
4632:             1             16  sun.reflect.GeneratedSerializationConstructorAccessor66
4633:             1             16  sun.reflect.GeneratedSerializationConstructorAccessor67
4634:             1             16  sun.reflect.GeneratedSerializationConstructorAccessor68
4635:             1             16  sun.reflect.GeneratedSerializationConstructorAccessor69
4636:             1             16  sun.reflect.GeneratedSerializationConstructorAccessor7
4637:             1             16  sun.reflect.GeneratedSerializationConstructorAccessor70
4638:             1             16  sun.reflect.GeneratedSerializationConstructorAccessor71
4639:             1             16  sun.reflect.GeneratedSerializationConstructorAccessor72
4640:             1             16  sun.reflect.GeneratedSerializationConstructorAccessor73
4641:             1             16  sun.reflect.GeneratedSerializationConstructorAccessor74
4642:             1             16  sun.reflect.GeneratedSerializationConstructorAccessor75
4643:             1             16  sun.reflect.GeneratedSerializationConstructorAccessor76
4644:             1             16  sun.reflect.GeneratedSerializationConstructorAccessor77
4645:             1             16  sun.reflect.GeneratedSerializationConstructorAccessor78
4646:             1             16  sun.reflect.GeneratedSerializationConstructorAccessor79
4647:             1             16  sun.reflect.GeneratedSerializationConstructorAccessor8
4648:             1             16  sun.reflect.GeneratedSerializationConstructorAccessor80
4649:             1             16  sun.reflect.GeneratedSerializationConstructorAccessor81
4650:             1             16  sun.reflect.GeneratedSerializationConstructorAccessor82
4651:             1             16  sun.reflect.GeneratedSerializationConstructorAccessor83
4652:             1             16  sun.reflect.GeneratedSerializationConstructorAccessor84
4653:             1             16  sun.reflect.GeneratedSerializationConstructorAccessor85
4654:             1             16  sun.reflect.GeneratedSerializationConstructorAccessor86
4655:             1             16  sun.reflect.GeneratedSerializationConstructorAccessor87
4656:             1             16  sun.reflect.GeneratedSerializationConstructorAccessor88
4657:             1             16  sun.reflect.GeneratedSerializationConstructorAccessor89
4658:             1             16  sun.reflect.GeneratedSerializationConstructorAccessor9
4659:             1             16  sun.reflect.GeneratedSerializationConstructorAccessor90
4660:             1             16  sun.reflect.GeneratedSerializationConstructorAccessor91
4661:             1             16  sun.reflect.GeneratedSerializationConstructorAccessor92
4662:             1             16  sun.reflect.GeneratedSerializationConstructorAccessor93
4663:             1             16  sun.reflect.GeneratedSerializationConstructorAccessor94
4664:             1             16  sun.reflect.GeneratedSerializationConstructorAccessor95
4665:             1             16  sun.reflect.GeneratedSerializationConstructorAccessor96
4666:             1             16  sun.reflect.GeneratedSerializationConstructorAccessor97
4667:             1             16  sun.reflect.GeneratedSerializationConstructorAccessor98
4668:             1             16  sun.reflect.GeneratedSerializationConstructorAccessor99
4669:             1             16  sun.reflect.ReflectionFactory
4670:             1             16  sun.reflect.generics.tree.TypeVariableSignature
4671:             1             16  sun.rmi.registry.RegistryImpl$$Lambda$536/568991133
4672:             1             16  sun.rmi.registry.RegistryImpl$$Lambda$537/2028177366
4673:             1             16  sun.rmi.runtime.Log$LoggerLogFactory
4674:             1             16  sun.rmi.runtime.RuntimeUtil
4675:             1             16  sun.rmi.server.UnicastRef
4676:             1             16  sun.rmi.server.UnicastServerRef$HashToMethod_Maps
4677:             1             16  sun.rmi.transport.DGCImpl$$Lambda$538/1246052237
4678:             1             16  sun.rmi.transport.DGCImpl$2$$Lambda$539/1397904249
4679:             1             16  sun.rmi.transport.DGCImpl_Skel
4680:             1             16  sun.rmi.transport.DGCImpl_Stub
4681:             1             16  sun.rmi.transport.ObjectTable$Reaper
4682:             1             16  sun.rmi.transport.proxy.RMIDirectSocketFactory
4683:             1             16  sun.rmi.transport.tcp.TCPTransport$1
4684:             1             16  sun.security.action.GetBooleanAction
4685:             1             16  sun.security.ssl.DummyX509KeyManager
4686:             1             16  sun.security.ssl.DummyX509TrustManager
4687:             1             16  sun.security.util.ByteArrayLexOrder
4688:             1             16  sun.security.util.ByteArrayTagOrder
4689:             1             16  sun.security.x509.GeneralSubtrees
4690:             1             16  sun.text.normalizer.NormalizerBase$Mode
4691:             1             16  sun.text.normalizer.NormalizerBase$NFCMode
4692:             1             16  sun.text.normalizer.NormalizerBase$NFDMode
4693:             1             16  sun.text.normalizer.NormalizerBase$NFKCMode
4694:             1             16  sun.text.normalizer.NormalizerBase$NFKDMode
4695:             1             16  sun.util.CoreResourceBundleControl
4696:             1             16  sun.util.calendar.Gregorian
4697:             1             16  sun.util.locale.InternalLocaleBuilder$CaseInsensitiveChar
4698:             1             16  sun.util.locale.provider.AuxLocaleProviderAdapter$NullProvider
4699:             1             16  sun.util.locale.provider.CalendarDataUtility$CalendarWeekParameterGetter
4700:             1             16  sun.util.locale.provider.SPILocaleProviderAdapter
4701:             1             16  sun.util.locale.provider.TimeZoneNameUtility$TimeZoneNameGetter
4702:             1             16  sun.util.resources.LocaleData
4703:             1             16  sun.util.resources.LocaleData$LocaleDataResourceBundleControl
Total       2644067      216388104
, 0,0574951 secs]
 221M->51196K(1024M), 0,1631864 secs]
   [Eden: 156,0M(597,0M)->0,0B(614,0M) Survivors: 17408,0K->0,0B Heap: 221,5M(1024,0M)->51196,8K(1024,0M)], [Metaspace: 42171K->42171K(1087488K)]
2,961: [Class Histogram (after full gc): 
 num     #instances         #bytes  class name
----------------------------------------------
   1:        132206       11340384  [C
   2:          9466        7014616  [B
   3:        156149        4996768  java.util.HashMap$Node
   4:         99469        3183008  com.lucent.aaa.LongMap$a
   5:        131964        3167136  java.lang.String
   6:         10734        2406136  [Ljava.util.HashMap$Node;
   7:         19030        2131360  com.lucent.aaa.GeneralAttribute
   8:         46819        1498208  java.util.concurrent.ConcurrentHashMap$Node
   9:         22801        1468096  [Ljava.lang.Object;
  10:          8329         955792  java.lang.Class
  11:          1457         640160  [Lcom.lucent.aaa.LongMap$a;
  12:          8802         492912  com.lucent.aaa.log.LogEntry
  13:         12068         482720  org.jdom2.Attribute
  14:         11417         456680  java.util.LinkedHashMap$Entry
  15:           562         452616  [Ljava.util.concurrent.ConcurrentHashMap$Node;
  16:         13899         444768  com.lucent.aaa.Normal
  17:         16760         402240  com.lucent.aaa.log.CyclicDirector$LineWrapper
  18:         16262         390288  java.util.ArrayList
  19:          4354         383152  java.lang.reflect.Method
  20:          9530         381200  com.lucent.aaa.EnumCodePair
  21:         14320         343680  com.lucent.aaa.IntMap$a
  22:             5         327760  [Lcom.lucent.aaa.log.CyclicDirector$LineWrapper;
  23:          4562         322976  [Lcom.lucent.aaa.IntMap$a;
  24:         13253         318072  com.lucent.aaa.Normal$b
  25:          6564         315072  com.lucent.aaa.NormalMap
  26:          3879         310320  java.lang.reflect.Constructor
  27:          9447         302304  java.util.Hashtable$Entry
  28:          8738         279616  com.lucent.aaa.log.CyclicDirector$EntryWrapper
  29:          5421         260208  java.util.HashMap
  30:          4227         244296  [I
  31:          7035         225120  com.lucent.aaa.cf$a
  32:          9284         206064  [Ljava.lang.Class;
  33:          4814         192560  org.jdom2.ContentList
  34:          4813         192520  org.jdom2.Element
  35:          4562         182480  com.lucent.aaa.IntMap
  36:          2353         169416  com.lucent.aaa.stat.Variable
  37:         10174         162784  java.lang.Object
  38:          4813         154288  [Lorg.jdom2.Attribute;
  39:          4813         154016  org.jdom2.AttributeList
  40:          2916         138624  [Ljava.lang.String;
  41:          4027         128864  com.lucent.aaa.diameter.AvpRule
  42:          3138         125520  java.lang.ref.Finalizer
  43:           242         122848  [Lorg.antlr.v4.runtime.dfa.DFAState;
  44:          2072         116032  java.lang.Class$ReflectionData
  45:          4814         115536  org.jdom2.Text
  46:           663         113144  [Ljava.util.Hashtable$Entry;
  47:          2796         111840  java.lang.ref.SoftReference
  48:          1982         110992  java.security.Provider$Service
  49:          4204         100896  java.security.Provider$ServiceKey
  50:          2032          97536  org.antlr.v4.runtime.CommonToken
  51:          4059          97416  java.util.jar.Attributes$Name
  52:          1184          85248  java.lang.reflect.Field
  53:          5322          85152  java.util.HashMap$EntrySet
  54:          1182          75648  java.util.concurrent.ConcurrentHashMap
  55:           476          67304  [Lcom.lucent.aaa.Normal;
  56:          1159          64904  java.util.zip.ZipFile$ZipFileInflaterInputStream
  57:          1159          64904  java.util.zip.ZipFile$ZipFileInputStream
  58:          1994          63808  org.antlr.v4.runtime.atn.ATNConfig
  59:          1068          59808  java.lang.invoke.MemberName
  60:          3522          56352  java.util.jar.Attributes
  61:          1712          54784  sun.security.util.ObjectIdentifier
  62:          1276          51040  org.antlr.v4.runtime.atn.LexerATNConfig
  63:          1249          49960  com.lucent.aaa.log.Message$a
  64:          2032          48768  org.antlr.v4.runtime.tree.TerminalNodeImpl
  65:             2          48616  [Lorg.jdom2.Content;
  66:           597          48400  [Ljava.util.WeakHashMap$Entry;
  67:          1457          46624  com.lucent.aaa.LongMap
  68:          1453          46496  java.util.concurrent.locks.ReentrantLock$NonfairSync
  69:          1838          44216  [Ljava.lang.reflect.Constructor;
  70:          1085          43400  java.math.BigInteger
  71:          1337          42784  java.util.Vector
  72:           411          42744  java.io.ObjectStreamClass
  73:           941          37640  org.antlr.v4.runtime.atn.BasicState
  74:          1138          36416  sun.security.util.DerInputBuffer
  75:          1138          36416  sun.security.util.DerValue
  76:           817          32680  java.util.TreeMap$Entry
  77:          1348          32352  com.lucent.aaa.log.f
  78:           426          30672  sun.reflect.DelegatingClassLoader
  79:           634          30432  com.lucent.aaa.value.MapValue$Entry
  80:           663          29912  [Ljava.lang.reflect.Method;
  81:           623          29904  java.util.Hashtable
  82:           592          28416  java.util.WeakHashMap
  83:          1138          27312  sun.security.util.DerInputStream
  84:          1119          26856  sun.reflect.NativeConstructorAccessorImpl
  85:           839          26848  java.lang.invoke.DirectMethodHandle
  86:          1118          26832  [Lsun.security.x509.AVA;
  87:          1118          26832  sun.security.x509.AVA
  88:          1118          26832  sun.security.x509.RDN
  89:          1105          26520  org.antlr.v4.runtime.atn.EpsilonTransition
  90:           377          24128  java.net.URL
  91:          1454          23264  java.util.concurrent.locks.ReentrantLock
  92:           709          22688  java.lang.invoke.BoundMethodHandle$Species_L
  93:           696          22272  java.util.concurrent.atomic.LongAdder
  94:           538          21520  sun.nio.cs.UTF_8$Decoder
  95:           428          20544  java.util.TreeMap
  96:          1249          19984  com.lucent.aaa.log.Message
  97:           623          19936  java.lang.ref.ReferenceQueue
  98:           812          19488  java.util.LinkedList$Node
  99:           330          18480  sun.security.ssl.CipherSuite
 100:          1134          18144  sun.reflect.DelegatingConstructorAccessorImpl
 101:           453          18120  java.security.ProtectionDomain
 102:           161          18032  com.lucent.aaa.property.BooleanPropertyInfo
 103:           749          17976  javax.measure.unit.TransformedUnit
 104:           307          17192  java.lang.Package
 105:           537          17184  java.util.zip.ZipCoder
 106:           353          16944  java.util.zip.ZipFile
 107:           403          16120  java.lang.invoke.MethodType
 108:           999          15984  com.lucent.aaa.cf
 109:           499          15968  org.antlr.v4.runtime.atn.SingletonPredictionContext
 110:           659          15816  org.bouncycastle.asn1.ASN1ObjectIdentifier
 111:           204          15808  [J
 112:           658          15792  java.lang.Long
 113:           163          15648  java.util.jar.JarFile$JarFileEntry
 114:           937          14992  javax.swing.event.EventListenerList
 115:           602          14448  java.util.concurrent.atomic.AtomicLong
 116:           449          14368  java.security.CodeSource
 117:           295          14160  sun.security.x509.X500Name
 118:           430          13760  java.util.LinkedList
 119:           429          13728  com.lucent.aaa.diameter.AvpRuleSet
 120:           568          13632  org.antlr.v4.runtime.atn.AtomTransition
 121:           567          13600  [Ljava.security.cert.Certificate;
 122:           424          13568  java.lang.invoke.MethodType$ConcurrentWeakInternSet$WeakEntry
 123:           334          13360  com.lucent.aaa.cal.c$e
 124:           417          13344  sun.security.x509.AlgorithmId
 125:           833          13328  java.lang.Integer
 126:           411          13152  java.io.ObjectStreamClass$WeakClassKey
 127:           543          13032  java.util.ArrayDeque
 128:           543          13032  java.util.concurrent.CopyOnWriteArrayList
 129:           323          12920  java.io.ObjectStreamField
 130:           323          12920  org.antlr.v4.runtime.dfa.DFAState
 131:             3          12336  [Ljava.nio.ByteBuffer;
 132:           125          12000  com.lucent.aaa.property.StringPropertyInfo
 133:           211          11816  sun.nio.cs.UTF_8$Encoder
 134:           145          11600  com.lucent.aaa.cal.b
 135:           456          11496  [Ljava.lang.reflect.Field;
 136:           178          11392  java.util.jar.JarFile
 137:            95          11120  [Lcom.lucent.aaa.value.MapValue$Entry;
 138:           139          11120  sun.security.x509.X509CertImpl
 139:           229          10992  org.antlr.v4.runtime.atn.LexerATNSimulator
 140:           341          10912  sun.misc.FDBigInteger
 141:           232          10432  [Z
 142:           181          10136  sun.misc.URLClassPath$JarLoader
 143:           625          10000  java.lang.ref.ReferenceQueue$Lock
 144:           295           9968  [Lsun.security.x509.RDN;
 145:           607           9712  com.lucent.aaa.value.StringValue
 146:            71           9656  com.lucent.aaa.property.DurationPropertyInfo
 147:           297           9504  java.lang.invoke.LambdaForm$Name
 148:           146           8760  [Ljava.lang.ref.SoftReference;
 149:           181           8688  java.util.zip.Inflater
 150:           217           8680  com.lucent.aaa.tal.l$ap
 151:            23           8648  java.lang.Thread
 152:           533           8528  java.util.concurrent.atomic.AtomicInteger
 153:           211           8440  org.antlr.v4.runtime.atn.OrderedATNConfigSet
 154:            51           8160  com.lucent.aaa.property.FeaturePropertyInfo
 155:           139           7784  sun.security.util.MemoryCache$SoftCacheEntry
 156:           139           7784  sun.security.x509.X509CertInfo
 157:           323           7752  com.lucent.aaa.ah$a
 158:            51           7752  com.lucent.aaa.property.MapPropertyInfo
 159:           313           7512  org.antlr.v4.runtime.Recognizer$1
 160:           313           7512  org.antlr.v4.runtime.misc.IntegerStack
 161:           185           7400  com.lucent.aaa.tal.l$bd
 162:            44           7392  com.lucent.aaa.property.FlowLabelPropertyInfo
 163:           229           7328  org.antlr.v4.runtime.CodePointCharStream$CodePoint8BitCharStream
 164:           229           7328  org.antlr.v4.runtime.atn.LexerATNSimulator$SimState
 165:           453           7248  [Ljava.security.Principal;
 166:           453           7248  java.security.ProtectionDomain$Key
 167:            45           7200  com.lucent.aaa.property.LogLevelPropertyInfo
 168:           148           7104  org.antlr.v4.runtime.atn.RuleStartState
 169:             7           7088  [Lorg.apache.derby.client.net.FdocaSimpleDataArray;
 170:           292           7008  java.util.Date
 171:            84           6720  com.lucent.aaa.tal.i
 172:           418           6688  sun.reflect.BootstrapConstructorAccessorImpl
 173:           204           6528  java.lang.StackTraceElement
 174:           267           6408  javax.swing.ButtonGroup
 175:            42           6384  com.lucent.aaa.property.LogChannelPropertyInfo
 176:            77           6288  [Ljava.lang.ThreadLocal$ThreadLocalMap$Entry;
 177:           256           6144  com.lucent.aaa.uss2.w
 178:           109           6104  java.util.LinkedHashMap
 179:           150           6000  java.util.WeakHashMap$Entry
 180:           148           5920  org.antlr.v4.runtime.atn.RuleStopState
 181:           145           5800  com.lucent.aaa.cal.c$f
 182:           181           5792  java.lang.ThreadLocal$ThreadLocalMap$Entry
 183:            48           5760  com.lucent.aaa.property.SignedIntegerPropertyInfo
 184:           119           5712  sun.security.rsa.RSAPublicKeyImpl
 185:           233           5592  org.antlr.v4.runtime.misc.Interval
 186:           230           5520  org.antlr.v4.runtime.misc.Pair
 187:            84           5376  com.lucent.aaa.tal.TalCode
 188:           112           5376  java.lang.invoke.LambdaForm
 189:            14           5320  [[Ljava.lang.String;
 190:           215           5160  javax.management.ImmutableDescriptor
 191:           161           5152  java.lang.ref.WeakReference
 192:           117           5040  [Ljava.lang.invoke.LambdaForm$Name;
 193:            33           4752  com.lucent.aaa.property.BinarySizePropertyInfo
 194:            42           4704  com.lucent.aaa.property.LogMessagePropertyInfo
 195:            84           4704  com.lucent.aaa.tal.l
 196:            84           4704  org.antlr.v4.runtime.atn.ParserATNSimulator
 197:           145           4640  com.lucent.aaa.cal.CalExpression
 198:           116           4640  com.lucent.aaa.tal.l$c
 199:           116           4640  com.lucent.aaa.tal.l$s
 200:           144           4608  com.lucent.aaa.stat.Expression
 201:            96           4608  com.lucent.aaa.stat.ai
 202:           115           4600  java.security.AccessControlContext
 203:           141           4512  java.util.Collections$SynchronizedMap
 204:           112           4480  org.antlr.v4.runtime.atn.ATNConfigSet
 205:           111           4440  com.lucent.aaa.cal.c$b
 206:            92           4416  com.lucent.aaa.value.MapValue
 207:           184           4416  java.util.zip.ZStreamRef
 208:           137           4384  sun.security.x509.BasicConstraintsExtension
 209:           273           4368  java.lang.Byte
 210:           109           4360  org.antlr.v4.runtime.atn.BlockEndState
 211:            77           4312  java.lang.invoke.MethodTypeForm
 212:           134           4288  sun.security.x509.SubjectKeyIdentifierExtension
 213:           131           4192  com.lucent.aaa.GeneralType
 214:           130           4160  com.sun.jmx.mbeanserver.ConvertingMethod
 215:           130           4160  org.antlr.v4.runtime.atn.RuleTransition
 216:           129           4128  sun.security.x509.KeyUsageExtension
 217:           256           4096  java.lang.Short
 218:             1           4024  [Lorg.antlr.v4.runtime.misc.Interval;
 219:            10           4000  com.lucent.aaa.cs$a
 220:           166           3984  com.lucent.aaa.stat.Group$OrdinalInstance
 221:           162           3888  com.lucent.aaa.tal.instruction.ak
 222:           240           3840  java.util.concurrent.atomic.AtomicBoolean
 223:           159           3816  java.util.concurrent.ConcurrentHashMap$KeySetView
 224:           119           3808  org.antlr.v4.runtime.dfa.DFA
 225:            73           3800  [Ljavax.management.MBeanAttributeInfo;
 226:           158           3792  com.lucent.aaa.AccessRuleList$a
 227:           156           3744  com.lucent.aaa.util.ConcurrentHashSet
 228:           116           3712  com.lucent.aaa.tal.instruction.at
 229:            72           3456  javax.management.MBeanInfo
 230:           106           3392  javax.management.MBeanAttributeInfo
 231:            84           3360  com.lucent.aaa.tal.k
 232:           140           3360  java.security.Provider$UString
 233:           139           3336  sun.security.util.BitArray
 234:           139           3336  sun.security.util.Cache$EqualByteArray
 235:           139           3336  sun.security.x509.CertificateValidity
 236:           138           3312  sun.security.x509.CertificateExtensions
 237:           137           3288  java.lang.invoke.LambdaForm$NamedFunction
 238:            82           3280  com.lucent.aaa.diameter.Command
 239:            20           3200  com.lucent.aaa.property.ExceptionFormatPropertyInfo
 240:            80           3200  com.lucent.aaa.tal.l$aw
 241:            57           3192  sun.rmi.transport.Target
 242:            78           3120  com.lucent.aaa.cal.c$h
 243:             8           3072  com.lucent.aaa.ao$a
 244:            94           3008  com.lucent.aaa.cf$b
 245:            75           3000  com.lucent.aaa.tal.l$bq
 246:            30           2976  [Ljava.lang.invoke.MethodHandle;
 247:            26           2912  java.net.SocksSocketImpl
 248:            40           2880  java.util.regex.Pattern
 249:            45           2880  javax.management.openmbean.OpenMBeanAttributeInfoSupport
 250:            89           2848  javax.measure.converter.RationalConverter
 251:           178           2848  sun.security.x509.KeyIdentifier
 252:            85           2840  [Ljava.io.ObjectStreamField;
 253:            87           2784  java.io.FileDescriptor
 254:            56           2688  java.util.logging.LogManager$LoggerWeakRef
 255:            84           2688  org.antlr.v4.runtime.CommonTokenStream
 256:            83           2656  com.lucent.aaa.state.StatsManager$AccumulatorStatistic
 257:           165           2640  java.lang.Character
 258:           109           2616  org.bouncycastle.asn1.ASN1ObjectIdentifier$OidHandle
 259:            81           2592  org.apache.derby.client.net.FdocaSimpleDataArray
 260:           137           2568  [Lcom.sun.jmx.mbeanserver.MXBeanMapping;
 261:            53           2544  sun.util.locale.LocaleObjectCache$CacheEntry
 262:            78           2496  org.apache.derby.impl.services.uuid.BasicUUID
 263:           103           2472  [[C
 264:            61           2440  org.antlr.v4.runtime.atn.LoopEndState
 265:           148           2368  sun.security.x509.SerialNumber
 266:            58           2320  com.lucent.aaa.property.AtFilePropertyInfo$m
 267:            16           2304  java.text.DecimalFormat
 268:            48           2304  org.antlr.v4.runtime.atn.BasicBlockStartState
 269:             9           2304  org.apache.derby.impl.store.raw.data.AllocPage
 270:            95           2280  [Lorg.antlr.v4.runtime.atn.ATNConfig;
 271:            57           2280  sun.rmi.transport.WeakRef
 272:            28           2240  [Ljava.util.concurrent.atomic.LongAdder;
 273:            70           2240  java.util.regex.Pattern$Curly
 274:            56           2240  sun.rmi.server.UnicastServerRef2
 275:            93           2224  [Lcom.lucent.aaa.cf$b;
 276:           139           2224  sun.security.x509.CertificateAlgorithmId
 277:           139           2224  sun.security.x509.CertificateSerialNumber
 278:           139           2224  sun.security.x509.CertificateVersion
 279:           139           2224  sun.security.x509.CertificateX509Key
 280:            91           2184  [Ljava.security.ProtectionDomain;
 281:            54           2160  com.lucent.aaa.tal.l$bc
 282:            54           2160  com.lucent.aaa.tal.l$bj
 283:            67           2144  org.apache.derby.impl.services.monitor.ModuleInstance
 284:            89           2136  com.lucent.aaa.tal.instruction.aj
 285:            89           2136  java.util.Arrays$ArrayList
 286:            38           2128  org.antlr.v4.runtime.atn.StarLoopEntryState
 287:            53           2120  sun.security.ec.NamedCurve
 288:            87           2088  org.antlr.v4.runtime.misc.IntervalSet
 289:           129           2064  com.lucent.aaa.property.AtFilePropertyInfo$k
 290:            16           2048  com.lucent.aaa.property.DiameterResultsPropertyInfo
 291:            85           2040  com.lucent.aaa.stat.Instance
 292:            12           2016  com.lucent.aaa.property.CharSetPropertyInfo
 293:            84           2016  org.antlr.v4.runtime.DefaultErrorStrategy
 294:            50           2000  com.lucent.aaa.tal.l$az
 295:            82           1968  javax.management.ObjectName$Property
 296:             9           1944  org.apache.derby.impl.store.raw.data.RAFContainer4
 297:             1           1928  [Lorg.apache.derby.iapi.services.loader.InstanceGetter;
 298:            73           1920  [Ljavax.management.ObjectName$Property;
 299:             5           1920  com.lucent.aaa.log.CyclicDirector$h
 300:            17           1904  com.lucent.aaa.property.SocketAddressListPropertyInfo
 301:            17           1904  com.lucent.aaa.property.SocketAddressPropertyInfo
 302:            79           1896  com.lucent.aaa.stat.Scale
 303:            26           1872  java.util.logging.Logger
 304:            77           1848  java.lang.ThreadLocal$ThreadLocalMap
 305:            46           1840  com.lucent.aaa.tal.l$g
 306:            23           1840  java.net.URI
 307:           115           1840  java.util.HashSet
 308:            38           1824  org.antlr.v4.runtime.atn.StarBlockStartState
 309:            57           1824  sun.rmi.transport.LiveRef
 310:            75           1800  com.lucent.aaa.GeneralVendor
 311:            75           1800  java.security.spec.ECPoint
 312:             9           1800  org.apache.derby.impl.store.raw.data.StoredPage
 313:            56           1792  java.security.spec.EllipticCurve
 314:            37           1776  java.util.concurrent.ConcurrentHashMap$TreeNode
 315:            44           1760  sun.security.x509.AuthorityKeyIdentifierExtension
 316:            12           1728  com.lucent.aaa.property.DecimalSizePropertyInfo
 317:            94           1712  [Lcom.lucent.aaa.ah$b;
 318:            53           1696  com.lucent.aaa.value.PairValue
 319:            42           1680  com.lucent.aaa.tls.TlsConstants$b
 320:            70           1680  java.lang.ProcessEnvironment$Value
 321:            70           1680  java.lang.ProcessEnvironment$Variable
 322:             6           1680  java.util.concurrent.ConcurrentHashMap$CounterCell
 323:            70           1680  org.apache.derby.impl.services.monitor.ProtocolKey
 324:             3           1672  [[B
 325:            52           1664  java.rmi.server.UID
 326:            22           1656  [S
 327:            69           1656  java.util.regex.Pattern$GroupTail
 328:            68           1632  java.util.regex.Pattern$GroupHead
 329:            51           1632  org.apache.derby.impl.store.raw.data.StoredRecordHeader
 330:             4           1600  com.lucent.aaa.b.f
 331:            10           1600  com.lucent.aaa.property.TimezoneFormatPropertyInfo
 332:            40           1600  java.math.BigDecimal
 333:            50           1600  java.net.InetAddress$InetAddressHolder
 334:            40           1600  sun.reflect.UnsafeQualifiedStaticLongFieldAccessorImpl
 335:            99           1584  com.lucent.aaa.log.e
 336:             4           1568  com.lucent.aaa.ao$b
 337:            14           1568  java.util.GregorianCalendar
 338:            13           1560  com.lucent.aaa.property.UnsignedIntegerPropertyInfo
 339:            64           1536  java.util.regex.Pattern$1
 340:            64           1536  org.bouncycastle.asn1.DLSequence
 341:            38           1520  com.lucent.aaa.PropertyInfoList
 342:            10           1520  com.lucent.aaa.log.RotateFileDirector
 343:            10           1520  com.lucent.aaa.property.EnumerationPropertyInfo
 344:            38           1520  org.antlr.v4.runtime.atn.StarLoopbackState
 345:            27           1512  java.util.ResourceBundle$CacheKey
 346:            62           1488  java.util.Collections$UnmodifiableRandomAccessList
 347:            62           1488  java.util.regex.Pattern$Slice
 348:            62           1488  javax.measure.converter.UnitConverter$Compound
 349:             3           1488  org.apache.derby.impl.drda.DRDAConnThread
 350:            37           1480  javax.management.ObjectName
 351:            14           1456  com.lucent.aaa.property.PluginStatsPropertyInfo
 352:             9           1440  com.lucent.aaa.property.EnumPropertyInfo
 353:             9           1440  com.lucent.aaa.property.StrictnessPropertyInfo
 354:            36           1440  com.lucent.aaa.tal.l$bp
 355:            60           1440  java.net.InetSocketAddress$InetSocketAddressHolder
 356:            36           1440  org.apache.derby.impl.services.cache.CacheEntry
 357:             6           1440  org.apache.derby.impl.sql.conn.GenericLanguageConnectionContext
 358:            61           1432  [Ljavax.management.MBeanOperationInfo;
 359:            16           1408  java.util.jar.JarVerifier
 360:            25           1400  org.apache.derby.impl.services.cache.ConcurrentCache
 361:            87           1392  java.util.concurrent.atomic.AtomicReferenceArray
 362:            58           1392  java.util.concurrent.locks.AbstractQueuedSynchronizer$ConditionObject
 363:            15           1376  [Ljava.lang.Byte;
 364:             1           1376  [Lsun.misc.FDBigInteger;
 365:            43           1376  com.lucent.aaa.tal.instruction.u
 366:            57           1368  com.lucent.aaa.util.t
 367:            57           1368  javax.measure.unit.ProductUnit$Element
 368:            57           1368  sun.rmi.transport.ObjectEndpoint
 369:            21           1344  com.lucent.aaa.GeneralCodec
 370:            42           1344  java.util.logging.LogManager$LogNode
 371:            56           1344  java.util.regex.Pattern$Single
 372:            14           1344  sun.util.calendar.Gregorian$Date
 373:            27           1312  [Ljava.lang.StackTraceElement;
 374:            41           1312  java.io.FileInputStream
 375:            27           1296  java.util.ResourceBundle$BundleReference
 376:            23           1288  org.antlr.v4.runtime.atn.PlusBlockStartState
 377:            39           1280  [Ljava.math.BigInteger;
 378:            53           1272  com.lucent.aaa.property.MapPropertyInfo$a
 379:            31           1240  java.io.ObjectStreamClass$FieldReflector
 380:            31           1240  java.io.ObjectStreamClass$FieldReflectorKey
 381:            22           1232  org.apache.derby.iapi.types.TypeId
 382:            51           1224  java.rmi.server.ObjID
 383:            38           1216  java.util.concurrent.locks.AbstractQueuedSynchronizer$Node
 384:             3           1200  [[Lorg.antlr.v4.runtime.atn.ATNConfig;
 385:            25           1200  com.lucent.aaa.diameter.Application
 386:            30           1200  com.lucent.aaa.tal.l$bk
 387:            50           1200  sun.reflect.NativeMethodAccessorImpl
 388:             3           1176  com.lucent.aaa.PolicyServer$b
 389:            36           1152  org.apache.derby.impl.services.cache.ClockPolicy$Holder
 390:            47           1128  org.antlr.v4.runtime.atn.SetTransition
 391:            23           1104  org.antlr.v4.runtime.atn.PlusLoopbackState
 392:            46           1104  org.apache.derby.impl.store.raw.data.RecordId
 393:            34           1088  java.util.Locale
 394:            27           1080  sun.util.locale.BaseLocale$Key
 395:            19           1064  sun.util.calendar.ZoneInfo
 396:            22           1056  java.nio.HeapByteBuffer
 397:            30           1048  [Ljava.util.regex.Pattern$Node;
 398:             1           1040  [Lcom.lucent.aaa.uss2.w;
 399:             1           1040  [Ljava.lang.Integer;
 400:             1           1040  [Ljava.lang.Long;
 401:             1           1040  [Ljava.lang.Short;
 402:             1           1040  [Ljava.util.concurrent.locks.ReentrantLock;
 403:            43           1032  com.lucent.aaa.bm$b
 404:            16           1024  java.text.DecimalFormatSymbols
 405:            14           1008  com.lucent.aaa.stat.PluginStats
 406:            25           1000  com.lucent.aaa.tal.l$bh
 407:            25           1000  org.apache.derby.impl.services.cache.ClockPolicy
 408:            30            960  java.security.Provider$EngineDescription
 409:            30            960  java.util.regex.Pattern$Branch
 410:            24            960  javax.management.MBeanOperationInfo
 411:             1            928  com.lucent.aaa.PolicyServer$a
 412:            58            928  sun.reflect.DelegatingMethodAccessorImpl
 413:             6            912  com.lucent.aaa.property.AttributeEnumerationPropertyInfo
 414:            38            912  com.lucent.aaa.util.StringIntegerPair
 415:            16            896  [Lcom.lucent.aaa.value.g;
 416:             7            896  com.lucent.aaa.property.JSSECipherSuitesPropertyInfo
 417:            14            896  com.lucent.aaa.tal.instruction.ac
 418:            56            896  sun.rmi.server.UnicastRef2
 419:            55            880  java.util.concurrent.atomic.AtomicLongArray
 420:            36            864  com.sun.jmx.mbeanserver.NamedObject
 421:            18            864  java.util.Properties
 422:            27            864  java.util.ResourceBundle$LoaderReference
 423:            36            864  java.util.regex.Pattern$Start
 424:            36            864  javax.measure.converter.MultiplyConverter
 425:            27            864  org.apache.derby.catalog.types.IndexDescriptorImpl
 426:            18            864  org.apache.derby.iapi.services.io.FormatIdInputStream
 427:            27            864  org.apache.derby.impl.sql.catalog.IndexInfoImpl
 428:            36            864  org.bouncycastle.asn1.DLSet
 429:            27            864  sun.util.locale.BaseLocale
 430:            53            848  com.lucent.aaa.tal.j
 431:            21            840  com.lucent.aaa.tal.l$bi
 432:            15            840  javax.management.openmbean.ArrayType
 433:            17            816  sun.management.DiagnosticCommandInfo
 434:            20            800  com.lucent.aaa.ldap.n$b
 435:             2            800  com.lucent.aaa.v
 436:            20            800  com.sun.jmx.mbeanserver.MXBeanSupport
 437:            33            792  java.net.Inet4Address
 438:            33            792  org.apache.derby.iapi.services.context.ContextManager$CtxStack
 439:             6            768  com.lucent.aaa.property.TlsVersionsPropertyInfo
 440:            16            768  com.lucent.aaa.value.IPFilterValue$d
 441:            32            768  com.sun.jmx.mbeanserver.DefaultMXBeanMappingFactory$IdentityMapping
 442:            48            768  java.rmi.server.RemoteObjectInvocationHandler
 443:            24            768  java.security.Permissions
 444:            12            768  sun.nio.ch.FileChannelImpl
 445:            48            768  sun.security.x509.GeneralName
 446:            24            768  sun.security.x509.OIDMap$OIDInfo
 447:            19            760  com.lucent.aaa.log.d
 448:            19            760  com.lucent.aaa.tal.l$j
 449:            31            752  [Ljavax.measure.unit.ProductUnit$Element;
 450:            31            744  java.lang.RuntimePermission
 451:            31            744  javax.measure.unit.ProductUnit
 452:             3            744  org.apache.derby.client.net.NetConnection
 453:            23            736  com.lucent.aaa.ReloadManager$b
 454:            46            736  com.lucent.aaa.tal.instruction.o
 455:            23            736  sun.security.x509.URIName
 456:            18            720  [Lorg.apache.derby.impl.store.raw.data.StoredRecordHeader;
 457:            30            720  com.lucent.aaa.ah$b
 458:            18            720  com.lucent.aaa.tal.l$i
 459:            15            720  java.lang.management.PlatformComponent
 460:            30            720  java.util.jar.Manifest
 461:            18            720  org.apache.derby.iapi.sql.dictionary.SchemaDescriptor
 462:            18            720  org.apache.derby.impl.io.DirFile
 463:             9            720  org.apache.derby.impl.store.raw.data.AllocExtent
 464:             3            720  org.apache.derby.impl.store.raw.log.LogToFile
 465:            18            720  sun.management.DiagnosticCommandArgumentInfo
 466:            18            720  sun.rmi.transport.tcp.TCPEndpoint
 467:            18            720  sun.security.ec.ECPublicKeyImpl
 468:            11            704  java.text.DateFormatSymbols
 469:             4            680  [Lcom.lucent.aaa.value.ValueFactory$GeneralFactory;
 470:            17            680  com.sun.jmx.mbeanserver.PerInterface
 471:            12            672  com.lucent.aaa.FastQueue
 472:            14            672  com.lucent.aaa.WorkQueue$SubQueue
 473:            28            672  com.lucent.aaa.log.Slf4jLogger
 474:            42            672  com.lucent.aaa.property.LogMessagePropertyInfo$1
 475:            21            672  com.sun.jmx.mbeanserver.WeakIdentityHashMap$IdentityWeakReference
 476:            21            672  javax.management.MBeanParameterInfo
 477:            12            672  sun.security.ssl.CipherSuite$BulkCipher
 478:             4            664  [Lorg.antlr.v4.runtime.atn.RuleStartState;
 479:             4            664  [Lorg.antlr.v4.runtime.atn.RuleStopState;
 480:            41            656  java.util.concurrent.atomic.AtomicReference
 481:            27            648  com.sun.jmx.mbeanserver.PerInterface$MethodAndSig
 482:            27            648  org.apache.derby.iapi.sql.dictionary.IndexRowGenerator
 483:             8            640  com.lucent.aaa.b.p
 484:             4            640  com.lucent.aaa.property.CodecPropertyInfo
 485:            20            640  com.lucent.aaa.value.IPFilterValue$c
 486:            20            640  java.io.FilePermission
 487:            20            640  java.security.AlgorithmParameters
 488:            16            640  java.text.DigitList
 489:            20            640  org.apache.derby.catalog.types.BaseTypeIdImpl
 490:             3            624  [Ljava.lang.invoke.LambdaForm;
 491:            13            624  com.fasterxml.jackson.core.JsonToken
 492:            26            624  com.lucent.aaa.util.PasswordUtil$a
 493:            26            624  com.lucent.aaa.value.HereValue
 494:            26            624  java.lang.Class$AnnotationData
 495:            26            624  java.security.spec.ECFieldF2m
 496:            13            624  java.util.concurrent.ThreadPoolExecutor$Worker
 497:            39            624  java.util.regex.Pattern$CharPropertyNames$1
 498:            26            624  org.apache.derby.iapi.services.io.FormatableBitSet
 499:             3            624  org.apache.derby.impl.sql.catalog.DataDictionaryImpl
 500:            19            608  com.lucent.aaa.Stanza
 501:            19            608  java.security.BasicPermissionCollection
 502:            19            608  org.apache.derby.iapi.store.raw.ContainerKey
 503:            15            600  [Lorg.apache.derby.iapi.store.raw.LockingPolicy;
 504:            22            600  [[I
 505:            25            600  com.lucent.aaa.util.PasswordUtil$Algo
 506:            25            600  java.util.Locale$LocaleKey
 507:            18            576  java.io.File
 508:             9            576  java.nio.DirectByteBuffer
 509:             9            576  java.text.SimpleDateFormat
 510:             3            576  org.apache.derby.client.net.NetAgent
 511:             9            576  org.apache.derby.iapi.services.context.ContextManager
 512:            18            576  org.apache.derby.iapi.services.io.ArrayInputStream
 513:            36            576  org.bouncycastle.asn1.x500.RDN
 514:             2            560  [Lcom.lucent.aaa.value.AAAURIValue$CharClass;
 515:            14            560  com.lucent.aaa.tal.l$ak
 516:            14            560  com.lucent.aaa.tal.l$am
 517:             7            560  java.util.concurrent.ThreadPoolExecutor
 518:            14            560  javax.management.openmbean.SimpleType
 519:            10            560  sun.invoke.util.Wrapper
 520:             4            552  [D
 521:            23            552  com.lucent.aaa.value.BooleanValue
 522:             3            552  org.apache.derby.impl.drda.DRDAStatement
 523:             4            544  [Lorg.antlr.v4.runtime.dfa.DFA;
 524:            17            544  java.net.Socket
 525:            17            544  java.security.cert.PolicyQualifierInfo
 526:            17            544  sun.management.DiagnosticCommandImpl$Wrapper
 527:            17            544  sun.security.x509.DistributionPoint
 528:             1            528  [Ljava.lang.Character;
 529:             1            528  [Ljava.util.TimerTask;
 530:            11            528  com.lucent.aaa.AccessFile$Entry
 531:            33            528  com.lucent.aaa.util.SocketUtility$ParsableInetSocketAddress
 532:            33            528  java.util.zip.CRC32
 533:            22            528  javax.measure.unit.AlternateUnit
 534:            22            528  sun.reflect.generics.tree.SimpleClassTypeSignature
 535:            33            528  sun.security.x509.GeneralNames
 536:            13            520  com.lucent.aaa.tal.l$y
 537:            13            520  java.lang.invoke.MethodHandleImpl$IntrinsicMethodHandle
 538:            16            512  com.lucent.aaa.value.ListValue
 539:            16            512  java.awt.Color
 540:            16            512  sun.security.ssl.CipherSuite$KeyExchange
 541:            21            504  [Ljavax.management.MBeanParameterInfo;
 542:            21            504  com.lucent.aaa.util.Parse$TokenState
 543:             9            504  javax.management.openmbean.CompositeType
 544:            21            504  sun.security.x509.AVAKeyword
 545:             9            496  [Lcom.lucent.aaa.stat.Scale;
 546:             4            480  com.lucent.aaa.property.PasswordPropertyInfo
 547:             4            480  com.lucent.aaa.property.UnsignedShortPropertyInfo
 548:            12            480  com.lucent.aaa.tal.instruction.y
 549:            20            480  com.lucent.aaa.value.IntegerEnumerationValue
 550:            20            480  java.io.FilePermissionCollection
 551:            30            480  java.security.spec.ECFieldFp
 552:            20            480  java.util.regex.Pattern$5
 553:            30            480  java.util.regex.Pattern$BranchConn
 554:            12            480  org.apache.derby.impl.io.DirRandomAccessFile
 555:            12            480  org.apache.derby.impl.sql.catalog.TabInfoImpl
 556:             3            480  org.apache.derby.impl.store.raw.data.BaseDataFileFactoryJ4
 557:            30            480  org.bouncycastle.asn1.DERUTF8String
 558:            10            480  org.postgresql.util.PSQLException
 559:             6            480  sun.net.www.protocol.jar.URLJarFile
 560:            10            480  sun.nio.cs.StreamEncoder
 561:            12            480  sun.reflect.UnsafeQualifiedStaticObjectFieldAccessorImpl
 562:            10            480  sun.util.locale.provider.LocaleResources$ResourceReference
 563:             2            464  org.apache.derby.impl.drda.NetworkServerControlImpl
 564:             6            456  [Lsun.invoke.util.Wrapper;
 565:             3            456  com.lucent.aaa.property.AtFilePropertyInfo
 566:            19            456  com.lucent.aaa.tal.instruction.ae
 567:            19            456  com.lucent.aaa.tal.instruction.h
 568:            19            456  org.apache.derby.iapi.store.raw.PageKey
 569:            14            448  com.fasterxml.jackson.core.JsonParser$Feature
 570:            14            448  com.lucent.aaa.ak
 571:            14            448  com.lucent.aaa.tal.instruction.ai
 572:            14            448  com.lucent.aaa.uss2.z$b
 573:             8            448  javax.management.openmbean.OpenMBeanParameterInfoSupport
 574:            28            448  org.antlr.v4.runtime.atn.SemanticContext$PrecedencePredicate
 575:            14            448  org.apache.derby.impl.services.jmx.JMXManagementService$2
 576:            14            448  sun.security.ssl.SignatureAndHashAlgorithm
 577:            14            448  sun.security.x509.CRLDistributionPointsExtension
 578:            28            448  sun.security.x509.DNSName
 579:             1            440  com.lucent.aaa.broker.BrokerManager
 580:            11            440  com.lucent.aaa.stat.ar
 581:            11            440  org.apache.derby.iapi.store.raw.FetchDescriptor
 582:            16            432  [Lcom.lucent.aaa.uss2.z$b;
 583:             1            432  [[[C
 584:            18            432  com.lucent.aaa.tal.instruction.ag
 585:            18            432  com.lucent.aaa.value.BigIntegerValue
 586:            27            432  java.net.InetSocketAddress
 587:            18            432  java.text.DateFormat$Field
 588:            18            432  java.util.Collections$SingletonList
 589:            18            432  java.util.concurrent.ConcurrentLinkedQueue$Node
 590:            18            432  java.util.regex.Pattern$BitClass
 591:             9            432  org.apache.derby.impl.store.raw.log.LogAccessFileBuffer
 592:             2            416  com.lucent.aaa.plugin.Diameter
 593:            13            416  java.lang.invoke.SimpleMethodHandle
 594:            13            416  sun.security.x509.CertificatePoliciesExtension
 595:            22            408  [Lsun.reflect.generics.tree.TypeArgument;
 596:            17            408  com.lucent.aaa.util.bb
 597:             3            408  org.apache.derby.impl.drda.DRDAResultSet
 598:             3            408  org.apache.derby.impl.jdbc.EmbedStatement
 599:             3            408  org.apache.derby.impl.services.daemon.IndexStatisticsDaemonImpl
 600:            17            408  org.bouncycastle.asn1.DERSequence
 601:             3            400  [Ljava.lang.Thread;
 602:             5            400  com.lucent.aaa.ConfigCommands$e
 603:             1            400  com.lucent.aaa.by$a
 604:            10            400  com.lucent.aaa.tls.TlsConstants$d
 605:            10            400  java.lang.invoke.DirectMethodHandle$Accessor
 606:             1            392  com.lucent.aaa.Shutdown$b
 607:             1            392  com.lucent.aaa.TcpConnectionManager
 608:             7            392  java.lang.invoke.LambdaFormEditor$Transform
 609:             1            392  org.apache.derby.impl.drda.ClientThread
 610:             7            392  sun.security.provider.SHA
 611:             6            384  [Lorg.apache.derby.impl.sql.catalog.TabInfoImpl;
 612:             1            384  com.lucent.aaa.cd$a
 613:             1            384  com.lucent.aaa.log.ChannelDirector$a
 614:             1            384  com.lucent.aaa.uss2.UssEngine$f
 615:             1            384  com.lucent.aaa.uss2.x
 616:            16            384  com.lucent.aaa.uss2.z$ar
 617:             1            384  com.lucent.aaa.util.bg$a
 618:             1            384  java.lang.ref.Finalizer$FinalizerThread
 619:             8            384  java.net.SocketInputStream
 620:             8            384  java.net.SocketOutputStream
 621:            24            384  java.util.LinkedHashMap$LinkedEntrySet
 622:            12            384  java.util.RegularEnumSet
 623:             1            384  java.util.TimerThread
 624:             1            384  java.util.logging.LogManager$Cleaner
 625:            12            384  org.apache.derby.impl.drda.DRDAString
 626:             3            384  org.apache.derby.impl.drda.Database
 627:             3            384  org.apache.derby.impl.store.raw.xact.Xact
 628:             8            384  org.apache.sshd.common.cipher.BuiltinCiphers
 629:            16            384  sun.nio.ch.OptionKey
 630:            16            384  sun.nio.ch.SocketOptionRegistry$RegistryKey
 631:             1            376  java.lang.ref.Reference$ReferenceHandler
 632:             1            376  sun.misc.GC$Daemon
 633:            17            368  [Ljavax.management.MBeanNotificationInfo;
 634:             1            360  [Lcom.lucent.aaa.state.StatsManager$Statistic;
 635:            17            360  [Lsun.management.DiagnosticCommandArgumentInfo;
 636:             5            360  com.lucent.aaa.ConfigCommands$a
 637:             5            360  com.lucent.aaa.ConfigCommands$aa
 638:             5            360  com.lucent.aaa.ConfigCommands$ab
 639:             5            360  com.lucent.aaa.ConfigCommands$ac
 640:             5            360  com.lucent.aaa.ConfigCommands$ad
 641:             5            360  com.lucent.aaa.ConfigCommands$ae
 642:             5            360  com.lucent.aaa.ConfigCommands$b
 643:             5            360  com.lucent.aaa.ConfigCommands$c
 644:             5            360  com.lucent.aaa.ConfigCommands$d
 645:             5            360  com.lucent.aaa.ConfigCommands$f
 646:             5            360  com.lucent.aaa.ConfigCommands$g
 647:             5            360  com.lucent.aaa.ConfigCommands$h
 648:             5            360  com.lucent.aaa.ConfigCommands$i
 649:             5            360  com.lucent.aaa.ConfigCommands$j
 650:             5            360  com.lucent.aaa.ConfigCommands$k
 651:             5            360  com.lucent.aaa.ConfigCommands$l
 652:             5            360  com.lucent.aaa.ConfigCommands$m
 653:             5            360  com.lucent.aaa.ConfigCommands$n
 654:             5            360  com.lucent.aaa.ConfigCommands$o
 655:             5            360  com.lucent.aaa.ConfigCommands$p
 656:             5            360  com.lucent.aaa.ConfigCommands$q
 657:             5            360  com.lucent.aaa.ConfigCommands$r
 658:             5            360  com.lucent.aaa.ConfigCommands$s
 659:             5            360  com.lucent.aaa.ConfigCommands$t
 660:             5            360  com.lucent.aaa.ConfigCommands$u
 661:             5            360  com.lucent.aaa.ConfigCommands$v
 662:             5            360  com.lucent.aaa.ConfigCommands$w
 663:             5            360  com.lucent.aaa.ConfigCommands$x
 664:             5            360  com.lucent.aaa.ConfigCommands$y
 665:             5            360  com.lucent.aaa.ConfigCommands$z
 666:             5            360  com.lucent.aaa.log.CyclicDirector
 667:             9            360  com.lucent.aaa.tal.l$n
 668:             9            360  java.lang.invoke.DirectMethodHandle$Constructor
 669:            15            360  javax.management.StandardMBean
 670:             9            360  org.apache.derby.impl.store.raw.data.AllocationCache
 671:             9            360  sun.security.util.DisabledAlgorithmConstraints$KeySizeConstraint
 672:            20            352  [Ljava.security.CodeSigner;
 673:            11            352  java.lang.reflect.WeakCache$CacheValue
 674:            22            352  java.util.Collections$UnmodifiableSet
 675:            22            352  sun.reflect.generics.tree.ClassTypeSignature
 676:            10            336  [Lcom.lucent.aaa.util.StringIntegerPair;
 677:             3            336  [Lorg.apache.derby.iapi.sql.dictionary.AliasDescriptor;
 678:             2            336  com.lucent.aaa.plugin.RadiusTransport
 679:             2            336  com.lucent.aaa.property.DiameterMapPropertyInfo
 680:             3            336  com.lucent.aaa.property.FlagPropertyInfo
 681:            14            336  com.lucent.aaa.tal.d
 682:             3            336  com.lucent.aaa.x509.Cert
 683:             7            336  com.sun.jmx.mbeanserver.DefaultMXBeanMappingFactory$CompositeMapping
 684:            14            336  com.sun.jmx.mbeanserver.StandardMBeanSupport
 685:            14            336  java.lang.invoke.Invokers
 686:            14            336  java.lang.invoke.LambdaFormEditor$Transform$Kind
 687:             6            336  java.nio.DirectLongBufferU
 688:             7            336  java.util.concurrent.ArrayBlockingQueue
 689:            14            336  java.util.concurrent.LinkedBlockingQueue$Node
 690:            14            336  org.antlr.v4.runtime.atn.PrecedencePredicateTransition
 691:             6            336  org.apache.derby.client.net.Typdef
 692:            14            336  org.apache.derby.iapi.services.loader.ClassInfo
 693:             3            336  org.apache.derby.impl.store.raw.RawStore
 694:            21            336  org.bouncycastle.asn1.x509.KeyPurposeId
 695:             6            336  sun.management.MemoryPoolImpl
 696:            14            336  sun.security.x509.Extension
 697:            16            328  [Ljava.lang.management.PlatformComponent;
 698:            10            320  com.fasterxml.jackson.core.JsonGenerator$Feature
 699:             8            320  com.lucent.aaa.RemoteRmiAccess
 700:             2            320  com.lucent.aaa.plugin.Call
 701:             8            320  com.lucent.aaa.state.RemoteAccess
 702:             8            320  com.lucent.aaa.tal.l$bg
 703:             8            320  com.lucent.aaa.tal.l$v
 704:             8            320  com.lucent.aaa.uss2.RemoteUss2Access
 705:            20            320  com.lucent.aaa.value.PasswordValue
 706:            10            320  java.lang.OutOfMemoryError
 707:             8            320  java.lang.invoke.DirectMethodHandle$Interface
 708:             5            320  java.security.SecureRandom
 709:            10            320  java.util.Stack
 710:            10            320  sun.security.jca.ProviderConfig
 711:             8            320  sun.security.ssl.SignatureAndHashAlgorithm$HashAlgorithm
 712:            10            320  sun.security.util.MemoryCache
 713:            18            312  [Ljavax.management.MBeanConstructorInfo;
 714:            12            312  [Lorg.apache.derby.catalog.UUID;
 715:            12            312  [Lorg.apache.derby.impl.sql.catalog.IndexInfoImpl;
 716:            13            312  com.lucent.aaa.tal.instruction.af
 717:            13            312  org.bouncycastle.asn1.x509.Extension
 718:            13            312  sun.security.util.DisabledAlgorithmConstraints$DisabledConstraint
 719:            13            312  sun.security.x509.PolicyInformation
 720:             2            304  com.lucent.aaa.property.RadiusServerPropertyInfo
 721:             9            288  com.lucent.aaa.MethodDispatch$q
 722:             2            288  com.lucent.aaa.plugin.ReadUserFile
 723:             4            288  com.lucent.aaa.stat.RadiusAcctClientGroup
 724:             4            288  com.lucent.aaa.stat.RadiusAcctServerGroup
 725:             4            288  com.lucent.aaa.stat.RadiusAuthClientGroup
 726:             4            288  com.lucent.aaa.stat.RadiusAuthServerGroup
 727:             4            288  com.lucent.aaa.stat.RadiusCoAClientGroup
 728:             4            288  com.lucent.aaa.stat.RadiusCoAServerGroup
 729:             4            288  com.lucent.aaa.stat.RadiusDiscClientGroup
 730:             4            288  com.lucent.aaa.stat.RadiusDiscServerGroup
 731:             4            288  com.lucent.aaa.stat.RadiusOtherClientGroup
 732:             4            288  com.lucent.aaa.stat.RadiusOtherServerGroup
 733:             4            288  com.lucent.aaa.stat.RadiusStateClientGroup
 734:             4            288  com.lucent.aaa.stat.RadiusStateServerGroup
 735:             4            288  com.lucent.aaa.stat.RadiusStatusClientGroup
 736:             4            288  com.lucent.aaa.stat.RadiusStatusServerGroup
 737:             4            288  com.lucent.aaa.stat.ae
 738:             4            288  com.lucent.aaa.stat.af
 739:             2            288  com.lucent.aaa.stat.f
 740:            12            288  com.lucent.aaa.value.DurationValue
 741:            12            288  java.io.ByteArrayOutputStream
 742:             9            288  java.io.IOException
 743:            12            288  java.lang.management.ManagementPermission
 744:            18            288  java.util.LinkedHashSet
 745:             9            288  java.util.logging.Level
 746:            18            288  java.util.regex.Pattern$CharPropertyNames$4
 747:            12            288  java.util.regex.Pattern$Ctype
 748:             9            288  jdk.internal.org.objectweb.asm.Type
 749:             9            288  org.antlr.v4.runtime.atn.ActionTransition
 750:             3            288  org.apache.derby.impl.drda.DDMReader
 751:             6            288  org.apache.derby.impl.services.locks.LockSpace
 752:             6            288  org.apache.derby.impl.services.monitor.TopService
 753:             6            288  org.apache.derby.impl.store.raw.xact.TransactionTableEntry
 754:            12            288  org.bouncycastle.jcajce.provider.asymmetric.ec.KeyFactorySpi$EC
 755:             4            288  sun.nio.ch.EPollArrayWrapper
 756:             4            288  sun.nio.ch.EPollSelectorImpl
 757:            12            288  sun.nio.ch.NativeThreadSet
 758:             9            288  sun.rmi.transport.tcp.TCPTransport
 759:            18            288  sun.security.ec.ECParameters
 760:             3            288  sun.security.provider.Sun
 761:             7            280  com.lucent.aaa.tal.l$ai
 762:             7            280  com.lucent.aaa.tal.l$av
 763:             7            280  com.lucent.aaa.tal.l$br
 764:             7            280  java.io.BufferedWriter
 765:             7            280  java.lang.ClassLoader$NativeLibrary
 766:             7            280  java.util.regex.Pattern$Loop
 767:            17            272  java.util.regex.Pattern$Dot
 768:            11            264  [Lorg.antlr.v4.runtime.dfa.DFAState$PredPrediction;
 769:            11            264  com.lucent.aaa.value.DispositionValue
 770:            11            264  java.net.StandardSocketOptions$StdSocketOption
 771:            11            264  org.antlr.v4.runtime.dfa.DFAState$PredPrediction
 772:             3            264  org.apache.derby.client.net.NetResultSetReply
 773:             3            264  org.apache.derby.impl.drda.DDMWriter
 774:            11            264  org.bouncycastle.asn1.x509.AlgorithmIdentifier
 775:            11            264  org.jdom2.AttributeType
 776:             8            256  com.lucent.aaa.RemoteApplicationAccess
 777:             8            256  com.lucent.aaa.RemoteConfigAccess
 778:             8            256  com.lucent.aaa.RemoteEngineAccess
 779:             2            256  com.lucent.aaa.property.DoublePropertyInfo
 780:             2            256  com.lucent.aaa.property.DtlsVersionsPropertyInfo
 781:            16            256  com.lucent.aaa.stat.PluginGroup$a
 782:            16            256  com.lucent.aaa.stat.PluginGroup$c
 783:             4            256  com.sun.crypto.provider.CipherCore
 784:             8            256  java.lang.StringCoding$StringEncoder
 785:            16            256  java.lang.ThreadLocal
 786:             8            256  java.lang.invoke.DirectMethodHandle$Special
 787:             8            256  java.net.Inet6Address
 788:             8            256  java.net.Inet6Address$Inet6AddressHolder
 789:            16            256  java.util.HashMap$KeySet
 790:            16            256  java.util.jar.JarVerifier$3
 791:             4            256  javax.crypto.Cipher
 792:             8            256  javax.management.MBeanNotificationInfo
 793:             8            256  sun.misc.ProxyGenerator$PrimitiveTypeInfo
 794:             8            256  sun.nio.fs.UnixPath
 795:             8            256  sun.rmi.transport.tcp.TCPTransport$AcceptLoop
 796:             8            256  sun.security.x509.GeneralSubtree
 797:             8            248  [Ljava.lang.invoke.LambdaForm$BasicType;
 798:             2            240  [Lcom.lucent.aaa.ldap.n$b;
 799:             6            240  [Ljava.lang.invoke.BoundMethodHandle$SpeciesData;
 800:             3            240  [Ljava.util.concurrent.RunnableScheduledFuture;
 801:            10            240  [Lorg.antlr.v4.runtime.atn.LexerAction;
 802:             6            240  [Lorg.bouncycastle.asn1.x500.RDN;
 803:             6            240  com.lucent.aaa.ChannelFile$Entry
 804:             5            240  com.lucent.aaa.ConfigCommands$CommandType
 805:             6            240  com.lucent.aaa.OperationException
 806:             6            240  com.lucent.aaa.i
 807:            10            240  com.lucent.aaa.log.LogLevel
 808:             2            240  com.lucent.aaa.property.SocketAddressListsPropertyInfo
 809:             6            240  com.lucent.aaa.stat.k$b
 810:            10            240  com.lucent.aaa.tls.TlsConstants$KexAlgo
 811:            10            240  java.io.OutputStreamWriter
 812:             6            240  java.lang.reflect.Proxy$Key2
 813:            10            240  java.security.CryptoPrimitive
 814:            15            240  java.util.concurrent.ConcurrentHashMap$ValuesView
 815:             3            240  java.util.concurrent.ScheduledThreadPoolExecutor
 816:             6            240  org.apache.derby.catalog.types.TypeDescriptorImpl
 817:             3            240  org.apache.derby.impl.drda.Session
 818:             6            240  org.apache.derby.impl.io.DirStorageFactory
 819:             6            240  org.apache.derby.impl.services.cache.BackgroundCleaner
 820:             3            240  org.apache.derby.impl.store.raw.log.LogAccessFile
 821:             3            240  org.apache.derby.impl.store.raw.xact.XactFactory
 822:             6            240  org.apache.sshd.common.digest.BuiltinDigests
 823:             6            240  org.apache.sshd.common.mac.BuiltinMacs
 824:             6            240  sun.management.MemoryPoolImpl$CollectionSensor
 825:             6            240  sun.management.MemoryPoolImpl$PoolSensor
 826:             6            240  sun.misc.FloatingDecimal$BinaryToASCIIBuffer
 827:             6            240  sun.reflect.generics.repository.MethodRepository
 828:             7            224  com.lucent.aaa.MethodDispatch$d
 829:             1            224  com.lucent.aaa.plugin.Jdbc
 830:             1            224  com.lucent.aaa.plugin.Radius
 831:             7            224  com.lucent.aaa.tls.TlsConstants$a
 832:             7            224  com.lucent.aaa.util.BinarySize$Units
 833:             7            224  com.lucent.aaa.util.DecimalSize$Units
 834:            14            224  java.rmi.server.Operation
 835:             7            224  java.security.MessageDigest$Delegate
 836:            14            224  javax.measure.unit.BaseUnit
 837:             4            224  org.antlr.v4.runtime.atn.ATN
 838:            14            224  org.bouncycastle.asn1.DEROctetString
 839:             7            224  sun.security.provider.SecureRandom
 840:             7            224  sun.security.x509.SubjectAlternativeNameExtension
 841:             9            216  [Lorg.apache.derby.impl.store.raw.data.AllocExtent;
 842:             9            216  com.lucent.aaa.MethodDispatch$r
 843:             9            216  java.net.InetAddress
 844:             9            216  java.nio.file.attribute.PosixFilePermission
 845:             9            216  java.util.logging.Level$KnownLevel
 846:             9            216  javax.crypto.spec.DHParameterSpec
 847:             9            216  org.apache.derby.iapi.services.context.SystemContext
 848:             3            216  org.apache.derby.impl.db.BasicDatabase
 849:             3            216  org.apache.derby.impl.jdbc.EmbedConnection
 850:             9            216  org.apache.derby.impl.services.daemon.ServiceRecord
 851:             9            216  org.apache.derby.impl.sql.catalog.DD_Version
 852:             9            216  org.apache.derby.impl.store.access.CacheableConglomerate
 853:             3            216  org.apache.derby.impl.store.access.RAMTransaction
 854:             3            216  org.apache.derby.impl.store.access.RllRAMAccessManager
 855:             9            216  org.apache.derby.impl.store.raw.xact.XactId
 856:             9            216  sun.misc.JarIndex
 857:             9            216  sun.rmi.runtime.Log$LoggerLog
 858:             3            216  sun.security.provider.NativePRNG$RandomIO
 859:             9            216  sun.util.logging.PlatformLogger$Level
 860:             7            208  [Ljava.lang.Boolean;
 861:             7            208  [Ljava.lang.invoke.LambdaForm$NamedFunction;
 862:            10            208  [Ljava.lang.reflect.Type;
 863:             2            208  com.lucent.aaa.property.StringsPropertyInfo
 864:             1            208  org.apache.sshd.server.SshServer
 865:            13            208  sun.security.x509.CertificatePolicyId
 866:             2            200  [Ljava.text.DateFormat$Field;
 867:             5            200  com.lucent.aaa.ClientFile$Entry
 868:             5            200  com.lucent.aaa.RolloverManager
 869:             5            200  java.io.PrintWriter
 870:             5            200  java.lang.invoke.BoundMethodHandle$SpeciesData
 871:             5            200  java.util.IdentityHashMap
 872:             5            200  java.util.PropertyResourceBundle
 873:             8            192  com.lucent.aaa.diameter.PeerStateMachine$PeerStateEnum
 874:             8            192  com.lucent.aaa.rmi.RMIRegistry$b
 875:             8            192  com.lucent.aaa.rmi.b
 876:             3            192  com.lucent.aaa.util.Alarm
 877:             6            192  com.lucent.aaa.util.Duration$Units
 878:             4            192  com.lucent.aaa.value.IPFilterValue$a
 879:             8            192  java.io.ObjectStreamClass$ExceptionInfo
 880:             8            192  java.lang.StringBuilder
 881:             4            192  java.lang.ThreadGroup
 882:             6            192  java.lang.invoke.LambdaForm$BasicType
 883:             8            192  java.lang.invoke.MethodHandleImpl$Intrinsic
 884:             8            192  java.math.RoundingMode
 885:             8            192  java.net.NetPermission
 886:            12            192  java.nio.channels.spi.AbstractInterruptibleChannel$1
 887:            12            192  java.security.spec.ECGenParameterSpec
 888:             8            192  org.antlr.v4.runtime.atn.LexerActionExecutor
 889:             8            192  org.antlr.v4.runtime.atn.LexerActionType
 890:             8            192  org.antlr.v4.runtime.atn.NotSetTransition
 891:             8            192  org.apache.derby.iapi.store.raw.RowLock
 892:             6            192  org.apache.derby.impl.db.StoreClassFactoryContext
 893:             3            192  org.apache.derby.impl.services.daemon.BasicDaemon
 894:             3            192  org.apache.derby.impl.services.monitor.UpdateServiceProperties
 895:             3            192  org.apache.derby.impl.sql.catalog.SYSCOLUMNSRowFactory
 896:             3            192  org.apache.derby.impl.sql.catalog.SYSCONGLOMERATESRowFactory
 897:             3            192  org.apache.derby.impl.sql.catalog.SYSSCHEMASRowFactory
 898:             3            192  org.apache.derby.impl.sql.catalog.SYSTABLESRowFactory
 899:             6            192  org.apache.derby.impl.sql.conn.SQLSessionContextImpl
 900:             3            192  org.apache.derby.impl.store.access.btree.LeafControlRow
 901:             6            192  org.apache.derby.impl.store.access.heap.Heap
 902:             6            192  org.apache.derby.impl.store.raw.data.StoredRecordHeader$OverflowInfo
 903:             6            192  org.bouncycastle.asn1.x500.X500Name
 904:             3            192  org.bouncycastle.asn1.x509.TBSCertificate
 905:             6            192  org.bouncycastle.jcajce.provider.config.ProviderConfigurationPermission
 906:             2            192  org.bouncycastle.jce.provider.BouncyCastleProvider
 907:            12            192  sun.nio.ch.FileDispatcherImpl
 908:             6            192  sun.reflect.UnsafeQualifiedObjectFieldAccessorImpl
 909:             8            192  sun.reflect.generics.factory.CoreReflectionFactory
 910:             6            192  sun.reflect.generics.tree.MethodTypeSignature
 911:             8            192  sun.rmi.registry.RegistryImpl
 912:             2            192  sun.security.jgss.SunProvider
 913:             3            184  [Lorg.apache.sshd.common.cipher.BuiltinCiphers;
 914:            11            176  com.lucent.aaa.AccessRuleList
 915:            11            176  java.text.NumberFormat$Field
 916:            11            176  java.util.HashMap$Values
 917:            11            176  org.apache.derby.impl.store.raw.xact.NoLocking
 918:             7            168  [Ljava.net.InetAddress;
 919:             9            168  [Lsun.reflect.generics.tree.FieldTypeSignature;
 920:             1            168  [[Ljava.math.BigInteger;
 921:             7            168  com.lucent.aaa.MethodDispatch$e
 922:             7            168  com.lucent.aaa.diameter.TransportStateMachine$TransportStateEnum
 923:             7            168  com.lucent.aaa.log.LogSource
 924:             7            168  com.lucent.aaa.tls.TlsConstants$HashAlgo
 925:             7            168  com.lucent.aaa.util.BinarySize
 926:             7            168  com.lucent.aaa.util.DecimalSize
 927:             7            168  com.lucent.aaa.value.OpaqueValue
 928:             7            168  java.lang.ThreadLocal$SuppliedThreadLocal
 929:             7            168  java.util.regex.Pattern$Prolog
 930:             3            168  java.util.zip.Deflater
 931:             3            168  javax.management.openmbean.OpenMBeanOperationInfoSupport
 932:             3            168  org.apache.derby.client.net.NetResultSetRequest
 933:             3            168  org.apache.derby.iapi.services.info.ProductVersionHolder
 934:             3            168  org.apache.derby.iapi.util.DoubleProperties
 935:             3            168  org.apache.derby.impl.drda.AppRequester
 936:             3            168  org.apache.derby.impl.services.reflect.UpdateLoader
 937:             3            168  org.apache.derby.impl.sql.conn.GenericLanguageConnectionFactory
 938:             3            168  org.apache.derby.impl.store.access.btree.index.B2I
 939:             7            168  org.jdom2.Content$CType
 940:             7            168  sun.security.x509.NetscapeCertTypeExtension$MapEntry
 941:             4            160  [Lorg.apache.derby.iapi.types.DataValueDescriptor;
 942:             9            160  [Lsun.reflect.generics.tree.FormalTypeParameter;
 943:             4            160  com.lucent.aaa.log.g$e
 944:             1            160  com.lucent.aaa.property.DiameterTransportPropertyInfo
 945:             4            160  com.lucent.aaa.tal.l$a
 946:             4            160  com.lucent.aaa.tal.l$f
 947:             4            160  com.lucent.aaa.tal.l$m
 948:             4            160  com.sun.crypto.provider.CipherBlockChaining
 949:             5            160  java.lang.reflect.Proxy$Key1
 950:            10            160  java.util.Formatter$Flags
 951:             5            160  javax.management.StandardEmitterMBean
 952:             5            160  org.antlr.v4.runtime.VocabularyImpl
 953:             2            160  org.apache.derby.iapi.tools.i18n.LocalizedResource
 954:             5            160  org.apache.derby.security.SystemPermission
 955:            10            160  org.postgresql.util.ServerErrorMessage
 956:             4            160  sun.misc.Cleaner
 957:             5            160  sun.security.ssl.CipherSuite$MacAlg
 958:             5            160  sun.security.ssl.SignatureAndHashAlgorithm$SignatureAlgorithm
 959:             5            160  sun.util.locale.provider.LocaleProviderAdapter$Type
 960:             1            152  com.lucent.aaa.plugin.ReadCache
 961:             1            152  com.lucent.aaa.property.DerbyServerityPropertyInfo
 962:             1            152  com.lucent.aaa.property.FilePropertyInfo
 963:             1            152  com.lucent.aaa.property.LocalAddressPropertyInfo
 964:             1            152  com.lucent.aaa.property.PropertiesPropertyInfo
 965:             1            144  [Lcom.fasterxml.jackson.core.sym.CharsToNameCanonicalizer$Bucket;
 966:             2            144  [Lcom.lucent.aaa.uss2.radius.RadiusEvent;
 967:             2            144  [Ljava.math.BigDecimal;
 968:             6            144  [Lorg.apache.derby.iapi.sql.conn.StatementContext;
 969:             3            144  [Lorg.apache.sshd.common.kex.BuiltinDHFactories;
 970:             6            144  com.fasterxml.jackson.core.JsonParser$NumberType
 971:             6            144  com.lucent.aaa.TcpConnectionManager$ConnectionType
 972:             6            144  com.lucent.aaa.diameter.DiameterConstants$MultiRoundTimeoutMode
 973:             6            144  com.lucent.aaa.diameter.DiameterTransport
 974:             2            144  com.lucent.aaa.ldap.n
 975:             1            144  com.lucent.aaa.plugin.ReadClient
 976:             3            144  com.lucent.aaa.state.k$p
 977:             3            144  com.lucent.aaa.state.k$s
 978:             6            144  com.lucent.aaa.uss2.radius.RadiusEvent
 979:             6            144  com.lucent.aaa.util.Utility$Escape
 980:             6            144  com.lucent.aaa.value.ShortValue
 981:             6            144  java.net.InterfaceAddress
 982:             3            144  java.net.NetworkInterface
 983:             6            144  java.security.spec.DSAParameterSpec
 984:             6            144  java.util.BitSet
 985:             9            144  java.util.LinkedHashMap$LinkedValues
 986:             3            144  java.util.concurrent.ConcurrentHashMap$TreeBin
 987:             3            144  java.util.concurrent.locks.ReentrantReadWriteLock$NonfairSync
 988:             6            144  java.util.regex.Pattern$CharPropertyNames$2
 989:             6            144  java.util.regex.Pattern$Ques
 990:             3            144  org.apache.derby.client.am.SectionManager
 991:             3            144  org.apache.derby.client.net.NetDatabaseMetaData
 992:             6            144  org.apache.derby.iapi.types.DataTypeDescriptor
 993:             6            144  org.apache.derby.impl.db.DatabaseContextImpl
 994:             6            144  org.apache.derby.impl.drda.EbcdicCcsidManager
 995:             6            144  org.apache.derby.impl.drda.Utf8CcsidManager
 996:             3            144  org.apache.derby.impl.jdbc.TransactionResourceImpl
 997:             9            144  org.apache.derby.impl.services.cache.ConcurrentCacheMBeanImpl
 998:             6            144  org.apache.derby.impl.sql.conn.GenericAuthorizer
 999:             6            144  org.apache.derby.impl.sql.execute.GenericExecutionContext
1000:             9            144  org.apache.derby.impl.store.raw.xact.ContainerLocking2
1001:             6            144  org.apache.derby.impl.store.raw.xact.TransactionTable
1002:             3            144  org.apache.sshd.common.cipher.ECCurves
1003:             6            144  org.bouncycastle.asn1.DERBitString
1004:             6            144  org.bouncycastle.asn1.DERTaggedObject
1005:             6            144  sun.misc.PerfCounter
1006:             3            144  sun.misc.URLClassPath
1007:             6            144  sun.reflect.generics.reflectiveObjects.ParameterizedTypeImpl
1008:             6            144  sun.reflect.generics.scope.MethodScope
1009:             6            144  sun.security.ssl.ProtocolVersion
1010:             6            144  sun.security.util.DisabledAlgorithmConstraints$Constraint$Operator
1011:             6            144  sun.security.x509.AccessDescription
1012:             9            144  sun.security.x509.RFC822Name
1013:             1            136  com.lucent.aaa.plugin.ReadPropertyFile
1014:             4            128  [Ljava.rmi.server.Operation;
1015:             1            128  [Ljavax.measure.unit.Unit;
1016:             2            128  [Lorg.jdom2.AttributeType;
1017:             1            128  com.lucent.aaa.plugin.CheckLocalRadius
1018:             1            128  com.lucent.aaa.property.SshCipherFactoriesPropertyInfo
1019:             1            128  com.lucent.aaa.property.SshKexFactoriesPropertyInfo
1020:             1            128  com.lucent.aaa.property.SshMacFactoriesPropertyInfo
1021:             1            128  com.lucent.aaa.property.SshSignatureFactoriesPropertyInfo
1022:             4            128  com.lucent.aaa.rmi.RMIRegistry$a$a
1023:             4            128  com.lucent.aaa.rmi.RMIRegistry$c$a
1024:             4            128  com.lucent.aaa.stat.ac
1025:             4            128  com.lucent.aaa.stat.q
1026:             4            128  com.lucent.aaa.stat.s
1027:             4            128  com.lucent.aaa.stat.v
1028:             4            128  com.lucent.aaa.stat.x
1029:             4            128  com.lucent.aaa.stat.z
1030:             8            128  com.lucent.aaa.value.OpaqueValue$GeneralFactory
1031:             4            128  com.sun.crypto.provider.AESCrypt
1032:             4            128  com.sun.jmx.mbeanserver.DefaultMXBeanMappingFactory$ArrayMapping
1033:             8            128  com.sun.proxy.$Proxy3
1034:             8            128  com.sun.proxy.$Proxy4
1035:             8            128  com.sun.proxy.$Proxy5
1036:             8            128  com.sun.proxy.$Proxy6
1037:             8            128  com.sun.proxy.$Proxy7
1038:             8            128  com.sun.proxy.$Proxy8
1039:             2            128  java.io.ExpiringCache$1
1040:             4            128  java.io.FileOutputStream
1041:             4            128  java.lang.StringCoding$StringDecoder
1042:             4            128  java.security.KeyFactory
1043:             4            128  java.util.UUID
1044:             8            128  java.util.regex.Pattern$CharPropertyNames$3
1045:             2            128  org.apache.derby.iapi.error.StandardException
1046:             4            128  sun.nio.ch.AllocatedNativeObject
1047:             8            128  sun.rmi.registry.RegistryImpl_Skel
1048:             8            128  sun.rmi.registry.RegistryImpl_Stub
1049:             4            128  sun.security.ssl.CipherSuite$PRF
1050:             4            128  sun.security.ssl.EphemeralKeyManager$EphemeralKeyPair
1051:             4            128  sun.security.ssl.SSLSessionContextImpl
1052:             4            128  sun.security.x509.AuthorityInfoAccessExtension
1053:             4            128  sun.security.x509.NetscapeCertTypeExtension
1054:             1            120  [Lcom.lucent.aaa.util.PasswordUtil$Algo;
1055:             3            120  [Lorg.apache.sshd.common.mac.BuiltinMacs;
1056:             3            120  [Lorg.apache.sshd.common.signature.BuiltinSignatures;
1057:             5            120  com.lucent.aaa.FieldMapListener$WriteFlag
1058:             5            120  com.lucent.aaa.MapUtils$State
1059:             5            120  com.lucent.aaa.SshCryptoChecker$Type
1060:             5            120  com.lucent.aaa.diameter.FlagRule
1061:             5            120  com.lucent.aaa.i$a
1062:             1            120  com.lucent.aaa.property.UnsignedBytePropertyInfo
1063:             5            120  com.lucent.aaa.stat.ad
1064:             3            120  com.lucent.aaa.state.StatsManager$CounterStatistic
1065:             5            120  com.lucent.aaa.tal.TalTable$CreateMode
1066:             3            120  com.lucent.aaa.tal.l$ad
1067:             3            120  com.lucent.aaa.tal.l$be
1068:             3            120  com.lucent.aaa.tal.l$bu
1069:             3            120  com.lucent.aaa.tal.l$bv
1070:             3            120  com.lucent.aaa.tal.l$h
1071:             5            120  com.lucent.aaa.uss2.general.GeneralStateMachine$Event
1072:             5            120  com.lucent.aaa.value.IPAddressValue
1073:             5            120  com.lucent.aaa.value.NormalValue
1074:             3            120  java.lang.invoke.BoundMethodHandle$Species_LL
1075:             3            120  java.util.EnumMap
1076:             3            120  org.antlr.v4.runtime.atn.ATNConfigSet$ConfigHashSet
1077:             5            120  org.apache.derby.iapi.store.raw.ContainerLock
1078:             3            120  org.apache.derby.impl.drda.DRDAStatement$DrdaParamState
1079:             3            120  org.apache.derby.impl.services.locks.ConcurrentLockSet
1080:             3            120  org.apache.derby.impl.services.monitor.StorageFactoryService
1081:             3            120  org.apache.derby.impl.store.access.PropertyConglomerate
1082:             5            120  org.bouncycastle.jcajce.provider.asymmetric.ec.KeyFactorySpi$ECMQV
1083:             5            120  sun.misc.FloatingDecimal$PreparedASCIIToBinaryBuffer
1084:             5            120  sun.misc.MetaIndex
1085:             3            120  sun.nio.ch.FileLockImpl
1086:             5            120  sun.reflect.annotation.AnnotationInvocationHandler
1087:             5            120  sun.security.jca.ServiceId
1088:             2            112  [Lcom.lucent.aaa.log.LogLevel;
1089:             2            112  [Ljava.lang.invoke.MethodType;
1090:             2            112  [Ljava.nio.file.attribute.PosixFilePermission;
1091:             2            112  [Ljava.security.CryptoPrimitive;
1092:             2            112  com.lucent.aaa.UserFile
1093:             2            112  com.lucent.aaa.log.LogRule
1094:             1            112  com.lucent.aaa.property.HexPropertyInfo
1095:             1            112  com.lucent.aaa.property.OpaquePropertyInfo
1096:             1            112  com.lucent.aaa.util.CliParser$UsagePropertyInfo
1097:             2            112  com.lucent.aaa.value.ImmutableMapValue
1098:             2            112  java.net.SocketPermission
1099:             7            112  java.util.LinkedHashMap$LinkedKeySet
1100:             1            112  java.util.SimpleTimeZone
1101:             7            112  javax.measure.unit.Dimension
1102:             2            112  org.apache.derby.iapi.tools.i18n.LocalizedInput
1103:             7            112  sun.rmi.server.WeakClassHashMap$ValueCell
1104:             1            104  [Lcom.lucent.aaa.util.Parse$TokenState;
1105:             1            104  [Lorg.apache.derby.iapi.types.TypeId;
1106:             1            104  com.lucent.aaa.property.InetAddressPropertyInfo
1107:             1            104  com.lucent.aaa.property.MapStringPropertyInfo
1108:             1            104  com.lucent.aaa.property.TimeOfDayPropertyInfo
1109:             1            104  com.lucent.aaa.uss2.UssEngine
1110:             2             96  [Lcom.lucent.aaa.diameter.PeerStateMachine$PeerStateEnum;
1111:             2             96  [Lcom.lucent.aaa.diameter.TransportStateMachine$TransportStateEnum;
1112:             2             96  [Lcom.lucent.aaa.log.LogSource;
1113:             2             96  [Lcom.lucent.aaa.snmp.SnmpUserEntry$SecurityMethods;
1114:             2             96  [Lcom.lucent.aaa.util.BinarySize$Units;
1115:             2             96  [Lcom.lucent.aaa.util.DecimalSize$Units;
1116:             1             96  [Ljavax.measure.converter.UnitConverter;
1117:             6             96  [Lsun.reflect.generics.tree.TypeSignature;
1118:             1             96  [[J
1119:             3             96  [[Lorg.apache.derby.iapi.store.raw.LockingPolicy;
1120:             4             96  com.fasterxml.jackson.core.JsonFactory$Feature
1121:             4             96  com.lucent.aaa.RemoteConfig$Mode
1122:             4             96  com.lucent.aaa.ao$$Lambda$741/1257745445
1123:             2             96  com.lucent.aaa.eap.e$a
1124:             2             96  com.lucent.aaa.eap.e$b
1125:             2             96  com.lucent.aaa.eap.e$c
1126:             4             96  com.lucent.aaa.log.LogEntry$ExceptionFormat
1127:             4             96  com.lucent.aaa.plugin.Call$CopyQueue
1128:             4             96  com.lucent.aaa.property.EnumerationPropertyInfo$ListType
1129:             4             96  com.lucent.aaa.radius.RadiusConstants$RadiusTransport
1130:             4             96  com.lucent.aaa.rmi.RMIRegistry$SecureCSF
1131:             4             96  com.lucent.aaa.rmi.RMIRegistry$c
1132:             4             96  com.lucent.aaa.stat.Group$InstanceType
1133:             1             96  com.lucent.aaa.stat.LagGroup
1134:             4             96  com.lucent.aaa.stat.aa
1135:             4             96  com.lucent.aaa.stat.r
1136:             4             96  com.lucent.aaa.stat.t
1137:             4             96  com.lucent.aaa.stat.w
1138:             4             96  com.lucent.aaa.stat.y
1139:             1             96  com.lucent.aaa.state.SessionCache
1140:             2             96  com.lucent.aaa.state.k$e
1141:             2             96  com.lucent.aaa.state.k$f
1142:             2             96  com.lucent.aaa.state.k$g
1143:             2             96  com.lucent.aaa.state.k$h
1144:             2             96  com.lucent.aaa.state.k$i
1145:             2             96  com.lucent.aaa.state.k$j
1146:             2             96  com.lucent.aaa.state.k$k
1147:             2             96  com.lucent.aaa.state.k$l
1148:             2             96  com.lucent.aaa.state.k$m
1149:             2             96  com.lucent.aaa.state.k$n
1150:             2             96  com.lucent.aaa.state.k$o
1151:             2             96  com.lucent.aaa.state.k$q
1152:             2             96  com.lucent.aaa.state.k$r
1153:             4             96  com.lucent.aaa.tal.TalEnvironment
1154:             4             96  com.lucent.aaa.tal.TalParseType
1155:             4             96  com.lucent.aaa.tls.TlsConstants$SignatureAlgo
1156:             4             96  com.lucent.aaa.tls.TlsConstants$c
1157:             4             96  com.lucent.aaa.uss2.diameter.DiameterConstants$DiameterState
1158:             1             96  com.lucent.aaa.util.CliParser
1159:             4             96  com.lucent.aaa.util.CliParser$Mode
1160:             4             96  com.lucent.aaa.value.AAAURIValue$CharClass
1161:             4             96  com.lucent.aaa.value.DiameterStateValue
1162:             4             96  com.lucent.aaa.value.IntegerValue
1163:             4             96  com.sun.crypto.provider.AESCipher$General
1164:             1             96  com.sun.crypto.provider.SunJCE
1165:             3             96  com.sun.jmx.mbeanserver.DefaultMXBeanMappingFactory$EnumMapping
1166:             2             96  com.sun.jmx.mbeanserver.MBeanIntrospector$MBeanInfoMap
1167:             2             96  com.sun.jmx.mbeanserver.MBeanIntrospector$PerInterfaceMap
1168:             1             96  com.sun.net.ssl.internal.ssl.Provider
1169:             1             96  com.sun.security.sasl.Provider
1170:             3             96  java.io.PrintStream
1171:             3             96  java.io.RandomAccessFile
1172:             4             96  java.math.MathContext
1173:             4             96  java.net.InetAddress$CacheEntry
1174:             3             96  java.nio.DirectByteBuffer$Deallocator
1175:             3             96  java.security.spec.ECParameterSpec
1176:             4             96  java.text.Normalizer$Form
1177:             3             96  java.util.Collections$UnmodifiableMap
1178:             3             96  java.util.Random
1179:             4             96  java.util.concurrent.ConcurrentLinkedQueue
1180:             3             96  java.util.concurrent.ConcurrentSkipListMap$HeadIndex
1181:             4             96  java.util.concurrent.ConcurrentSkipListMap$Node
1182:             2             96  java.util.concurrent.LinkedBlockingQueue
1183:             3             96  java.util.concurrent.ScheduledThreadPoolExecutor$DelayedWorkQueue
1184:             3             96  java.util.regex.Pattern$BnM
1185:             3             96  javax.management.MBeanConstructorInfo
1186:             2             96  javax.management.openmbean.TabularType
1187:             6             96  javax.security.auth.x500.X500Principal
1188:             2             96  org.antlr.v4.runtime.atn.TokensStartState
1189:             3             96  org.apache.derby.client.am.ProductLevel
1190:             3             96  org.apache.derby.client.net.ResultSetReply
1191:             3             96  org.apache.derby.client.net.Utf8CcsidManager
1192:             3             96  org.apache.derby.iapi.services.io.ArrayOutputStream
1193:             3             96  org.apache.derby.iapi.services.io.FormatIdOutputStream
1194:             2             96  org.apache.derby.iapi.tools.i18n.LocalizedOutput
1195:             3             96  org.apache.derby.impl.drda.PiggyBackedSessionData
1196:             4             96  org.apache.derby.impl.jdbc.authentication.SpecificAuthenticationServiceImpl
1197:             3             96  org.apache.derby.impl.services.reflect.ReflectClassesJava2
1198:             3             96  org.apache.derby.impl.sql.compile.OptimizerFactoryImpl
1199:             3             96  org.apache.derby.impl.sql.execute.GenericExecutionFactory
1200:             3             96  org.apache.derby.impl.store.access.RAMTransactionContext
1201:             3             96  org.apache.derby.impl.store.raw.log.CheckpointOperation
1202:             3             96  org.apache.derby.impl.store.raw.log.ChecksumOperation
1203:             3             96  org.apache.derby.impl.store.raw.log.LogCounter
1204:             3             96  org.apache.derby.impl.store.raw.log.LogRecord
1205:             6             96  org.apache.derby.impl.store.raw.xact.ContainerLocking3
1206:             3             96  org.apache.derby.impl.store.raw.xact.XactContext
1207:             3             96  org.apache.sshd.common.future.DefaultCloseFuture
1208:             4             96  org.apache.sshd.common.util.closeable.AbstractCloseable$State
1209:             3             96  org.apache.xerces.jaxp.SAXParserFactoryImpl
1210:             6             96  org.bouncycastle.asn1.ASN1Integer
1211:             6             96  org.bouncycastle.asn1.ASN1UTCTime
1212:             6             96  org.bouncycastle.asn1.DERPrintableString
1213:             3             96  org.bouncycastle.asn1.x509.Certificate
1214:             6             96  org.bouncycastle.asn1.x509.Time
1215:             4             96  org.bouncycastle.jcajce.provider.asymmetric.util.PKCS12BagAttributeCarrierImpl
1216:             1             96  org.jcp.xml.dsig.internal.dom.XMLDSigRI
1217:             4             96  org.jdom2.Comment
1218:             3             96  org.jdom2.input.sax.XMLReaders
1219:             2             96  sun.management.GarbageCollectorImpl
1220:             1             96  sun.misc.Launcher$AppClassLoader
1221:             3             96  sun.net.spi.DefaultProxySelector$NonProxyInfo
1222:             3             96  sun.nio.ch.FileKey
1223:             3             96  sun.nio.ch.SharedFileLockTable$FileLockReference
1224:             2             96  sun.nio.cs.StreamDecoder
1225:             3             96  sun.reflect.UnsafeStaticObjectFieldAccessorImpl
1226:             3             96  sun.reflect.generics.reflectiveObjects.TypeVariableImpl
1227:             3             96  sun.reflect.generics.repository.ClassRepository
1228:             1             96  sun.security.ec.SunEC
1229:             1             96  sun.security.jca.ProviderList$1
1230:             4             96  sun.security.provider.certpath.X509CertPath
1231:             1             96  sun.security.rsa.SunRsaSign
1232:             1             96  sun.security.smartcardio.SunPCSC
1233:             3             96  sun.security.ssl.ProtocolList
1234:             4             96  sun.security.util.DisabledAlgorithmConstraints
1235:             3             96  sun.security.x509.ExtendedKeyUsageExtension
1236:             3             96  sun.util.locale.provider.LocaleServiceProviderPool
1237:             1             88  [Lsun.security.util.ObjectIdentifier;
1238:             1             88  [[Ljava.lang.Byte;
1239:             2             88  [[Z
1240:             1             88  com.lucent.aaa.MethodDispatch
1241:             1             88  com.lucent.aaa.uss2.UssNode
1242:             1             88  sun.misc.Launcher$ExtClassLoader
1243:             1             88  sun.nio.ch.EPollPort
1244:             2             80  [F
1245:             2             80  [Lcom.lucent.aaa.SshCryptoChecker$Type;
1246:             2             80  [Lcom.lucent.aaa.diameter.DiameterConstants$MultiRoundTimeoutMode;
1247:             2             80  [Lcom.lucent.aaa.diameter.DiameterTransport;
1248:             2             80  [Lcom.lucent.aaa.diameter.FlagRule;
1249:             2             80  [Lcom.lucent.aaa.util.Duration$Units;
1250:             2             80  [Lorg.apache.sshd.common.digest.BuiltinDigests;
1251:             1             80  [Lsun.security.ssl.CipherSuite$KeyExchange;
1252:             1             80  com.lucent.aaa.broker.stats.BrokerClientGroup
1253:             1             80  com.lucent.aaa.broker.stats.BrokerClientResourceGroup
1254:             1             80  com.lucent.aaa.broker.stats.BrokerServerClientGroup
1255:             1             80  com.lucent.aaa.broker.stats.BrokerServerGroup
1256:             1             80  com.lucent.aaa.broker.stats.BrokerServerResourceGroup
1257:             2             80  com.lucent.aaa.diameter.j$e
1258:             2             80  com.lucent.aaa.log.TrashDirector
1259:             2             80  com.lucent.aaa.log.g$f
1260:             2             80  com.lucent.aaa.log.g$i
1261:             2             80  com.lucent.aaa.log.g$j
1262:             1             80  com.lucent.aaa.radius.RadiusClientFile
1263:             2             80  com.lucent.aaa.tal.l$aa
1264:             2             80  com.lucent.aaa.tal.l$ax
1265:             2             80  com.lucent.aaa.tal.l$ba
1266:             2             80  com.lucent.aaa.tal.l$p
1267:             5             80  com.lucent.aaa.value.ByteValue$GeneralFactory
1268:             5             80  com.lucent.aaa.value.SignedIntegerValue$GeneralFactory
1269:             2             80  com.sun.jmx.mbeanserver.DefaultMXBeanMappingFactory$TabularMapping
1270:             5             80  com.sun.proxy.$Proxy10
1271:             2             80  java.io.ExpiringCache
1272:             2             80  java.lang.invoke.MethodHandleImpl$AsVarargsCollector
1273:             2             80  java.util.Collections$SynchronizedSortedMap
1274:             2             80  java.util.Locale$Category
1275:             5             80  java.util.TreeSet
1276:             1             80  org.apache.derby.impl.services.monitor.FileMonitor
1277:             5             80  org.apache.sshd.common.AttributeStore$AttributeKey
1278:             5             80  org.apache.sshd.server.kex.DHGServer$1
1279:             2             80  sun.management.MemoryManagerImpl
1280:             2             80  sun.security.provider.DSAPublicKeyImpl
1281:             2             80  sun.security.ssl.SSLContextImpl$TLSContext
1282:             1             72  [Lcom.fasterxml.jackson.core.JsonParser$Feature;
1283:             1             72  [Lcom.fasterxml.jackson.core.JsonToken;
1284:             1             72  [Ljava.lang.invoke.LambdaFormEditor$Transform$Kind;
1285:             3             72  [Ljava.net.InterfaceAddress;
1286:             3             72  [Ljava.util.concurrent.ConcurrentHashMap$CounterCell;
1287:             1             72  [Ljavax.management.openmbean.SimpleType;
1288:             3             72  [Lorg.apache.derby.iapi.store.access.conglomerate.ConglomerateFactory;
1289:             2             72  [Lsun.security.jca.ProviderConfig;
1290:             1             72  com.lucent.aaa.AlertFile$TestGroup
1291:             1             72  com.lucent.aaa.ChannelFile
1292:             3             72  com.lucent.aaa.FieldMapListener$ClearFlag
1293:             1             72  com.lucent.aaa.PolicyFlowGroup
1294:             3             72  com.lucent.aaa.PropertyInfoList$UndefinedMode
1295:             3             72  com.lucent.aaa.RemoteConfig$AuditResult$State
1296:             1             72  com.lucent.aaa.TcpConnectionManager$TcpConnectionPoolGroup
1297:             1             72  com.lucent.aaa.WorkProxyGroup
1298:             3             72  com.lucent.aaa.diameter.DiameterConstants$MultiRoundAuthMode
1299:             3             72  com.lucent.aaa.diameter.Peer$AdminState
1300:             3             72  com.lucent.aaa.log.LogPrivacy
1301:             3             72  com.lucent.aaa.log.TimezoneFormat
1302:             3             72  com.lucent.aaa.property.AtFilePropertyInfo$j
1303:             3             72  com.lucent.aaa.property.PasswordPropertyInfo$HashMode
1304:             3             72  com.lucent.aaa.radius.RadiusConstants$ChallengeTimeoutMode
1305:             3             72  com.lucent.aaa.radius.RadiusConstants$PortHint
1306:             3             72  com.lucent.aaa.snmp.SnmpUserEntry$Access
1307:             3             72  com.lucent.aaa.snmp.SnmpVersion
1308:             1             72  com.lucent.aaa.stat.AlertGroup
1309:             1             72  com.lucent.aaa.stat.BufferPoolGroup
1310:             1             72  com.lucent.aaa.stat.CacheGroup
1311:             1             72  com.lucent.aaa.stat.CertificateFileGroup
1312:             1             72  com.lucent.aaa.stat.CounterGroup
1313:             1             72  com.lucent.aaa.stat.DiameterBootGroup
1314:             1             72  com.lucent.aaa.stat.DiameterClientByApplicationGroup
1315:             1             72  com.lucent.aaa.stat.DiameterClientByApplicationHostGroup
1316:             1             72  com.lucent.aaa.stat.DiameterClientByApplicationPeerGroup
1317:             1             72  com.lucent.aaa.stat.DiameterClientByApplicationRealmGroup
1318:             1             72  com.lucent.aaa.stat.DiameterClientByCommandGroup
1319:             1             72  com.lucent.aaa.stat.DiameterClientByCommandHostGroup
1320:             1             72  com.lucent.aaa.stat.DiameterClientByCommandPeerGroup
1321:             1             72  com.lucent.aaa.stat.DiameterClientByCommandRealmGroup
1322:             1             72  com.lucent.aaa.stat.DiameterClientByHostGroup
1323:             1             72  com.lucent.aaa.stat.DiameterClientByPeerGroup
1324:             1             72  com.lucent.aaa.stat.DiameterClientByRealmGroup
1325:             1             72  com.lucent.aaa.stat.DiameterClientGroup
1326:             1             72  com.lucent.aaa.stat.DiameterLinkGroup
1327:             1             72  com.lucent.aaa.stat.DiameterServerByApplicationGroup
1328:             1             72  com.lucent.aaa.stat.DiameterServerByApplicationHostGroup
1329:             1             72  com.lucent.aaa.stat.DiameterServerByApplicationPeerGroup
1330:             1             72  com.lucent.aaa.stat.DiameterServerByApplicationRealmGroup
1331:             1             72  com.lucent.aaa.stat.DiameterServerByCommandGroup
1332:             1             72  com.lucent.aaa.stat.DiameterServerByCommandHostGroup
1333:             1             72  com.lucent.aaa.stat.DiameterServerByCommandPeerGroup
1334:             1             72  com.lucent.aaa.stat.DiameterServerByCommandRealmGroup
1335:             1             72  com.lucent.aaa.stat.DiameterServerByHostGroup
1336:             1             72  com.lucent.aaa.stat.DiameterServerByPeerGroup
1337:             1             72  com.lucent.aaa.stat.DiameterServerByRealmGroup
1338:             1             72  com.lucent.aaa.stat.DiameterServerGroup
1339:             1             72  com.lucent.aaa.stat.DiskSpaceGroup
1340:             1             72  com.lucent.aaa.stat.EngineGroup
1341:             1             72  com.lucent.aaa.stat.FailoverGroup
1342:             1             72  com.lucent.aaa.stat.GarbageCollectorGroup
1343:             1             72  com.lucent.aaa.stat.ImsiPrivacyGroup
1344:             1             72  com.lucent.aaa.stat.IpamPoolGroup
1345:             1             72  com.lucent.aaa.stat.IpamSelectorGroup
1346:             1             72  com.lucent.aaa.stat.JavaMemoryGroup
1347:             1             72  com.lucent.aaa.stat.LdapClientGroup
1348:             1             72  com.lucent.aaa.stat.LdapDataServerGroup
1349:             1             72  com.lucent.aaa.stat.LdapWorkServerGroup
1350:             1             72  com.lucent.aaa.stat.LicenseGroup
1351:             1             72  com.lucent.aaa.stat.LockGroup
1352:             1             72  com.lucent.aaa.stat.LogChannelGroup
1353:             1             72  com.lucent.aaa.stat.NormalCacheGroup
1354:             1             72  com.lucent.aaa.stat.OneNdsTriggerGroup
1355:             1             72  com.lucent.aaa.stat.OperatingSystemGroup
1356:             1             72  com.lucent.aaa.stat.PluginGroup
1357:             1             72  com.lucent.aaa.stat.QueueGroup
1358:             1             72  com.lucent.aaa.stat.RateLimitGroup
1359:             1             72  com.lucent.aaa.stat.SctpGroup
1360:             1             72  com.lucent.aaa.stat.SessionCacheGroup
1361:             1             72  com.lucent.aaa.stat.TacacsPlusAcctClientGroup
1362:             1             72  com.lucent.aaa.stat.TacacsPlusAcctServerGroup
1363:             1             72  com.lucent.aaa.stat.TacacsPlusAuthenClientGroup
1364:             1             72  com.lucent.aaa.stat.TacacsPlusAuthenServerGroup
1365:             1             72  com.lucent.aaa.stat.TacacsPlusAuthorClientGroup
1366:             1             72  com.lucent.aaa.stat.TacacsPlusAuthorServerGroup
1367:             1             72  com.lucent.aaa.stat.TcpGroup
1368:             1             72  com.lucent.aaa.stat.TcpLimitGroup
1369:             1             72  com.lucent.aaa.stat.ThreadGroup
1370:             1             72  com.lucent.aaa.stat.ThrottleGroup
1371:             1             72  com.lucent.aaa.stat.Uss2CounterGroup
1372:             1             72  com.lucent.aaa.stat.Uss2IndexGroup
1373:             1             72  com.lucent.aaa.stat.WatchGroup
1374:             3             72  com.lucent.aaa.tal.TalConstants$Scope
1375:             1             72  com.lucent.aaa.tal.instruction.ad
1376:             3             72  com.lucent.aaa.tls.TlsConstants$KeyType
1377:             3             72  com.lucent.aaa.tls.TlsConstants$KeyUsage
1378:             1             72  com.lucent.aaa.tls.TlsSessionManagerGroup
1379:             1             72  com.lucent.aaa.uss2.Uss2NodeGroup
1380:             1             72  com.lucent.aaa.uss2.Uss2PersistenceGroup
1381:             3             72  com.lucent.aaa.uss2.UssModel$Persist
1382:             1             72  com.lucent.aaa.uss2.diameter.DiameterStateGroup
1383:             1             72  com.lucent.aaa.uss2.general.GeneralStateGroup
1384:             3             72  com.lucent.aaa.uss2.general.GeneralStateMachine$GeneralState
1385:             3             72  com.lucent.aaa.uss2.radius.RadiusState
1386:             1             72  com.lucent.aaa.uss2.radius.RadiusStateGroup
1387:             3             72  com.lucent.aaa.util.Alarm$State
1388:             3             72  com.lucent.aaa.util.CliParser$Environment
1389:             3             72  com.lucent.aaa.util.Feature
1390:             3             72  com.lucent.aaa.util.Trinary
1391:             3             72  com.lucent.aaa.util.Utility$b
1392:             3             72  com.lucent.aaa.value.ByteValue$DiameterFactory
1393:             3             72  com.lucent.aaa.value.FeatureValue
1394:             3             72  com.lucent.aaa.value.GeneralStateValue
1395:             3             72  com.lucent.aaa.value.IPFilterValue$PortRule
1396:             3             72  com.lucent.aaa.value.IPFilterValue$ValueType
1397:             3             72  com.lucent.aaa.value.RadiusStateValue
1398:             3             72  com.lucent.aaa.value.RegexValue
1399:             3             72  com.lucent.aaa.value.SignedIntegerValue
1400:             3             72  com.lucent.aaa.value.SignedIntegerValue$DiameterFactory
1401:             3             72  com.lucent.aaa.value.SignedLongValue$DiameterFactory
1402:             3             72  com.lucent.aaa.value.StrictnessValue
1403:             3             72  java.io.BufferedOutputStream
1404:             3             72  java.lang.Double
1405:             3             72  java.lang.StringBuffer
1406:             3             72  java.lang.annotation.RetentionPolicy
1407:             3             72  java.net.Proxy$Type
1408:             3             72  java.security.SecurityPermission
1409:             3             72  java.sql.DriverInfo
1410:             3             72  java.util.Base64$Encoder
1411:             1             72  java.util.ResourceBundle$RBClassLoader
1412:             1             72  java.util.concurrent.ScheduledThreadPoolExecutor$ScheduledFutureTask
1413:             3             72  java.util.concurrent.atomic.AtomicMarkableReference$Pair
1414:             3             72  java.util.concurrent.locks.ReentrantReadWriteLock
1415:             1             72  java.util.logging.LogManager$RootLogger
1416:             3             72  java.util.regex.Pattern$CharProperty$1
1417:             3             72  java.util.regex.Pattern$SliceI
1418:             3             72  org.antlr.v4.runtime.CodePointBuffer$Type
1419:             3             72  org.antlr.v4.runtime.atn.PredictionMode
1420:             3             72  org.apache.derby.client.net.EbcdicCcsidManager
1421:             3             72  org.apache.derby.iapi.sql.dictionary.DataDescriptorGenerator
1422:             3             72  org.apache.derby.iapi.types.DataValueFactoryImpl
1423:             3             72  org.apache.derby.iapi.types.SQLLongint
1424:             3             72  org.apache.derby.impl.jdbc.EmbedConnectionContext
1425:             3             72  org.apache.derby.impl.services.locks.ConcurrentPool
1426:             3             72  org.apache.derby.impl.sql.GenericParameterValueSet
1427:             3             72  org.apache.derby.impl.sql.depend.BasicDependencyManager
1428:             3             72  org.apache.derby.impl.store.raw.xact.XactXAResourceManager
1429:             3             72  org.apache.derby.jdbc.ResourceAdapterImpl
1430:             3             72  org.apache.sshd.common.session.SessionListener$Event
1431:             3             72  org.bouncycastle.asn1.x509.Extensions
1432:             3             72  org.bouncycastle.asn1.x509.SubjectPublicKeyInfo
1433:             3             72  sun.misc.FloatingDecimal$ExceptionalBinaryToASCIIBuffer
1434:             3             72  sun.misc.Signal
1435:             3             72  sun.nio.ch.SharedFileLockTable
1436:             1             72  sun.nio.ch.UnixAsynchronousServerSocketChannelImpl
1437:             3             72  sun.nio.ch.Util$BufferCache
1438:             3             72  sun.reflect.generics.tree.ClassSignature
1439:             3             72  sun.reflect.generics.tree.FormalTypeParameter
1440:             3             72  sun.security.provider.NativePRNG$Variant
1441:             3             72  sun.security.ssl.CipherSuite$CipherType
1442:             3             72  sun.security.ssl.CipherSuiteList
1443:             1             72  sun.util.locale.provider.JRELocaleProviderAdapter
1444:             3             72  sun.util.resources.ParallelListResourceBundle$KeySet
1445:             2             64  [Lcom.lucent.aaa.diameter.DiameterConstants$MultiRoundAuthMode;
1446:             2             64  [Lcom.lucent.aaa.diameter.Peer$AdminState;
1447:             2             64  [Lcom.lucent.aaa.log.LogEntry$ExceptionFormat;
1448:             2             64  [Lcom.lucent.aaa.log.LogPrivacy;
1449:             2             64  [Lcom.lucent.aaa.log.TimezoneFormat;
1450:             2             64  [Lcom.lucent.aaa.plugin.Call$CopyQueue;
1451:             2             64  [Lcom.lucent.aaa.radius.RadiusConstants$ChallengeTimeoutMode;
1452:             2             64  [Lcom.lucent.aaa.radius.RadiusConstants$PortHint;
1453:             2             64  [Lcom.lucent.aaa.radius.RadiusConstants$RadiusTransport;
1454:             2             64  [Lcom.lucent.aaa.snmp.SnmpMessage$SecurityLevel;
1455:             2             64  [Lcom.lucent.aaa.snmp.SnmpUserEntry$Access;
1456:             2             64  [Lcom.lucent.aaa.snmp.SnmpVersion;
1457:             2             64  [Lcom.lucent.aaa.uss2.UssModel$Persist;
1458:             2             64  [Lcom.lucent.aaa.util.Feature;
1459:             2             64  [Lcom.lucent.aaa.util.Strictness;
1460:             2             64  [Ljava.lang.ThreadGroup;
1461:             2             64  [Ljava.lang.annotation.RetentionPolicy;
1462:             2             64  [Lorg.apache.sshd.common.channel.RequestHandler;
1463:             2             64  [Lorg.apache.sshd.common.cipher.ECCurves;
1464:             2             64  [Lorg.apache.sshd.common.compression.BuiltinCompressions;
1465:             1             64  com.fasterxml.jackson.core.sym.ByteQuadsCanonicalizer
1466:             1             64  com.fasterxml.jackson.core.sym.CharsToNameCanonicalizer
1467:             4             64  com.lucent.aaa.DerbyAccess
1468:             1             64  com.lucent.aaa.Queue
1469:             1             64  com.lucent.aaa.af
1470:             1             64  com.lucent.aaa.ldap.h
1471:             2             64  com.lucent.aaa.log.p
1472:             2             64  com.lucent.aaa.log.p$a
1473:             2             64  com.lucent.aaa.plugin.ReadUserFile$b
1474:             1             64  com.lucent.aaa.radius.m
1475:             4             64  com.lucent.aaa.rmi.RMIRegistry$PlainCSF
1476:             4             64  com.lucent.aaa.rmi.RMIRegistry$a
1477:             1             64  com.lucent.aaa.tacacsPlus.a
1478:             4             64  com.lucent.aaa.tal.instruction.i
1479:             2             64  com.lucent.aaa.tal.instruction.w
1480:             2             64  com.lucent.aaa.util.bh$a
1481:             4             64  com.lucent.aaa.value.SignedLongValue$GeneralFactory
1482:             4             64  com.lucent.aaa.value.StringValue$GeneralFactory
1483:             4             64  com.sun.crypto.provider.PKCS5Padding
1484:             2             64  com.sun.jmx.mbeanserver.DefaultMXBeanMappingFactory$CollectionMapping
1485:             2             64  java.io.DataOutputStream
1486:             2             64  java.lang.ClassValue$Entry
1487:             2             64  java.lang.Exception
1488:             2             64  java.lang.VirtualMachineError
1489:             2             64  java.lang.ref.ReferenceQueue$Null
1490:             4             64  java.nio.channels.spi.AbstractSelector$1
1491:             2             64  java.util.PropertyPermission
1492:             2             64  java.util.concurrent.CountDownLatch$Sync
1493:             2             64  java.util.concurrent.Semaphore$NonfairSync
1494:             2             64  java.util.concurrent.SynchronousQueue
1495:             2             64  java.util.concurrent.atomic.AtomicReferenceFieldUpdater$AtomicReferenceFieldUpdaterImpl
1496:             4             64  java.util.concurrent.locks.ReentrantReadWriteLock$ReadLock
1497:             4             64  java.util.concurrent.locks.ReentrantReadWriteLock$Sync$ThreadLocalHoldCounter
1498:             4             64  java.util.concurrent.locks.ReentrantReadWriteLock$WriteLock
1499:             1             64  javax.crypto.NullCipher
1500:             4             64  org.antlr.v4.runtime.atn.PredictionContextCache
1501:             4             64  org.antlr.v4.runtime.atn.WildcardTransition
1502:             2             64  org.apache.derby.catalog.types.DecimalTypeIdImpl
1503:             1             64  org.apache.derby.impl.drda.NetworkServerMBeanImpl
1504:             1             64  org.apache.sshd.common.io.nio2.Nio2Acceptor
1505:             4             64  sun.nio.ch.Util$3
1506:             2             64  sun.nio.fs.LinuxFileSystem
1507:             2             64  sun.reflect.annotation.AnnotationType
1508:             4             64  sun.security.util.DisabledAlgorithmConstraints$Constraints
1509:             1             56  [Lcom.fasterxml.jackson.core.JsonGenerator$Feature;
1510:             1             56  [Lcom.lucent.aaa.WorkQueue$SubQueue;
1511:             1             56  [Lcom.lucent.aaa.tls.TlsConstants$KexAlgo;
1512:             1             56  [Ljava.lang.Runnable;
1513:             1             56  [Ljava.util.Locale;
1514:             2             56  [Lorg.apache.sshd.common.compression.CompressionFactory;
1515:             2             56  [Lorg.bouncycastle.asn1.ASN1ObjectIdentifier;
1516:             3             56  [Lsun.reflect.generics.tree.ClassTypeSignature;
1517:             1             56  [Lsun.util.logging.PlatformLogger$Level;
1518:             1             56  com.fasterxml.jackson.core.JsonFactory
1519:             1             56  com.lucent.aaa.AccessFile
1520:             1             56  com.lucent.aaa.ImsiPrivacyKeys
1521:             1             56  com.lucent.aaa.cg
1522:             1             56  com.lucent.aaa.diameter.l
1523:             1             56  com.lucent.aaa.plugin.Lock$c
1524:             1             56  com.lucent.aaa.q
1525:             1             56  com.lucent.aaa.snmp.SnmpV3UserFile
1526:             1             56  com.lucent.aaa.snmp.g
1527:             1             56  com.lucent.aaa.uss2.ae
1528:             1             56  com.lucent.aaa.value.LicenseGroupValue
1529:             1             56  java.util.logging.LogManager
1530:             1             56  org.apache.derby.iapi.jdbc.DRDAServerStarter
1531:             1             56  org.apache.derby.impl.services.stream.BasicHeaderPrintWriter
1532:             1             56  org.apache.sshd.server.config.keys.DefaultAuthorizedKeysAuthenticator
1533:             1             56  sun.rmi.runtime.Log$InternalStreamHandler
1534:             2             48  [Lcom.lucent.aaa.GeneralDictionary$ApplicationType;
1535:             2             48  [Lcom.lucent.aaa.log.ChannelDirector$QueueAction;
1536:             2             48  [Lcom.lucent.aaa.snmp.NotificationType;
1537:             1             48  [Lcom.lucent.aaa.stat.k$b;
1538:             1             48  [Lcom.lucent.aaa.tls.TlsConstants$HashAlgo;
1539:             2             48  [Lcom.lucent.aaa.x509.Cert;
1540:             3             48  [Ljava.lang.annotation.Annotation;
1541:             1             48  [Ljava.lang.invoke.MethodHandleImpl$Intrinsic;
1542:             2             48  [Ljava.lang.reflect.TypeVariable;
1543:             1             48  [Ljava.math.RoundingMode;
1544:             3             48  [Ljava.net.NetworkInterface;
1545:             1             48  [Ljava.util.concurrent.TimeUnit;
1546:             1             48  [Lorg.antlr.v4.runtime.atn.LexerActionType;
1547:             1             48  [Lorg.apache.derby.iapi.store.raw.FetchDescriptor;
1548:             3             48  [Lorg.apache.derby.impl.services.reflect.JarLoader;
1549:             3             48  [Lorg.apache.derby.impl.sql.GenericParameter;
1550:             2             48  [Lorg.apache.sshd.common.NamedFactory;
1551:             2             48  [Lorg.apache.sshd.common.util.buffer.keys.BufferPublicKeyParser;
1552:             2             48  [Lorg.apache.sshd.server.forward.ForwardingFilter$Type;
1553:             1             48  [Lorg.jdom2.Content$CType;
1554:             2             48  [Lsun.security.ssl.EphemeralKeyManager$EphemeralKeyPair;
1555:             1             48  [Lsun.security.ssl.SignatureAndHashAlgorithm$HashAlgorithm;
1556:             1             48  [Lsun.security.x509.NetscapeCertTypeExtension$MapEntry;
1557:             1             48  [[Ljava.lang.Object;
1558:             1             48  com.lucent.aaa.CacheManager$a
1559:             1             48  com.lucent.aaa.CacheManager$b
1560:             1             48  com.lucent.aaa.CacheManager$c
1561:             1             48  com.lucent.aaa.CacheManager$d
1562:             1             48  com.lucent.aaa.CacheManager$e
1563:             1             48  com.lucent.aaa.CacheManager$f
1564:             1             48  com.lucent.aaa.CacheManager$g
1565:             1             48  com.lucent.aaa.CacheManager$h
1566:             3             48  com.lucent.aaa.GeneralCodec$BasicRadiusFormat
1567:             2             48  com.lucent.aaa.GeneralDictionary$ApplicationType
1568:             2             48  com.lucent.aaa.PropertyInfoList$CoerceType
1569:             1             48  com.lucent.aaa.ReloadManager$a
1570:             1             48  com.lucent.aaa.RolloverManager$a
1571:             1             48  com.lucent.aaa.WorkQueue
1572:             1             48  com.lucent.aaa.b.p$a
1573:             1             48  com.lucent.aaa.broker.e$a
1574:             1             48  com.lucent.aaa.broker.e$b
1575:             1             48  com.lucent.aaa.broker.e$c
1576:             1             48  com.lucent.aaa.broker.e$d
1577:             1             48  com.lucent.aaa.broker.e$e
1578:             1             48  com.lucent.aaa.broker.e$f
1579:             1             48  com.lucent.aaa.broker.e$g
1580:             1             48  com.lucent.aaa.diameter.DiameterInfo
1581:             2             48  com.lucent.aaa.log.ChannelDirector$QueueAction
1582:             2             48  com.lucent.aaa.plugin.Diameter$$Lambda$763/1886391178
1583:             1             48  com.lucent.aaa.radius.m$a
1584:             2             48  com.lucent.aaa.snmp.NotificationType
1585:             2             48  com.lucent.aaa.stat.CertificateFileGroup$a
1586:             1             48  com.lucent.aaa.stat.OneNdsTriggerGroup$a
1587:             1             48  com.lucent.aaa.state.k
1588:             1             48  com.lucent.aaa.state.k$c
1589:             3             48  com.lucent.aaa.tal.instruction.am
1590:             2             48  com.lucent.aaa.tal.instruction.v
1591:             2             48  com.lucent.aaa.tal.instruction.x
1592:             1             48  com.lucent.aaa.uss2.af
1593:             1             48  com.lucent.aaa.uss2.z$aa
1594:             1             48  com.lucent.aaa.uss2.z$ab
1595:             1             48  com.lucent.aaa.uss2.z$ac
1596:             1             48  com.lucent.aaa.uss2.z$ad
1597:             1             48  com.lucent.aaa.uss2.z$ae
1598:             1             48  com.lucent.aaa.uss2.z$af
1599:             1             48  com.lucent.aaa.uss2.z$ag
1600:             1             48  com.lucent.aaa.uss2.z$ah
1601:             1             48  com.lucent.aaa.uss2.z$ai
1602:             1             48  com.lucent.aaa.uss2.z$aj
1603:             1             48  com.lucent.aaa.uss2.z$ak
1604:             1             48  com.lucent.aaa.uss2.z$d
1605:             1             48  com.lucent.aaa.uss2.z$e
1606:             1             48  com.lucent.aaa.uss2.z$i
1607:             1             48  com.lucent.aaa.uss2.z$k
1608:             1             48  com.lucent.aaa.uss2.z$l
1609:             1             48  com.lucent.aaa.uss2.z$m
1610:             1             48  com.lucent.aaa.uss2.z$n
1611:             1             48  com.lucent.aaa.uss2.z$o
1612:             1             48  com.lucent.aaa.uss2.z$p
1613:             1             48  com.lucent.aaa.uss2.z$q
1614:             1             48  com.lucent.aaa.uss2.z$r
1615:             1             48  com.lucent.aaa.uss2.z$s
1616:             1             48  com.lucent.aaa.uss2.z$t
1617:             1             48  com.lucent.aaa.uss2.z$u
1618:             1             48  com.lucent.aaa.uss2.z$v
1619:             1             48  com.lucent.aaa.uss2.z$w
1620:             1             48  com.lucent.aaa.uss2.z$x
1621:             1             48  com.lucent.aaa.uss2.z$y
1622:             1             48  com.lucent.aaa.uss2.z$z
1623:             2             48  com.lucent.aaa.util.CliParser$Case
1624:             3             48  com.lucent.aaa.util.m
1625:             2             48  com.lucent.aaa.value.AtomicBooleanValue
1626:             2             48  com.lucent.aaa.value.AtomicDurationValue
1627:             3             48  com.lucent.aaa.value.ByteValue$RadiusFactory
1628:             2             48  com.lucent.aaa.value.CdmaGroupValue$DiameterFactory
1629:             3             48  com.lucent.aaa.value.CdmaGroupValue$GeneralFactory
1630:             2             48  com.lucent.aaa.value.DoubleValue
1631:             2             48  com.lucent.aaa.value.EventTimestampValue
1632:             2             48  com.lucent.aaa.value.HexedOpaqueValue$DiameterFactory
1633:             3             48  com.lucent.aaa.value.HexedOpaqueValue$GeneralFactory
1634:             2             48  com.lucent.aaa.value.IntegerEnumerationValue$DiameterFactory
1635:             3             48  com.lucent.aaa.value.IntegerEnumerationValue$GeneralFactory
1636:             3             48  com.lucent.aaa.value.LongValue$GeneralFactory
1637:             2             48  com.lucent.aaa.value.OpaqueValue$DiameterFactory
1638:             2             48  com.lucent.aaa.value.ShortValue$DiameterFactory
1639:             3             48  com.lucent.aaa.value.ShortValue$GeneralFactory
1640:             3             48  com.lucent.aaa.value.SignedIntegerValue$RadiusFactory
1641:             3             48  com.lucent.aaa.value.SignedLongValue$RadiusFactory
1642:             2             48  com.lucent.aaa.value.StringValue$DiameterFactory
1643:             2             48  com.sun.jmx.mbeanserver.ClassLoaderRepositorySupport$LoaderEntry
1644:             1             48  com.sun.jmx.mbeanserver.DefaultMXBeanMappingFactory$Mappings
1645:             2             48  com.sun.jmx.mbeanserver.WeakIdentityHashMap
1646:             2             48  java.io.File$PathStatus
1647:             2             48  java.io.InputStreamReader
1648:             1             48  java.lang.invoke.BoundMethodHandle$Species_L4
1649:             2             48  java.lang.invoke.MethodHandles$Lookup
1650:             2             48  java.lang.reflect.ReflectPermission
1651:             2             48  java.net.InetAddress$Cache
1652:             2             48  java.net.InetAddress$Cache$Type
1653:             2             48  java.net.StandardProtocolFamily
1654:             2             48  java.nio.charset.CoderResult
1655:             3             48  java.nio.charset.CodingErrorAction
1656:             2             48  java.security.CodeSigner
1657:             2             48  java.security.Timestamp
1658:             1             48  java.sql.SQLNonTransientConnectionException
1659:             2             48  java.sql.SQLPermission
1660:             3             48  java.text.AttributedCharacterIterator$Attribute
1661:             3             48  java.util.Base64$Decoder
1662:             2             48  java.util.Collections$SynchronizedSet
1663:             3             48  java.util.ResourceBundle$NoFallbackControl
1664:             1             48  java.util.concurrent.ConcurrentSkipListMap
1665:             3             48  java.util.concurrent.CopyOnWriteArraySet
1666:             3             48  java.util.concurrent.atomic.AtomicMarkableReference
1667:             1             48  java.util.concurrent.locks.ReentrantReadWriteLock$FairSync
1668:             2             48  java.util.logging.Logger$LoggerBundle
1669:             1             48  java.util.regex.Pattern$GroupCurly
1670:             2             48  javax.crypto.CryptoPermissions
1671:             2             48  javax.measure.converter.AddConverter
1672:             2             48  org.antlr.v4.runtime.atn.ATNDeserializer$UnicodeDeserializingMode
1673:             2             48  org.antlr.v4.runtime.atn.ATNType
1674:             1             48  org.antlr.v4.runtime.atn.Transition$1
1675:             3             48  org.apache.derby.client.am.CrossConverters
1676:             1             48  org.apache.derby.iapi.services.cache.ClassSizeCatalogImpl
1677:             2             48  org.apache.derby.iapi.services.info.Version
1678:             3             48  org.apache.derby.iapi.services.loader.ClassInspector
1679:             3             48  org.apache.derby.iapi.services.locks.ShExLockable
1680:             3             48  org.apache.derby.iapi.services.property.PropertyValidation
1681:             3             48  org.apache.derby.impl.services.reflect.ClassLoaderLock
1682:             3             48  org.apache.derby.impl.sql.GenericLanguageFactory
1683:             3             48  org.apache.derby.impl.sql.LanguageDbPropertySetter
1684:             3             48  org.apache.derby.impl.store.access.CacheLock
1685:             3             48  org.apache.derby.impl.store.access.PC_XenaVersion
1686:             3             48  org.apache.derby.impl.store.access.RAMAccessUndoHandler
1687:             3             48  org.apache.derby.impl.store.access.btree.index.B2IFactory
1688:             3             48  org.apache.derby.impl.store.access.heap.HeapConglomerateFactory
1689:             3             48  org.apache.derby.impl.store.raw.data.RFResource
1690:             3             48  org.apache.derby.impl.store.raw.xact.RowLocking1
1691:             3             48  org.apache.derby.impl.store.raw.xact.RowLocking2
1692:             3             48  org.apache.derby.impl.store.raw.xact.RowLocking2nohold
1693:             3             48  org.apache.derby.impl.store.raw.xact.RowLocking3
1694:             3             48  org.apache.derby.impl.store.raw.xact.RowLockingRR
1695:             1             48  org.apache.sshd.client.config.hosts.DefaultConfigFileHostEntryResolver
1696:             1             48  org.apache.sshd.common.cipher.BuiltinCiphers$1
1697:             1             48  org.apache.sshd.common.cipher.BuiltinCiphers$2
1698:             1             48  org.apache.sshd.common.cipher.BuiltinCiphers$3
1699:             1             48  org.apache.sshd.common.io.nio2.Nio2ServiceFactory
1700:             3             48  org.apache.sshd.common.util.buffer.keys.BufferPublicKeyParser$Utils$1
1701:             2             48  org.apache.sshd.server.forward.ForwardingFilter$Type
1702:             1             48  org.apache.sshd.server.keyprovider.SimpleGeneratorHostKeyProvider
1703:             3             48  org.apache.xerces.impl.dv.dtd.ListDatatypeValidator
1704:             1             48  org.apache.xerces.util.URI
1705:             2             48  org.bouncycastle.asn1.x509.BasicConstraints
1706:             3             48  org.bouncycastle.asn1.x509.SubjectKeyIdentifier
1707:             3             48  org.bouncycastle.jcajce.provider.asymmetric.dh.KeyFactorySpi
1708:             1             48  org.bouncycastle.jcajce.provider.asymmetric.rsa.BCRSAPrivateCrtKey
1709:             2             48  org.jdom2.Namespace
1710:             2             48  sun.management.ManagementFactoryHelper$1
1711:             2             48  sun.misc.NativeSignalHandler
1712:             2             48  sun.misc.URLClassPath$FileLoader
1713:             3             48  sun.net.www.protocol.jar.Handler
1714:             2             48  sun.nio.ch.EPollPort$Event
1715:             2             48  sun.reflect.generics.scope.ClassScope
1716:             2             48  sun.security.jca.ProviderList
1717:             2             48  sun.security.jca.ProviderList$3
1718:             2             48  sun.security.provider.DSAParameters
1719:             2             48  sun.security.rsa.RSAUtil$KeyType
1720:             1             48  sun.security.ssl.CipherBox
1721:             2             48  sun.security.ssl.SSLAlgorithmConstraints
1722:             3             48  sun.text.normalizer.NormalizerBase$QuickCheckResult
1723:             1             48  sun.text.resources.FormatData
1724:             1             48  sun.text.resources.en.FormatData_en
1725:             1             48  sun.text.resources.en.FormatData_en_US
1726:             1             48  sun.util.resources.CalendarData
1727:             1             48  sun.util.resources.CurrencyNames
1728:             1             48  sun.util.resources.TimeZoneNames
1729:             1             48  sun.util.resources.en.CalendarData_en
1730:             1             48  sun.util.resources.en.CurrencyNames_en_US
1731:             1             48  sun.util.resources.en.TimeZoneNames_en
1732:             1             40  [Lcom.fasterxml.jackson.core.JsonParser$NumberType;
1733:             1             40  [Lcom.lucent.aaa.ConfigCommands$CommandType;
1734:             1             40  [Lcom.lucent.aaa.FieldMapListener$WriteFlag;
1735:             1             40  [Lcom.lucent.aaa.MapUtils$State;
1736:             1             40  [Lcom.lucent.aaa.TcpConnectionManager$ConnectionType;
1737:             1             40  [Lcom.lucent.aaa.tal.TalTable$CreateMode;
1738:             1             40  [Lcom.lucent.aaa.uss2.general.GeneralStateMachine$Event;
1739:             1             40  [Lcom.lucent.aaa.util.Utility$Escape;
1740:             2             40  [Lcom.sun.jmx.mbeanserver.ClassLoaderRepositorySupport$LoaderEntry;
1741:             1             40  [Ljava.lang.management.MemoryPoolMXBean;
1742:             1             40  [Lsun.security.jca.ServiceId;
1743:             1             40  [Lsun.security.ssl.SignatureAndHashAlgorithm$SignatureAlgorithm;
1744:             1             40  [Lsun.security.util.DisabledAlgorithmConstraints$Constraint$Operator;
1745:             1             40  [Lsun.util.locale.provider.LocaleProviderAdapter$Type;
1746:             1             40  [[Ljava.lang.invoke.LambdaForm$Name;
1747:             1             40  com.fasterxml.jackson.core.sym.ByteQuadsCanonicalizer$TableInfo
1748:             1             40  com.lucent.aaa.AlertFile$a
1749:             1             40  com.lucent.aaa.AlertFile$b
1750:             1             40  com.lucent.aaa.AlertFile$c
1751:             1             40  com.lucent.aaa.GeneralDictionary
1752:             1             40  com.lucent.aaa.Normal$a
1753:             1             40  com.lucent.aaa.RemoteConfig$a
1754:             1             40  com.lucent.aaa.RemoteConfig$b
1755:             1             40  com.lucent.aaa.RemoteConfig$c
1756:             1             40  com.lucent.aaa.ServerPropertyInfoList
1757:             1             40  com.lucent.aaa.TcpConnectionManager$b
1758:             1             40  com.lucent.aaa.TcpConnectionManager$c
1759:             1             40  com.lucent.aaa.ac$a
1760:             1             40  com.lucent.aaa.ac$b
1761:             1             40  com.lucent.aaa.ac$c
1762:             1             40  com.lucent.aaa.ac$d
1763:             1             40  com.lucent.aaa.ac$e
1764:             1             40  com.lucent.aaa.ac$f
1765:             1             40  com.lucent.aaa.ac$g
1766:             1             40  com.lucent.aaa.ac$h
1767:             1             40  com.lucent.aaa.ac$i
1768:             1             40  com.lucent.aaa.ac$j
1769:             1             40  com.lucent.aaa.ac$k
1770:             1             40  com.lucent.aaa.ac$l
1771:             1             40  com.lucent.aaa.ac$m
1772:             1             40  com.lucent.aaa.ac$n
1773:             1             40  com.lucent.aaa.ac$o
1774:             1             40  com.lucent.aaa.ac$p
1775:             1             40  com.lucent.aaa.ac$q
1776:             1             40  com.lucent.aaa.aj$a
1777:             1             40  com.lucent.aaa.aj$b
1778:             1             40  com.lucent.aaa.aj$c
1779:             1             40  com.lucent.aaa.aj$d
1780:             1             40  com.lucent.aaa.aj$e
1781:             1             40  com.lucent.aaa.aj$f
1782:             1             40  com.lucent.aaa.aj$g
1783:             1             40  com.lucent.aaa.am$a
1784:             1             40  com.lucent.aaa.am$aa
1785:             1             40  com.lucent.aaa.am$ab
1786:             1             40  com.lucent.aaa.am$ac
1787:             1             40  com.lucent.aaa.am$ad
1788:             1             40  com.lucent.aaa.am$ae
1789:             1             40  com.lucent.aaa.am$af
1790:             1             40  com.lucent.aaa.am$ag
1791:             1             40  com.lucent.aaa.am$ah
1792:             1             40  com.lucent.aaa.am$ai
1793:             1             40  com.lucent.aaa.am$aj
1794:             1             40  com.lucent.aaa.am$ak
1795:             1             40  com.lucent.aaa.am$al
1796:             1             40  com.lucent.aaa.am$am
1797:             1             40  com.lucent.aaa.am$an
1798:             1             40  com.lucent.aaa.am$ao
1799:             1             40  com.lucent.aaa.am$ap
1800:             1             40  com.lucent.aaa.am$aq
1801:             1             40  com.lucent.aaa.am$ar
1802:             1             40  com.lucent.aaa.am$as
1803:             1             40  com.lucent.aaa.am$at
1804:             1             40  com.lucent.aaa.am$au
1805:             1             40  com.lucent.aaa.am$av
1806:             1             40  com.lucent.aaa.am$aw
1807:             1             40  com.lucent.aaa.am$ax
1808:             1             40  com.lucent.aaa.am$ay
1809:             1             40  com.lucent.aaa.am$az
1810:             1             40  com.lucent.aaa.am$b
1811:             1             40  com.lucent.aaa.am$ba
1812:             1             40  com.lucent.aaa.am$bb
1813:             1             40  com.lucent.aaa.am$bc
1814:             1             40  com.lucent.aaa.am$bd
1815:             1             40  com.lucent.aaa.am$be
1816:             1             40  com.lucent.aaa.am$bf
1817:             1             40  com.lucent.aaa.am$bg
1818:             1             40  com.lucent.aaa.am$bh
1819:             1             40  com.lucent.aaa.am$bi
1820:             1             40  com.lucent.aaa.am$bj
1821:             1             40  com.lucent.aaa.am$bk
1822:             1             40  com.lucent.aaa.am$bl
1823:             1             40  com.lucent.aaa.am$bm
1824:             1             40  com.lucent.aaa.am$bn
1825:             1             40  com.lucent.aaa.am$bo
1826:             1             40  com.lucent.aaa.am$bp
1827:             1             40  com.lucent.aaa.am$bq
1828:             1             40  com.lucent.aaa.am$br
1829:             1             40  com.lucent.aaa.am$bs
1830:             1             40  com.lucent.aaa.am$bt
1831:             1             40  com.lucent.aaa.am$bu
1832:             1             40  com.lucent.aaa.am$bv
1833:             1             40  com.lucent.aaa.am$c
1834:             1             40  com.lucent.aaa.am$d
1835:             1             40  com.lucent.aaa.am$e
1836:             1             40  com.lucent.aaa.am$f
1837:             1             40  com.lucent.aaa.am$g
1838:             1             40  com.lucent.aaa.am$h
1839:             1             40  com.lucent.aaa.am$i
1840:             1             40  com.lucent.aaa.am$j
1841:             1             40  com.lucent.aaa.am$k
1842:             1             40  com.lucent.aaa.am$l
1843:             1             40  com.lucent.aaa.am$m
1844:             1             40  com.lucent.aaa.am$n
1845:             1             40  com.lucent.aaa.am$o
1846:             1             40  com.lucent.aaa.am$p
1847:             1             40  com.lucent.aaa.am$q
1848:             1             40  com.lucent.aaa.am$r
1849:             1             40  com.lucent.aaa.am$s
1850:             1             40  com.lucent.aaa.am$t
1851:             1             40  com.lucent.aaa.am$u
1852:             1             40  com.lucent.aaa.am$v
1853:             1             40  com.lucent.aaa.am$w
1854:             1             40  com.lucent.aaa.am$x
1855:             1             40  com.lucent.aaa.am$y
1856:             1             40  com.lucent.aaa.am$z
1857:             1             40  com.lucent.aaa.ax
1858:             1             40  com.lucent.aaa.b.d$a
1859:             1             40  com.lucent.aaa.b.d$b
1860:             1             40  com.lucent.aaa.broker.ConfigCommands$a
1861:             1             40  com.lucent.aaa.broker.ConfigCommands$b
1862:             1             40  com.lucent.aaa.broker.ConfigCommands$c
1863:             1             40  com.lucent.aaa.broker.ConfigCommands$d
1864:             1             40  com.lucent.aaa.broker.ConfigCommands$e
1865:             1             40  com.lucent.aaa.broker.ConfigCommands$f
1866:             1             40  com.lucent.aaa.broker.ConfigCommands$g
1867:             1             40  com.lucent.aaa.broker.ConfigCommands$h
1868:             1             40  com.lucent.aaa.broker.ConfigCommands$i
1869:             1             40  com.lucent.aaa.broker.ConfigCommands$j
1870:             1             40  com.lucent.aaa.broker.ConfigCommands$k
1871:             1             40  com.lucent.aaa.broker.ConfigCommands$l
1872:             1             40  com.lucent.aaa.broker.ConfigCommands$m
1873:             1             40  com.lucent.aaa.broker.ConfigCommands$n
1874:             1             40  com.lucent.aaa.broker.ConfigCommands$o
1875:             1             40  com.lucent.aaa.broker.ConfigCommands$p
1876:             1             40  com.lucent.aaa.broker.ConfigCommands$q
1877:             1             40  com.lucent.aaa.broker.ConfigCommands$r
1878:             1             40  com.lucent.aaa.broker.ConfigCommands$s
1879:             1             40  com.lucent.aaa.broker.ConfigCommands$t
1880:             1             40  com.lucent.aaa.broker.ConfigCommands$u
1881:             1             40  com.lucent.aaa.broker.ConfigCommands$v
1882:             1             40  com.lucent.aaa.broker.ConfigCommands$w
1883:             1             40  com.lucent.aaa.broker.ConfigCommands$x
1884:             1             40  com.lucent.aaa.broker.ConfigCommands$y
1885:             1             40  com.lucent.aaa.c.b$a
1886:             1             40  com.lucent.aaa.cal.c$d
1887:             1             40  com.lucent.aaa.cr$a
1888:             1             40  com.lucent.aaa.cr$b
1889:             1             40  com.lucent.aaa.cr$c
1890:             1             40  com.lucent.aaa.cr$d
1891:             1             40  com.lucent.aaa.cr$e
1892:             1             40  com.lucent.aaa.cr$f
1893:             1             40  com.lucent.aaa.cr$g
1894:             1             40  com.lucent.aaa.cr$h
1895:             1             40  com.lucent.aaa.cr$i
1896:             1             40  com.lucent.aaa.cr$j
1897:             1             40  com.lucent.aaa.cr$k
1898:             1             40  com.lucent.aaa.cr$l
1899:             1             40  com.lucent.aaa.cr$m
1900:             1             40  com.lucent.aaa.cr$n
1901:             1             40  com.lucent.aaa.cr$o
1902:             1             40  com.lucent.aaa.cr$p
1903:             1             40  com.lucent.aaa.cs
1904:             1             40  com.lucent.aaa.diameter.RealmRoutingEngine$a
1905:             1             40  com.lucent.aaa.diameter.j$a
1906:             1             40  com.lucent.aaa.diameter.j$b
1907:             1             40  com.lucent.aaa.diameter.j$c
1908:             1             40  com.lucent.aaa.diameter.j$d
1909:             1             40  com.lucent.aaa.diameter.j$f
1910:             1             40  com.lucent.aaa.diameter.j$g
1911:             1             40  com.lucent.aaa.diameter.j$h
1912:             1             40  com.lucent.aaa.diameter.j$i
1913:             1             40  com.lucent.aaa.diameter.j$j
1914:             1             40  com.lucent.aaa.diameter.j$k
1915:             1             40  com.lucent.aaa.log.ChannelDirector
1916:             1             40  com.lucent.aaa.log.g$a
1917:             1             40  com.lucent.aaa.log.g$b
1918:             1             40  com.lucent.aaa.log.g$c
1919:             1             40  com.lucent.aaa.log.g$d
1920:             1             40  com.lucent.aaa.log.g$g
1921:             1             40  com.lucent.aaa.log.g$h
1922:             1             40  com.lucent.aaa.log.g$k
1923:             1             40  com.lucent.aaa.log.g$l
1924:             1             40  com.lucent.aaa.log.k
1925:             1             40  com.lucent.aaa.plugin.Cassandra$c
1926:             1             40  com.lucent.aaa.plugin.Radius$a
1927:             1             40  com.lucent.aaa.property.AtFilePropertyInfo$d
1928:             1             40  com.lucent.aaa.stat.e
1929:             1             40  com.lucent.aaa.state.StatsManager
1930:             1             40  com.lucent.aaa.state.k$a
1931:             1             40  com.lucent.aaa.state.k$b
1932:             1             40  com.lucent.aaa.state.k$d
1933:             1             40  com.lucent.aaa.tal.g$a
1934:             1             40  com.lucent.aaa.tal.g$b
1935:             1             40  com.lucent.aaa.tal.g$c
1936:             1             40  com.lucent.aaa.tal.g$d
1937:             1             40  com.lucent.aaa.tal.g$e
1938:             1             40  com.lucent.aaa.tal.l$ac
1939:             1             40  com.lucent.aaa.tal.l$aq
1940:             1             40  com.lucent.aaa.tal.l$bt
1941:             1             40  com.lucent.aaa.tal.l$e
1942:             1             40  com.lucent.aaa.tal.l$u
1943:             1             40  com.lucent.aaa.tal.l$w
1944:             1             40  com.lucent.aaa.tls.e
1945:             1             40  com.lucent.aaa.tls.s$a
1946:             1             40  com.lucent.aaa.uss2.b
1947:             1             40  com.lucent.aaa.uss2.z$f
1948:             1             40  com.lucent.aaa.uss2.z$g
1949:             1             40  com.lucent.aaa.uss2.z$h
1950:             1             40  com.sun.jmx.interceptor.DefaultMBeanServerInterceptor
1951:             1             40  com.sun.jmx.mbeanserver.JmxMBeanServer
1952:             1             40  com.sun.jmx.mbeanserver.MBeanServerDelegateImpl
1953:             1             40  java.io.BufferedInputStream
1954:             1             40  java.util.HashMap$KeyIterator
1955:             1             40  java.util.ResourceBundle$1
1956:             1             40  javax.crypto.CryptoAllPermission
1957:             1             40  javax.measure.converter.LogConverter
1958:             1             40  org.antlr.v4.runtime.ParserRuleContext
1959:             1             40  org.apache.derby.impl.services.uuid.BasicUUIDFactory
1960:             1             40  org.bouncycastle.jce.provider.BouncyCastleProviderConfiguration
1961:             1             40  sun.awt.resources.awt
1962:             1             40  sun.management.DiagnosticCommandImpl
1963:             1             40  sun.nio.cs.StandardCharsets$Aliases
1964:             1             40  sun.nio.cs.StandardCharsets$Cache
1965:             1             40  sun.nio.cs.StandardCharsets$Classes
1966:             1             40  sun.rmi.server.UnicastServerRef
1967:             1             40  sun.security.ssl.TrustStoreManager$TrustStoreDescriptor
1968:             1             40  sun.security.x509.NameConstraintsExtension
1969:             1             40  sun.util.logging.resources.logging
1970:             1             32  [Lcom.fasterxml.jackson.core.JsonFactory$Feature;
1971:             1             32  [Lcom.lucent.aaa.FieldMapListener$ClearFlag;
1972:             1             32  [Lcom.lucent.aaa.PropertyInfoList$UndefinedMode;
1973:             1             32  [Lcom.lucent.aaa.RemoteConfig$AuditResult$State;
1974:             1             32  [Lcom.lucent.aaa.RemoteConfig$Mode;
1975:             1             32  [Lcom.lucent.aaa.property.EnumerationPropertyInfo$ListType;
1976:             1             32  [Lcom.lucent.aaa.property.PasswordPropertyInfo$HashMode;
1977:             1             32  [Lcom.lucent.aaa.stat.Group$InstanceType;
1978:             1             32  [Lcom.lucent.aaa.tal.TalConstants$Scope;
1979:             1             32  [Lcom.lucent.aaa.tal.TalEnvironment;
1980:             1             32  [Lcom.lucent.aaa.tal.TalParseType;
1981:             1             32  [Lcom.lucent.aaa.tls.TlsConstants$KeyType;
1982:             1             32  [Lcom.lucent.aaa.tls.TlsConstants$KeyUsage;
1983:             1             32  [Lcom.lucent.aaa.tls.TlsConstants$SignatureAlgo;
1984:             1             32  [Lcom.lucent.aaa.uss2.diameter.DiameterConstants$DiameterState;
1985:             1             32  [Lcom.lucent.aaa.uss2.general.GeneralStateMachine$GeneralState;
1986:             1             32  [Lcom.lucent.aaa.uss2.radius.RadiusState;
1987:             1             32  [Lcom.lucent.aaa.util.Alarm$State;
1988:             1             32  [Lcom.lucent.aaa.util.CliParser$Environment;
1989:             1             32  [Lcom.lucent.aaa.util.CliParser$Mode;
1990:             1             32  [Lcom.lucent.aaa.util.Trinary;
1991:             1             32  [Lcom.lucent.aaa.value.DiameterStateValue;
1992:             1             32  [Lcom.lucent.aaa.value.FeatureValue;
1993:             1             32  [Lcom.lucent.aaa.value.GeneralStateValue;
1994:             1             32  [Lcom.lucent.aaa.value.IPFilterValue$PortRule;
1995:             1             32  [Lcom.lucent.aaa.value.IPFilterValue$ValueType;
1996:             1             32  [Lcom.lucent.aaa.value.RadiusStateValue;
1997:             1             32  [Lcom.lucent.aaa.value.StrictnessValue;
1998:             2             32  [Ljava.lang.Enum;
1999:             1             32  [Ljava.lang.OutOfMemoryError;
2000:             1             32  [Ljava.lang.invoke.LambdaFormEditor$Transform;
2001:             1             32  [Ljava.lang.management.MemoryManagerMXBean;
2002:             1             32  [Ljava.net.Proxy$Type;
2003:             2             32  [Ljava.nio.file.LinkOption;
2004:             1             32  [Ljava.text.Normalizer$Form;
2005:             1             32  [Ljava.util.concurrent.ThreadPoolExecutor;
2006:             1             32  [Lorg.antlr.v4.runtime.CodePointBuffer$Type;
2007:             1             32  [Lorg.antlr.v4.runtime.atn.PredictionMode;
2008:             1             32  [Lorg.apache.sshd.common.session.SessionListener$Event;
2009:             1             32  [Lorg.apache.sshd.common.util.buffer.keys.AbstractBufferPublicKeyParser;
2010:             1             32  [Lorg.apache.sshd.common.util.closeable.AbstractCloseable$State;
2011:             1             32  [Lorg.jdom2.input.sax.XMLReaders;
2012:             1             32  [Lsun.nio.fs.NativeBuffer;
2013:             1             32  [Lsun.security.provider.NativePRNG$Variant;
2014:             1             32  [Lsun.security.ssl.CipherSuite$CipherType;
2015:             1             32  [Lsun.security.ssl.CipherSuite$PRF;
2016:             1             32  com.fasterxml.jackson.core.io.SerializedString
2017:             1             32  com.fasterxml.jackson.core.sym.CharsToNameCanonicalizer$TableInfo
2018:             2             32  com.lucent.aaa.GeneralCodec$LongExtRadiusFormat
2019:             2             32  com.lucent.aaa.GeneralCodec$RfcVendorSpecific
2020:             2             32  com.lucent.aaa.GeneralCodec$StarentNewVendorSpecific
2021:             1             32  com.lucent.aaa.al
2022:             1             32  com.lucent.aaa.ao
2023:             1             32  com.lucent.aaa.ay
2024:             1             32  com.lucent.aaa.b.g
2025:             1             32  com.lucent.aaa.bh
2026:             1             32  com.lucent.aaa.diameter.RealmRoutingEngine
2027:             1             32  com.lucent.aaa.diameter.q
2028:             2             32  com.lucent.aaa.eap.e
2029:             2             32  com.lucent.aaa.ldap.n$$Lambda$218/1255708407
2030:             2             32  com.lucent.aaa.ldap.n$$Lambda$219/2103527052
2031:             2             32  com.lucent.aaa.ldap.n$$Lambda$220/1268261468
2032:             2             32  com.lucent.aaa.ldap.n$$Lambda$221/1011387188
2033:             2             32  com.lucent.aaa.ldap.n$$Lambda$222/946260334
2034:             2             32  com.lucent.aaa.ldap.n$$Lambda$223/1551301860
2035:             2             32  com.lucent.aaa.ldap.n$$Lambda$224/1409864883
2036:             2             32  com.lucent.aaa.ldap.n$$Lambda$225/1705282731
2037:             2             32  com.lucent.aaa.ldap.n$$Lambda$226/2011815080
2038:             2             32  com.lucent.aaa.ldap.n$$Lambda$227/1313671691
2039:             2             32  com.lucent.aaa.ldap.n$$Lambda$228/1152113439
2040:             2             32  com.lucent.aaa.ldap.n$$Lambda$229/2094132308
2041:             2             32  com.lucent.aaa.ldap.n$$Lambda$230/1833045213
2042:             2             32  com.lucent.aaa.ldap.n$$Lambda$231/2014481872
2043:             2             32  com.lucent.aaa.ldap.n$$Lambda$232/685605293
2044:             2             32  com.lucent.aaa.ldap.n$$Lambda$233/1553616699
2045:             2             32  com.lucent.aaa.ldap.n$$Lambda$234/1864683077
2046:             2             32  com.lucent.aaa.ldap.n$$Lambda$235/6650683
2047:             2             32  com.lucent.aaa.ldap.n$$Lambda$236/1702180644
2048:             2             32  com.lucent.aaa.ldap.n$$Lambda$237/14050562
2049:             2             32  com.lucent.aaa.ldap.n$$Lambda$238/877959545
2050:             2             32  com.lucent.aaa.ldap.n$$Lambda$239/654821264
2051:             2             32  com.lucent.aaa.ldap.n$$Lambda$240/1844240889
2052:             2             32  com.lucent.aaa.ldap.n$$Lambda$241/850465441
2053:             2             32  com.lucent.aaa.ldap.n$$Lambda$242/1549565124
2054:             2             32  com.lucent.aaa.ldap.n$$Lambda$243/1455019071
2055:             2             32  com.lucent.aaa.ldap.n$$Lambda$244/303354428
2056:             2             32  com.lucent.aaa.ldap.n$$Lambda$245/1498944673
2057:             2             32  com.lucent.aaa.ldap.n$$Lambda$246/1238642607
2058:             2             32  com.lucent.aaa.ldap.n$$Lambda$247/1345069688
2059:             2             32  com.lucent.aaa.ldap.n$$Lambda$248/1767994579
2060:             2             32  com.lucent.aaa.ldap.n$$Lambda$249/1467981309
2061:             2             32  com.lucent.aaa.ldap.n$$Lambda$250/816821377
2062:             2             32  com.lucent.aaa.ldap.n$$Lambda$251/2012011563
2063:             2             32  com.lucent.aaa.ldap.n$$Lambda$252/1007264592
2064:             2             32  com.lucent.aaa.ldap.n$$Lambda$253/1211533832
2065:             2             32  com.lucent.aaa.ldap.n$$Lambda$254/817896503
2066:             2             32  com.lucent.aaa.ldap.n$$Lambda$255/1170032467
2067:             2             32  com.lucent.aaa.ldap.n$$Lambda$256/637365534
2068:             2             32  com.lucent.aaa.ldap.n$$Lambda$257/202453803
2069:             2             32  com.lucent.aaa.ldap.n$$Lambda$258/805659195
2070:             2             32  com.lucent.aaa.ldap.n$$Lambda$259/1562883265
2071:             2             32  com.lucent.aaa.ldap.n$$Lambda$260/1263567729
2072:             2             32  com.lucent.aaa.ldap.n$$Lambda$261/569707820
2073:             1             32  com.lucent.aaa.log.SnmpTrapDirector$a
2074:             1             32  com.lucent.aaa.log.j
2075:             2             32  com.lucent.aaa.log.p$a$$Lambda$5/712256162
2076:             1             32  com.lucent.aaa.stat.Info
2077:             1             32  com.lucent.aaa.state.IndexManager
2078:             1             32  com.lucent.aaa.state.f
2079:             1             32  com.lucent.aaa.tal.instruction.al
2080:             1             32  com.lucent.aaa.tal.instruction.aq
2081:             2             32  com.lucent.aaa.tal.instruction.t
2082:             1             32  com.lucent.aaa.tls.aa
2083:             2             32  com.lucent.aaa.tls.ab
2084:             1             32  com.lucent.aaa.tls.ae
2085:             1             32  com.lucent.aaa.tls.ae$a
2086:             2             32  com.lucent.aaa.value.AAAURIValue$GeneralFactory
2087:             2             32  com.lucent.aaa.value.AFilterValue$GeneralFactory
2088:             2             32  com.lucent.aaa.value.APasswordValue$GeneralFactory
2089:             2             32  com.lucent.aaa.value.ASecretValue$GeneralFactory
2090:             2             32  com.lucent.aaa.value.AddressValue$GeneralFactory
2091:             2             32  com.lucent.aaa.value.AkaQuintetValue$GeneralFactory
2092:             2             32  com.lucent.aaa.value.AnonymousValue$GeneralFactory
2093:             2             32  com.lucent.aaa.value.AtomicBooleanValue$GeneralFactory
2094:             2             32  com.lucent.aaa.value.AtomicDurationValue$GeneralFactory
2095:             2             32  com.lucent.aaa.value.AtomicIntegerValue$GeneralFactory
2096:             2             32  com.lucent.aaa.value.AtomicLongValue$GeneralFactory
2097:             2             32  com.lucent.aaa.value.AtomicTimestampValue$GeneralFactory
2098:             2             32  com.lucent.aaa.value.AuthenticatorValue$GeneralFactory
2099:             2             32  com.lucent.aaa.value.BinarySizeValue$GeneralFactory
2100:             2             32  com.lucent.aaa.value.BooleanValue$GeneralFactory
2101:             2             32  com.lucent.aaa.value.ByteBitSetValue$GeneralFactory
2102:             2             32  com.lucent.aaa.value.ByteChoiceValue$GeneralFactory
2103:             2             32  com.lucent.aaa.value.ByteEnumerationValue$GeneralFactory
2104:             2             32  com.lucent.aaa.value.CdmaAccountingContainerValue$GeneralFactory
2105:             2             32  com.lucent.aaa.value.CdmaGroupValue$RadiusFactory
2106:             2             32  com.lucent.aaa.value.CdmaQosAttributeSetValue$GeneralFactory
2107:             2             32  com.lucent.aaa.value.CdmaServiceProfileValue$GeneralFactory
2108:             2             32  com.lucent.aaa.value.ChunkyOpaqueValue$GeneralFactory
2109:             2             32  com.lucent.aaa.value.ChunkySaltedOpaqueValue$GeneralFactory
2110:             2             32  com.lucent.aaa.value.ChunkyStringValue$GeneralFactory
2111:             2             32  com.lucent.aaa.value.CiscoAVPairValue$GeneralFactory
2112:             2             32  com.lucent.aaa.value.CiscoPasswordValue$GeneralFactory
2113:             2             32  com.lucent.aaa.value.CivicLocationProfileValue$GeneralFactory
2114:             2             32  com.lucent.aaa.value.DateValue$GeneralFactory
2115:             2             32  com.lucent.aaa.value.DecimalSizeValue$GeneralFactory
2116:             2             32  com.lucent.aaa.value.Dhcp6GroupValue$GeneralFactory
2117:             2             32  com.lucent.aaa.value.DhcpGroupValue$GeneralFactory
2118:             2             32  com.lucent.aaa.value.DhcpVendorGroupValue$GeneralFactory
2119:             2             32  com.lucent.aaa.value.DiameterHistoryEntry2Value$GeneralFactory
2120:             2             32  com.lucent.aaa.value.DiameterStateValue$GeneralFactory
2121:             2             32  com.lucent.aaa.value.DomainNameListValue$GeneralFactory
2122:             2             32  com.lucent.aaa.value.DomainNameValue$GeneralFactory
2123:             2             32  com.lucent.aaa.value.DoubleValue$GeneralFactory
2124:             2             32  com.lucent.aaa.value.DurationValue$GeneralFactory
2125:             2             32  com.lucent.aaa.value.EapMessageValue$GeneralFactory
2126:             2             32  com.lucent.aaa.value.EmptyValue$GeneralFactory
2127:             2             32  com.lucent.aaa.value.EvalValue$GeneralFactory
2128:             2             32  com.lucent.aaa.value.EventTimestampValue$GeneralFactory
2129:             2             32  com.lucent.aaa.value.ExecValue$GeneralFactory
2130:             2             32  com.lucent.aaa.value.ExperimentalResultValue$GeneralFactory
2131:             2             32  com.lucent.aaa.value.FailedAvpValue$GeneralFactory
2132:             2             32  com.lucent.aaa.value.FeatureValue$GeneralFactory
2133:             2             32  com.lucent.aaa.value.FixedPointI32F32Value$GeneralFactory
2134:             2             32  com.lucent.aaa.value.FloatValue$GeneralFactory
2135:             2             32  com.lucent.aaa.value.GeneralStateValue$GeneralFactory
2136:             2             32  com.lucent.aaa.value.GeospatialLocationProfileValue$GeneralFactory
2137:             2             32  com.lucent.aaa.value.GroupValue$GeneralFactory
2138:             2             32  com.lucent.aaa.value.GsmTripletValue$GeneralFactory
2139:             2             32  com.lucent.aaa.value.HereValue$GeneralFactory
2140:             2             32  com.lucent.aaa.value.HexedOpaqueValue$RadiusFactory
2141:             2             32  com.lucent.aaa.value.IPAddressValue$GeneralFactory
2142:             2             32  com.lucent.aaa.value.IPFilterRuleValue$GeneralFactory
2143:             2             32  com.lucent.aaa.value.IPv4AddressListValue$GeneralFactory
2144:             2             32  com.lucent.aaa.value.IPv4AddressValue$GeneralFactory
2145:             2             32  com.lucent.aaa.value.IPv6AddressListValue$GeneralFactory
2146:             2             32  com.lucent.aaa.value.IPv6AddressValue$GeneralFactory
2147:             2             32  com.lucent.aaa.value.IPv6InterfaceIdValue$GeneralFactory
2148:             2             32  com.lucent.aaa.value.IPv6PrefixValue$GeneralFactory
2149:             2             32  com.lucent.aaa.value.IeeeGroupValue$GeneralFactory
2150:             2             32  com.lucent.aaa.value.IntegerBitSetValue$GeneralFactory
2151:             2             32  com.lucent.aaa.value.IntegerEnumerationValue$RadiusFactory
2152:             2             32  com.lucent.aaa.value.IntegerValue$GeneralFactory
2153:             2             32  com.lucent.aaa.value.IpPrefixValue$GeneralFactory
2154:             2             32  com.lucent.aaa.value.LongBitSetValue$GeneralFactory
2155:             2             32  com.lucent.aaa.value.LongEnumerationValue$GeneralFactory
2156:             2             32  com.lucent.aaa.value.MapperValue$GeneralFactory
2157:             2             32  com.lucent.aaa.value.MillisTimestampValue$GeneralFactory
2158:             2             32  com.lucent.aaa.value.MnIdValue$GeneralFactory
2159:             2             32  com.lucent.aaa.value.MsChapEncPwValue$GeneralFactory
2160:             2             32  com.lucent.aaa.value.MsChapMppeKeysValue$GeneralFactory
2161:             2             32  com.lucent.aaa.value.NormalValue$GeneralFactory
2162:             2             32  com.lucent.aaa.value.Ntp64TimestampValue$GeneralFactory
2163:             2             32  com.lucent.aaa.value.NtpMillisTimestampValue$GeneralFactory
2164:             2             32  com.lucent.aaa.value.NtpTimestampValue$GeneralFactory
2165:             2             32  com.lucent.aaa.value.OcspResponseValue$GeneralFactory
2166:             2             32  com.lucent.aaa.value.OpaqueValue$RadiusFactory
2167:             2             32  com.lucent.aaa.value.PaddedAFilterValue$GeneralFactory
2168:             2             32  com.lucent.aaa.value.PasswordValue$GeneralFactory
2169:             2             32  com.lucent.aaa.value.PrepaidUnitValue$GeneralFactory
2170:             2             32  com.lucent.aaa.value.PrivateKeyValue$GeneralFactory
2171:             2             32  com.lucent.aaa.value.QoSFilterRuleValue$GeneralFactory
2172:             2             32  com.lucent.aaa.value.RadiusHistoryEntry4Value$GeneralFactory
2173:             2             32  com.lucent.aaa.value.RadiusStateValue$GeneralFactory
2174:             2             32  com.lucent.aaa.value.SaltedHexedOpaqueValue$GeneralFactory
2175:             2             32  com.lucent.aaa.value.SaltedIPv4AddressValue$GeneralFactory
2176:             2             32  com.lucent.aaa.value.SaltedIntegerEnumerationValue$GeneralFactory
2177:             2             32  com.lucent.aaa.value.SaltedIntegerValue$GeneralFactory
2178:             2             32  com.lucent.aaa.value.SaltedOpaqueValue$GeneralFactory
2179:             2             32  com.lucent.aaa.value.SaltedPasswordValue$GeneralFactory
2180:             2             32  com.lucent.aaa.value.SaltedTimestampValue$GeneralFactory
2181:             2             32  com.lucent.aaa.value.Sha1PasswordValue$GeneralFactory
2182:             2             32  com.lucent.aaa.value.ShortBitSetValue$GeneralFactory
2183:             2             32  com.lucent.aaa.value.ShortEnumerationValue$GeneralFactory
2184:             2             32  com.lucent.aaa.value.ShortValue$RadiusFactory
2185:             2             32  com.lucent.aaa.value.SmsTimeZoneValue$GeneralFactory
2186:             2             32  com.lucent.aaa.value.StrictnessValue$GeneralFactory
2187:             2             32  com.lucent.aaa.value.StringValue$RadiusFactory
2188:             2             32  com.lucent.aaa.value.StructuredValue$GeneralFactory
2189:             2             32  com.lucent.aaa.value.TacacsPlusAVPairValue$GeneralFactory
2190:             2             32  com.lucent.aaa.value.TaggedEnumerationValue$GeneralFactory
2191:             2             32  com.lucent.aaa.value.TaggedIntegerValue$GeneralFactory
2192:             2             32  com.lucent.aaa.value.TaggedSaltedPasswordValue$GeneralFactory
2193:             2             32  com.lucent.aaa.value.TaggedStringValue$GeneralFactory
2194:             2             32  com.lucent.aaa.value.TbcdValue$GeneralFactory
2195:             2             32  com.lucent.aaa.value.TwanConnModeMessageValue$GeneralFactory
2196:             2             32  com.lucent.aaa.value.UnixTimestampValue$GeneralFactory
2197:             2             32  com.lucent.aaa.value.Unsigned24Value$GeneralFactory
2198:             2             32  com.lucent.aaa.value.UuidValue$GeneralFactory
2199:             2             32  com.lucent.aaa.value.ValueValue$GeneralFactory
2200:             2             32  com.lucent.aaa.value.VendorEnumerationValue$GeneralFactory
2201:             2             32  com.lucent.aaa.value.WimaxGroupValue$GeneralFactory
2202:             1             32  com.sun.jmx.mbeanserver.Repository
2203:             1             32  java.io.UnixFileSystem
2204:             1             32  java.lang.ArithmeticException
2205:             2             32  java.lang.Boolean
2206:             1             32  java.lang.NullPointerException
2207:             2             32  java.lang.Shutdown$Lock
2208:             1             32  java.lang.reflect.WeakCache
2209:             1             32  java.lang.reflect.WeakCache$CacheKey
2210:             2             32  java.nio.ByteOrder
2211:             1             32  java.text.DontCareFieldPosition
2212:             1             32  java.util.ArrayList$Itr
2213:             2             32  java.util.Collections$UnmodifiableCollection
2214:             2             32  java.util.ResourceBundle$SingleFormatControl
2215:             1             32  java.util.concurrent.ConcurrentSkipListMap$KeyIterator
2216:             2             32  java.util.concurrent.CountDownLatch
2217:             2             32  java.util.concurrent.Semaphore
2218:             2             32  java.util.concurrent.SynchronousQueue$TransferStack
2219:             1             32  java.util.concurrent.ThreadLocalRandom
2220:             1             32  java.util.concurrent.locks.ReentrantLock$FairSync
2221:             1             32  java.util.logging.LogManager$SystemLoggerContext
2222:             2             32  javax.xml.validation.SecuritySupport
2223:             1             32  org.antlr.v4.runtime.atn.ArrayPredictionContext
2224:             1             32  org.antlr.v4.runtime.atn.EmptyPredictionContext
2225:             2             32  org.apache.derby.iapi.services.locks.ShExQual
2226:             1             32  org.apache.derby.iapi.services.memory.LowMemory
2227:             1             32  org.apache.derby.impl.drda.DRDAProtocolExceptionInfo
2228:             1             32  org.apache.derby.impl.services.jmx.JMXManagementService
2229:             1             32  org.apache.derby.jdbc.Driver42
2230:             1             32  org.apache.sshd.client.global.OpenSshHostKeysHandler
2231:             1             32  org.apache.sshd.common.file.nativefs.NativeFileSystemFactory
2232:             1             32  org.apache.sshd.common.io.nio2.Nio2ServiceFactoryFactory
2233:             2             32  org.apache.sshd.common.util.EventListenerUtils$1
2234:             2             32  org.apache.sshd.common.util.Int2IntFunction$Utils$1
2235:             1             32  org.apache.sshd.common.util.threads.ThreadUtils$SshdThreadFactory
2236:             1             32  org.apache.sshd.server.auth.pubkey.UserAuthPublicKeyFactory$1
2237:             1             32  org.apache.sshd.server.global.OpenSshHostKeysHandler$1
2238:             2             32  org.apache.sshd.server.kex.DHGEXServer$1
2239:             1             32  org.apache.xerces.impl.XMLEntityScanner$1
2240:             2             32  org.apache.xerces.impl.dv.dtd.ENTITYDatatypeValidator
2241:             2             32  org.bouncycastle.asn1.ASN1Boolean
2242:             2             32  org.bouncycastle.jcajce.provider.asymmetric.dsa.KeyFactorySpi
2243:             2             32  org.bouncycastle.jcajce.provider.asymmetric.dstu.KeyFactorySpi
2244:             2             32  org.bouncycastle.jcajce.provider.asymmetric.rsa.KeyFactorySpi
2245:             1             32  sun.misc.GC$LatencyRequest
2246:             1             32  sun.nio.cs.StandardCharsets
2247:             2             32  sun.nio.fs.LinuxFileSystemProvider
2248:             1             32  sun.nio.fs.NativeBuffer
2249:             1             32  sun.rmi.transport.proxy.RMIMasterSocketFactory
2250:             1             32  sun.security.rsa.RSACore$BlindingParameters
2251:             2             32  sun.security.ssl.EphemeralKeyManager
2252:             2             32  sun.security.ssl.SSLAlgorithmDecomposer
2253:             2             32  sun.security.ssl.SSLSocketFactoryImpl
2254:             2             32  sun.security.util.AlgorithmDecomposer
2255:             1             32  sun.security.x509.PrivateKeyUsageExtension
2256:             1             32  sun.util.locale.provider.LocaleResources
2257:             1             24  [Lcom.lucent.aaa.PropertyInfoList$CoerceType;
2258:             1             24  [Lcom.lucent.aaa.util.CliParser$Case;
2259:             1             24  [Ljava.io.File$PathStatus;
2260:             1             24  [Ljava.lang.ClassValue$Entry;
2261:             1             24  [Ljava.net.InetAddress$Cache$Type;
2262:             1             24  [Ljava.net.StandardProtocolFamily;
2263:             1             24  [Ljava.util.Locale$Category;
2264:             1             24  [Lorg.antlr.v4.runtime.atn.ATNDeserializer$UnicodeDeserializingMode;
2265:             1             24  [Lorg.antlr.v4.runtime.atn.ATNType;
2266:             1             24  [Lorg.antlr.v4.runtime.atn.PredictionContext;
2267:             1             24  [Lorg.apache.sshd.common.ServiceFactory;
2268:             1             24  [Lsun.launcher.LauncherHelper;
2269:             1             24  [Lsun.security.rsa.RSAUtil$KeyType;
2270:             1             24  com.lucent.aaa.CacheManager
2271:             1             24  com.lucent.aaa.Context$1
2272:             1             24  com.lucent.aaa.Context$2
2273:             1             24  com.lucent.aaa.DerbyUtility$1
2274:             1             24  com.lucent.aaa.MinaSSHd$c
2275:             1             24  com.lucent.aaa.Section
2276:             1             24  com.lucent.aaa.an
2277:             1             24  com.lucent.aaa.ao$$Lambda$742/1574138492
2278:             1             24  com.lucent.aaa.bm
2279:             1             24  com.lucent.aaa.diameter.o
2280:             1             24  com.lucent.aaa.log.i
2281:             1             24  com.lucent.aaa.plugin.ReadPropertyFile$a
2282:             1             24  com.lucent.aaa.snmp.MibSupport$c
2283:             1             24  com.lucent.aaa.snmp.MibSupport$d
2284:             1             24  com.lucent.aaa.snmp.MibSupport$e
2285:             1             24  com.lucent.aaa.snmp.MibSupport$g
2286:             1             24  com.lucent.aaa.snmp.MibSupport$o
2287:             1             24  com.lucent.aaa.snmp.MibSupport$p
2288:             1             24  com.lucent.aaa.snmp.MibSupport$s
2289:             1             24  com.lucent.aaa.snmp.SnmpMessage$SecurityLevel$1
2290:             1             24  com.lucent.aaa.snmp.SnmpMessage$SecurityLevel$2
2291:             1             24  com.lucent.aaa.snmp.SnmpMessage$SecurityLevel$3
2292:             1             24  com.lucent.aaa.snmp.SnmpMessage$c
2293:             1             24  com.lucent.aaa.snmp.SnmpUserEntry$SecurityMethods$1
2294:             1             24  com.lucent.aaa.snmp.SnmpUserEntry$SecurityMethods$2
2295:             1             24  com.lucent.aaa.snmp.SnmpUserEntry$SecurityMethods$3
2296:             1             24  com.lucent.aaa.snmp.SnmpUserEntry$SecurityMethods$4
2297:             1             24  com.lucent.aaa.snmp.SnmpUserEntry$SecurityMethods$5
2298:             1             24  com.lucent.aaa.snmp.SnmpUserEntry$SecurityMethods$6
2299:             1             24  com.lucent.aaa.snmp.SnmpUserEntry$SecurityMethods$7
2300:             1             24  com.lucent.aaa.stat.k
2301:             1             24  com.lucent.aaa.tal.TalCode$b
2302:             1             24  com.lucent.aaa.tal.TalTable
2303:             1             24  com.lucent.aaa.tal.e
2304:             1             24  com.lucent.aaa.uss2.radius.RadiusEvent$1
2305:             1             24  com.lucent.aaa.uss2.radius.RadiusEvent$2
2306:             1             24  com.lucent.aaa.uss2.radius.RadiusEvent$3
2307:             1             24  com.lucent.aaa.uss2.radius.RadiusEvent$4
2308:             1             24  com.lucent.aaa.uss2.radius.RadiusEvent$5
2309:             1             24  com.lucent.aaa.uss2.radius.RadiusEvent$6
2310:             1             24  com.lucent.aaa.uss2.radius.RadiusEvent$7
2311:             1             24  com.lucent.aaa.util.CliParser$a
2312:             1             24  com.lucent.aaa.util.Strictness$1
2313:             1             24  com.lucent.aaa.util.Strictness$2
2314:             1             24  com.lucent.aaa.util.Strictness$3
2315:             1             24  com.lucent.aaa.util.bg
2316:             1             24  com.lucent.aaa.value.AAAURIValue$DiameterFactory
2317:             1             24  com.lucent.aaa.value.AFilterValue$DiameterFactory
2318:             1             24  com.lucent.aaa.value.APasswordValue$DiameterFactory
2319:             1             24  com.lucent.aaa.value.ASecretValue$DiameterFactory
2320:             1             24  com.lucent.aaa.value.AddressValue
2321:             1             24  com.lucent.aaa.value.AddressValue$DiameterFactory
2322:             1             24  com.lucent.aaa.value.AkaQuintetValue$DiameterFactory
2323:             1             24  com.lucent.aaa.value.AnonymousValue$DiameterFactory
2324:             1             24  com.lucent.aaa.value.AtomicBooleanValue$DiameterFactory
2325:             1             24  com.lucent.aaa.value.AtomicDurationValue$DiameterFactory
2326:             1             24  com.lucent.aaa.value.AtomicIntegerValue$DiameterFactory
2327:             1             24  com.lucent.aaa.value.AtomicLongValue$DiameterFactory
2328:             1             24  com.lucent.aaa.value.AtomicTimestampValue$DiameterFactory
2329:             1             24  com.lucent.aaa.value.AuthenticatorValue$DiameterFactory
2330:             1             24  com.lucent.aaa.value.BinarySizeValue$DiameterFactory
2331:             1             24  com.lucent.aaa.value.BooleanValue$DiameterFactory
2332:             1             24  com.lucent.aaa.value.ByteBitSetValue$DiameterFactory
2333:             1             24  com.lucent.aaa.value.ByteChoiceValue$DiameterFactory
2334:             1             24  com.lucent.aaa.value.ByteEnumerationValue$DiameterFactory
2335:             1             24  com.lucent.aaa.value.CdmaAccountingContainerValue$DiameterFactory
2336:             1             24  com.lucent.aaa.value.CdmaQosAttributeSetValue$DiameterFactory
2337:             1             24  com.lucent.aaa.value.CdmaServiceProfileValue$DiameterFactory
2338:             1             24  com.lucent.aaa.value.ChunkyOpaqueValue$DiameterFactory
2339:             1             24  com.lucent.aaa.value.ChunkySaltedOpaqueValue$DiameterFactory
2340:             1             24  com.lucent.aaa.value.ChunkyStringValue$DiameterFactory
2341:             1             24  com.lucent.aaa.value.CiscoAVPairValue$DiameterFactory
2342:             1             24  com.lucent.aaa.value.CiscoPasswordValue$DiameterFactory
2343:             1             24  com.lucent.aaa.value.CivicLocationProfileValue$DiameterFactory
2344:             1             24  com.lucent.aaa.value.DateValue$DiameterFactory
2345:             1             24  com.lucent.aaa.value.DecimalSizeValue$DiameterFactory
2346:             1             24  com.lucent.aaa.value.Dhcp6GroupValue$DiameterFactory
2347:             1             24  com.lucent.aaa.value.DhcpGroupValue$DiameterFactory
2348:             1             24  com.lucent.aaa.value.DhcpVendorGroupValue$DiameterFactory
2349:             1             24  com.lucent.aaa.value.DiameterHistoryEntry2Value$DiameterFactory
2350:             1             24  com.lucent.aaa.value.DiameterStateValue$DiameterFactory
2351:             1             24  com.lucent.aaa.value.DomainNameListValue$DiameterFactory
2352:             1             24  com.lucent.aaa.value.DomainNameValue$DiameterFactory
2353:             1             24  com.lucent.aaa.value.DoubleValue$DiameterFactory
2354:             1             24  com.lucent.aaa.value.DurationValue$DiameterFactory
2355:             1             24  com.lucent.aaa.value.EapMessageValue$DiameterFactory
2356:             1             24  com.lucent.aaa.value.EmptyValue$DiameterFactory
2357:             1             24  com.lucent.aaa.value.EvalValue$DiameterFactory
2358:             1             24  com.lucent.aaa.value.EventTimestampValue$DiameterFactory
2359:             1             24  com.lucent.aaa.value.ExecValue$DiameterFactory
2360:             1             24  com.lucent.aaa.value.ExperimentalResultValue$DiameterFactory
2361:             1             24  com.lucent.aaa.value.FailedAvpValue$DiameterFactory
2362:             1             24  com.lucent.aaa.value.FeatureValue$DiameterFactory
2363:             1             24  com.lucent.aaa.value.FixedPointI32F32Value$DiameterFactory
2364:             1             24  com.lucent.aaa.value.FloatValue$DiameterFactory
2365:             1             24  com.lucent.aaa.value.GeneralStateValue$DiameterFactory
2366:             1             24  com.lucent.aaa.value.GeospatialLocationProfileValue$DiameterFactory
2367:             1             24  com.lucent.aaa.value.GroupValue$DiameterFactory
2368:             1             24  com.lucent.aaa.value.GsmTripletValue$DiameterFactory
2369:             1             24  com.lucent.aaa.value.HereValue$DiameterFactory
2370:             1             24  com.lucent.aaa.value.IPAddressValue$DiameterFactory
2371:             1             24  com.lucent.aaa.value.IPFilterRuleValue$DiameterFactory
2372:             1             24  com.lucent.aaa.value.IPv4AddressListValue$DiameterFactory
2373:             1             24  com.lucent.aaa.value.IPv4AddressValue$DiameterFactory
2374:             1             24  com.lucent.aaa.value.IPv6AddressListValue$DiameterFactory
2375:             1             24  com.lucent.aaa.value.IPv6AddressValue$DiameterFactory
2376:             1             24  com.lucent.aaa.value.IPv6InterfaceIdValue$DiameterFactory
2377:             1             24  com.lucent.aaa.value.IPv6PrefixValue$DiameterFactory
2378:             1             24  com.lucent.aaa.value.IeeeGroupValue$DiameterFactory
2379:             1             24  com.lucent.aaa.value.IntegerBitSetValue$DiameterFactory
2380:             1             24  com.lucent.aaa.value.IntegerValue$DiameterFactory
2381:             1             24  com.lucent.aaa.value.IpPrefixValue$DiameterFactory
2382:             1             24  com.lucent.aaa.value.LongBitSetValue$DiameterFactory
2383:             1             24  com.lucent.aaa.value.LongEnumerationValue$DiameterFactory
2384:             1             24  com.lucent.aaa.value.LongValue$DiameterFactory
2385:             1             24  com.lucent.aaa.value.MapperValue$DiameterFactory
2386:             1             24  com.lucent.aaa.value.MillisTimestampValue$DiameterFactory
2387:             1             24  com.lucent.aaa.value.MnIdValue$DiameterFactory
2388:             1             24  com.lucent.aaa.value.MsChapEncPwValue$DiameterFactory
2389:             1             24  com.lucent.aaa.value.MsChapMppeKeysValue$DiameterFactory
2390:             1             24  com.lucent.aaa.value.NormalValue$DiameterFactory
2391:             1             24  com.lucent.aaa.value.Ntp64TimestampValue$DiameterFactory
2392:             1             24  com.lucent.aaa.value.NtpMillisTimestampValue$DiameterFactory
2393:             1             24  com.lucent.aaa.value.NtpTimestampValue$DiameterFactory
2394:             1             24  com.lucent.aaa.value.PaddedAFilterValue$DiameterFactory
2395:             1             24  com.lucent.aaa.value.PasswordValue$DiameterFactory
2396:             1             24  com.lucent.aaa.value.PrepaidUnitValue$DiameterFactory
2397:             1             24  com.lucent.aaa.value.PrivateKeyValue$DiameterFactory
2398:             1             24  com.lucent.aaa.value.QoSFilterRuleValue$DiameterFactory
2399:             1             24  com.lucent.aaa.value.RadiusHistoryEntry4Value$DiameterFactory
2400:             1             24  com.lucent.aaa.value.RadiusStateValue$DiameterFactory
2401:             1             24  com.lucent.aaa.value.SaltedHexedOpaqueValue$DiameterFactory
2402:             1             24  com.lucent.aaa.value.SaltedIPv4AddressValue$DiameterFactory
2403:             1             24  com.lucent.aaa.value.SaltedIntegerEnumerationValue$DiameterFactory
2404:             1             24  com.lucent.aaa.value.SaltedIntegerValue$DiameterFactory
2405:             1             24  com.lucent.aaa.value.SaltedOpaqueValue$DiameterFactory
2406:             1             24  com.lucent.aaa.value.SaltedPasswordValue$DiameterFactory
2407:             1             24  com.lucent.aaa.value.SaltedTimestampValue$DiameterFactory
2408:             1             24  com.lucent.aaa.value.Sha1PasswordValue$DiameterFactory
2409:             1             24  com.lucent.aaa.value.ShortBitSetValue$DiameterFactory
2410:             1             24  com.lucent.aaa.value.ShortEnumerationValue$DiameterFactory
2411:             1             24  com.lucent.aaa.value.SmsTimeZoneValue$DiameterFactory
2412:             1             24  com.lucent.aaa.value.StrictnessValue$DiameterFactory
2413:             1             24  com.lucent.aaa.value.StructuredValue$DiameterFactory
2414:             1             24  com.lucent.aaa.value.TacacsPlusAVPairValue$DiameterFactory
2415:             1             24  com.lucent.aaa.value.TaggedEnumerationValue$DiameterFactory
2416:             1             24  com.lucent.aaa.value.TaggedIntegerValue$DiameterFactory
2417:             1             24  com.lucent.aaa.value.TaggedSaltedPasswordValue$DiameterFactory
2418:             1             24  com.lucent.aaa.value.TaggedStringValue$DiameterFactory
2419:             1             24  com.lucent.aaa.value.TbcdValue$DiameterFactory
2420:             1             24  com.lucent.aaa.value.TwanConnModeMessageValue$DiameterFactory
2421:             1             24  com.lucent.aaa.value.UnixTimestampValue$DiameterFactory
2422:             1             24  com.lucent.aaa.value.Unsigned24Value$DiameterFactory
2423:             1             24  com.lucent.aaa.value.UuidValue$DiameterFactory
2424:             1             24  com.lucent.aaa.value.ValueValue$DiameterFactory
2425:             1             24  com.lucent.aaa.value.VendorEnumerationValue$DiameterFactory
2426:             1             24  com.lucent.aaa.value.WimaxGroupValue$DiameterFactory
2427:             1             24  com.lucent.aaa.x509.CertAndKey
2428:             1             24  com.lucent.aaa.x509.e
2429:             1             24  com.lucent.aaa.x509.f
2430:             1             24  com.sun.jmx.mbeanserver.ClassLoaderRepositorySupport
2431:             1             24  com.sun.jmx.mbeanserver.MXBeanLookup
2432:             1             24  com.sun.jmx.remote.util.ClassLogger
2433:             1             24  java.io.ExpiringCache$Entry
2434:             1             24  java.lang.ClassValue$Version
2435:             1             24  java.lang.ProcessEnvironment$StringEnvironment
2436:             1             24  java.lang.invoke.MethodHandleImpl$4
2437:             1             24  java.lang.invoke.MethodType$ConcurrentWeakInternSet
2438:             1             24  java.math.MutableBigInteger
2439:             1             24  java.net.Inet6AddressImpl
2440:             1             24  java.net.Proxy
2441:             1             24  java.net.ServerSocket
2442:             1             24  java.net.SocketPermissionCollection
2443:             1             24  java.security.AllPermissionCollection
2444:             1             24  java.util.Collections$EmptyMap
2445:             1             24  java.util.Collections$SetFromMap
2446:             1             24  java.util.Currency
2447:             1             24  java.util.Locale$Cache
2448:             1             24  java.util.ResourceBundle$Control$CandidateListCache
2449:             1             24  java.util.TaskQueue
2450:             1             24  java.util.Timer
2451:             1             24  java.util.concurrent.Executors$RunnableAdapter
2452:             1             24  java.util.concurrent.TimeUnit$1
2453:             1             24  java.util.concurrent.TimeUnit$2
2454:             1             24  java.util.concurrent.TimeUnit$3
2455:             1             24  java.util.concurrent.TimeUnit$4
2456:             1             24  java.util.concurrent.TimeUnit$5
2457:             1             24  java.util.concurrent.TimeUnit$6
2458:             1             24  java.util.concurrent.TimeUnit$7
2459:             1             24  java.util.logging.LogManager$LoggerContext
2460:             1             24  java.util.logging.LoggingPermission
2461:             1             24  java.util.regex.Pattern$BackRef
2462:             1             24  java.util.regex.Pattern$Dollar
2463:             1             24  javax.crypto.CryptoAllPermissionCollection
2464:             1             24  javax.management.NotificationBroadcasterSupport
2465:             1             24  javax.measure.unit.UnitFormat$ASCIIFormat
2466:             1             24  javax.measure.unit.UnitFormat$DefaultFormat
2467:             1             24  org.antlr.v4.runtime.atn.RangeTransition
2468:             1             24  org.antlr.v4.runtime.atn.SemanticContext$Predicate
2469:             1             24  org.apache.derby.iapi.services.context.ContextService
2470:             1             24  org.apache.derby.impl.services.stream.BasicGetLogHeader
2471:             1             24  org.apache.derby.impl.services.stream.SingleStream
2472:             1             24  org.apache.derby.impl.services.timer.SingletonTimerFactory
2473:             1             24  org.apache.sshd.client.keyverifier.AcceptAllServerKeyVerifier
2474:             1             24  org.apache.sshd.common.compression.BuiltinCompressions$1
2475:             1             24  org.apache.sshd.common.compression.BuiltinCompressions$2
2476:             1             24  org.apache.sshd.common.compression.BuiltinCompressions$3
2477:             1             24  org.apache.sshd.common.io.nio2.Nio2Acceptor$AcceptCompletionHandler
2478:             1             24  org.apache.sshd.common.kex.BuiltinDHFactories$1
2479:             1             24  org.apache.sshd.common.kex.BuiltinDHFactories$2
2480:             1             24  org.apache.sshd.common.kex.BuiltinDHFactories$3
2481:             1             24  org.apache.sshd.common.kex.BuiltinDHFactories$4
2482:             1             24  org.apache.sshd.common.kex.BuiltinDHFactories$5
2483:             1             24  org.apache.sshd.common.kex.BuiltinDHFactories$6
2484:             1             24  org.apache.sshd.common.kex.BuiltinDHFactories$7
2485:             1             24  org.apache.sshd.common.random.SingletonRandomFactory
2486:             1             24  org.apache.sshd.common.session.helpers.SessionTimeoutListener
2487:             1             24  org.apache.sshd.common.signature.BuiltinSignatures$1
2488:             1             24  org.apache.sshd.common.signature.BuiltinSignatures$2
2489:             1             24  org.apache.sshd.common.signature.BuiltinSignatures$3
2490:             1             24  org.apache.sshd.common.signature.BuiltinSignatures$4
2491:             1             24  org.apache.sshd.common.signature.BuiltinSignatures$5
2492:             1             24  org.apache.sshd.common.util.buffer.keys.DSSBufferPublicKeyParser
2493:             1             24  org.apache.sshd.common.util.buffer.keys.ECBufferPublicKeyParser
2494:             1             24  org.apache.sshd.common.util.buffer.keys.ED25519BufferPublicKeyParser$1
2495:             1             24  org.apache.sshd.common.util.buffer.keys.RSABufferPublicKeyParser
2496:             1             24  org.apache.sshd.common.util.threads.ThreadUtils$1
2497:             1             24  org.apache.sshd.server.auth.keyboard.DefaultKeyboardInteractiveAuthenticator
2498:             1             24  org.apache.sshd.server.auth.keyboard.UserAuthKeyboardInteractiveFactory
2499:             1             24  org.apache.sshd.server.auth.password.UserAuthPasswordFactory
2500:             1             24  org.apache.sshd.server.auth.pubkey.RejectAllPublickeyAuthenticator
2501:             1             24  org.apache.sshd.server.forward.RejectAllForwardingFilter
2502:             1             24  org.apache.sshd.server.global.CancelTcpipForwardHandler
2503:             1             24  org.apache.sshd.server.global.KeepAliveHandler
2504:             1             24  org.apache.sshd.server.global.NoMoreSessionsHandler
2505:             1             24  org.apache.sshd.server.global.TcpipForwardHandler
2506:             1             24  org.apache.sshd.server.session.ServerUserAuthServiceFactory
2507:             1             24  org.apache.sshd.server.session.SessionFactory
2508:             1             24  org.apache.xerces.impl.Constants$ArrayEnumeration
2509:             1             24  org.apache.xerces.jaxp.validation.WeakReferenceXMLSchema
2510:             1             24  org.bouncycastle.asn1.DERSet
2511:             1             24  org.bouncycastle.asn1.x500.style.BCStyle
2512:             1             24  org.bouncycastle.asn1.x509.AuthorityKeyIdentifier
2513:             1             24  org.bouncycastle.asn1.x509.ExtendedKeyUsage
2514:             1             24  org.bouncycastle.crypto.prng.VMPCRandomGenerator
2515:             1             24  org.jdom2.Document
2516:             1             24  org.postgresql.util.SharedTimer
2517:             1             24  org.slf4j.helpers.SubstituteLoggerFactory
2518:             1             24  sun.launcher.LauncherHelper
2519:             1             24  sun.management.CompilationImpl
2520:             1             24  sun.management.MemoryImpl
2521:             1             24  sun.management.OperatingSystemImpl
2522:             1             24  sun.management.RuntimeImpl
2523:             1             24  sun.management.ThreadImpl
2524:             1             24  sun.management.VMManagementImpl
2525:             1             24  sun.net.sdp.SdpProvider
2526:             1             24  sun.net.www.protocol.http.Handler
2527:             1             24  sun.nio.ch.ThreadPool
2528:             1             24  sun.nio.cs.ISO_8859_1
2529:             1             24  sun.nio.cs.US_ASCII
2530:             1             24  sun.nio.cs.UTF_16
2531:             1             24  sun.nio.cs.UTF_16BE
2532:             1             24  sun.nio.cs.UTF_16LE
2533:             1             24  sun.nio.cs.UTF_8
2534:             1             24  sun.nio.fs.NativeBuffer$Deallocator
2535:             1             24  sun.rmi.runtime.RuntimeUtil$1
2536:             1             24  sun.rmi.transport.DGCImpl
2537:             1             24  sun.security.provider.SeedGenerator$URLSeedGenerator
2538:             1             24  sun.security.ssl.MAC
2539:             1             24  sun.security.ssl.TrustStoreManager$TrustAnchorManager
2540:             1             24  sun.security.util.DisabledAlgorithmConstraints$UsageConstraint
2541:             1             24  sun.security.util.DisabledAlgorithmConstraints$jdkCAConstraint
2542:             1             24  sun.util.locale.BaseLocale$Cache
2543:             1             24  sun.util.locale.provider.CalendarDataProviderImpl
2544:             1             24  sun.util.locale.provider.CalendarProviderImpl
2545:             1             24  sun.util.locale.provider.CurrencyNameProviderImpl
2546:             1             24  sun.util.locale.provider.DateFormatProviderImpl
2547:             1             24  sun.util.locale.provider.DateFormatSymbolsProviderImpl
2548:             1             24  sun.util.locale.provider.DecimalFormatSymbolsProviderImpl
2549:             1             24  sun.util.locale.provider.NumberFormatProviderImpl
2550:             1             24  sun.util.locale.provider.TimeZoneNameProviderImpl
2551:             1             24  sun.util.logging.PlatformLogger
2552:             1             24  sun.util.logging.PlatformLogger$JavaLoggerProxy
2553:             1             16  [Lcom.lucent.aaa.state.Entry;
2554:             1             16  [Ljava.lang.Throwable;
2555:             1             16  [Ljava.nio.file.attribute.FileAttribute;
2556:             1             16  [Ljava.security.Provider;
2557:             1             16  [Ljava.text.FieldPosition;
2558:             1             16  [Ljava.util.logging.Handler;
2559:             1             16  [Lorg.apache.derby.iapi.sql.depend.ProviderInfo;
2560:             1             16  [Lorg.apache.xerces.impl.xs.SubstitutionGroupHandler$OneSubGroup;
2561:             1             16  [Lorg.apache.xerces.impl.xs.XSElementDecl;
2562:             1             16  com.lucent.aaa.ClientFile$$Lambda$743/292158973
2563:             1             16  com.lucent.aaa.Context$$Lambda$1/1996181658
2564:             1             16  com.lucent.aaa.Context$$Lambda$2/1128032093
2565:             1             16  com.lucent.aaa.Context$$Lambda$3/1029991479
2566:             1             16  com.lucent.aaa.Context$$Lambda$4/94438417
2567:             1             16  com.lucent.aaa.GeneralCodec$$Lambda$10/1896294051
2568:             1             16  com.lucent.aaa.GeneralCodec$$Lambda$11/1209669119
2569:             1             16  com.lucent.aaa.GeneralCodec$ExtRadiusFormat
2570:             1             16  com.lucent.aaa.GeneralCodec$NortelVendorSpecific
2571:             1             16  com.lucent.aaa.GeneralCodec$StarentAutoVendorSpecific
2572:             1             16  com.lucent.aaa.GeneralCodec$TaosVendorSpecific
2573:             1             16  com.lucent.aaa.GeneralCodec$UsrVendorSpecific
2574:             1             16  com.lucent.aaa.GeneralCodec$WimaxVendorSpecific
2575:             1             16  com.lucent.aaa.GeneralCodec$XwdVendorSpecific
2576:             1             16  com.lucent.aaa.ImsiPrivacyKeyPropertyInfoList$$Lambda$746/1703272304
2577:             1             16  com.lucent.aaa.MinaSSHd$$Lambda$747/1046044067
2578:             1             16  com.lucent.aaa.MinaSSHd$$Lambda$748/11731022
2579:             1             16  com.lucent.aaa.MinaSSHd$$Lambda$749/1033669692
2580:             1             16  com.lucent.aaa.MinaSSHd$$Lambda$750/1127135362
2581:             1             16  com.lucent.aaa.PolicyServer$$Lambda$752/218691674
2582:             1             16  com.lucent.aaa.PolicyServer$$Lambda$753/841581683
2583:             1             16  com.lucent.aaa.PolicyServer$$Lambda$754/1396910831
2584:             1             16  com.lucent.aaa.PolicyServer$$Lambda$757/1498514648
2585:             1             16  com.lucent.aaa.PolicyServer$$Lambda$758/2101977504
2586:             1             16  com.lucent.aaa.PolicyServer$$Lambda$759/973844160
2587:             1             16  com.lucent.aaa.PolicyServer$a$$Lambda$20/586164630
2588:             1             16  com.lucent.aaa.PropertyInfoList$$Lambda$21/52513709
2589:             1             16  com.lucent.aaa.Queue$NaturalComparator
2590:             1             16  com.lucent.aaa.ReloadManager
2591:             1             16  com.lucent.aaa.RemoteRmiAccess$$Lambda$755/2071786613
2592:             1             16  com.lucent.aaa.RemoteRmiAccess$$Lambda$756/1078839705
2593:             1             16  com.lucent.aaa.SshCryptoChecker
2594:             1             16  com.lucent.aaa.TcpConnectionManager$i
2595:             1             16  com.lucent.aaa.TcpConnectionManager$j$$Lambda$489/682976813
2596:             1             16  com.lucent.aaa.TcpConnectionManager$j$$Lambda$490/884135194
2597:             1             16  com.lucent.aaa.TcpConnectionManager$j$$Lambda$491/217123986
2598:             1             16  com.lucent.aaa.TcpConnectionManager$j$$Lambda$492/259426095
2599:             1             16  com.lucent.aaa.TcpConnectionManager$j$$Lambda$493/92340202
2600:             1             16  com.lucent.aaa.TcpConnectionManager$j$$Lambda$494/26338900
2601:             1             16  com.lucent.aaa.TcpConnectionManager$j$$Lambda$495/1673308237
2602:             1             16  com.lucent.aaa.TcpConnectionManager$j$$Lambda$496/1869385029
2603:             1             16  com.lucent.aaa.TcpConnectionManager$j$$Lambda$497/2133632760
2604:             1             16  com.lucent.aaa.TcpConnectionManager$j$$Lambda$498/333211209
2605:             1             16  com.lucent.aaa.TcpConnectionManager$j$$Lambda$499/408012754
2606:             1             16  com.lucent.aaa.TcpConnectionManager$j$$Lambda$500/1608894091
2607:             1             16  com.lucent.aaa.TcpConnectionManager$j$$Lambda$501/964829290
2608:             1             16  com.lucent.aaa.TcpConnectionManager$j$$Lambda$502/1329589315
2609:             1             16  com.lucent.aaa.WorkProxyGroup$$Lambda$406/1459215931
2610:             1             16  com.lucent.aaa.WorkProxyGroup$$Lambda$407/1730688778
2611:             1             16  com.lucent.aaa.WorkProxyGroup$$Lambda$408/727682657
2612:             1             16  com.lucent.aaa.WorkProxyGroup$$Lambda$409/1940974851
2613:             1             16  com.lucent.aaa.WorkProxyGroup$$Lambda$410/1426461720
2614:             1             16  com.lucent.aaa.ai$$Lambda$540/1396794397
2615:             1             16  com.lucent.aaa.ai$$Lambda$541/605884498
2616:             1             16  com.lucent.aaa.ai$$Lambda$542/2067533515
2617:             1             16  com.lucent.aaa.ai$$Lambda$543/1538891037
2618:             1             16  com.lucent.aaa.ai$$Lambda$544/50359291
2619:             1             16  com.lucent.aaa.bf
2620:             1             16  com.lucent.aaa.bh$a
2621:             1             16  com.lucent.aaa.broker.e
2622:             1             16  com.lucent.aaa.broker.e$l
2623:             1             16  com.lucent.aaa.bz$$Lambda$545/1898324000
2624:             1             16  com.lucent.aaa.bz$$Lambda$546/1938438604
2625:             1             16  com.lucent.aaa.bz$$Lambda$547/1122108119
2626:             1             16  com.lucent.aaa.bz$$Lambda$548/954697228
2627:             1             16  com.lucent.aaa.bz$$Lambda$549/1645578641
2628:             1             16  com.lucent.aaa.bz$$Lambda$550/1081313350
2629:             1             16  com.lucent.aaa.bz$$Lambda$551/307617317
2630:             1             16  com.lucent.aaa.bz$$Lambda$552/377941381
2631:             1             16  com.lucent.aaa.bz$$Lambda$553/1485944773
2632:             1             16  com.lucent.aaa.bz$$Lambda$554/83637545
2633:             1             16  com.lucent.aaa.bz$$Lambda$555/954492773
2634:             1             16  com.lucent.aaa.bz$$Lambda$556/422534969
2635:             1             16  com.lucent.aaa.bz$$Lambda$557/1289092166
2636:             1             16  com.lucent.aaa.bz$$Lambda$558/694541704
2637:             1             16  com.lucent.aaa.bz$$Lambda$559/841046158
2638:             1             16  com.lucent.aaa.bz$$Lambda$560/1360273252
2639:             1             16  com.lucent.aaa.bz$$Lambda$561/851508940
2640:             1             16  com.lucent.aaa.bz$$Lambda$562/902753409
2641:             1             16  com.lucent.aaa.bz$$Lambda$563/219363230
2642:             1             16  com.lucent.aaa.bz$$Lambda$564/2089678439
2643:             1             16  com.lucent.aaa.bz$$Lambda$565/1234059684
2644:             1             16  com.lucent.aaa.bz$$Lambda$566/199628528
2645:             1             16  com.lucent.aaa.bz$$Lambda$567/526221269
2646:             1             16  com.lucent.aaa.bz$$Lambda$568/217091223
2647:             1             16  com.lucent.aaa.bz$$Lambda$569/935886796
2648:             1             16  com.lucent.aaa.bz$$Lambda$570/211992147
2649:             1             16  com.lucent.aaa.bz$$Lambda$571/2029374405
2650:             1             16  com.lucent.aaa.bz$$Lambda$572/1885959288
2651:             1             16  com.lucent.aaa.bz$$Lambda$573/69944230
2652:             1             16  com.lucent.aaa.bz$$Lambda$574/492971350
2653:             1             16  com.lucent.aaa.bz$$Lambda$575/1268743900
2654:             1             16  com.lucent.aaa.bz$$Lambda$576/1894652259
2655:             1             16  com.lucent.aaa.bz$$Lambda$577/772166315
2656:             1             16  com.lucent.aaa.bz$$Lambda$578/583178920
2657:             1             16  com.lucent.aaa.bz$$Lambda$579/312175026
2658:             1             16  com.lucent.aaa.bz$$Lambda$580/314462083
2659:             1             16  com.lucent.aaa.bz$$Lambda$581/246535285
2660:             1             16  com.lucent.aaa.bz$$Lambda$582/948963537
2661:             1             16  com.lucent.aaa.bz$$Lambda$583/1905209480
2662:             1             16  com.lucent.aaa.bz$$Lambda$584/296594285
2663:             1             16  com.lucent.aaa.bz$$Lambda$585/693211959
2664:             1             16  com.lucent.aaa.bz$$Lambda$586/559087077
2665:             1             16  com.lucent.aaa.bz$$Lambda$587/1566104673
2666:             1             16  com.lucent.aaa.bz$$Lambda$588/842173892
2667:             1             16  com.lucent.aaa.bz$$Lambda$589/400517278
2668:             1             16  com.lucent.aaa.bz$$Lambda$590/559153749
2669:             1             16  com.lucent.aaa.bz$$Lambda$591/980707786
2670:             1             16  com.lucent.aaa.bz$$Lambda$592/479105005
2671:             1             16  com.lucent.aaa.bz$$Lambda$593/1895403386
2672:             1             16  com.lucent.aaa.bz$$Lambda$594/1899920794
2673:             1             16  com.lucent.aaa.bz$$Lambda$595/1746759758
2674:             1             16  com.lucent.aaa.bz$$Lambda$596/8678215
2675:             1             16  com.lucent.aaa.bz$$Lambda$597/1010480754
2676:             1             16  com.lucent.aaa.bz$$Lambda$598/1047187138
2677:             1             16  com.lucent.aaa.bz$$Lambda$599/1031161409
2678:             1             16  com.lucent.aaa.bz$$Lambda$600/512478459
2679:             1             16  com.lucent.aaa.bz$$Lambda$601/2011914366
2680:             1             16  com.lucent.aaa.bz$$Lambda$602/522173599
2681:             1             16  com.lucent.aaa.bz$$Lambda$603/282375539
2682:             1             16  com.lucent.aaa.bz$$Lambda$604/1350066054
2683:             1             16  com.lucent.aaa.bz$$Lambda$605/2084322663
2684:             1             16  com.lucent.aaa.bz$$Lambda$606/505777467
2685:             1             16  com.lucent.aaa.bz$$Lambda$607/728747169
2686:             1             16  com.lucent.aaa.bz$$Lambda$608/972632613
2687:             1             16  com.lucent.aaa.bz$$Lambda$609/615774072
2688:             1             16  com.lucent.aaa.bz$$Lambda$610/374205056
2689:             1             16  com.lucent.aaa.bz$$Lambda$611/1133655596
2690:             1             16  com.lucent.aaa.bz$$Lambda$612/864701537
2691:             1             16  com.lucent.aaa.bz$$Lambda$613/137983327
2692:             1             16  com.lucent.aaa.bz$$Lambda$614/1910085426
2693:             1             16  com.lucent.aaa.bz$$Lambda$615/589884531
2694:             1             16  com.lucent.aaa.bz$$Lambda$616/1117803827
2695:             1             16  com.lucent.aaa.bz$$Lambda$617/24138677
2696:             1             16  com.lucent.aaa.bz$$Lambda$618/1017980078
2697:             1             16  com.lucent.aaa.bz$$Lambda$619/1476533308
2698:             1             16  com.lucent.aaa.bz$$Lambda$620/416007106
2699:             1             16  com.lucent.aaa.bz$$Lambda$621/455464597
2700:             1             16  com.lucent.aaa.bz$$Lambda$622/1324878091
2701:             1             16  com.lucent.aaa.bz$$Lambda$623/114499348
2702:             1             16  com.lucent.aaa.bz$$Lambda$624/1077938655
2703:             1             16  com.lucent.aaa.bz$$Lambda$625/1977941564
2704:             1             16  com.lucent.aaa.bz$$Lambda$626/2077884890
2705:             1             16  com.lucent.aaa.bz$$Lambda$627/1710201354
2706:             1             16  com.lucent.aaa.bz$$Lambda$628/622946713
2707:             1             16  com.lucent.aaa.bz$$Lambda$629/2011592223
2708:             1             16  com.lucent.aaa.bz$$Lambda$630/1553563112
2709:             1             16  com.lucent.aaa.bz$$Lambda$631/1170183099
2710:             1             16  com.lucent.aaa.bz$$Lambda$632/1803306804
2711:             1             16  com.lucent.aaa.bz$$Lambda$633/795775690
2712:             1             16  com.lucent.aaa.bz$$Lambda$634/940563698
2713:             1             16  com.lucent.aaa.bz$$Lambda$635/18133507
2714:             1             16  com.lucent.aaa.bz$$Lambda$636/148377842
2715:             1             16  com.lucent.aaa.bz$$Lambda$637/1400585185
2716:             1             16  com.lucent.aaa.bz$$Lambda$638/366314800
2717:             1             16  com.lucent.aaa.bz$$Lambda$639/838187299
2718:             1             16  com.lucent.aaa.bz$$Lambda$640/2044878959
2719:             1             16  com.lucent.aaa.bz$$Lambda$641/1934424193
2720:             1             16  com.lucent.aaa.bz$$Lambda$642/1250496477
2721:             1             16  com.lucent.aaa.bz$$Lambda$643/1445567246
2722:             1             16  com.lucent.aaa.bz$$Lambda$644/1017280700
2723:             1             16  com.lucent.aaa.bz$$Lambda$645/675157849
2724:             1             16  com.lucent.aaa.bz$$Lambda$646/717951588
2725:             1             16  com.lucent.aaa.bz$$Lambda$647/815799768
2726:             1             16  com.lucent.aaa.bz$$Lambda$648/526968040
2727:             1             16  com.lucent.aaa.bz$$Lambda$649/1203022979
2728:             1             16  com.lucent.aaa.bz$$Lambda$650/891215395
2729:             1             16  com.lucent.aaa.bz$$Lambda$651/90196869
2730:             1             16  com.lucent.aaa.bz$$Lambda$652/1576509541
2731:             1             16  com.lucent.aaa.bz$$Lambda$653/1061543916
2732:             1             16  com.lucent.aaa.bz$$Lambda$654/2087313889
2733:             1             16  com.lucent.aaa.bz$$Lambda$655/2069016970
2734:             1             16  com.lucent.aaa.bz$$Lambda$656/466010637
2735:             1             16  com.lucent.aaa.bz$$Lambda$657/183354406
2736:             1             16  com.lucent.aaa.bz$$Lambda$658/968383091
2737:             1             16  com.lucent.aaa.bz$$Lambda$659/1468559919
2738:             1             16  com.lucent.aaa.bz$$Lambda$660/2054358137
2739:             1             16  com.lucent.aaa.bz$$Lambda$661/509293541
2740:             1             16  com.lucent.aaa.bz$$Lambda$662/1699449247
2741:             1             16  com.lucent.aaa.bz$$Lambda$663/1900447251
2742:             1             16  com.lucent.aaa.bz$$Lambda$664/334759054
2743:             1             16  com.lucent.aaa.bz$$Lambda$665/1417140494
2744:             1             16  com.lucent.aaa.bz$$Lambda$666/1841931630
2745:             1             16  com.lucent.aaa.bz$$Lambda$667/679137498
2746:             1             16  com.lucent.aaa.bz$$Lambda$668/454652207
2747:             1             16  com.lucent.aaa.bz$$Lambda$669/1900836075
2748:             1             16  com.lucent.aaa.bz$$Lambda$670/1359891833
2749:             1             16  com.lucent.aaa.bz$$Lambda$671/789359490
2750:             1             16  com.lucent.aaa.bz$$Lambda$672/2144089925
2751:             1             16  com.lucent.aaa.bz$$Lambda$673/1832255355
2752:             1             16  com.lucent.aaa.bz$$Lambda$674/1324552737
2753:             1             16  com.lucent.aaa.bz$$Lambda$675/82436294
2754:             1             16  com.lucent.aaa.bz$$Lambda$676/444700929
2755:             1             16  com.lucent.aaa.bz$$Lambda$677/1485660941
2756:             1             16  com.lucent.aaa.bz$$Lambda$678/247009319
2757:             1             16  com.lucent.aaa.bz$$Lambda$679/1167929062
2758:             1             16  com.lucent.aaa.bz$$Lambda$680/1396895429
2759:             1             16  com.lucent.aaa.bz$$Lambda$681/1625586347
2760:             1             16  com.lucent.aaa.bz$$Lambda$682/639264440
2761:             1             16  com.lucent.aaa.bz$$Lambda$683/182224515
2762:             1             16  com.lucent.aaa.bz$$Lambda$684/1319921115
2763:             1             16  com.lucent.aaa.bz$$Lambda$685/232681351
2764:             1             16  com.lucent.aaa.bz$$Lambda$686/2021979938
2765:             1             16  com.lucent.aaa.bz$$Lambda$687/369270319
2766:             1             16  com.lucent.aaa.bz$$Lambda$688/992850825
2767:             1             16  com.lucent.aaa.bz$$Lambda$689/1173438780
2768:             1             16  com.lucent.aaa.bz$$Lambda$690/437490503
2769:             1             16  com.lucent.aaa.bz$$Lambda$691/409114060
2770:             1             16  com.lucent.aaa.bz$$Lambda$692/1317395634
2771:             1             16  com.lucent.aaa.bz$$Lambda$693/28478719
2772:             1             16  com.lucent.aaa.bz$$Lambda$694/121486885
2773:             1             16  com.lucent.aaa.bz$$Lambda$695/201168891
2774:             1             16  com.lucent.aaa.bz$$Lambda$696/1811786362
2775:             1             16  com.lucent.aaa.bz$$Lambda$697/2117932686
2776:             1             16  com.lucent.aaa.bz$$Lambda$698/345723898
2777:             1             16  com.lucent.aaa.bz$$Lambda$699/1941851357
2778:             1             16  com.lucent.aaa.bz$$Lambda$700/1964410538
2779:             1             16  com.lucent.aaa.bz$$Lambda$701/1669953504
2780:             1             16  com.lucent.aaa.bz$$Lambda$702/767814888
2781:             1             16  com.lucent.aaa.bz$$Lambda$703/739935529
2782:             1             16  com.lucent.aaa.bz$$Lambda$704/1836606934
2783:             1             16  com.lucent.aaa.bz$$Lambda$705/1172716014
2784:             1             16  com.lucent.aaa.bz$$Lambda$706/2012231958
2785:             1             16  com.lucent.aaa.bz$$Lambda$707/263969036
2786:             1             16  com.lucent.aaa.bz$$Lambda$708/566447096
2787:             1             16  com.lucent.aaa.bz$$Lambda$709/1436434279
2788:             1             16  com.lucent.aaa.bz$$Lambda$710/600872011
2789:             1             16  com.lucent.aaa.bz$$Lambda$711/1928481412
2790:             1             16  com.lucent.aaa.bz$$Lambda$712/1238713257
2791:             1             16  com.lucent.aaa.bz$$Lambda$713/1838426355
2792:             1             16  com.lucent.aaa.bz$$Lambda$714/1254202310
2793:             1             16  com.lucent.aaa.bz$$Lambda$715/705126000
2794:             1             16  com.lucent.aaa.bz$$Lambda$716/1227659410
2795:             1             16  com.lucent.aaa.bz$$Lambda$717/87286516
2796:             1             16  com.lucent.aaa.bz$$Lambda$718/1131042367
2797:             1             16  com.lucent.aaa.bz$$Lambda$719/1401844988
2798:             1             16  com.lucent.aaa.bz$$Lambda$720/2127273495
2799:             1             16  com.lucent.aaa.bz$$Lambda$721/1685448568
2800:             1             16  com.lucent.aaa.bz$$Lambda$722/1975492199
2801:             1             16  com.lucent.aaa.bz$$Lambda$723/1438002616
2802:             1             16  com.lucent.aaa.bz$$Lambda$724/1999583807
2803:             1             16  com.lucent.aaa.bz$$Lambda$725/1017793925
2804:             1             16  com.lucent.aaa.bz$$Lambda$726/896508113
2805:             1             16  com.lucent.aaa.cc
2806:             1             16  com.lucent.aaa.cd
2807:             1             16  com.lucent.aaa.cn
2808:             1             16  com.lucent.aaa.crypto.Aes$$Lambda$22/42898626
2809:             1             16  com.lucent.aaa.crypto.Aes$1
2810:             1             16  com.lucent.aaa.crypto.Aes$2
2811:             1             16  com.lucent.aaa.crypto.d$1
2812:             1             16  com.lucent.aaa.h
2813:             1             16  com.lucent.aaa.i$$Lambda$744/466983810
2814:             1             16  com.lucent.aaa.i$$Lambda$745/500450241
2815:             1             16  com.lucent.aaa.log.ChannelDirector$a$$Lambda$761/1466628592
2816:             1             16  com.lucent.aaa.log.Message$b$$Lambda$12/1689309690
2817:             1             16  com.lucent.aaa.log.Message$b$$Lambda$13/253916873
2818:             1             16  com.lucent.aaa.log.Message$b$$Lambda$14/315809246
2819:             1             16  com.lucent.aaa.log.Message$b$$Lambda$15/1655993826
2820:             1             16  com.lucent.aaa.log.Message$b$$Lambda$16/15288143
2821:             1             16  com.lucent.aaa.log.Message$b$$Lambda$17/476179877
2822:             1             16  com.lucent.aaa.log.Message$b$$Lambda$18/408551386
2823:             1             16  com.lucent.aaa.log.Message$b$$Lambda$19/1501790806
2824:             1             16  com.lucent.aaa.log.Message$c
2825:             1             16  com.lucent.aaa.log.Slf4jFactory
2826:             1             16  com.lucent.aaa.log.SourceCondition
2827:             1             16  com.lucent.aaa.log.o
2828:             1             16  com.lucent.aaa.plugin.Diameter$$Lambda$727/1902545511
2829:             1             16  com.lucent.aaa.plugin.Diameter$$Lambda$728/67053257
2830:             1             16  com.lucent.aaa.plugin.Diameter$$Lambda$729/785240035
2831:             1             16  com.lucent.aaa.plugin.Diameter$$Lambda$730/1706505865
2832:             1             16  com.lucent.aaa.plugin.Diameter$$Lambda$731/541568490
2833:             1             16  com.lucent.aaa.plugin.Diameter$$Lambda$732/1525943877
2834:             1             16  com.lucent.aaa.plugin.Diameter$$Lambda$733/436625455
2835:             1             16  com.lucent.aaa.plugin.Diameter$$Lambda$734/1180245656
2836:             1             16  com.lucent.aaa.plugin.Diameter$$Lambda$735/1533854532
2837:             1             16  com.lucent.aaa.plugin.Diameter$$Lambda$736/554723402
2838:             1             16  com.lucent.aaa.plugin.Diameter$$Lambda$737/138306399
2839:             1             16  com.lucent.aaa.plugin.Diameter$$Lambda$738/102564126
2840:             1             16  com.lucent.aaa.plugin.Diameter$$Lambda$739/995529850
2841:             1             16  com.lucent.aaa.plugin.Jdbc$c
2842:             1             16  com.lucent.aaa.plugin.Jdbc$l
2843:             1             16  com.lucent.aaa.plugin.Jdbc$l$a
2844:             1             16  com.lucent.aaa.property.PropertiesPropertyInfo$a
2845:             1             16  com.lucent.aaa.snmp.MibSupport
2846:             1             16  com.lucent.aaa.snmp.MibSupport$f
2847:             1             16  com.lucent.aaa.snmp.MibSupport$h
2848:             1             16  com.lucent.aaa.snmp.MibSupport$i
2849:             1             16  com.lucent.aaa.snmp.MibSupport$m
2850:             1             16  com.lucent.aaa.snmp.MibSupport$n
2851:             1             16  com.lucent.aaa.stat.AlertGroup$$Lambda$465/581892832
2852:             1             16  com.lucent.aaa.stat.AlertGroup$$Lambda$466/553299831
2853:             1             16  com.lucent.aaa.stat.BufferPoolGroup$$Lambda$503/63259849
2854:             1             16  com.lucent.aaa.stat.BufferPoolGroup$$Lambda$504/585634812
2855:             1             16  com.lucent.aaa.stat.BufferPoolGroup$$Lambda$505/142273642
2856:             1             16  com.lucent.aaa.stat.DiameterBootGroup$$Lambda$484/261774911
2857:             1             16  com.lucent.aaa.stat.DiameterBootGroup$$Lambda$485/960161696
2858:             1             16  com.lucent.aaa.stat.DiameterBootGroup$$Lambda$486/1040493509
2859:             1             16  com.lucent.aaa.stat.DiameterBootGroup$$Lambda$487/2128686424
2860:             1             16  com.lucent.aaa.stat.DiameterBootGroup$$Lambda$488/355677068
2861:             1             16  com.lucent.aaa.stat.DiameterLinkGroup$$Lambda$456/625907465
2862:             1             16  com.lucent.aaa.stat.DiameterLinkGroup$$Lambda$457/343670954
2863:             1             16  com.lucent.aaa.stat.DiameterLinkGroup$$Lambda$458/11588583
2864:             1             16  com.lucent.aaa.stat.DiameterLinkGroup$$Lambda$459/1958607371
2865:             1             16  com.lucent.aaa.stat.DiameterLinkGroup$$Lambda$460/471897798
2866:             1             16  com.lucent.aaa.stat.DiameterLinkGroup$$Lambda$461/25136566
2867:             1             16  com.lucent.aaa.stat.DiameterLinkGroup$$Lambda$462/1548162287
2868:             1             16  com.lucent.aaa.stat.DiameterLinkGroup$$Lambda$463/1912308481
2869:             1             16  com.lucent.aaa.stat.DiameterLinkGroup$$Lambda$464/417020732
2870:             1             16  com.lucent.aaa.stat.DiskSpaceGroup$$Lambda$374/734050504
2871:             1             16  com.lucent.aaa.stat.DiskSpaceGroup$$Lambda$375/1058101486
2872:             1             16  com.lucent.aaa.stat.DiskSpaceGroup$$Lambda$376/1246439562
2873:             1             16  com.lucent.aaa.stat.EngineGroup$$Lambda$329/557331894
2874:             1             16  com.lucent.aaa.stat.EngineGroup$$Lambda$330/937777177
2875:             1             16  com.lucent.aaa.stat.EngineGroup$$Lambda$331/1648938923
2876:             1             16  com.lucent.aaa.stat.EngineGroup$$Lambda$332/1170803205
2877:             1             16  com.lucent.aaa.stat.EngineGroup$$Lambda$333/234344916
2878:             1             16  com.lucent.aaa.stat.EngineGroup$$Lambda$334/1432584549
2879:             1             16  com.lucent.aaa.stat.EngineGroup$$Lambda$335/2095254539
2880:             1             16  com.lucent.aaa.stat.EngineGroup$$Lambda$336/1423900009
2881:             1             16  com.lucent.aaa.stat.EngineGroup$$Lambda$337/930987088
2882:             1             16  com.lucent.aaa.stat.EngineGroup$$Lambda$338/1887979637
2883:             1             16  com.lucent.aaa.stat.EngineGroup$$Lambda$339/710699894
2884:             1             16  com.lucent.aaa.stat.EngineGroup$$Lambda$340/1032375822
2885:             1             16  com.lucent.aaa.stat.EngineGroup$$Lambda$341/1255252598
2886:             1             16  com.lucent.aaa.stat.EngineGroup$$Lambda$342/822110837
2887:             1             16  com.lucent.aaa.stat.EngineGroup$$Lambda$343/244838677
2888:             1             16  com.lucent.aaa.stat.EngineGroup$$Lambda$344/1871366357
2889:             1             16  com.lucent.aaa.stat.EngineGroup$$Lambda$345/111965547
2890:             1             16  com.lucent.aaa.stat.EngineGroup$$Lambda$346/950243028
2891:             1             16  com.lucent.aaa.stat.EngineGroup$$Lambda$347/2068545945
2892:             1             16  com.lucent.aaa.stat.EngineGroup$$Lambda$348/1270816977
2893:             1             16  com.lucent.aaa.stat.EngineGroup$$Lambda$349/1022680775
2894:             1             16  com.lucent.aaa.stat.EngineGroup$$Lambda$350/698336642
2895:             1             16  com.lucent.aaa.stat.EngineGroup$$Lambda$351/708992245
2896:             1             16  com.lucent.aaa.stat.FailoverGroup$$Lambda$518/1423636729
2897:             1             16  com.lucent.aaa.stat.FailoverGroup$$Lambda$519/2102224373
2898:             1             16  com.lucent.aaa.stat.FailoverGroup$c
2899:             1             16  com.lucent.aaa.stat.GarbageCollectorGroup$$Lambda$360/4723664
2900:             1             16  com.lucent.aaa.stat.GarbageCollectorGroup$$Lambda$361/1594722615
2901:             1             16  com.lucent.aaa.stat.JavaMemoryGroup$$Lambda$352/993062597
2902:             1             16  com.lucent.aaa.stat.JavaMemoryGroup$$Lambda$353/1030873355
2903:             1             16  com.lucent.aaa.stat.JavaMemoryGroup$$Lambda$354/1307119702
2904:             1             16  com.lucent.aaa.stat.JavaMemoryGroup$$Lambda$355/382697424
2905:             1             16  com.lucent.aaa.stat.JavaMemoryGroup$$Lambda$356/2116841430
2906:             1             16  com.lucent.aaa.stat.JavaMemoryGroup$$Lambda$357/313151899
2907:             1             16  com.lucent.aaa.stat.JavaMemoryGroup$$Lambda$358/1628676719
2908:             1             16  com.lucent.aaa.stat.JavaMemoryGroup$$Lambda$359/1783242896
2909:             1             16  com.lucent.aaa.stat.LockGroup$$Lambda$475/638590716
2910:             1             16  com.lucent.aaa.stat.LockGroup$$Lambda$476/416989487
2911:             1             16  com.lucent.aaa.stat.LockGroup$$Lambda$477/919593223
2912:             1             16  com.lucent.aaa.stat.LockGroup$$Lambda$478/1445358554
2913:             1             16  com.lucent.aaa.stat.LockGroup$$Lambda$479/414915464
2914:             1             16  com.lucent.aaa.stat.LockGroup$$Lambda$480/1370822209
2915:             1             16  com.lucent.aaa.stat.LockGroup$$Lambda$481/908749477
2916:             1             16  com.lucent.aaa.stat.LockGroup$$Lambda$482/1404550913
2917:             1             16  com.lucent.aaa.stat.LockGroup$$Lambda$483/328239524
2918:             1             16  com.lucent.aaa.stat.LogChannelGroup$$Lambda$529/1412619426
2919:             1             16  com.lucent.aaa.stat.LogChannelGroup$$Lambda$530/308743765
2920:             1             16  com.lucent.aaa.stat.LogChannelGroup$$Lambda$531/1140684760
2921:             1             16  com.lucent.aaa.stat.LogChannelGroup$$Lambda$532/403041430
2922:             1             16  com.lucent.aaa.stat.LogChannelGroup$$Lambda$533/449953373
2923:             1             16  com.lucent.aaa.stat.LogChannelGroup$$Lambda$534/1882145060
2924:             1             16  com.lucent.aaa.stat.NormalCacheGroup$$Lambda$383/30527460
2925:             1             16  com.lucent.aaa.stat.NormalCacheGroup$$Lambda$384/1515271018
2926:             1             16  com.lucent.aaa.stat.NormalCacheGroup$$Lambda$385/1109466628
2927:             1             16  com.lucent.aaa.stat.OneNdsTriggerGroup$$Lambda$510/1010068549
2928:             1             16  com.lucent.aaa.stat.OneNdsTriggerGroup$$Lambda$511/383753182
2929:             1             16  com.lucent.aaa.stat.OneNdsTriggerGroup$$Lambda$512/1541912393
2930:             1             16  com.lucent.aaa.stat.OneNdsTriggerGroup$$Lambda$513/784714772
2931:             1             16  com.lucent.aaa.stat.OneNdsTriggerGroup$$Lambda$514/647170252
2932:             1             16  com.lucent.aaa.stat.OneNdsTriggerGroup$$Lambda$515/400037555
2933:             1             16  com.lucent.aaa.stat.OneNdsTriggerGroup$$Lambda$516/739101205
2934:             1             16  com.lucent.aaa.stat.OneNdsTriggerGroup$$Lambda$517/1432401485
2935:             1             16  com.lucent.aaa.stat.OperatingSystemGroup$$Lambda$362/2006067420
2936:             1             16  com.lucent.aaa.stat.OperatingSystemGroup$$Lambda$363/879829980
2937:             1             16  com.lucent.aaa.stat.OperatingSystemGroup$$Lambda$364/1409499930
2938:             1             16  com.lucent.aaa.stat.OperatingSystemGroup$$Lambda$365/1031376502
2939:             1             16  com.lucent.aaa.stat.OperatingSystemGroup$$Lambda$366/946773976
2940:             1             16  com.lucent.aaa.stat.OperatingSystemGroup$$Lambda$367/276060674
2941:             1             16  com.lucent.aaa.stat.OperatingSystemGroup$$Lambda$368/1920032353
2942:             1             16  com.lucent.aaa.stat.OperatingSystemGroup$$Lambda$369/1516344760
2943:             1             16  com.lucent.aaa.stat.OperatingSystemGroup$$Lambda$370/1893063019
2944:             1             16  com.lucent.aaa.stat.OperatingSystemGroup$$Lambda$371/1977359388
2945:             1             16  com.lucent.aaa.stat.OperatingSystemGroup$$Lambda$372/1537311996
2946:             1             16  com.lucent.aaa.stat.OperatingSystemGroup$$Lambda$373/1507181879
2947:             1             16  com.lucent.aaa.stat.QueueGroup$$Lambda$386/2016308032
2948:             1             16  com.lucent.aaa.stat.QueueGroup$$Lambda$387/852547563
2949:             1             16  com.lucent.aaa.stat.QueueGroup$$Lambda$388/342191077
2950:             1             16  com.lucent.aaa.stat.QueueGroup$$Lambda$389/1572467999
2951:             1             16  com.lucent.aaa.stat.QueueGroup$$Lambda$390/954207047
2952:             1             16  com.lucent.aaa.stat.RadiusAcctClientGroup$$Lambda$126/1752829504
2953:             1             16  com.lucent.aaa.stat.RadiusAcctClientGroup$$Lambda$127/178163105
2954:             1             16  com.lucent.aaa.stat.RadiusAcctClientGroup$$Lambda$128/194277435
2955:             1             16  com.lucent.aaa.stat.RadiusAcctClientGroup$$Lambda$129/866416391
2956:             1             16  com.lucent.aaa.stat.RadiusAcctClientGroup$$Lambda$130/1294534487
2957:             1             16  com.lucent.aaa.stat.RadiusAcctClientGroup$$Lambda$131/1913266128
2958:             1             16  com.lucent.aaa.stat.RadiusAcctClientGroup$$Lambda$132/1521986562
2959:             1             16  com.lucent.aaa.stat.RadiusAcctClientGroup$$Lambda$133/1253827612
2960:             1             16  com.lucent.aaa.stat.RadiusAcctClientGroup$$Lambda$134/1336758691
2961:             1             16  com.lucent.aaa.stat.RadiusAcctClientGroup$$Lambda$135/1836786457
2962:             1             16  com.lucent.aaa.stat.RadiusAcctClientGroup$$Lambda$136/181097736
2963:             1             16  com.lucent.aaa.stat.RadiusAcctClientGroup$$Lambda$137/524671817
2964:             1             16  com.lucent.aaa.stat.RadiusAcctClientGroup$$Lambda$138/985702731
2965:             1             16  com.lucent.aaa.stat.RadiusAcctServerGroup$$Lambda$39/1218734863
2966:             1             16  com.lucent.aaa.stat.RadiusAcctServerGroup$$Lambda$40/338048780
2967:             1             16  com.lucent.aaa.stat.RadiusAcctServerGroup$$Lambda$41/787497403
2968:             1             16  com.lucent.aaa.stat.RadiusAcctServerGroup$$Lambda$42/1172814713
2969:             1             16  com.lucent.aaa.stat.RadiusAcctServerGroup$$Lambda$43/1616673438
2970:             1             16  com.lucent.aaa.stat.RadiusAcctServerGroup$$Lambda$44/566710404
2971:             1             16  com.lucent.aaa.stat.RadiusAcctServerGroup$$Lambda$45/219553950
2972:             1             16  com.lucent.aaa.stat.RadiusAcctServerGroup$$Lambda$46/1968340534
2973:             1             16  com.lucent.aaa.stat.RadiusAcctServerGroup$$Lambda$47/1985569416
2974:             1             16  com.lucent.aaa.stat.RadiusAcctServerGroup$$Lambda$48/1837195191
2975:             1             16  com.lucent.aaa.stat.RadiusAcctServerGroup$$Lambda$49/1370456137
2976:             1             16  com.lucent.aaa.stat.RadiusAcctServerGroup$$Lambda$50/929757060
2977:             1             16  com.lucent.aaa.stat.RadiusAcctServerGroup$$Lambda$51/177901251
2978:             1             16  com.lucent.aaa.stat.RadiusAuthClientGroup$$Lambda$111/219962610
2979:             1             16  com.lucent.aaa.stat.RadiusAuthClientGroup$$Lambda$112/1221559316
2980:             1             16  com.lucent.aaa.stat.RadiusAuthClientGroup$$Lambda$113/366370767
2981:             1             16  com.lucent.aaa.stat.RadiusAuthClientGroup$$Lambda$114/989992548
2982:             1             16  com.lucent.aaa.stat.RadiusAuthClientGroup$$Lambda$115/1965650910
2983:             1             16  com.lucent.aaa.stat.RadiusAuthClientGroup$$Lambda$116/1386640019
2984:             1             16  com.lucent.aaa.stat.RadiusAuthClientGroup$$Lambda$117/2034036629
2985:             1             16  com.lucent.aaa.stat.RadiusAuthClientGroup$$Lambda$118/955581180
2986:             1             16  com.lucent.aaa.stat.RadiusAuthClientGroup$$Lambda$119/1739581705
2987:             1             16  com.lucent.aaa.stat.RadiusAuthClientGroup$$Lambda$120/2045895214
2988:             1             16  com.lucent.aaa.stat.RadiusAuthClientGroup$$Lambda$121/236275784
2989:             1             16  com.lucent.aaa.stat.RadiusAuthClientGroup$$Lambda$122/1627160387
2990:             1             16  com.lucent.aaa.stat.RadiusAuthClientGroup$$Lambda$123/383882703
2991:             1             16  com.lucent.aaa.stat.RadiusAuthClientGroup$$Lambda$124/840095827
2992:             1             16  com.lucent.aaa.stat.RadiusAuthClientGroup$$Lambda$125/1959219756
2993:             1             16  com.lucent.aaa.stat.RadiusAuthServerGroup$$Lambda$24/2065314021
2994:             1             16  com.lucent.aaa.stat.RadiusAuthServerGroup$$Lambda$25/888984210
2995:             1             16  com.lucent.aaa.stat.RadiusAuthServerGroup$$Lambda$26/1231875515
2996:             1             16  com.lucent.aaa.stat.RadiusAuthServerGroup$$Lambda$27/962058379
2997:             1             16  com.lucent.aaa.stat.RadiusAuthServerGroup$$Lambda$28/800722348
2998:             1             16  com.lucent.aaa.stat.RadiusAuthServerGroup$$Lambda$29/724190002
2999:             1             16  com.lucent.aaa.stat.RadiusAuthServerGroup$$Lambda$30/80422114
3000:             1             16  com.lucent.aaa.stat.RadiusAuthServerGroup$$Lambda$31/36266279
3001:             1             16  com.lucent.aaa.stat.RadiusAuthServerGroup$$Lambda$32/30573521
3002:             1             16  com.lucent.aaa.stat.RadiusAuthServerGroup$$Lambda$33/801783477
3003:             1             16  com.lucent.aaa.stat.RadiusAuthServerGroup$$Lambda$34/2092080808
3004:             1             16  com.lucent.aaa.stat.RadiusAuthServerGroup$$Lambda$35/2121560119
3005:             1             16  com.lucent.aaa.stat.RadiusAuthServerGroup$$Lambda$36/622955085
3006:             1             16  com.lucent.aaa.stat.RadiusAuthServerGroup$$Lambda$37/1457166003
3007:             1             16  com.lucent.aaa.stat.RadiusAuthServerGroup$$Lambda$38/1114050800
3008:             1             16  com.lucent.aaa.stat.RadiusCoAClientGroup$$Lambda$156/1311562833
3009:             1             16  com.lucent.aaa.stat.RadiusCoAClientGroup$$Lambda$157/694790566
3010:             1             16  com.lucent.aaa.stat.RadiusCoAClientGroup$$Lambda$158/625411191
3011:             1             16  com.lucent.aaa.stat.RadiusCoAClientGroup$$Lambda$159/1635975151
3012:             1             16  com.lucent.aaa.stat.RadiusCoAClientGroup$$Lambda$160/1239710170
3013:             1             16  com.lucent.aaa.stat.RadiusCoAClientGroup$$Lambda$161/757386713
3014:             1             16  com.lucent.aaa.stat.RadiusCoAClientGroup$$Lambda$162/819790006
3015:             1             16  com.lucent.aaa.stat.RadiusCoAClientGroup$$Lambda$163/1180105925
3016:             1             16  com.lucent.aaa.stat.RadiusCoAClientGroup$$Lambda$164/739665788
3017:             1             16  com.lucent.aaa.stat.RadiusCoAClientGroup$$Lambda$165/668417314
3018:             1             16  com.lucent.aaa.stat.RadiusCoAClientGroup$$Lambda$166/2144817630
3019:             1             16  com.lucent.aaa.stat.RadiusCoAClientGroup$$Lambda$167/236333621
3020:             1             16  com.lucent.aaa.stat.RadiusCoAClientGroup$$Lambda$168/287609100
3021:             1             16  com.lucent.aaa.stat.RadiusCoAClientGroup$$Lambda$169/260345895
3022:             1             16  com.lucent.aaa.stat.RadiusCoAClientGroup$$Lambda$170/1251502504
3023:             1             16  com.lucent.aaa.stat.RadiusCoAClientGroup$$Lambda$171/1977656652
3024:             1             16  com.lucent.aaa.stat.RadiusCoAClientGroup$$Lambda$172/1090123277
3025:             1             16  com.lucent.aaa.stat.RadiusCoAServerGroup$$Lambda$69/1171491314
3026:             1             16  com.lucent.aaa.stat.RadiusCoAServerGroup$$Lambda$70/814647201
3027:             1             16  com.lucent.aaa.stat.RadiusCoAServerGroup$$Lambda$71/1713999849
3028:             1             16  com.lucent.aaa.stat.RadiusCoAServerGroup$$Lambda$72/203829039
3029:             1             16  com.lucent.aaa.stat.RadiusCoAServerGroup$$Lambda$73/1432599360
3030:             1             16  com.lucent.aaa.stat.RadiusCoAServerGroup$$Lambda$74/286559682
3031:             1             16  com.lucent.aaa.stat.RadiusCoAServerGroup$$Lambda$75/1005063886
3032:             1             16  com.lucent.aaa.stat.RadiusCoAServerGroup$$Lambda$76/101319115
3033:             1             16  com.lucent.aaa.stat.RadiusCoAServerGroup$$Lambda$77/1325077489
3034:             1             16  com.lucent.aaa.stat.RadiusCoAServerGroup$$Lambda$78/2075454833
3035:             1             16  com.lucent.aaa.stat.RadiusCoAServerGroup$$Lambda$79/5313207
3036:             1             16  com.lucent.aaa.stat.RadiusCoAServerGroup$$Lambda$80/1451450159
3037:             1             16  com.lucent.aaa.stat.RadiusCoAServerGroup$$Lambda$81/1089579669
3038:             1             16  com.lucent.aaa.stat.RadiusCoAServerGroup$$Lambda$82/477239455
3039:             1             16  com.lucent.aaa.stat.RadiusCoAServerGroup$$Lambda$83/348026124
3040:             1             16  com.lucent.aaa.stat.RadiusCoAServerGroup$$Lambda$84/1485318803
3041:             1             16  com.lucent.aaa.stat.RadiusDiscClientGroup$$Lambda$139/363594453
3042:             1             16  com.lucent.aaa.stat.RadiusDiscClientGroup$$Lambda$140/888289302
3043:             1             16  com.lucent.aaa.stat.RadiusDiscClientGroup$$Lambda$141/1731654671
3044:             1             16  com.lucent.aaa.stat.RadiusDiscClientGroup$$Lambda$142/318371990
3045:             1             16  com.lucent.aaa.stat.RadiusDiscClientGroup$$Lambda$143/1967710715
3046:             1             16  com.lucent.aaa.stat.RadiusDiscClientGroup$$Lambda$144/1348421068
3047:             1             16  com.lucent.aaa.stat.RadiusDiscClientGroup$$Lambda$145/10044740
3048:             1             16  com.lucent.aaa.stat.RadiusDiscClientGroup$$Lambda$146/1576607881
3049:             1             16  com.lucent.aaa.stat.RadiusDiscClientGroup$$Lambda$147/1863075316
3050:             1             16  com.lucent.aaa.stat.RadiusDiscClientGroup$$Lambda$148/1163336956
3051:             1             16  com.lucent.aaa.stat.RadiusDiscClientGroup$$Lambda$149/263111287
3052:             1             16  com.lucent.aaa.stat.RadiusDiscClientGroup$$Lambda$150/457660003
3053:             1             16  com.lucent.aaa.stat.RadiusDiscClientGroup$$Lambda$151/376017690
3054:             1             16  com.lucent.aaa.stat.RadiusDiscClientGroup$$Lambda$152/1797578199
3055:             1             16  com.lucent.aaa.stat.RadiusDiscClientGroup$$Lambda$153/316671934
3056:             1             16  com.lucent.aaa.stat.RadiusDiscClientGroup$$Lambda$154/859156431
3057:             1             16  com.lucent.aaa.stat.RadiusDiscClientGroup$$Lambda$155/1771965424
3058:             1             16  com.lucent.aaa.stat.RadiusDiscServerGroup$$Lambda$52/138617961
3059:             1             16  com.lucent.aaa.stat.RadiusDiscServerGroup$$Lambda$53/239902985
3060:             1             16  com.lucent.aaa.stat.RadiusDiscServerGroup$$Lambda$54/437771631
3061:             1             16  com.lucent.aaa.stat.RadiusDiscServerGroup$$Lambda$55/199676456
3062:             1             16  com.lucent.aaa.stat.RadiusDiscServerGroup$$Lambda$56/2129554451
3063:             1             16  com.lucent.aaa.stat.RadiusDiscServerGroup$$Lambda$57/1736230120
3064:             1             16  com.lucent.aaa.stat.RadiusDiscServerGroup$$Lambda$58/1105778967
3065:             1             16  com.lucent.aaa.stat.RadiusDiscServerGroup$$Lambda$59/725579524
3066:             1             16  com.lucent.aaa.stat.RadiusDiscServerGroup$$Lambda$60/974559308
3067:             1             16  com.lucent.aaa.stat.RadiusDiscServerGroup$$Lambda$61/1035062904
3068:             1             16  com.lucent.aaa.stat.RadiusDiscServerGroup$$Lambda$62/976935143
3069:             1             16  com.lucent.aaa.stat.RadiusDiscServerGroup$$Lambda$63/1785536499
3070:             1             16  com.lucent.aaa.stat.RadiusDiscServerGroup$$Lambda$64/1689730570
3071:             1             16  com.lucent.aaa.stat.RadiusDiscServerGroup$$Lambda$65/1472659178
3072:             1             16  com.lucent.aaa.stat.RadiusDiscServerGroup$$Lambda$66/995621141
3073:             1             16  com.lucent.aaa.stat.RadiusDiscServerGroup$$Lambda$67/969407243
3074:             1             16  com.lucent.aaa.stat.RadiusDiscServerGroup$$Lambda$68/1683866967
3075:             1             16  com.lucent.aaa.stat.RadiusOtherClientGroup$$Lambda$188/304125990
3076:             1             16  com.lucent.aaa.stat.RadiusOtherClientGroup$$Lambda$189/1825856364
3077:             1             16  com.lucent.aaa.stat.RadiusOtherClientGroup$$Lambda$190/979074430
3078:             1             16  com.lucent.aaa.stat.RadiusOtherClientGroup$$Lambda$191/332149166
3079:             1             16  com.lucent.aaa.stat.RadiusOtherClientGroup$$Lambda$192/96172633
3080:             1             16  com.lucent.aaa.stat.RadiusOtherClientGroup$$Lambda$193/1274699449
3081:             1             16  com.lucent.aaa.stat.RadiusOtherClientGroup$$Lambda$194/707492405
3082:             1             16  com.lucent.aaa.stat.RadiusOtherClientGroup$$Lambda$195/1477996447
3083:             1             16  com.lucent.aaa.stat.RadiusOtherClientGroup$$Lambda$196/103788407
3084:             1             16  com.lucent.aaa.stat.RadiusOtherClientGroup$$Lambda$197/523839133
3085:             1             16  com.lucent.aaa.stat.RadiusOtherClientGroup$$Lambda$198/1848778141
3086:             1             16  com.lucent.aaa.stat.RadiusOtherClientGroup$$Lambda$199/1968038739
3087:             1             16  com.lucent.aaa.stat.RadiusOtherClientGroup$$Lambda$200/249736858
3088:             1             16  com.lucent.aaa.stat.RadiusOtherClientGroup$$Lambda$201/1488550933
3089:             1             16  com.lucent.aaa.stat.RadiusOtherServerGroup$$Lambda$100/1054334320
3090:             1             16  com.lucent.aaa.stat.RadiusOtherServerGroup$$Lambda$101/1866142672
3091:             1             16  com.lucent.aaa.stat.RadiusOtherServerGroup$$Lambda$102/43402513
3092:             1             16  com.lucent.aaa.stat.RadiusOtherServerGroup$$Lambda$103/1855590605
3093:             1             16  com.lucent.aaa.stat.RadiusOtherServerGroup$$Lambda$104/1856400435
3094:             1             16  com.lucent.aaa.stat.RadiusOtherServerGroup$$Lambda$105/1504987044
3095:             1             16  com.lucent.aaa.stat.RadiusOtherServerGroup$$Lambda$106/1773813582
3096:             1             16  com.lucent.aaa.stat.RadiusOtherServerGroup$$Lambda$107/1469597388
3097:             1             16  com.lucent.aaa.stat.RadiusOtherServerGroup$$Lambda$108/176320504
3098:             1             16  com.lucent.aaa.stat.RadiusOtherServerGroup$$Lambda$109/1911586923
3099:             1             16  com.lucent.aaa.stat.RadiusOtherServerGroup$$Lambda$110/1233686868
3100:             1             16  com.lucent.aaa.stat.RadiusOtherServerGroup$$Lambda$98/106787773
3101:             1             16  com.lucent.aaa.stat.RadiusOtherServerGroup$$Lambda$99/663317819
3102:             1             16  com.lucent.aaa.stat.RadiusStateClientGroup$$Lambda$173/1293967722
3103:             1             16  com.lucent.aaa.stat.RadiusStateClientGroup$$Lambda$174/1792454213
3104:             1             16  com.lucent.aaa.stat.RadiusStateClientGroup$$Lambda$175/2085428347
3105:             1             16  com.lucent.aaa.stat.RadiusStateClientGroup$$Lambda$176/2022950677
3106:             1             16  com.lucent.aaa.stat.RadiusStateClientGroup$$Lambda$177/922145372
3107:             1             16  com.lucent.aaa.stat.RadiusStateClientGroup$$Lambda$178/1762522689
3108:             1             16  com.lucent.aaa.stat.RadiusStateClientGroup$$Lambda$179/2109182431
3109:             1             16  com.lucent.aaa.stat.RadiusStateClientGroup$$Lambda$180/469391891
3110:             1             16  com.lucent.aaa.stat.RadiusStateClientGroup$$Lambda$181/454958850
3111:             1             16  com.lucent.aaa.stat.RadiusStateClientGroup$$Lambda$182/497507806
3112:             1             16  com.lucent.aaa.stat.RadiusStateClientGroup$$Lambda$183/1549733596
3113:             1             16  com.lucent.aaa.stat.RadiusStateClientGroup$$Lambda$184/356318598
3114:             1             16  com.lucent.aaa.stat.RadiusStateClientGroup$$Lambda$185/2117142060
3115:             1             16  com.lucent.aaa.stat.RadiusStateClientGroup$$Lambda$186/1499458969
3116:             1             16  com.lucent.aaa.stat.RadiusStateClientGroup$$Lambda$187/2102534528
3117:             1             16  com.lucent.aaa.stat.RadiusStateServerGroup$$Lambda$85/1501976525
3118:             1             16  com.lucent.aaa.stat.RadiusStateServerGroup$$Lambda$86/1164616817
3119:             1             16  com.lucent.aaa.stat.RadiusStateServerGroup$$Lambda$87/1776483899
3120:             1             16  com.lucent.aaa.stat.RadiusStateServerGroup$$Lambda$88/665829140
3121:             1             16  com.lucent.aaa.stat.RadiusStateServerGroup$$Lambda$89/1291627539
3122:             1             16  com.lucent.aaa.stat.RadiusStateServerGroup$$Lambda$90/1545982161
3123:             1             16  com.lucent.aaa.stat.RadiusStateServerGroup$$Lambda$91/583593544
3124:             1             16  com.lucent.aaa.stat.RadiusStateServerGroup$$Lambda$92/2017833498
3125:             1             16  com.lucent.aaa.stat.RadiusStateServerGroup$$Lambda$93/1374688565
3126:             1             16  com.lucent.aaa.stat.RadiusStateServerGroup$$Lambda$94/589423746
3127:             1             16  com.lucent.aaa.stat.RadiusStateServerGroup$$Lambda$95/1182725120
3128:             1             16  com.lucent.aaa.stat.RadiusStateServerGroup$$Lambda$96/335436727
3129:             1             16  com.lucent.aaa.stat.RadiusStateServerGroup$$Lambda$97/1115073856
3130:             1             16  com.lucent.aaa.stat.RadiusStatusClientGroup$$Lambda$415/1626987646
3131:             1             16  com.lucent.aaa.stat.RadiusStatusClientGroup$$Lambda$416/22958662
3132:             1             16  com.lucent.aaa.stat.RadiusStatusClientGroup$$Lambda$417/1345672907
3133:             1             16  com.lucent.aaa.stat.RadiusStatusClientGroup$$Lambda$418/1016994270
3134:             1             16  com.lucent.aaa.stat.RadiusStatusClientGroup$$Lambda$419/313145375
3135:             1             16  com.lucent.aaa.stat.RadiusStatusClientGroup$$Lambda$420/1628800110
3136:             1             16  com.lucent.aaa.stat.RadiusStatusClientGroup$$Lambda$421/468456841
3137:             1             16  com.lucent.aaa.stat.RadiusStatusClientGroup$$Lambda$422/1475395523
3138:             1             16  com.lucent.aaa.stat.RadiusStatusClientGroup$$Lambda$423/341381090
3139:             1             16  com.lucent.aaa.stat.RadiusStatusClientGroup$$Lambda$424/1495453683
3140:             1             16  com.lucent.aaa.stat.RadiusStatusClientGroup$$Lambda$425/580507907
3141:             1             16  com.lucent.aaa.stat.RadiusStatusClientGroup$$Lambda$426/1891984436
3142:             1             16  com.lucent.aaa.stat.RadiusStatusClientGroup$$Lambda$427/742343633
3143:             1             16  com.lucent.aaa.stat.RadiusStatusClientGroup$$Lambda$428/1663913202
3144:             1             16  com.lucent.aaa.stat.RadiusStatusServerGroup$$Lambda$429/1683726922
3145:             1             16  com.lucent.aaa.stat.RadiusStatusServerGroup$$Lambda$430/1600818942
3146:             1             16  com.lucent.aaa.stat.RadiusStatusServerGroup$$Lambda$431/1037220289
3147:             1             16  com.lucent.aaa.stat.RadiusStatusServerGroup$$Lambda$432/1780290663
3148:             1             16  com.lucent.aaa.stat.RadiusStatusServerGroup$$Lambda$433/1399693980
3149:             1             16  com.lucent.aaa.stat.RadiusStatusServerGroup$$Lambda$434/1492896625
3150:             1             16  com.lucent.aaa.stat.RadiusStatusServerGroup$$Lambda$435/1892646174
3151:             1             16  com.lucent.aaa.stat.RadiusStatusServerGroup$$Lambda$436/1928589644
3152:             1             16  com.lucent.aaa.stat.RadiusStatusServerGroup$$Lambda$437/1286915276
3153:             1             16  com.lucent.aaa.stat.RadiusStatusServerGroup$$Lambda$438/1242705512
3154:             1             16  com.lucent.aaa.stat.RadiusStatusServerGroup$$Lambda$439/1103007161
3155:             1             16  com.lucent.aaa.stat.RadiusStatusServerGroup$$Lambda$440/740982099
3156:             1             16  com.lucent.aaa.stat.RadiusStatusServerGroup$$Lambda$441/1179799230
3157:             1             16  com.lucent.aaa.stat.RadiusStatusServerGroup$$Lambda$442/501766514
3158:             1             16  com.lucent.aaa.stat.RateLimitGroup$$Lambda$520/814387812
3159:             1             16  com.lucent.aaa.stat.RateLimitGroup$$Lambda$521/1021295599
3160:             1             16  com.lucent.aaa.stat.RateLimitGroup$$Lambda$522/509636452
3161:             1             16  com.lucent.aaa.stat.RateLimitGroup$$Lambda$523/1478039798
3162:             1             16  com.lucent.aaa.stat.SctpGroup$$Lambda$443/1382382943
3163:             1             16  com.lucent.aaa.stat.SctpGroup$$Lambda$444/1137940831
3164:             1             16  com.lucent.aaa.stat.SctpGroup$$Lambda$445/571585615
3165:             1             16  com.lucent.aaa.stat.SctpGroup$$Lambda$446/1820528317
3166:             1             16  com.lucent.aaa.stat.SctpGroup$$Lambda$447/368384503
3167:             1             16  com.lucent.aaa.stat.SctpGroup$$Lambda$448/1244881783
3168:             1             16  com.lucent.aaa.stat.SctpGroup$$Lambda$449/1705969074
3169:             1             16  com.lucent.aaa.stat.SctpGroup$$Lambda$450/296552796
3170:             1             16  com.lucent.aaa.stat.SctpGroup$$Lambda$451/740986943
3171:             1             16  com.lucent.aaa.stat.SctpGroup$$Lambda$452/2102621718
3172:             1             16  com.lucent.aaa.stat.SctpGroup$$Lambda$453/1615625883
3173:             1             16  com.lucent.aaa.stat.SctpGroup$$Lambda$454/433224743
3174:             1             16  com.lucent.aaa.stat.SctpGroup$$Lambda$455/1635892298
3175:             1             16  com.lucent.aaa.stat.TcpGroup$$Lambda$391/2146473561
3176:             1             16  com.lucent.aaa.stat.TcpGroup$$Lambda$392/106804552
3177:             1             16  com.lucent.aaa.stat.TcpGroup$$Lambda$393/1849052959
3178:             1             16  com.lucent.aaa.stat.TcpGroup$$Lambda$394/696411130
3179:             1             16  com.lucent.aaa.stat.TcpGroup$$Lambda$395/444402847
3180:             1             16  com.lucent.aaa.stat.TcpGroup$$Lambda$396/297642807
3181:             1             16  com.lucent.aaa.stat.TcpGroup$$Lambda$397/1517251756
3182:             1             16  com.lucent.aaa.stat.TcpGroup$$Lambda$398/1494382097
3183:             1             16  com.lucent.aaa.stat.TcpGroup$$Lambda$399/1947725647
3184:             1             16  com.lucent.aaa.stat.TcpGroup$$Lambda$400/1336458939
3185:             1             16  com.lucent.aaa.stat.TcpGroup$$Lambda$401/916117466
3186:             1             16  com.lucent.aaa.stat.TcpGroup$$Lambda$402/1050196275
3187:             1             16  com.lucent.aaa.stat.TcpGroup$$Lambda$403/1114221271
3188:             1             16  com.lucent.aaa.stat.TcpGroup$$Lambda$404/1910997770
3189:             1             16  com.lucent.aaa.stat.TcpGroup$$Lambda$405/811505060
3190:             1             16  com.lucent.aaa.stat.TcpLimitGroup$$Lambda$506/967022668
3191:             1             16  com.lucent.aaa.stat.TcpLimitGroup$$Lambda$507/71322219
3192:             1             16  com.lucent.aaa.stat.TcpLimitGroup$$Lambda$508/1729995001
3193:             1             16  com.lucent.aaa.stat.TcpLimitGroup$$Lambda$509/1294966332
3194:             1             16  com.lucent.aaa.stat.ThreadGroup$$Lambda$377/674998841
3195:             1             16  com.lucent.aaa.stat.ThreadGroup$$Lambda$378/674247007
3196:             1             16  com.lucent.aaa.stat.ThreadGroup$$Lambda$379/1967467242
3197:             1             16  com.lucent.aaa.stat.ThreadGroup$$Lambda$380/1161267215
3198:             1             16  com.lucent.aaa.stat.ThreadGroup$$Lambda$381/1223116644
3199:             1             16  com.lucent.aaa.stat.ThreadGroup$$Lambda$382/2050376675
3200:             1             16  com.lucent.aaa.stat.ThrottleGroup$$Lambda$467/379623433
3201:             1             16  com.lucent.aaa.stat.ThrottleGroup$$Lambda$468/1772566631
3202:             1             16  com.lucent.aaa.stat.ThrottleGroup$$Lambda$469/490341374
3203:             1             16  com.lucent.aaa.stat.ThrottleGroup$$Lambda$470/256417920
3204:             1             16  com.lucent.aaa.stat.ThrottleGroup$$Lambda$471/1075758996
3205:             1             16  com.lucent.aaa.stat.ThrottleGroup$$Lambda$472/1206973460
3206:             1             16  com.lucent.aaa.stat.ThrottleGroup$$Lambda$473/1208600433
3207:             1             16  com.lucent.aaa.stat.ThrottleGroup$$Lambda$474/899557330
3208:             1             16  com.lucent.aaa.stat.WatchGroup$$Lambda$524/2042233477
3209:             1             16  com.lucent.aaa.stat.WatchGroup$$Lambda$525/1844617734
3210:             1             16  com.lucent.aaa.stat.WatchGroup$$Lambda$526/1864630663
3211:             1             16  com.lucent.aaa.stat.WatchGroup$$Lambda$527/1043984524
3212:             1             16  com.lucent.aaa.stat.WatchGroup$$Lambda$528/1502050508
3213:             1             16  com.lucent.aaa.stat.ai$1
3214:             1             16  com.lucent.aaa.stat.ai$2
3215:             1             16  com.lucent.aaa.stat.c$1
3216:             1             16  com.lucent.aaa.stat.c$2
3217:             1             16  com.lucent.aaa.stat.c$3
3218:             1             16  com.lucent.aaa.stat.f$$Lambda$202/1080743637
3219:             1             16  com.lucent.aaa.stat.f$$Lambda$203/712753515
3220:             1             16  com.lucent.aaa.stat.f$$Lambda$204/294008652
3221:             1             16  com.lucent.aaa.stat.f$$Lambda$205/1120687200
3222:             1             16  com.lucent.aaa.stat.f$$Lambda$206/1418129042
3223:             1             16  com.lucent.aaa.stat.f$$Lambda$207/545394160
3224:             1             16  com.lucent.aaa.stat.f$$Lambda$208/10380027
3225:             1             16  com.lucent.aaa.stat.f$$Lambda$209/542202332
3226:             1             16  com.lucent.aaa.stat.f$$Lambda$210/1136705850
3227:             1             16  com.lucent.aaa.stat.f$$Lambda$211/1931327807
3228:             1             16  com.lucent.aaa.stat.f$$Lambda$212/6788125
3229:             1             16  com.lucent.aaa.stat.f$$Lambda$213/718451316
3230:             1             16  com.lucent.aaa.stat.f$$Lambda$214/1876848389
3231:             1             16  com.lucent.aaa.stat.f$$Lambda$215/1897195392
3232:             1             16  com.lucent.aaa.stat.f$$Lambda$216/1307525827
3233:             1             16  com.lucent.aaa.stat.f$$Lambda$217/1913718808
3234:             1             16  com.lucent.aaa.stat.g$b
3235:             1             16  com.lucent.aaa.stat.g$d
3236:             1             16  com.lucent.aaa.stat.g$f
3237:             1             16  com.lucent.aaa.stat.g$h
3238:             1             16  com.lucent.aaa.stat.g$i
3239:             1             16  com.lucent.aaa.stat.g$j
3240:             1             16  com.lucent.aaa.stat.k$$Lambda$262/1181756454
3241:             1             16  com.lucent.aaa.stat.k$$Lambda$263/2035743034
3242:             1             16  com.lucent.aaa.stat.k$$Lambda$264/238998613
3243:             1             16  com.lucent.aaa.stat.k$$Lambda$265/666596577
3244:             1             16  com.lucent.aaa.stat.k$$Lambda$266/1617784108
3245:             1             16  com.lucent.aaa.stat.k$$Lambda$267/1457005276
3246:             1             16  com.lucent.aaa.stat.k$$Lambda$268/565658860
3247:             1             16  com.lucent.aaa.stat.k$$Lambda$269/1769640623
3248:             1             16  com.lucent.aaa.stat.k$$Lambda$270/2124645278
3249:             1             16  com.lucent.aaa.stat.k$$Lambda$271/381118552
3250:             1             16  com.lucent.aaa.stat.k$$Lambda$272/222088774
3251:             1             16  com.lucent.aaa.stat.k$$Lambda$273/1387462740
3252:             1             16  com.lucent.aaa.stat.k$$Lambda$274/340715687
3253:             1             16  com.lucent.aaa.stat.k$$Lambda$275/1387473776
3254:             1             16  com.lucent.aaa.stat.k$$Lambda$276/415768786
3255:             1             16  com.lucent.aaa.stat.k$$Lambda$277/1027158270
3256:             1             16  com.lucent.aaa.stat.k$$Lambda$278/1582427182
3257:             1             16  com.lucent.aaa.stat.k$$Lambda$279/1281743075
3258:             1             16  com.lucent.aaa.stat.k$$Lambda$280/1775113446
3259:             1             16  com.lucent.aaa.stat.k$$Lambda$281/1771935420
3260:             1             16  com.lucent.aaa.stat.k$$Lambda$282/190704044
3261:             1             16  com.lucent.aaa.stat.k$$Lambda$283/1322093233
3262:             1             16  com.lucent.aaa.stat.k$$Lambda$284/1472057002
3263:             1             16  com.lucent.aaa.stat.k$$Lambda$285/920914400
3264:             1             16  com.lucent.aaa.stat.k$$Lambda$286/758104368
3265:             1             16  com.lucent.aaa.stat.k$$Lambda$287/2076029472
3266:             1             16  com.lucent.aaa.stat.k$$Lambda$288/1828724670
3267:             1             16  com.lucent.aaa.stat.k$$Lambda$289/219286908
3268:             1             16  com.lucent.aaa.stat.k$$Lambda$290/1592228783
3269:             1             16  com.lucent.aaa.stat.k$$Lambda$291/634250683
3270:             1             16  com.lucent.aaa.stat.k$$Lambda$292/1576422186
3271:             1             16  com.lucent.aaa.stat.k$$Lambda$293/2063309971
3272:             1             16  com.lucent.aaa.stat.k$$Lambda$294/819027530
3273:             1             16  com.lucent.aaa.stat.k$$Lambda$295/1135026238
3274:             1             16  com.lucent.aaa.stat.k$$Lambda$296/744983675
3275:             1             16  com.lucent.aaa.stat.k$$Lambda$297/818396783
3276:             1             16  com.lucent.aaa.stat.m
3277:             1             16  com.lucent.aaa.state.b
3278:             1             16  com.lucent.aaa.t
3279:             1             16  com.lucent.aaa.tal.TalCode$$Lambda$764/1910464304
3280:             1             16  com.lucent.aaa.tal.TalTable$$Lambda$740/244922133
3281:             1             16  com.lucent.aaa.tal.instruction.an
3282:             1             16  com.lucent.aaa.tal.instruction.b
3283:             1             16  com.lucent.aaa.tal.instruction.n
3284:             1             16  com.lucent.aaa.tls.TlsSessionManagerGroup$$Lambda$411/1874741248
3285:             1             16  com.lucent.aaa.tls.TlsSessionManagerGroup$$Lambda$412/293207180
3286:             1             16  com.lucent.aaa.tls.TlsSessionManagerGroup$$Lambda$413/392226196
3287:             1             16  com.lucent.aaa.tls.TlsSessionManagerGroup$$Lambda$414/338957261
3288:             1             16  com.lucent.aaa.tls.ae$$Lambda$535/33281504
3289:             1             16  com.lucent.aaa.uss2.Uss2NodeGroup$$Lambda$298/1895082945
3290:             1             16  com.lucent.aaa.uss2.Uss2NodeGroup$$Lambda$299/170782933
3291:             1             16  com.lucent.aaa.uss2.Uss2NodeGroup$$Lambda$300/2016200186
3292:             1             16  com.lucent.aaa.uss2.Uss2NodeGroup$$Lambda$301/768856989
3293:             1             16  com.lucent.aaa.uss2.Uss2NodeGroup$$Lambda$302/182698304
3294:             1             16  com.lucent.aaa.uss2.Uss2NodeGroup$$Lambda$303/1865233297
3295:             1             16  com.lucent.aaa.uss2.Uss2NodeGroup$$Lambda$304/1907370139
3296:             1             16  com.lucent.aaa.uss2.Uss2NodeGroup$$Lambda$305/1120682507
3297:             1             16  com.lucent.aaa.uss2.Uss2NodeGroup$$Lambda$306/1446081235
3298:             1             16  com.lucent.aaa.uss2.Uss2NodeGroup$$Lambda$307/1350984255
3299:             1             16  com.lucent.aaa.uss2.Uss2NodeGroup$$Lambda$308/537033796
3300:             1             16  com.lucent.aaa.uss2.Uss2NodeGroup$$Lambda$309/8302165
3301:             1             16  com.lucent.aaa.uss2.Uss2NodeGroup$$Lambda$310/1568990051
3302:             1             16  com.lucent.aaa.uss2.Uss2NodeGroup$$Lambda$311/1055974774
3303:             1             16  com.lucent.aaa.uss2.Uss2NodeGroup$$Lambda$312/228806320
3304:             1             16  com.lucent.aaa.uss2.Uss2NodeGroup$$Lambda$313/46087876
3305:             1             16  com.lucent.aaa.uss2.Uss2NodeGroup$$Lambda$314/995991728
3306:             1             16  com.lucent.aaa.uss2.Uss2NodeGroup$$Lambda$315/748466085
3307:             1             16  com.lucent.aaa.uss2.Uss2NodeGroup$$Lambda$316/113653660
3308:             1             16  com.lucent.aaa.uss2.Uss2NodeGroup$$Lambda$317/2113171614
3309:             1             16  com.lucent.aaa.uss2.Uss2PersistenceGroup$$Lambda$318/328241052
3310:             1             16  com.lucent.aaa.uss2.Uss2PersistenceGroup$$Lambda$319/849031967
3311:             1             16  com.lucent.aaa.uss2.Uss2PersistenceGroup$$Lambda$320/1678413715
3312:             1             16  com.lucent.aaa.uss2.Uss2PersistenceGroup$$Lambda$321/1664479306
3313:             1             16  com.lucent.aaa.uss2.Uss2PersistenceGroup$$Lambda$322/1959690207
3314:             1             16  com.lucent.aaa.uss2.Uss2PersistenceGroup$$Lambda$323/522631570
3315:             1             16  com.lucent.aaa.uss2.Uss2PersistenceGroup$$Lambda$324/794872818
3316:             1             16  com.lucent.aaa.uss2.Uss2PersistenceGroup$$Lambda$325/1662765556
3317:             1             16  com.lucent.aaa.uss2.Uss2PersistenceGroup$$Lambda$326/1680634575
3318:             1             16  com.lucent.aaa.uss2.Uss2PersistenceGroup$$Lambda$327/1315749361
3319:             1             16  com.lucent.aaa.uss2.Uss2PersistenceGroup$$Lambda$328/1744486549
3320:             1             16  com.lucent.aaa.uss2.ae$1
3321:             1             16  com.lucent.aaa.uss2.ae$2
3322:             1             16  com.lucent.aaa.uss2.ae$3
3323:             1             16  com.lucent.aaa.uss2.z
3324:             1             16  com.lucent.aaa.uss2.z$c
3325:             1             16  com.lucent.aaa.util.AddressUtil$AddressCompare
3326:             1             16  com.lucent.aaa.util.Alarm$AlarmComparator
3327:             1             16  com.lucent.aaa.util.Convert$1
3328:             1             16  com.lucent.aaa.util.Utility$c
3329:             1             16  com.lucent.aaa.util.Utility$e
3330:             1             16  com.lucent.aaa.util.aa
3331:             1             16  com.lucent.aaa.util.bh
3332:             1             16  com.lucent.aaa.util.y
3333:             1             16  com.lucent.aaa.value.AAAURIValue$RadiusFactory
3334:             1             16  com.lucent.aaa.value.AFilterValue$RadiusFactory
3335:             1             16  com.lucent.aaa.value.APasswordValue$RadiusFactory
3336:             1             16  com.lucent.aaa.value.ASecretValue$RadiusFactory
3337:             1             16  com.lucent.aaa.value.AddressValue$RadiusFactory
3338:             1             16  com.lucent.aaa.value.AkaQuintetValue$RadiusFactory
3339:             1             16  com.lucent.aaa.value.AnonymousValue$RadiusFactory
3340:             1             16  com.lucent.aaa.value.AtomicBooleanValue$RadiusFactory
3341:             1             16  com.lucent.aaa.value.AtomicDurationValue$RadiusFactory
3342:             1             16  com.lucent.aaa.value.AtomicIntegerValue$RadiusFactory
3343:             1             16  com.lucent.aaa.value.AtomicLongValue$RadiusFactory
3344:             1             16  com.lucent.aaa.value.AtomicTimestampValue$RadiusFactory
3345:             1             16  com.lucent.aaa.value.AuthenticatorValue$RadiusFactory
3346:             1             16  com.lucent.aaa.value.BigIntegerValue$GeneralFactory
3347:             1             16  com.lucent.aaa.value.BinarySizeValue$RadiusFactory
3348:             1             16  com.lucent.aaa.value.BooleanValue$RadiusFactory
3349:             1             16  com.lucent.aaa.value.ByteBitSetValue$RadiusFactory
3350:             1             16  com.lucent.aaa.value.ByteChoiceValue$RadiusFactory
3351:             1             16  com.lucent.aaa.value.ByteEnumerationValue$RadiusFactory
3352:             1             16  com.lucent.aaa.value.CdmaAccountingContainerValue$RadiusFactory
3353:             1             16  com.lucent.aaa.value.CdmaQosAttributeSetValue$RadiusFactory
3354:             1             16  com.lucent.aaa.value.CdmaServiceProfileValue$RadiusFactory
3355:             1             16  com.lucent.aaa.value.ChunkyOpaqueValue$RadiusFactory
3356:             1             16  com.lucent.aaa.value.ChunkySaltedOpaqueValue$RadiusFactory
3357:             1             16  com.lucent.aaa.value.ChunkyStringValue$RadiusFactory
3358:             1             16  com.lucent.aaa.value.CiscoAVPairValue$RadiusFactory
3359:             1             16  com.lucent.aaa.value.CiscoPasswordValue$RadiusFactory
3360:             1             16  com.lucent.aaa.value.CivicLocationProfileValue$RadiusFactory
3361:             1             16  com.lucent.aaa.value.DateValue$RadiusFactory
3362:             1             16  com.lucent.aaa.value.DecimalSizeValue$RadiusFactory
3363:             1             16  com.lucent.aaa.value.Dhcp6GroupValue$RadiusFactory
3364:             1             16  com.lucent.aaa.value.DhcpGroupValue$RadiusFactory
3365:             1             16  com.lucent.aaa.value.DhcpVendorGroupValue$RadiusFactory
3366:             1             16  com.lucent.aaa.value.DiameterHistoryEntry2Value$RadiusFactory
3367:             1             16  com.lucent.aaa.value.DiameterHistoryEntryValue$GeneralFactory
3368:             1             16  com.lucent.aaa.value.DiameterStateValue$RadiusFactory
3369:             1             16  com.lucent.aaa.value.DispositionValue$GeneralFactory
3370:             1             16  com.lucent.aaa.value.DomainNameListValue$RadiusFactory
3371:             1             16  com.lucent.aaa.value.DomainNameValue$RadiusFactory
3372:             1             16  com.lucent.aaa.value.DoubleValue$RadiusFactory
3373:             1             16  com.lucent.aaa.value.DurationValue$RadiusFactory
3374:             1             16  com.lucent.aaa.value.EapMessageValue$RadiusFactory
3375:             1             16  com.lucent.aaa.value.EmptyValue$RadiusFactory
3376:             1             16  com.lucent.aaa.value.EvalValue$RadiusFactory
3377:             1             16  com.lucent.aaa.value.EventTimestampValue$RadiusFactory
3378:             1             16  com.lucent.aaa.value.ExecValue$RadiusFactory
3379:             1             16  com.lucent.aaa.value.ExperimentalResultValue$RadiusFactory
3380:             1             16  com.lucent.aaa.value.FailedAvpValue$RadiusFactory
3381:             1             16  com.lucent.aaa.value.FeatureValue$RadiusFactory
3382:             1             16  com.lucent.aaa.value.FixedPointI32F32Value$RadiusFactory
3383:             1             16  com.lucent.aaa.value.FloatValue$RadiusFactory
3384:             1             16  com.lucent.aaa.value.GeneralStateValue$RadiusFactory
3385:             1             16  com.lucent.aaa.value.GeneralTlvValue$GeneralFactory
3386:             1             16  com.lucent.aaa.value.GeospatialLocationProfileValue$RadiusFactory
3387:             1             16  com.lucent.aaa.value.GroupValue$RadiusFactory
3388:             1             16  com.lucent.aaa.value.GsmTripletValue$RadiusFactory
3389:             1             16  com.lucent.aaa.value.HereValue$RadiusFactory
3390:             1             16  com.lucent.aaa.value.IPAddressValue$RadiusFactory
3391:             1             16  com.lucent.aaa.value.IPFilterRuleValue$RadiusFactory
3392:             1             16  com.lucent.aaa.value.IPv4AddressListValue$RadiusFactory
3393:             1             16  com.lucent.aaa.value.IPv4AddressValue$RadiusFactory
3394:             1             16  com.lucent.aaa.value.IPv6AddressListValue$RadiusFactory
3395:             1             16  com.lucent.aaa.value.IPv6AddressValue$RadiusFactory
3396:             1             16  com.lucent.aaa.value.IPv6InterfaceIdValue$RadiusFactory
3397:             1             16  com.lucent.aaa.value.IPv6PrefixValue$RadiusFactory
3398:             1             16  com.lucent.aaa.value.IeeeGroupValue$RadiusFactory
3399:             1             16  com.lucent.aaa.value.ImmutableListValue$GeneralFactory
3400:             1             16  com.lucent.aaa.value.ImmutableMapValue$GeneralFactory
3401:             1             16  com.lucent.aaa.value.ImmutableSetValue$GeneralFactory
3402:             1             16  com.lucent.aaa.value.IntegerBitSetValue$RadiusFactory
3403:             1             16  com.lucent.aaa.value.IntegerValue$RadiusFactory
3404:             1             16  com.lucent.aaa.value.IpPrefixValue$RadiusFactory
3405:             1             16  com.lucent.aaa.value.KeyStoreValue$GeneralFactory
3406:             1             16  com.lucent.aaa.value.LicenseGroupValue$GeneralFactory
3407:             1             16  com.lucent.aaa.value.ListValue$GeneralFactory
3408:             1             16  com.lucent.aaa.value.LongBitSetValue$RadiusFactory
3409:             1             16  com.lucent.aaa.value.LongEnumerationValue$RadiusFactory
3410:             1             16  com.lucent.aaa.value.LongValue$RadiusFactory
3411:             1             16  com.lucent.aaa.value.MapValue$GeneralFactory
3412:             1             16  com.lucent.aaa.value.MapperValue$RadiusFactory
3413:             1             16  com.lucent.aaa.value.MatchValue$GeneralFactory
3414:             1             16  com.lucent.aaa.value.MillisTimestampValue$RadiusFactory
3415:             1             16  com.lucent.aaa.value.MnIdValue$RadiusFactory
3416:             1             16  com.lucent.aaa.value.MsChapEncPwValue$RadiusFactory
3417:             1             16  com.lucent.aaa.value.MsChapMppeKeysValue$RadiusFactory
3418:             1             16  com.lucent.aaa.value.NormalValue$RadiusFactory
3419:             1             16  com.lucent.aaa.value.Ntp64TimestampValue$RadiusFactory
3420:             1             16  com.lucent.aaa.value.NtpMillisTimestampValue$RadiusFactory
3421:             1             16  com.lucent.aaa.value.NtpTimestampValue$RadiusFactory
3422:             1             16  com.lucent.aaa.value.NullValue
3423:             1             16  com.lucent.aaa.value.NullValue$GeneralFactory
3424:             1             16  com.lucent.aaa.value.PaddedAFilterValue$RadiusFactory
3425:             1             16  com.lucent.aaa.value.PasswordValue$RadiusFactory
3426:             1             16  com.lucent.aaa.value.PrepaidUnitValue$RadiusFactory
3427:             1             16  com.lucent.aaa.value.PrivateKeyValue$RadiusFactory
3428:             1             16  com.lucent.aaa.value.QoSFilterRuleValue$RadiusFactory
3429:             1             16  com.lucent.aaa.value.RadiusHistoryEntry2Value$GeneralFactory
3430:             1             16  com.lucent.aaa.value.RadiusHistoryEntry3Value$GeneralFactory
3431:             1             16  com.lucent.aaa.value.RadiusHistoryEntry4Value$RadiusFactory
3432:             1             16  com.lucent.aaa.value.RadiusHistoryEntryValue$GeneralFactory
3433:             1             16  com.lucent.aaa.value.RadiusStateValue$RadiusFactory
3434:             1             16  com.lucent.aaa.value.RegexValue$GeneralFactory
3435:             1             16  com.lucent.aaa.value.SaltedHexedOpaqueValue$RadiusFactory
3436:             1             16  com.lucent.aaa.value.SaltedIPv4AddressValue$RadiusFactory
3437:             1             16  com.lucent.aaa.value.SaltedIntegerEnumerationValue$RadiusFactory
3438:             1             16  com.lucent.aaa.value.SaltedIntegerValue$RadiusFactory
3439:             1             16  com.lucent.aaa.value.SaltedOpaqueValue$RadiusFactory
3440:             1             16  com.lucent.aaa.value.SaltedPasswordValue$RadiusFactory
3441:             1             16  com.lucent.aaa.value.SaltedTimestampValue$RadiusFactory
3442:             1             16  com.lucent.aaa.value.Sha1PasswordValue$RadiusFactory
3443:             1             16  com.lucent.aaa.value.ShortBitSetValue$RadiusFactory
3444:             1             16  com.lucent.aaa.value.ShortEnumerationValue$RadiusFactory
3445:             1             16  com.lucent.aaa.value.SmsTimeZoneValue$RadiusFactory
3446:             1             16  com.lucent.aaa.value.StanzaValue$GeneralFactory
3447:             1             16  com.lucent.aaa.value.StrictnessValue$RadiusFactory
3448:             1             16  com.lucent.aaa.value.StructuredValue$RadiusFactory
3449:             1             16  com.lucent.aaa.value.TacacsPlusAVPairValue$RadiusFactory
3450:             1             16  com.lucent.aaa.value.TaggedEnumerationValue$RadiusFactory
3451:             1             16  com.lucent.aaa.value.TaggedIntegerValue$RadiusFactory
3452:             1             16  com.lucent.aaa.value.TaggedSaltedPasswordValue$RadiusFactory
3453:             1             16  com.lucent.aaa.value.TaggedStringValue$RadiusFactory
3454:             1             16  com.lucent.aaa.value.TbcdValue$RadiusFactory
3455:             1             16  com.lucent.aaa.value.TwanConnModeMessageValue$RadiusFactory
3456:             1             16  com.lucent.aaa.value.UnixTimestampValue$RadiusFactory
3457:             1             16  com.lucent.aaa.value.Unsigned24Value$RadiusFactory
3458:             1             16  com.lucent.aaa.value.UuidValue$RadiusFactory
3459:             1             16  com.lucent.aaa.value.ValueValue$RadiusFactory
3460:             1             16  com.lucent.aaa.value.VendorEnumerationValue$RadiusFactory
3461:             1             16  com.lucent.aaa.value.WimaxGroupValue$RadiusFactory
3462:             1             16  com.lucent.aaa.value.X509CertificateValue$GeneralFactory
3463:             1             16  com.lucent.aaa.value.X509CrlValue$GeneralFactory
3464:             1             16  com.sun.crypto.provider.Preconditions$1
3465:             1             16  com.sun.crypto.provider.RangeUtil$$Lambda$23/1421940560
3466:             1             16  com.sun.jmx.interceptor.DefaultMBeanServerInterceptor$ResourceContext$1
3467:             1             16  com.sun.jmx.mbeanserver.DefaultMXBeanMappingFactory
3468:             1             16  com.sun.jmx.mbeanserver.DescriptorCache
3469:             1             16  com.sun.jmx.mbeanserver.MBeanAnalyzer$MethodOrder
3470:             1             16  com.sun.jmx.mbeanserver.MBeanInstantiator
3471:             1             16  com.sun.jmx.mbeanserver.MXBeanIntrospector
3472:             1             16  com.sun.jmx.mbeanserver.SecureClassLoaderRepository
3473:             1             16  com.sun.jmx.mbeanserver.StandardMBeanIntrospector
3474:             1             16  com.sun.proxy.$Proxy0
3475:             1             16  com.sun.proxy.$Proxy1
3476:             1             16  com.sun.proxy.$Proxy2
3477:             1             16  java.awt.AWTEvent$1
3478:             1             16  java.awt.GraphicsEnvironment$$Lambda$6/852687460
3479:             1             16  java.awt.Toolkit$4
3480:             1             16  java.io.FileDescriptor$1
3481:             1             16  java.io.ObjectInputStream$$Lambda$7/2012846597
3482:             1             16  java.io.ObjectInputStream$$Lambda$8/988458918
3483:             1             16  java.io.ObjectInputStream$1
3484:             1             16  java.lang.ApplicationShutdownHooks$1
3485:             1             16  java.lang.CharacterData00
3486:             1             16  java.lang.CharacterDataLatin1
3487:             1             16  java.lang.ClassValue$Identity
3488:             1             16  java.lang.Float
3489:             1             16  java.lang.InheritableThreadLocal
3490:             1             16  java.lang.Runtime
3491:             1             16  java.lang.String$CaseInsensitiveComparator
3492:             1             16  java.lang.System$2
3493:             1             16  java.lang.Terminator$1
3494:             1             16  java.lang.invoke.MemberName$Factory
3495:             1             16  java.lang.invoke.MethodHandleImpl$2
3496:             1             16  java.lang.invoke.MethodHandleImpl$3
3497:             1             16  java.lang.management.PlatformComponent$1
3498:             1             16  java.lang.management.PlatformComponent$10
3499:             1             16  java.lang.management.PlatformComponent$11
3500:             1             16  java.lang.management.PlatformComponent$12
3501:             1             16  java.lang.management.PlatformComponent$13
3502:             1             16  java.lang.management.PlatformComponent$14
3503:             1             16  java.lang.management.PlatformComponent$15
3504:             1             16  java.lang.management.PlatformComponent$2
3505:             1             16  java.lang.management.PlatformComponent$3
3506:             1             16  java.lang.management.PlatformComponent$4
3507:             1             16  java.lang.management.PlatformComponent$5
3508:             1             16  java.lang.management.PlatformComponent$6
3509:             1             16  java.lang.management.PlatformComponent$7
3510:             1             16  java.lang.management.PlatformComponent$8
3511:             1             16  java.lang.management.PlatformComponent$9
3512:             1             16  java.lang.ref.Reference$1
3513:             1             16  java.lang.ref.Reference$Lock
3514:             1             16  java.lang.reflect.Proxy$KeyFactory
3515:             1             16  java.lang.reflect.Proxy$ProxyClassFactory
3516:             1             16  java.lang.reflect.ReflectAccess
3517:             1             16  java.math.BigDecimal$1
3518:             1             16  java.net.InetAddress$2
3519:             1             16  java.net.URLClassLoader$7
3520:             1             16  java.nio.Bits$1
3521:             1             16  java.nio.Bits$1$1
3522:             1             16  java.nio.charset.CoderResult$1
3523:             1             16  java.nio.charset.CoderResult$2
3524:             1             16  java.nio.file.Files$AcceptAllFilter
3525:             1             16  java.rmi.server.RemoteObjectInvocationHandler$MethodToHash_Maps
3526:             1             16  java.security.AllPermission
3527:             1             16  java.security.ProtectionDomain$2
3528:             1             16  java.security.ProtectionDomain$JavaSecurityAccessImpl
3529:             1             16  java.security.Signature$1
3530:             1             16  java.text.DontCareFieldPosition$1
3531:             1             16  java.text.MessageFormat$Field
3532:             1             16  java.util.Collections$EmptyEnumeration
3533:             1             16  java.util.Collections$EmptyIterator
3534:             1             16  java.util.Collections$EmptyList
3535:             1             16  java.util.Collections$EmptySet
3536:             1             16  java.util.Collections$SingletonSet
3537:             1             16  java.util.Currency$CurrencyNameGetter
3538:             1             16  java.util.EnumMap$1
3539:             1             16  java.util.Hashtable$EntrySet
3540:             1             16  java.util.Hashtable$KeySet
3541:             1             16  java.util.ResourceBundle$Control
3542:             1             16  java.util.Timer$1
3543:             1             16  java.util.TreeMap$KeySet
3544:             1             16  java.util.WeakHashMap$KeySet
3545:             1             16  java.util.concurrent.ConcurrentHashMap$EntrySetView
3546:             1             16  java.util.concurrent.ConcurrentSkipListMap$KeySet
3547:             1             16  java.util.concurrent.ConcurrentSkipListSet
3548:             1             16  java.util.concurrent.ThreadPoolExecutor$AbortPolicy
3549:             1             16  java.util.jar.JavaUtilJarAccessImpl
3550:             1             16  java.util.logging.ErrorManager
3551:             1             16  java.util.logging.LoggingProxyImpl
3552:             1             16  java.util.logging.SimpleFormatter
3553:             1             16  java.util.regex.Pattern$4
3554:             1             16  java.util.regex.Pattern$Begin
3555:             1             16  java.util.regex.Pattern$CharPropertyNames$10
3556:             1             16  java.util.regex.Pattern$CharPropertyNames$11
3557:             1             16  java.util.regex.Pattern$CharPropertyNames$12
3558:             1             16  java.util.regex.Pattern$CharPropertyNames$13
3559:             1             16  java.util.regex.Pattern$CharPropertyNames$14
3560:             1             16  java.util.regex.Pattern$CharPropertyNames$15
3561:             1             16  java.util.regex.Pattern$CharPropertyNames$16
3562:             1             16  java.util.regex.Pattern$CharPropertyNames$17
3563:             1             16  java.util.regex.Pattern$CharPropertyNames$18
3564:             1             16  java.util.regex.Pattern$CharPropertyNames$19
3565:             1             16  java.util.regex.Pattern$CharPropertyNames$20
3566:             1             16  java.util.regex.Pattern$CharPropertyNames$21
3567:             1             16  java.util.regex.Pattern$CharPropertyNames$22
3568:             1             16  java.util.regex.Pattern$CharPropertyNames$23
3569:             1             16  java.util.regex.Pattern$CharPropertyNames$5
3570:             1             16  java.util.regex.Pattern$CharPropertyNames$6
3571:             1             16  java.util.regex.Pattern$CharPropertyNames$7
3572:             1             16  java.util.regex.Pattern$CharPropertyNames$8
3573:             1             16  java.util.regex.Pattern$CharPropertyNames$9
3574:             1             16  java.util.regex.Pattern$LastNode
3575:             1             16  java.util.regex.Pattern$Node
3576:             1             16  java.util.zip.ZipFile$1
3577:             1             16  javax.crypto.JceSecurityManager
3578:             1             16  javax.crypto.NullCipherSpi
3579:             1             16  javax.management.JMX
3580:             1             16  javax.management.MBeanServerBuilder
3581:             1             16  javax.management.NotificationBroadcasterSupport$1
3582:             1             16  javax.measure.converter.LogConverter$Inverse
3583:             1             16  javax.measure.converter.UnitConverter$Identity
3584:             1             16  javax.measure.unit.Dimension$Model$1
3585:             1             16  javax.measure.unit.NonSI
3586:             1             16  javax.measure.unit.SI
3587:             1             16  javax.net.DefaultServerSocketFactory
3588:             1             16  javax.net.DefaultSocketFactory
3589:             1             16  javax.xml.parsers.SecuritySupport
3590:             1             16  org.antlr.v4.runtime.CommonTokenFactory
3591:             1             16  org.antlr.v4.runtime.ConsoleErrorListener
3592:             1             16  org.antlr.v4.runtime.atn.ATNConfigSet$ConfigEqualityComparator
3593:             1             16  org.antlr.v4.runtime.atn.ATNDeserializationOptions
3594:             1             16  org.antlr.v4.runtime.atn.LexerSkipAction
3595:             1             16  org.antlr.v4.runtime.atn.PredictionMode$AltAndContextConfigEqualityComparator
3596:             1             16  org.antlr.v4.runtime.misc.ObjectEqualityComparator
3597:             1             16  org.apache.derby.client.am.SQLExceptionFactory
3598:             1             16  org.apache.derby.client.net.ClientJDBCObjectFactoryImpl42
3599:             1             16  org.apache.derby.drda.NetworkServerControl
3600:             1             16  org.apache.derby.iapi.types.CharStreamHeaderGenerator
3601:             1             16  org.apache.derby.impl.drda.ClientThread$1
3602:             1             16  org.apache.derby.impl.jdbc.SQLExceptionFactory
3603:             1             16  org.apache.derby.impl.services.bytecode.BCJava
3604:             1             16  org.apache.derby.impl.services.cache.ConcurrentCacheFactory
3605:             1             16  org.apache.derby.impl.services.daemon.SingleThreadDaemonFactory
3606:             1             16  org.apache.derby.impl.services.uuid.BasicUUIDGetter
3607:             1             16  org.apache.derby.impl.sql.compile.TypeCompilerFactoryImpl
3608:             1             16  org.apache.derby.jdbc.AutoloadedDriver
3609:             1             16  org.apache.derby.jdbc.ClientDriver
3610:             1             16  org.apache.derby.jdbc.EmbeddedDriver
3611:             1             16  org.apache.derby.jdbc.InternalDriver$DaemonThreadFactory
3612:             1             16  org.apache.derby.jdbc.JDBC
3613:             1             16  org.apache.derby.shared.common.i18n.MessageUtil
3614:             1             16  org.apache.sshd.client.ClientBuilder$1
3615:             1             16  org.apache.sshd.client.config.hosts.HostConfigEntryResolver$1
3616:             1             16  org.apache.sshd.client.config.keys.ClientIdentityLoader$1
3617:             1             16  org.apache.sshd.common.SyspropsMapWrapper
3618:             1             16  org.apache.sshd.common.SyspropsMapWrapper$1
3619:             1             16  org.apache.sshd.common.cipher.ECCurves$1
3620:             1             16  org.apache.sshd.common.cipher.ECCurves$2
3621:             1             16  org.apache.sshd.common.config.keys.FilePasswordProvider$1
3622:             1             16  org.apache.sshd.common.forward.DefaultTcpipForwarderFactory
3623:             1             16  org.apache.sshd.common.keyprovider.KeyPairProvider$1
3624:             1             16  org.apache.sshd.common.util.GenericUtils$1
3625:             1             16  org.apache.sshd.common.util.GenericUtils$2
3626:             1             16  org.apache.sshd.common.util.GenericUtils$3
3627:             1             16  org.apache.sshd.common.util.SecurityUtils$BouncyCastleRandom
3628:             1             16  org.apache.sshd.common.util.SecurityUtils$BouncyCastleRandomFactory
3629:             1             16  org.apache.sshd.server.ServerBuilder$1
3630:             1             16  org.apache.sshd.server.SshServer$1
3631:             1             16  org.apache.sshd.server.auth.gss.UserAuthGSSFactory
3632:             1             16  org.apache.sshd.server.channel.ChannelSessionFactory
3633:             1             16  org.apache.sshd.server.forward.DirectTcpipFactory
3634:             1             16  org.apache.sshd.server.forward.ForwardedTcpipFactory
3635:             1             16  org.apache.sshd.server.session.ServerConnectionServiceFactory
3636:             1             16  org.apache.xerces.impl.XMLEntityManager$1
3637:             1             16  org.apache.xerces.impl.dv.dtd.IDDatatypeValidator
3638:             1             16  org.apache.xerces.impl.dv.dtd.IDREFDatatypeValidator
3639:             1             16  org.apache.xerces.impl.dv.dtd.NMTOKENDatatypeValidator
3640:             1             16  org.apache.xerces.impl.dv.dtd.NOTATIONDatatypeValidator
3641:             1             16  org.apache.xerces.impl.dv.dtd.StringDatatypeValidator
3642:             1             16  org.apache.xerces.impl.xs.models.XSEmptyCM
3643:             1             16  org.apache.xerces.jaxp.validation.DraconianErrorHandler
3644:             1             16  org.bouncycastle.asn1.DERNull
3645:             1             16  org.bouncycastle.asn1.anssi.ANSSINamedCurves$1
3646:             1             16  org.bouncycastle.asn1.sec.SECNamedCurves$1
3647:             1             16  org.bouncycastle.asn1.sec.SECNamedCurves$10
3648:             1             16  org.bouncycastle.asn1.sec.SECNamedCurves$11
3649:             1             16  org.bouncycastle.asn1.sec.SECNamedCurves$12
3650:             1             16  org.bouncycastle.asn1.sec.SECNamedCurves$13
3651:             1             16  org.bouncycastle.asn1.sec.SECNamedCurves$14
3652:             1             16  org.bouncycastle.asn1.sec.SECNamedCurves$15
3653:             1             16  org.bouncycastle.asn1.sec.SECNamedCurves$16
3654:             1             16  org.bouncycastle.asn1.sec.SECNamedCurves$17
3655:             1             16  org.bouncycastle.asn1.sec.SECNamedCurves$18
3656:             1             16  org.bouncycastle.asn1.sec.SECNamedCurves$19
3657:             1             16  org.bouncycastle.asn1.sec.SECNamedCurves$2
3658:             1             16  org.bouncycastle.asn1.sec.SECNamedCurves$20
3659:             1             16  org.bouncycastle.asn1.sec.SECNamedCurves$21
3660:             1             16  org.bouncycastle.asn1.sec.SECNamedCurves$22
3661:             1             16  org.bouncycastle.asn1.sec.SECNamedCurves$23
3662:             1             16  org.bouncycastle.asn1.sec.SECNamedCurves$24
3663:             1             16  org.bouncycastle.asn1.sec.SECNamedCurves$25
3664:             1             16  org.bouncycastle.asn1.sec.SECNamedCurves$26
3665:             1             16  org.bouncycastle.asn1.sec.SECNamedCurves$27
3666:             1             16  org.bouncycastle.asn1.sec.SECNamedCurves$28
3667:             1             16  org.bouncycastle.asn1.sec.SECNamedCurves$29
3668:             1             16  org.bouncycastle.asn1.sec.SECNamedCurves$3
3669:             1             16  org.bouncycastle.asn1.sec.SECNamedCurves$30
3670:             1             16  org.bouncycastle.asn1.sec.SECNamedCurves$31
3671:             1             16  org.bouncycastle.asn1.sec.SECNamedCurves$32
3672:             1             16  org.bouncycastle.asn1.sec.SECNamedCurves$33
3673:             1             16  org.bouncycastle.asn1.sec.SECNamedCurves$4
3674:             1             16  org.bouncycastle.asn1.sec.SECNamedCurves$5
3675:             1             16  org.bouncycastle.asn1.sec.SECNamedCurves$6
3676:             1             16  org.bouncycastle.asn1.sec.SECNamedCurves$7
3677:             1             16  org.bouncycastle.asn1.sec.SECNamedCurves$8
3678:             1             16  org.bouncycastle.asn1.sec.SECNamedCurves$9
3679:             1             16  org.bouncycastle.asn1.teletrust.TeleTrusTNamedCurves$1
3680:             1             16  org.bouncycastle.asn1.teletrust.TeleTrusTNamedCurves$10
3681:             1             16  org.bouncycastle.asn1.teletrust.TeleTrusTNamedCurves$11
3682:             1             16  org.bouncycastle.asn1.teletrust.TeleTrusTNamedCurves$12
3683:             1             16  org.bouncycastle.asn1.teletrust.TeleTrusTNamedCurves$13
3684:             1             16  org.bouncycastle.asn1.teletrust.TeleTrusTNamedCurves$14
3685:             1             16  org.bouncycastle.asn1.teletrust.TeleTrusTNamedCurves$2
3686:             1             16  org.bouncycastle.asn1.teletrust.TeleTrusTNamedCurves$3
3687:             1             16  org.bouncycastle.asn1.teletrust.TeleTrusTNamedCurves$4
3688:             1             16  org.bouncycastle.asn1.teletrust.TeleTrusTNamedCurves$5
3689:             1             16  org.bouncycastle.asn1.teletrust.TeleTrusTNamedCurves$6
3690:             1             16  org.bouncycastle.asn1.teletrust.TeleTrusTNamedCurves$7
3691:             1             16  org.bouncycastle.asn1.teletrust.TeleTrusTNamedCurves$8
3692:             1             16  org.bouncycastle.asn1.teletrust.TeleTrusTNamedCurves$9
3693:             1             16  org.bouncycastle.asn1.x9.X962NamedCurves$1
3694:             1             16  org.bouncycastle.asn1.x9.X962NamedCurves$10
3695:             1             16  org.bouncycastle.asn1.x9.X962NamedCurves$11
3696:             1             16  org.bouncycastle.asn1.x9.X962NamedCurves$12
3697:             1             16  org.bouncycastle.asn1.x9.X962NamedCurves$13
3698:             1             16  org.bouncycastle.asn1.x9.X962NamedCurves$14
3699:             1             16  org.bouncycastle.asn1.x9.X962NamedCurves$15
3700:             1             16  org.bouncycastle.asn1.x9.X962NamedCurves$16
3701:             1             16  org.bouncycastle.asn1.x9.X962NamedCurves$17
3702:             1             16  org.bouncycastle.asn1.x9.X962NamedCurves$18
3703:             1             16  org.bouncycastle.asn1.x9.X962NamedCurves$19
3704:             1             16  org.bouncycastle.asn1.x9.X962NamedCurves$2
3705:             1             16  org.bouncycastle.asn1.x9.X962NamedCurves$20
3706:             1             16  org.bouncycastle.asn1.x9.X962NamedCurves$21
3707:             1             16  org.bouncycastle.asn1.x9.X962NamedCurves$22
3708:             1             16  org.bouncycastle.asn1.x9.X962NamedCurves$23
3709:             1             16  org.bouncycastle.asn1.x9.X962NamedCurves$3
3710:             1             16  org.bouncycastle.asn1.x9.X962NamedCurves$4
3711:             1             16  org.bouncycastle.asn1.x9.X962NamedCurves$5
3712:             1             16  org.bouncycastle.asn1.x9.X962NamedCurves$6
3713:             1             16  org.bouncycastle.asn1.x9.X962NamedCurves$7
3714:             1             16  org.bouncycastle.asn1.x9.X962NamedCurves$8
3715:             1             16  org.bouncycastle.asn1.x9.X962NamedCurves$9
3716:             1             16  org.bouncycastle.jcajce.provider.asymmetric.ecgost.KeyFactorySpi
3717:             1             16  org.bouncycastle.jcajce.provider.asymmetric.elgamal.KeyFactorySpi
3718:             1             16  org.bouncycastle.jcajce.provider.asymmetric.gost.KeyFactorySpi
3719:             1             16  org.jdom2.DefaultJDOMFactory
3720:             1             16  org.jdom2.input.sax.DefaultSAXHandlerFactory
3721:             1             16  org.postgresql.Driver
3722:             1             16  org.slf4j.helpers.NOPLoggerFactory
3723:             1             16  org.slf4j.impl.StaticLoggerBinder
3724:             1             16  sun.management.ClassLoadingImpl
3725:             1             16  sun.management.HotSpotDiagnostic
3726:             1             16  sun.management.ManagementFactoryHelper$PlatformLoggingImpl
3727:             1             16  sun.misc.ASCIICaseInsensitiveComparator
3728:             1             16  sun.misc.FloatingDecimal$1
3729:             1             16  sun.misc.GC$LatencyLock
3730:             1             16  sun.misc.Launcher
3731:             1             16  sun.misc.Launcher$Factory
3732:             1             16  sun.misc.ObjectInputFilter$Config$$Lambda$9/1629604310
3733:             1             16  sun.misc.Perf
3734:             1             16  sun.misc.Unsafe
3735:             1             16  sun.net.spi.DefaultProxySelector
3736:             1             16  sun.net.www.protocol.file.Handler
3737:             1             16  sun.net.www.protocol.jar.JarFileFactory
3738:             1             16  sun.nio.ch.EPollPort$EventHandlerTask
3739:             1             16  sun.nio.ch.EPollSelectorProvider
3740:             1             16  sun.nio.ch.ExtendedSocketOption$1
3741:             1             16  sun.nio.ch.FileChannelImpl$1
3742:             1             16  sun.nio.ch.Invoker$1
3743:             1             16  sun.nio.ch.LinuxAsynchronousChannelProvider
3744:             1             16  sun.nio.ch.Net$1
3745:             1             16  sun.nio.ch.SocketDispatcher
3746:             1             16  sun.nio.ch.ThreadPool$$Lambda$751/543118058
3747:             1             16  sun.nio.ch.Util$1
3748:             1             16  sun.reflect.GeneratedConstructorAccessor1
3749:             1             16  sun.reflect.GeneratedConstructorAccessor10
3750:             1             16  sun.reflect.GeneratedConstructorAccessor11
3751:             1             16  sun.reflect.GeneratedConstructorAccessor12
3752:             1             16  sun.reflect.GeneratedConstructorAccessor13
3753:             1             16  sun.reflect.GeneratedConstructorAccessor14
3754:             1             16  sun.reflect.GeneratedConstructorAccessor15
3755:             1             16  sun.reflect.GeneratedConstructorAccessor2
3756:             1             16  sun.reflect.GeneratedConstructorAccessor3
3757:             1             16  sun.reflect.GeneratedConstructorAccessor4
3758:             1             16  sun.reflect.GeneratedConstructorAccessor5
3759:             1             16  sun.reflect.GeneratedConstructorAccessor6
3760:             1             16  sun.reflect.GeneratedConstructorAccessor7
3761:             1             16  sun.reflect.GeneratedConstructorAccessor8
3762:             1             16  sun.reflect.GeneratedConstructorAccessor9
3763:             1             16  sun.reflect.GeneratedMethodAccessor1
3764:             1             16  sun.reflect.GeneratedMethodAccessor2
3765:             1             16  sun.reflect.GeneratedMethodAccessor3
3766:             1             16  sun.reflect.GeneratedMethodAccessor4
3767:             1             16  sun.reflect.GeneratedMethodAccessor5
3768:             1             16  sun.reflect.GeneratedMethodAccessor6
3769:             1             16  sun.reflect.GeneratedMethodAccessor7
3770:             1             16  sun.reflect.GeneratedMethodAccessor8
3771:             1             16  sun.reflect.GeneratedSerializationConstructorAccessor1
3772:             1             16  sun.reflect.GeneratedSerializationConstructorAccessor10
3773:             1             16  sun.reflect.GeneratedSerializationConstructorAccessor100
3774:             1             16  sun.reflect.GeneratedSerializationConstructorAccessor101
3775:             1             16  sun.reflect.GeneratedSerializationConstructorAccessor102
3776:             1             16  sun.reflect.GeneratedSerializationConstructorAccessor103
3777:             1             16  sun.reflect.GeneratedSerializationConstructorAccessor104
3778:             1             16  sun.reflect.GeneratedSerializationConstructorAccessor105
3779:             1             16  sun.reflect.GeneratedSerializationConstructorAccessor106
3780:             1             16  sun.reflect.GeneratedSerializationConstructorAccessor107
3781:             1             16  sun.reflect.GeneratedSerializationConstructorAccessor108
3782:             1             16  sun.reflect.GeneratedSerializationConstructorAccessor109
3783:             1             16  sun.reflect.GeneratedSerializationConstructorAccessor11
3784:             1             16  sun.reflect.GeneratedSerializationConstructorAccessor110
3785:             1             16  sun.reflect.GeneratedSerializationConstructorAccessor111
3786:             1             16  sun.reflect.GeneratedSerializationConstructorAccessor112
3787:             1             16  sun.reflect.GeneratedSerializationConstructorAccessor113
3788:             1             16  sun.reflect.GeneratedSerializationConstructorAccessor114
3789:             1             16  sun.reflect.GeneratedSerializationConstructorAccessor115
3790:             1             16  sun.reflect.GeneratedSerializationConstructorAccessor116
3791:             1             16  sun.reflect.GeneratedSerializationConstructorAccessor117
3792:             1             16  sun.reflect.GeneratedSerializationConstructorAccessor118
3793:             1             16  sun.reflect.GeneratedSerializationConstructorAccessor119
3794:             1             16  sun.reflect.GeneratedSerializationConstructorAccessor12
3795:             1             16  sun.reflect.GeneratedSerializationConstructorAccessor120
3796:             1             16  sun.reflect.GeneratedSerializationConstructorAccessor121
3797:             1             16  sun.reflect.GeneratedSerializationConstructorAccessor122
3798:             1             16  sun.reflect.GeneratedSerializationConstructorAccessor123
3799:             1             16  sun.reflect.GeneratedSerializationConstructorAccessor124
3800:             1             16  sun.reflect.GeneratedSerializationConstructorAccessor125
3801:             1             16  sun.reflect.GeneratedSerializationConstructorAccessor126
3802:             1             16  sun.reflect.GeneratedSerializationConstructorAccessor127
3803:             1             16  sun.reflect.GeneratedSerializationConstructorAccessor128
3804:             1             16  sun.reflect.GeneratedSerializationConstructorAccessor129
3805:             1             16  sun.reflect.GeneratedSerializationConstructorAccessor13
3806:             1             16  sun.reflect.GeneratedSerializationConstructorAccessor130
3807:             1             16  sun.reflect.GeneratedSerializationConstructorAccessor131
3808:             1             16  sun.reflect.GeneratedSerializationConstructorAccessor132
3809:             1             16  sun.reflect.GeneratedSerializationConstructorAccessor133
3810:             1             16  sun.reflect.GeneratedSerializationConstructorAccessor134
3811:             1             16  sun.reflect.GeneratedSerializationConstructorAccessor135
3812:             1             16  sun.reflect.GeneratedSerializationConstructorAccessor136
3813:             1             16  sun.reflect.GeneratedSerializationConstructorAccessor137
3814:             1             16  sun.reflect.GeneratedSerializationConstructorAccessor138
3815:             1             16  sun.reflect.GeneratedSerializationConstructorAccessor139
3816:             1             16  sun.reflect.GeneratedSerializationConstructorAccessor14
3817:             1             16  sun.reflect.GeneratedSerializationConstructorAccessor140
3818:             1             16  sun.reflect.GeneratedSerializationConstructorAccessor141
3819:             1             16  sun.reflect.GeneratedSerializationConstructorAccessor142
3820:             1             16  sun.reflect.GeneratedSerializationConstructorAccessor143
3821:             1             16  sun.reflect.GeneratedSerializationConstructorAccessor144
3822:             1             16  sun.reflect.GeneratedSerializationConstructorAccessor145
3823:             1             16  sun.reflect.GeneratedSerializationConstructorAccessor146
3824:             1             16  sun.reflect.GeneratedSerializationConstructorAccessor147
3825:             1             16  sun.reflect.GeneratedSerializationConstructorAccessor148
3826:             1             16  sun.reflect.GeneratedSerializationConstructorAccessor149
3827:             1             16  sun.reflect.GeneratedSerializationConstructorAccessor15
3828:             1             16  sun.reflect.GeneratedSerializationConstructorAccessor150
3829:             1             16  sun.reflect.GeneratedSerializationConstructorAccessor151
3830:             1             16  sun.reflect.GeneratedSerializationConstructorAccessor152
3831:             1             16  sun.reflect.GeneratedSerializationConstructorAccessor153
3832:             1             16  sun.reflect.GeneratedSerializationConstructorAccessor154
3833:             1             16  sun.reflect.GeneratedSerializationConstructorAccessor155
3834:             1             16  sun.reflect.GeneratedSerializationConstructorAccessor156
3835:             1             16  sun.reflect.GeneratedSerializationConstructorAccessor157
3836:             1             16  sun.reflect.GeneratedSerializationConstructorAccessor158
3837:             1             16  sun.reflect.GeneratedSerializationConstructorAccessor159
3838:             1             16  sun.reflect.GeneratedSerializationConstructorAccessor16
3839:             1             16  sun.reflect.GeneratedSerializationConstructorAccessor160
3840:             1             16  sun.reflect.GeneratedSerializationConstructorAccessor161
3841:             1             16  sun.reflect.GeneratedSerializationConstructorAccessor162
3842:             1             16  sun.reflect.GeneratedSerializationConstructorAccessor163
3843:             1             16  sun.reflect.GeneratedSerializationConstructorAccessor164
3844:             1             16  sun.reflect.GeneratedSerializationConstructorAccessor165
3845:             1             16  sun.reflect.GeneratedSerializationConstructorAccessor166
3846:             1             16  sun.reflect.GeneratedSerializationConstructorAccessor167
3847:             1             16  sun.reflect.GeneratedSerializationConstructorAccessor168
3848:             1             16  sun.reflect.GeneratedSerializationConstructorAccessor169
3849:             1             16  sun.reflect.GeneratedSerializationConstructorAccessor17
3850:             1             16  sun.reflect.GeneratedSerializationConstructorAccessor170
3851:             1             16  sun.reflect.GeneratedSerializationConstructorAccessor171
3852:             1             16  sun.reflect.GeneratedSerializationConstructorAccessor172
3853:             1             16  sun.reflect.GeneratedSerializationConstructorAccessor173
3854:             1             16  sun.reflect.GeneratedSerializationConstructorAccessor174
3855:             1             16  sun.reflect.GeneratedSerializationConstructorAccessor175
3856:             1             16  sun.reflect.GeneratedSerializationConstructorAccessor176
3857:             1             16  sun.reflect.GeneratedSerializationConstructorAccessor177
3858:             1             16  sun.reflect.GeneratedSerializationConstructorAccessor178
3859:             1             16  sun.reflect.GeneratedSerializationConstructorAccessor179
3860:             1             16  sun.reflect.GeneratedSerializationConstructorAccessor18
3861:             1             16  sun.reflect.GeneratedSerializationConstructorAccessor180
3862:             1             16  sun.reflect.GeneratedSerializationConstructorAccessor181
3863:             1             16  sun.reflect.GeneratedSerializationConstructorAccessor182
3864:             1             16  sun.reflect.GeneratedSerializationConstructorAccessor183
3865:             1             16  sun.reflect.GeneratedSerializationConstructorAccessor184
3866:             1             16  sun.reflect.GeneratedSerializationConstructorAccessor185
3867:             1             16  sun.reflect.GeneratedSerializationConstructorAccessor186
3868:             1             16  sun.reflect.GeneratedSerializationConstructorAccessor187
3869:             1             16  sun.reflect.GeneratedSerializationConstructorAccessor188
3870:             1             16  sun.reflect.GeneratedSerializationConstructorAccessor189
3871:             1             16  sun.reflect.GeneratedSerializationConstructorAccessor19
3872:             1             16  sun.reflect.GeneratedSerializationConstructorAccessor190
3873:             1             16  sun.reflect.GeneratedSerializationConstructorAccessor191
3874:             1             16  sun.reflect.GeneratedSerializationConstructorAccessor192
3875:             1             16  sun.reflect.GeneratedSerializationConstructorAccessor193
3876:             1             16  sun.reflect.GeneratedSerializationConstructorAccessor194
3877:             1             16  sun.reflect.GeneratedSerializationConstructorAccessor195
3878:             1             16  sun.reflect.GeneratedSerializationConstructorAccessor196
3879:             1             16  sun.reflect.GeneratedSerializationConstructorAccessor197
3880:             1             16  sun.reflect.GeneratedSerializationConstructorAccessor198
3881:             1             16  sun.reflect.GeneratedSerializationConstructorAccessor199
3882:             1             16  sun.reflect.GeneratedSerializationConstructorAccessor2
3883:             1             16  sun.reflect.GeneratedSerializationConstructorAccessor20
3884:             1             16  sun.reflect.GeneratedSerializationConstructorAccessor200
3885:             1             16  sun.reflect.GeneratedSerializationConstructorAccessor201
3886:             1             16  sun.reflect.GeneratedSerializationConstructorAccessor202
3887:             1             16  sun.reflect.GeneratedSerializationConstructorAccessor203
3888:             1             16  sun.reflect.GeneratedSerializationConstructorAccessor204
3889:             1             16  sun.reflect.GeneratedSerializationConstructorAccessor205
3890:             1             16  sun.reflect.GeneratedSerializationConstructorAccessor206
3891:             1             16  sun.reflect.GeneratedSerializationConstructorAccessor207
3892:             1             16  sun.reflect.GeneratedSerializationConstructorAccessor208
3893:             1             16  sun.reflect.GeneratedSerializationConstructorAccessor209
3894:             1             16  sun.reflect.GeneratedSerializationConstructorAccessor21
3895:             1             16  sun.reflect.GeneratedSerializationConstructorAccessor210
3896:             1             16  sun.reflect.GeneratedSerializationConstructorAccessor211
3897:             1             16  sun.reflect.GeneratedSerializationConstructorAccessor212
3898:             1             16  sun.reflect.GeneratedSerializationConstructorAccessor213
3899:             1             16  sun.reflect.GeneratedSerializationConstructorAccessor214
3900:             1             16  sun.reflect.GeneratedSerializationConstructorAccessor215
3901:             1             16  sun.reflect.GeneratedSerializationConstructorAccessor216
3902:             1             16  sun.reflect.GeneratedSerializationConstructorAccessor217
3903:             1             16  sun.reflect.GeneratedSerializationConstructorAccessor218
3904:             1             16  sun.reflect.GeneratedSerializationConstructorAccessor219
3905:             1             16  sun.reflect.GeneratedSerializationConstructorAccessor22
3906:             1             16  sun.reflect.GeneratedSerializationConstructorAccessor220
3907:             1             16  sun.reflect.GeneratedSerializationConstructorAccessor221
3908:             1             16  sun.reflect.GeneratedSerializationConstructorAccessor222
3909:             1             16  sun.reflect.GeneratedSerializationConstructorAccessor223
3910:             1             16  sun.reflect.GeneratedSerializationConstructorAccessor224
3911:             1             16  sun.reflect.GeneratedSerializationConstructorAccessor225
3912:             1             16  sun.reflect.GeneratedSerializationConstructorAccessor226
3913:             1             16  sun.reflect.GeneratedSerializationConstructorAccessor227
3914:             1             16  sun.reflect.GeneratedSerializationConstructorAccessor228
3915:             1             16  sun.reflect.GeneratedSerializationConstructorAccessor229
3916:             1             16  sun.reflect.GeneratedSerializationConstructorAccessor23
3917:             1             16  sun.reflect.GeneratedSerializationConstructorAccessor230
3918:             1             16  sun.reflect.GeneratedSerializationConstructorAccessor231
3919:             1             16  sun.reflect.GeneratedSerializationConstructorAccessor232
3920:             1             16  sun.reflect.GeneratedSerializationConstructorAccessor233
3921:             1             16  sun.reflect.GeneratedSerializationConstructorAccessor234
3922:             1             16  sun.reflect.GeneratedSerializationConstructorAccessor235
3923:             1             16  sun.reflect.GeneratedSerializationConstructorAccessor236
3924:             1             16  sun.reflect.GeneratedSerializationConstructorAccessor237
3925:             1             16  sun.reflect.GeneratedSerializationConstructorAccessor238
3926:             1             16  sun.reflect.GeneratedSerializationConstructorAccessor239
3927:             1             16  sun.reflect.GeneratedSerializationConstructorAccessor24
3928:             1             16  sun.reflect.GeneratedSerializationConstructorAccessor240
3929:             1             16  sun.reflect.GeneratedSerializationConstructorAccessor241
3930:             1             16  sun.reflect.GeneratedSerializationConstructorAccessor242
3931:             1             16  sun.reflect.GeneratedSerializationConstructorAccessor243
3932:             1             16  sun.reflect.GeneratedSerializationConstructorAccessor244
3933:             1             16  sun.reflect.GeneratedSerializationConstructorAccessor245
3934:             1             16  sun.reflect.GeneratedSerializationConstructorAccessor246
3935:             1             16  sun.reflect.GeneratedSerializationConstructorAccessor247
3936:             1             16  sun.reflect.GeneratedSerializationConstructorAccessor248
3937:             1             16  sun.reflect.GeneratedSerializationConstructorAccessor249
3938:             1             16  sun.reflect.GeneratedSerializationConstructorAccessor25
3939:             1             16  sun.reflect.GeneratedSerializationConstructorAccessor250
3940:             1             16  sun.reflect.GeneratedSerializationConstructorAccessor251
3941:             1             16  sun.reflect.GeneratedSerializationConstructorAccessor252
3942:             1             16  sun.reflect.GeneratedSerializationConstructorAccessor253
3943:             1             16  sun.reflect.GeneratedSerializationConstructorAccessor254
3944:             1             16  sun.reflect.GeneratedSerializationConstructorAccessor255
3945:             1             16  sun.reflect.GeneratedSerializationConstructorAccessor256
3946:             1             16  sun.reflect.GeneratedSerializationConstructorAccessor257
3947:             1             16  sun.reflect.GeneratedSerializationConstructorAccessor258
3948:             1             16  sun.reflect.GeneratedSerializationConstructorAccessor259
3949:             1             16  sun.reflect.GeneratedSerializationConstructorAccessor26
3950:             1             16  sun.reflect.GeneratedSerializationConstructorAccessor260
3951:             1             16  sun.reflect.GeneratedSerializationConstructorAccessor261
3952:             1             16  sun.reflect.GeneratedSerializationConstructorAccessor262
3953:             1             16  sun.reflect.GeneratedSerializationConstructorAccessor263
3954:             1             16  sun.reflect.GeneratedSerializationConstructorAccessor264
3955:             1             16  sun.reflect.GeneratedSerializationConstructorAccessor265
3956:             1             16  sun.reflect.GeneratedSerializationConstructorAccessor266
3957:             1             16  sun.reflect.GeneratedSerializationConstructorAccessor267
3958:             1             16  sun.reflect.GeneratedSerializationConstructorAccessor268
3959:             1             16  sun.reflect.GeneratedSerializationConstructorAccessor269
3960:             1             16  sun.reflect.GeneratedSerializationConstructorAccessor27
3961:             1             16  sun.reflect.GeneratedSerializationConstructorAccessor270
3962:             1             16  sun.reflect.GeneratedSerializationConstructorAccessor271
3963:             1             16  sun.reflect.GeneratedSerializationConstructorAccessor272
3964:             1             16  sun.reflect.GeneratedSerializationConstructorAccessor273
3965:             1             16  sun.reflect.GeneratedSerializationConstructorAccessor274
3966:             1             16  sun.reflect.GeneratedSerializationConstructorAccessor275
3967:             1             16  sun.reflect.GeneratedSerializationConstructorAccessor276
3968:             1             16  sun.reflect.GeneratedSerializationConstructorAccessor277
3969:             1             16  sun.reflect.GeneratedSerializationConstructorAccessor278
3970:             1             16  sun.reflect.GeneratedSerializationConstructorAccessor279
3971:             1             16  sun.reflect.GeneratedSerializationConstructorAccessor28
3972:             1             16  sun.reflect.GeneratedSerializationConstructorAccessor280
3973:             1             16  sun.reflect.GeneratedSerializationConstructorAccessor281
3974:             1             16  sun.reflect.GeneratedSerializationConstructorAccessor282
3975:             1             16  sun.reflect.GeneratedSerializationConstructorAccessor283
3976:             1             16  sun.reflect.GeneratedSerializationConstructorAccessor284
3977:             1             16  sun.reflect.GeneratedSerializationConstructorAccessor285
3978:             1             16  sun.reflect.GeneratedSerializationConstructorAccessor286
3979:             1             16  sun.reflect.GeneratedSerializationConstructorAccessor287
3980:             1             16  sun.reflect.GeneratedSerializationConstructorAccessor288
3981:             1             16  sun.reflect.GeneratedSerializationConstructorAccessor289
3982:             1             16  sun.reflect.GeneratedSerializationConstructorAccessor29
3983:             1             16  sun.reflect.GeneratedSerializationConstructorAccessor290
3984:             1             16  sun.reflect.GeneratedSerializationConstructorAccessor291
3985:             1             16  sun.reflect.GeneratedSerializationConstructorAccessor292
3986:             1             16  sun.reflect.GeneratedSerializationConstructorAccessor293
3987:             1             16  sun.reflect.GeneratedSerializationConstructorAccessor294
3988:             1             16  sun.reflect.GeneratedSerializationConstructorAccessor295
3989:             1             16  sun.reflect.GeneratedSerializationConstructorAccessor296
3990:             1             16  sun.reflect.GeneratedSerializationConstructorAccessor297
3991:             1             16  sun.reflect.GeneratedSerializationConstructorAccessor298
3992:             1             16  sun.reflect.GeneratedSerializationConstructorAccessor299
3993:             1             16  sun.reflect.GeneratedSerializationConstructorAccessor3
3994:             1             16  sun.reflect.GeneratedSerializationConstructorAccessor30
3995:             1             16  sun.reflect.GeneratedSerializationConstructorAccessor300
3996:             1             16  sun.reflect.GeneratedSerializationConstructorAccessor301
3997:             1             16  sun.reflect.GeneratedSerializationConstructorAccessor302
3998:             1             16  sun.reflect.GeneratedSerializationConstructorAccessor303
3999:             1             16  sun.reflect.GeneratedSerializationConstructorAccessor304
4000:             1             16  sun.reflect.GeneratedSerializationConstructorAccessor305
4001:             1             16  sun.reflect.GeneratedSerializationConstructorAccessor306
4002:             1             16  sun.reflect.GeneratedSerializationConstructorAccessor307
4003:             1             16  sun.reflect.GeneratedSerializationConstructorAccessor308
4004:             1             16  sun.reflect.GeneratedSerializationConstructorAccessor309
4005:             1             16  sun.reflect.GeneratedSerializationConstructorAccessor31
4006:             1             16  sun.reflect.GeneratedSerializationConstructorAccessor310
4007:             1             16  sun.reflect.GeneratedSerializationConstructorAccessor311
4008:             1             16  sun.reflect.GeneratedSerializationConstructorAccessor312
4009:             1             16  sun.reflect.GeneratedSerializationConstructorAccessor313
4010:             1             16  sun.reflect.GeneratedSerializationConstructorAccessor314
4011:             1             16  sun.reflect.GeneratedSerializationConstructorAccessor315
4012:             1             16  sun.reflect.GeneratedSerializationConstructorAccessor316
4013:             1             16  sun.reflect.GeneratedSerializationConstructorAccessor317
4014:             1             16  sun.reflect.GeneratedSerializationConstructorAccessor318
4015:             1             16  sun.reflect.GeneratedSerializationConstructorAccessor319
4016:             1             16  sun.reflect.GeneratedSerializationConstructorAccessor32
4017:             1             16  sun.reflect.GeneratedSerializationConstructorAccessor320
4018:             1             16  sun.reflect.GeneratedSerializationConstructorAccessor321
4019:             1             16  sun.reflect.GeneratedSerializationConstructorAccessor322
4020:             1             16  sun.reflect.GeneratedSerializationConstructorAccessor323
4021:             1             16  sun.reflect.GeneratedSerializationConstructorAccessor324
4022:             1             16  sun.reflect.GeneratedSerializationConstructorAccessor325
4023:             1             16  sun.reflect.GeneratedSerializationConstructorAccessor326
4024:             1             16  sun.reflect.GeneratedSerializationConstructorAccessor327
4025:             1             16  sun.reflect.GeneratedSerializationConstructorAccessor328
4026:             1             16  sun.reflect.GeneratedSerializationConstructorAccessor329
4027:             1             16  sun.reflect.GeneratedSerializationConstructorAccessor33
4028:             1             16  sun.reflect.GeneratedSerializationConstructorAccessor330
4029:             1             16  sun.reflect.GeneratedSerializationConstructorAccessor331
4030:             1             16  sun.reflect.GeneratedSerializationConstructorAccessor332
4031:             1             16  sun.reflect.GeneratedSerializationConstructorAccessor333
4032:             1             16  sun.reflect.GeneratedSerializationConstructorAccessor334
4033:             1             16  sun.reflect.GeneratedSerializationConstructorAccessor335
4034:             1             16  sun.reflect.GeneratedSerializationConstructorAccessor336
4035:             1             16  sun.reflect.GeneratedSerializationConstructorAccessor337
4036:             1             16  sun.reflect.GeneratedSerializationConstructorAccessor338
4037:             1             16  sun.reflect.GeneratedSerializationConstructorAccessor339
4038:             1             16  sun.reflect.GeneratedSerializationConstructorAccessor34
4039:             1             16  sun.reflect.GeneratedSerializationConstructorAccessor340
4040:             1             16  sun.reflect.GeneratedSerializationConstructorAccessor341
4041:             1             16  sun.reflect.GeneratedSerializationConstructorAccessor342
4042:             1             16  sun.reflect.GeneratedSerializationConstructorAccessor343
4043:             1             16  sun.reflect.GeneratedSerializationConstructorAccessor344
4044:             1             16  sun.reflect.GeneratedSerializationConstructorAccessor345
4045:             1             16  sun.reflect.GeneratedSerializationConstructorAccessor346
4046:             1             16  sun.reflect.GeneratedSerializationConstructorAccessor347
4047:             1             16  sun.reflect.GeneratedSerializationConstructorAccessor348
4048:             1             16  sun.reflect.GeneratedSerializationConstructorAccessor349
4049:             1             16  sun.reflect.GeneratedSerializationConstructorAccessor35
4050:             1             16  sun.reflect.GeneratedSerializationConstructorAccessor350
4051:             1             16  sun.reflect.GeneratedSerializationConstructorAccessor351
4052:             1             16  sun.reflect.GeneratedSerializationConstructorAccessor352
4053:             1             16  sun.reflect.GeneratedSerializationConstructorAccessor353
4054:             1             16  sun.reflect.GeneratedSerializationConstructorAccessor354
4055:             1             16  sun.reflect.GeneratedSerializationConstructorAccessor355
4056:             1             16  sun.reflect.GeneratedSerializationConstructorAccessor356
4057:             1             16  sun.reflect.GeneratedSerializationConstructorAccessor357
4058:             1             16  sun.reflect.GeneratedSerializationConstructorAccessor358
4059:             1             16  sun.reflect.GeneratedSerializationConstructorAccessor359
4060:             1             16  sun.reflect.GeneratedSerializationConstructorAccessor36
4061:             1             16  sun.reflect.GeneratedSerializationConstructorAccessor360
4062:             1             16  sun.reflect.GeneratedSerializationConstructorAccessor361
4063:             1             16  sun.reflect.GeneratedSerializationConstructorAccessor362
4064:             1             16  sun.reflect.GeneratedSerializationConstructorAccessor363
4065:             1             16  sun.reflect.GeneratedSerializationConstructorAccessor364
4066:             1             16  sun.reflect.GeneratedSerializationConstructorAccessor365
4067:             1             16  sun.reflect.GeneratedSerializationConstructorAccessor366
4068:             1             16  sun.reflect.GeneratedSerializationConstructorAccessor367
4069:             1             16  sun.reflect.GeneratedSerializationConstructorAccessor368
4070:             1             16  sun.reflect.GeneratedSerializationConstructorAccessor369
4071:             1             16  sun.reflect.GeneratedSerializationConstructorAccessor37
4072:             1             16  sun.reflect.GeneratedSerializationConstructorAccessor370
4073:             1             16  sun.reflect.GeneratedSerializationConstructorAccessor371
4074:             1             16  sun.reflect.GeneratedSerializationConstructorAccessor372
4075:             1             16  sun.reflect.GeneratedSerializationConstructorAccessor373
4076:             1             16  sun.reflect.GeneratedSerializationConstructorAccessor374
4077:             1             16  sun.reflect.GeneratedSerializationConstructorAccessor375
4078:             1             16  sun.reflect.GeneratedSerializationConstructorAccessor376
4079:             1             16  sun.reflect.GeneratedSerializationConstructorAccessor377
4080:             1             16  sun.reflect.GeneratedSerializationConstructorAccessor378
4081:             1             16  sun.reflect.GeneratedSerializationConstructorAccessor379
4082:             1             16  sun.reflect.GeneratedSerializationConstructorAccessor38
4083:             1             16  sun.reflect.GeneratedSerializationConstructorAccessor380
4084:             1             16  sun.reflect.GeneratedSerializationConstructorAccessor381
4085:             1             16  sun.reflect.GeneratedSerializationConstructorAccessor382
4086:             1             16  sun.reflect.GeneratedSerializationConstructorAccessor383
4087:             1             16  sun.reflect.GeneratedSerializationConstructorAccessor384
4088:             1             16  sun.reflect.GeneratedSerializationConstructorAccessor385
4089:             1             16  sun.reflect.GeneratedSerializationConstructorAccessor386
4090:             1             16  sun.reflect.GeneratedSerializationConstructorAccessor387
4091:             1             16  sun.reflect.GeneratedSerializationConstructorAccessor388
4092:             1             16  sun.reflect.GeneratedSerializationConstructorAccessor389
4093:             1             16  sun.reflect.GeneratedSerializationConstructorAccessor39
4094:             1             16  sun.reflect.GeneratedSerializationConstructorAccessor390
4095:             1             16  sun.reflect.GeneratedSerializationConstructorAccessor391
4096:             1             16  sun.reflect.GeneratedSerializationConstructorAccessor392
4097:             1             16  sun.reflect.GeneratedSerializationConstructorAccessor393
4098:             1             16  sun.reflect.GeneratedSerializationConstructorAccessor394
4099:             1             16  sun.reflect.GeneratedSerializationConstructorAccessor395
4100:             1             16  sun.reflect.GeneratedSerializationConstructorAccessor396
4101:             1             16  sun.reflect.GeneratedSerializationConstructorAccessor397
4102:             1             16  sun.reflect.GeneratedSerializationConstructorAccessor398
4103:             1             16  sun.reflect.GeneratedSerializationConstructorAccessor399
4104:             1             16  sun.reflect.GeneratedSerializationConstructorAccessor4
4105:             1             16  sun.reflect.GeneratedSerializationConstructorAccessor40
4106:             1             16  sun.reflect.GeneratedSerializationConstructorAccessor400
4107:             1             16  sun.reflect.GeneratedSerializationConstructorAccessor401
4108:             1             16  sun.reflect.GeneratedSerializationConstructorAccessor402
4109:             1             16  sun.reflect.GeneratedSerializationConstructorAccessor403
4110:             1             16  sun.reflect.GeneratedSerializationConstructorAccessor41
4111:             1             16  sun.reflect.GeneratedSerializationConstructorAccessor42
4112:             1             16  sun.reflect.GeneratedSerializationConstructorAccessor43
4113:             1             16  sun.reflect.GeneratedSerializationConstructorAccessor44
4114:             1             16  sun.reflect.GeneratedSerializationConstructorAccessor45
4115:             1             16  sun.reflect.GeneratedSerializationConstructorAccessor46
4116:             1             16  sun.reflect.GeneratedSerializationConstructorAccessor47
4117:             1             16  sun.reflect.GeneratedSerializationConstructorAccessor48
4118:             1             16  sun.reflect.GeneratedSerializationConstructorAccessor49
4119:             1             16  sun.reflect.GeneratedSerializationConstructorAccessor5
4120:             1             16  sun.reflect.GeneratedSerializationConstructorAccessor50
4121:             1             16  sun.reflect.GeneratedSerializationConstructorAccessor51
4122:             1             16  sun.reflect.GeneratedSerializationConstructorAccessor52
4123:             1             16  sun.reflect.GeneratedSerializationConstructorAccessor53
4124:             1             16  sun.reflect.GeneratedSerializationConstructorAccessor54
4125:             1             16  sun.reflect.GeneratedSerializationConstructorAccessor55
4126:             1             16  sun.reflect.GeneratedSerializationConstructorAccessor56
4127:             1             16  sun.reflect.GeneratedSerializationConstructorAccessor57
4128:             1             16  sun.reflect.GeneratedSerializationConstructorAccessor58
4129:             1             16  sun.reflect.GeneratedSerializationConstructorAccessor59
4130:             1             16  sun.reflect.GeneratedSerializationConstructorAccessor6
4131:             1             16  sun.reflect.GeneratedSerializationConstructorAccessor60
4132:             1             16  sun.reflect.GeneratedSerializationConstructorAccessor61
4133:             1             16  sun.reflect.GeneratedSerializationConstructorAccessor62
4134:             1             16  sun.reflect.GeneratedSerializationConstructorAccessor63
4135:             1             16  sun.reflect.GeneratedSerializationConstructorAccessor64
4136:             1             16  sun.reflect.GeneratedSerializationConstructorAccessor65
4137:             1             16  sun.reflect.GeneratedSerializationConstructorAccessor66
4138:             1             16  sun.reflect.GeneratedSerializationConstructorAccessor67
4139:             1             16  sun.reflect.GeneratedSerializationConstructorAccessor68
4140:             1             16  sun.reflect.GeneratedSerializationConstructorAccessor69
4141:             1             16  sun.reflect.GeneratedSerializationConstructorAccessor7
4142:             1             16  sun.reflect.GeneratedSerializationConstructorAccessor70
4143:             1             16  sun.reflect.GeneratedSerializationConstructorAccessor71
4144:             1             16  sun.reflect.GeneratedSerializationConstructorAccessor72
4145:             1             16  sun.reflect.GeneratedSerializationConstructorAccessor73
4146:             1             16  sun.reflect.GeneratedSerializationConstructorAccessor74
4147:             1             16  sun.reflect.GeneratedSerializationConstructorAccessor75
4148:             1             16  sun.reflect.GeneratedSerializationConstructorAccessor76
4149:             1             16  sun.reflect.GeneratedSerializationConstructorAccessor77
4150:             1             16  sun.reflect.GeneratedSerializationConstructorAccessor78
4151:             1             16  sun.reflect.GeneratedSerializationConstructorAccessor79
4152:             1             16  sun.reflect.GeneratedSerializationConstructorAccessor8
4153:             1             16  sun.reflect.GeneratedSerializationConstructorAccessor80
4154:             1             16  sun.reflect.GeneratedSerializationConstructorAccessor81
4155:             1             16  sun.reflect.GeneratedSerializationConstructorAccessor82
4156:             1             16  sun.reflect.GeneratedSerializationConstructorAccessor83
4157:             1             16  sun.reflect.GeneratedSerializationConstructorAccessor84
4158:             1             16  sun.reflect.GeneratedSerializationConstructorAccessor85
4159:             1             16  sun.reflect.GeneratedSerializationConstructorAccessor86
4160:             1             16  sun.reflect.GeneratedSerializationConstructorAccessor87
4161:             1             16  sun.reflect.GeneratedSerializationConstructorAccessor88
4162:             1             16  sun.reflect.GeneratedSerializationConstructorAccessor89
4163:             1             16  sun.reflect.GeneratedSerializationConstructorAccessor9
4164:             1             16  sun.reflect.GeneratedSerializationConstructorAccessor90
4165:             1             16  sun.reflect.GeneratedSerializationConstructorAccessor91
4166:             1             16  sun.reflect.GeneratedSerializationConstructorAccessor92
4167:             1             16  sun.reflect.GeneratedSerializationConstructorAccessor93
4168:             1             16  sun.reflect.GeneratedSerializationConstructorAccessor94
4169:             1             16  sun.reflect.GeneratedSerializationConstructorAccessor95
4170:             1             16  sun.reflect.GeneratedSerializationConstructorAccessor96
4171:             1             16  sun.reflect.GeneratedSerializationConstructorAccessor97
4172:             1             16  sun.reflect.GeneratedSerializationConstructorAccessor98
4173:             1             16  sun.reflect.GeneratedSerializationConstructorAccessor99
4174:             1             16  sun.reflect.ReflectionFactory
4175:             1             16  sun.reflect.generics.tree.TypeVariableSignature
4176:             1             16  sun.rmi.registry.RegistryImpl$$Lambda$536/568991133
4177:             1             16  sun.rmi.registry.RegistryImpl$$Lambda$537/2028177366
4178:             1             16  sun.rmi.runtime.Log$LoggerLogFactory
4179:             1             16  sun.rmi.runtime.RuntimeUtil
4180:             1             16  sun.rmi.server.UnicastRef
4181:             1             16  sun.rmi.server.UnicastServerRef$HashToMethod_Maps
4182:             1             16  sun.rmi.transport.DGCImpl$$Lambda$538/1246052237
4183:             1             16  sun.rmi.transport.DGCImpl$2$$Lambda$539/1397904249
4184:             1             16  sun.rmi.transport.DGCImpl_Skel
4185:             1             16  sun.rmi.transport.DGCImpl_Stub
4186:             1             16  sun.rmi.transport.ObjectTable$Reaper
4187:             1             16  sun.rmi.transport.proxy.RMIDirectSocketFactory
4188:             1             16  sun.rmi.transport.tcp.TCPTransport$1
4189:             1             16  sun.security.ssl.DummyX509KeyManager
4190:             1             16  sun.security.ssl.DummyX509TrustManager
4191:             1             16  sun.security.util.ByteArrayLexOrder
4192:             1             16  sun.security.util.ByteArrayTagOrder
4193:             1             16  sun.security.x509.GeneralSubtrees
4194:             1             16  sun.text.normalizer.NormalizerBase$Mode
4195:             1             16  sun.text.normalizer.NormalizerBase$NFCMode
4196:             1             16  sun.text.normalizer.NormalizerBase$NFDMode
4197:             1             16  sun.text.normalizer.NormalizerBase$NFKCMode
4198:             1             16  sun.text.normalizer.NormalizerBase$NFKDMode
4199:             1             16  sun.util.CoreResourceBundleControl
4200:             1             16  sun.util.calendar.Gregorian
4201:             1             16  sun.util.locale.InternalLocaleBuilder$CaseInsensitiveChar
4202:             1             16  sun.util.locale.provider.AuxLocaleProviderAdapter$NullProvider
4203:             1             16  sun.util.locale.provider.CalendarDataUtility$CalendarWeekParameterGetter
4204:             1             16  sun.util.locale.provider.SPILocaleProviderAdapter
4205:             1             16  sun.util.locale.provider.TimeZoneNameUtility$TimeZoneNameGetter
4206:             1             16  sun.util.resources.LocaleData
4207:             1             16  sun.util.resources.LocaleData$LocaleDataResourceBundleControl
Total        995446       52425512
, 0,0248052 secs]
 [Times: user=0,27 sys=0,00, real=0,18 secs] 
Heap
 garbage-first heap   total 1048576K, used 492540K [0x00000000c0000000, 0x00000000c0102000, 0x0000000100000000)
  region size 1024K, 432 young (442368K), 0 survivors (0K)
 Metaspace       used 47817K, capacity 50148K, committed 50300K, reserved 1093632K
  class space    used 6044K, capacity 6700K, committed 6780K, reserved 1048576K
